[2023-10-23T22:39:26.530+0200][gc,heap] Heap region size: 1M
[2023-10-23T22:39:26.549+0200][gc     ] Using G1
[2023-10-23T22:39:26.549+0200][gc,heap,coops] Heap address: 0x00000000c0000000, size: 1024 MB, Compressed Oops mode: 32-bit
[2023-10-23T22:39:26.550+0200][gc,cds       ] Mark closed archive regions in map: [0x00000000fff00000, 0x00000000fff6bff8]
[2023-10-23T22:39:26.550+0200][gc,cds       ] Mark open archive regions in map: [0x00000000ffe00000, 0x00000000ffe47ff8]
[2023-10-23T22:39:27.618+0200][gc,start     ] GC(0) Pause Young (Normal) (G1 Evacuation Pause)
[2023-10-23T22:39:27.618+0200][gc,task      ] GC(0) Using 3 workers of 3 for evacuation
[2023-10-23T22:39:27.635+0200][gc,phases    ] GC(0)   Pre Evacuate Collection Set: 0,0ms
[2023-10-23T22:39:27.635+0200][gc,phases    ] GC(0)   Evacuate Collection Set: 16,1ms
[2023-10-23T22:39:27.635+0200][gc,phases    ] GC(0)   Post Evacuate Collection Set: 0,5ms
[2023-10-23T22:39:27.635+0200][gc,phases    ] GC(0)   Other: 0,4ms
[2023-10-23T22:39:27.635+0200][gc,heap      ] GC(0) Eden regions: 51->0(44)
[2023-10-23T22:39:27.635+0200][gc,heap      ] GC(0) Survivor regions: 0->7(7)
[2023-10-23T22:39:27.635+0200][gc,heap      ] GC(0) Old regions: 2->2
[2023-10-23T22:39:27.635+0200][gc,heap      ] GC(0) Humongous regions: 0->0
[2023-10-23T22:39:27.635+0200][gc,metaspace ] GC(0) Metaspace: 14112K(14848K)->14112K(14848K) NonClass: 12381K(12800K)->12381K(12800K) Class: 1731K(2048K)->1731K(2048K)
[2023-10-23T22:39:27.635+0200][gc           ] GC(0) Pause Young (Normal) (G1 Evacuation Pause) 51M->7M(1024M) 17,169ms
[2023-10-23T22:39:27.635+0200][gc,cpu       ] GC(0) User=0,05s Sys=0,00s Real=0,02s
[2023-10-23T22:39:28.202+0200][gc,start     ] GC(1) Pause Young (Concurrent Start) (Metadata GC Threshold)
[2023-10-23T22:39:28.202+0200][gc,task      ] GC(1) Using 3 workers of 3 for evacuation
[2023-10-23T22:39:28.222+0200][gc,mmu       ] GC(1) MMU target violated: 20,6ms (20,0ms/21,0ms)
[2023-10-23T22:39:28.222+0200][gc,phases    ] GC(1)   Pre Evacuate Collection Set: 0,1ms
[2023-10-23T22:39:28.222+0200][gc,phases    ] GC(1)   Evacuate Collection Set: 20,0ms
[2023-10-23T22:39:28.222+0200][gc,phases    ] GC(1)   Post Evacuate Collection Set: 0,5ms
[2023-10-23T22:39:28.222+0200][gc,phases    ] GC(1)   Other: 0,2ms
[2023-10-23T22:39:28.222+0200][gc,heap      ] GC(1) Eden regions: 30->0(49)
[2023-10-23T22:39:28.222+0200][gc,heap      ] GC(1) Survivor regions: 7->2(7)
[2023-10-23T22:39:28.223+0200][gc,heap      ] GC(1) Old regions: 2->9
[2023-10-23T22:39:28.223+0200][gc,heap      ] GC(1) Humongous regions: 0->0
[2023-10-23T22:39:28.223+0200][gc,metaspace ] GC(1) Metaspace: 20555K(21248K)->20555K(21248K) NonClass: 18064K(18432K)->18064K(18432K) Class: 2491K(2816K)->2491K(2816K)
[2023-10-23T22:39:28.223+0200][gc           ] GC(1) Pause Young (Concurrent Start) (Metadata GC Threshold) 37M->8M(1024M) 20,834ms
[2023-10-23T22:39:28.223+0200][gc,cpu       ] GC(1) User=0,05s Sys=0,00s Real=0,02s
[2023-10-23T22:39:28.223+0200][gc           ] GC(2) Concurrent Cycle
[2023-10-23T22:39:28.223+0200][gc,marking   ] GC(2) Concurrent Clear Claimed Marks
[2023-10-23T22:39:28.223+0200][gc,marking   ] GC(2) Concurrent Clear Claimed Marks 0,045ms
[2023-10-23T22:39:28.223+0200][gc,marking   ] GC(2) Concurrent Scan Root Regions
[2023-10-23T22:39:28.224+0200][gc,marking   ] GC(2) Concurrent Scan Root Regions 1,053ms
[2023-10-23T22:39:28.224+0200][gc,marking   ] GC(2) Concurrent Mark (1,697s)
[2023-10-23T22:39:28.224+0200][gc,marking   ] GC(2) Concurrent Mark From Roots
[2023-10-23T22:39:28.224+0200][gc,task      ] GC(2) Using 1 workers of 1 for marking
[2023-10-23T22:39:28.245+0200][gc,marking   ] GC(2) Concurrent Mark From Roots 21,261ms
[2023-10-23T22:39:28.245+0200][gc,marking   ] GC(2) Concurrent Preclean
[2023-10-23T22:39:28.245+0200][gc,marking   ] GC(2) Concurrent Preclean 0,171ms
[2023-10-23T22:39:28.245+0200][gc,marking   ] GC(2) Concurrent Mark (1,697s, 1,719s) 21,553ms
[2023-10-23T22:39:28.246+0200][gc,start     ] GC(2) Pause Remark
[2023-10-23T22:39:28.250+0200][gc,stringtable] GC(2) Cleaned string and symbol table, strings: 5334 processed, 0 removed, symbols: 54055 processed, 45 removed
[2023-10-23T22:39:28.254+0200][gc            ] GC(2) Pause Remark 10M->10M(1024M) 8,099ms
[2023-10-23T22:39:28.254+0200][gc,cpu        ] GC(2) User=0,01s Sys=0,00s Real=0,01s
[2023-10-23T22:39:28.254+0200][gc,marking    ] GC(2) Concurrent Rebuild Remembered Sets
[2023-10-23T22:39:28.266+0200][gc,marking    ] GC(2) Concurrent Rebuild Remembered Sets 11,702ms
[2023-10-23T22:39:28.271+0200][gc,start      ] GC(2) Pause Cleanup
[2023-10-23T22:39:28.271+0200][gc            ] GC(2) Pause Cleanup 10M->10M(1024M) 0,447ms
[2023-10-23T22:39:28.271+0200][gc,cpu        ] GC(2) User=0,00s Sys=0,00s Real=0,00s
[2023-10-23T22:39:28.272+0200][gc,marking    ] GC(2) Concurrent Cleanup for Next Mark
[2023-10-23T22:39:28.289+0200][gc,marking    ] GC(2) Concurrent Cleanup for Next Mark 17,019ms
[2023-10-23T22:39:28.289+0200][gc            ] GC(2) Concurrent Cycle 65,941ms
[2023-10-23T22:39:28.946+0200][gc,start      ] GC(3) Pause Young (Normal) (G1 Evacuation Pause)
[2023-10-23T22:39:28.946+0200][gc,task       ] GC(3) Using 3 workers of 3 for evacuation
[2023-10-23T22:39:28.957+0200][gc,phases     ] GC(3)   Pre Evacuate Collection Set: 0,1ms
[2023-10-23T22:39:28.957+0200][gc,phases     ] GC(3)   Evacuate Collection Set: 9,6ms
[2023-10-23T22:39:28.957+0200][gc,phases     ] GC(3)   Post Evacuate Collection Set: 0,4ms
[2023-10-23T22:39:28.957+0200][gc,phases     ] GC(3)   Other: 0,3ms
[2023-10-23T22:39:28.957+0200][gc,heap       ] GC(3) Eden regions: 49->0(46)
[2023-10-23T22:39:28.957+0200][gc,heap       ] GC(3) Survivor regions: 2->5(7)
[2023-10-23T22:39:28.957+0200][gc,heap       ] GC(3) Old regions: 9->9
[2023-10-23T22:39:28.957+0200][gc,heap       ] GC(3) Humongous regions: 129->129
[2023-10-23T22:39:28.957+0200][gc,metaspace  ] GC(3) Metaspace: 28223K(29312K)->28223K(29312K) NonClass: 24930K(25600K)->24930K(25600K) Class: 3293K(3712K)->3293K(3712K)
[2023-10-23T22:39:28.957+0200][gc            ] GC(3) Pause Young (Normal) (G1 Evacuation Pause) 186M->141M(1024M) 10,444ms
[2023-10-23T22:39:28.957+0200][gc,cpu        ] GC(3) User=0,02s Sys=0,00s Real=0,01s
[2023-10-23T22:39:29.546+0200][gc,start      ] GC(4) Pause Young (Concurrent Start) (Metadata GC Threshold)
[2023-10-23T22:39:29.547+0200][gc,task       ] GC(4) Using 3 workers of 3 for evacuation
[2023-10-23T22:39:29.587+0200][gc,mmu        ] GC(4) MMU target violated: 21,0ms (20,0ms/21,0ms)
[2023-10-23T22:39:29.587+0200][gc,phases     ] GC(4)   Pre Evacuate Collection Set: 0,2ms
[2023-10-23T22:39:29.587+0200][gc,phases     ] GC(4)   Evacuate Collection Set: 39,0ms
[2023-10-23T22:39:29.587+0200][gc,phases     ] GC(4)   Post Evacuate Collection Set: 1,2ms
[2023-10-23T22:39:29.587+0200][gc,phases     ] GC(4)   Other: 0,5ms
[2023-10-23T22:39:29.587+0200][gc,heap       ] GC(4) Eden regions: 33->0(48)
[2023-10-23T22:39:29.587+0200][gc,heap       ] GC(4) Survivor regions: 5->3(7)
[2023-10-23T22:39:29.588+0200][gc,heap       ] GC(4) Old regions: 9->14
[2023-10-23T22:39:29.588+0200][gc,heap       ] GC(4) Humongous regions: 129->129
[2023-10-23T22:39:29.588+0200][gc,metaspace  ] GC(4) Metaspace: 34432K(35840K)->34432K(35840K) NonClass: 30423K(31232K)->30423K(31232K) Class: 4009K(4608K)->4009K(4608K)
[2023-10-23T22:39:29.588+0200][gc            ] GC(4) Pause Young (Concurrent Start) (Metadata GC Threshold) 173M->143M(1024M) 41,335ms
[2023-10-23T22:39:29.588+0200][gc,cpu        ] GC(4) User=0,05s Sys=0,01s Real=0,04s
[2023-10-23T22:39:29.588+0200][gc            ] GC(5) Concurrent Cycle
[2023-10-23T22:39:29.588+0200][gc,marking    ] GC(5) Concurrent Clear Claimed Marks
[2023-10-23T22:39:29.589+0200][gc,marking    ] GC(5) Concurrent Clear Claimed Marks 0,550ms
[2023-10-23T22:39:29.589+0200][gc,marking    ] GC(5) Concurrent Scan Root Regions
[2023-10-23T22:39:29.598+0200][gc,marking    ] GC(5) Concurrent Scan Root Regions 9,537ms
[2023-10-23T22:39:29.598+0200][gc,marking    ] GC(5) Concurrent Mark (3,072s)
[2023-10-23T22:39:29.599+0200][gc,marking    ] GC(5) Concurrent Mark From Roots
[2023-10-23T22:39:29.599+0200][gc,task       ] GC(5) Using 1 workers of 1 for marking
[2023-10-23T22:39:29.680+0200][gc,marking    ] GC(5) Concurrent Mark From Roots 81,498ms
[2023-10-23T22:39:29.680+0200][gc,marking    ] GC(5) Concurrent Preclean
[2023-10-23T22:39:29.680+0200][gc,marking    ] GC(5) Concurrent Preclean 0,163ms
[2023-10-23T22:39:29.680+0200][gc,marking    ] GC(5) Concurrent Mark (3,072s, 3,154s) 81,852ms
[2023-10-23T22:39:29.681+0200][gc,start      ] GC(5) Pause Remark
[2023-10-23T22:39:29.689+0200][gc,stringtable] GC(5) Cleaned string and symbol table, strings: 11130 processed, 10 removed, symbols: 86519 processed, 15 removed
[2023-10-23T22:39:29.689+0200][gc            ] GC(5) Pause Remark 145M->145M(1024M) 8,422ms
[2023-10-23T22:39:29.689+0200][gc,cpu        ] GC(5) User=0,02s Sys=0,00s Real=0,00s
[2023-10-23T22:39:29.690+0200][gc,marking    ] GC(5) Concurrent Rebuild Remembered Sets
[2023-10-23T22:39:29.765+0200][gc,marking    ] GC(5) Concurrent Rebuild Remembered Sets 75,638ms
[2023-10-23T22:39:29.772+0200][gc,start      ] GC(5) Pause Cleanup
[2023-10-23T22:39:29.772+0200][gc            ] GC(5) Pause Cleanup 147M->147M(1024M) 0,772ms
[2023-10-23T22:39:29.772+0200][gc,cpu        ] GC(5) User=0,00s Sys=0,00s Real=0,01s
[2023-10-23T22:39:29.773+0200][gc,marking    ] GC(5) Concurrent Cleanup for Next Mark
[2023-10-23T22:39:29.821+0200][gc,marking    ] GC(5) Concurrent Cleanup for Next Mark 48,706ms
[2023-10-23T22:39:29.822+0200][gc            ] GC(5) Concurrent Cycle 233,461ms
