[2023-10-29T23:26:29.105+0100][gc,heap] Heap region size: 1M
[2023-10-29T23:26:29.122+0100][gc     ] Using G1
[2023-10-29T23:26:29.122+0100][gc,heap,coops] Heap address: 0x00000000c0000000, size: 1024 MB, Compressed Oops mode: 32-bit
[2023-10-29T23:26:29.122+0100][gc,cds       ] Mark closed archive regions in map: [0x00000000fff00000, 0x00000000fff6bff8]
[2023-10-29T23:26:29.122+0100][gc,cds       ] Mark open archive regions in map: [0x00000000ffe00000, 0x00000000ffe47ff8]
[2023-10-29T23:26:30.383+0100][gc,start     ] GC(0) Pause Young (Normal) (G1 Evacuation Pause)
[2023-10-29T23:26:30.383+0100][gc,task      ] GC(0) Using 3 workers of 3 for evacuation
[2023-10-29T23:26:30.416+0100][gc,mmu       ] GC(0) MMU target violated: 21,0ms (20,0ms/21,0ms)
[2023-10-29T23:26:30.416+0100][gc,phases    ] GC(0)   Pre Evacuate Collection Set: 0,0ms
[2023-10-29T23:26:30.416+0100][gc,phases    ] GC(0)   Evacuate Collection Set: 31,5ms
[2023-10-29T23:26:30.416+0100][gc,phases    ] GC(0)   Post Evacuate Collection Set: 1,4ms
[2023-10-29T23:26:30.416+0100][gc,phases    ] GC(0)   Other: 0,6ms
[2023-10-29T23:26:30.416+0100][gc,heap      ] GC(0) Eden regions: 51->0(44)
[2023-10-29T23:26:30.416+0100][gc,heap      ] GC(0) Survivor regions: 0->7(7)
[2023-10-29T23:26:30.416+0100][gc,heap      ] GC(0) Old regions: 2->2
[2023-10-29T23:26:30.416+0100][gc,heap      ] GC(0) Humongous regions: 0->0
[2023-10-29T23:26:30.416+0100][gc,metaspace ] GC(0) Metaspace: 13866K(14464K)->13866K(14464K) NonClass: 12162K(12544K)->12162K(12544K) Class: 1704K(1920K)->1704K(1920K)
[2023-10-29T23:26:30.416+0100][gc           ] GC(0) Pause Young (Normal) (G1 Evacuation Pause) 51M->7M(1024M) 33,771ms
[2023-10-29T23:26:30.416+0100][gc,cpu       ] GC(0) User=0,06s Sys=0,01s Real=0,03s
[2023-10-29T23:26:31.072+0100][gc,start     ] GC(1) Pause Young (Concurrent Start) (Metadata GC Threshold)
[2023-10-29T23:26:31.072+0100][gc,task      ] GC(1) Using 3 workers of 3 for evacuation
[2023-10-29T23:26:31.100+0100][gc,mmu       ] GC(1) MMU target violated: 21,0ms (20,0ms/21,0ms)
[2023-10-29T23:26:31.100+0100][gc,phases    ] GC(1)   Pre Evacuate Collection Set: 0,0ms
[2023-10-29T23:26:31.100+0100][gc,phases    ] GC(1)   Evacuate Collection Set: 27,9ms
[2023-10-29T23:26:31.100+0100][gc,phases    ] GC(1)   Post Evacuate Collection Set: 0,4ms
[2023-10-29T23:26:31.100+0100][gc,phases    ] GC(1)   Other: 0,3ms
[2023-10-29T23:26:31.100+0100][gc,heap      ] GC(1) Eden regions: 32->0(50)
[2023-10-29T23:26:31.100+0100][gc,heap      ] GC(1) Survivor regions: 7->1(7)
[2023-10-29T23:26:31.100+0100][gc,heap      ] GC(1) Old regions: 2->9
[2023-10-29T23:26:31.100+0100][gc,heap      ] GC(1) Humongous regions: 0->0
[2023-10-29T23:26:31.100+0100][gc,metaspace ] GC(1) Metaspace: 20468K(21248K)->20468K(21248K) NonClass: 17988K(18432K)->17988K(18432K) Class: 2480K(2816K)->2480K(2816K)
[2023-10-29T23:26:31.100+0100][gc           ] GC(1) Pause Young (Concurrent Start) (Metadata GC Threshold) 39M->8M(1024M) 28,694ms
[2023-10-29T23:26:31.100+0100][gc,cpu       ] GC(1) User=0,07s Sys=0,01s Real=0,03s
[2023-10-29T23:26:31.100+0100][gc           ] GC(2) Concurrent Cycle
[2023-10-29T23:26:31.100+0100][gc,marking   ] GC(2) Concurrent Clear Claimed Marks
[2023-10-29T23:26:31.100+0100][gc,marking   ] GC(2) Concurrent Clear Claimed Marks 0,045ms
[2023-10-29T23:26:31.100+0100][gc,marking   ] GC(2) Concurrent Scan Root Regions
[2023-10-29T23:26:31.102+0100][gc,marking   ] GC(2) Concurrent Scan Root Regions 1,364ms
[2023-10-29T23:26:31.102+0100][gc,marking   ] GC(2) Concurrent Mark (2,000s)
[2023-10-29T23:26:31.102+0100][gc,marking   ] GC(2) Concurrent Mark From Roots
[2023-10-29T23:26:31.102+0100][gc,task      ] GC(2) Using 1 workers of 1 for marking
[2023-10-29T23:26:31.115+0100][gc,marking   ] GC(2) Concurrent Mark From Roots 13,048ms
[2023-10-29T23:26:31.115+0100][gc,marking   ] GC(2) Concurrent Preclean
[2023-10-29T23:26:31.115+0100][gc,marking   ] GC(2) Concurrent Preclean 0,076ms
[2023-10-29T23:26:31.115+0100][gc,marking   ] GC(2) Concurrent Mark (2,000s, 2,014s) 13,162ms
[2023-10-29T23:26:31.115+0100][gc,start     ] GC(2) Pause Remark
[2023-10-29T23:26:31.117+0100][gc,stringtable] GC(2) Cleaned string and symbol table, strings: 5326 processed, 0 removed, symbols: 53089 processed, 46 removed
[2023-10-29T23:26:31.117+0100][gc            ] GC(2) Pause Remark 10M->10M(1024M) 1,973ms
[2023-10-29T23:26:31.117+0100][gc,cpu        ] GC(2) User=0,01s Sys=0,00s Real=0,01s
[2023-10-29T23:26:31.117+0100][gc,marking    ] GC(2) Concurrent Rebuild Remembered Sets
[2023-10-29T23:26:31.125+0100][gc,marking    ] GC(2) Concurrent Rebuild Remembered Sets 7,650ms
[2023-10-29T23:26:31.125+0100][gc,start      ] GC(2) Pause Cleanup
[2023-10-29T23:26:31.125+0100][gc            ] GC(2) Pause Cleanup 10M->10M(1024M) 0,338ms
[2023-10-29T23:26:31.125+0100][gc,cpu        ] GC(2) User=0,01s Sys=0,00s Real=0,00s
[2023-10-29T23:26:31.125+0100][gc,marking    ] GC(2) Concurrent Cleanup for Next Mark
[2023-10-29T23:26:31.155+0100][gc,marking    ] GC(2) Concurrent Cleanup for Next Mark 30,070ms
[2023-10-29T23:26:31.155+0100][gc            ] GC(2) Concurrent Cycle 55,089ms
[2023-10-29T23:26:32.072+0100][gc,start      ] GC(3) Pause Young (Normal) (G1 Evacuation Pause)
[2023-10-29T23:26:32.072+0100][gc,task       ] GC(3) Using 3 workers of 3 for evacuation
[2023-10-29T23:26:32.079+0100][gc,phases     ] GC(3)   Pre Evacuate Collection Set: 0,0ms
[2023-10-29T23:26:32.079+0100][gc,phases     ] GC(3)   Evacuate Collection Set: 5,8ms
[2023-10-29T23:26:32.079+0100][gc,phases     ] GC(3)   Post Evacuate Collection Set: 0,4ms
[2023-10-29T23:26:32.079+0100][gc,phases     ] GC(3)   Other: 0,1ms
[2023-10-29T23:26:32.079+0100][gc,heap       ] GC(3) Eden regions: 50->0(46)
[2023-10-29T23:26:32.079+0100][gc,heap       ] GC(3) Survivor regions: 1->5(7)
[2023-10-29T23:26:32.079+0100][gc,heap       ] GC(3) Old regions: 9->9
[2023-10-29T23:26:32.079+0100][gc,heap       ] GC(3) Humongous regions: 129->129
[2023-10-29T23:26:32.079+0100][gc,metaspace  ] GC(3) Metaspace: 28256K(29312K)->28256K(29312K) NonClass: 24962K(25600K)->24962K(25600K) Class: 3293K(3712K)->3293K(3712K)
[2023-10-29T23:26:32.079+0100][gc            ] GC(3) Pause Young (Normal) (G1 Evacuation Pause) 187M->141M(1024M) 6,426ms
[2023-10-29T23:26:32.079+0100][gc,cpu        ] GC(3) User=0,01s Sys=0,01s Real=0,01s
[2023-10-29T23:26:32.496+0100][gc,start      ] GC(4) Pause Young (Concurrent Start) (Metadata GC Threshold)
[2023-10-29T23:26:32.496+0100][gc,task       ] GC(4) Using 3 workers of 3 for evacuation
[2023-10-29T23:26:32.514+0100][gc,phases     ] GC(4)   Pre Evacuate Collection Set: 0,1ms
[2023-10-29T23:26:32.514+0100][gc,phases     ] GC(4)   Evacuate Collection Set: 17,4ms
[2023-10-29T23:26:32.514+0100][gc,phases     ] GC(4)   Post Evacuate Collection Set: 0,3ms
[2023-10-29T23:26:32.514+0100][gc,phases     ] GC(4)   Other: 0,3ms
[2023-10-29T23:26:32.514+0100][gc,heap       ] GC(4) Eden regions: 33->0(48)
[2023-10-29T23:26:32.514+0100][gc,heap       ] GC(4) Survivor regions: 5->3(7)
[2023-10-29T23:26:32.514+0100][gc,heap       ] GC(4) Old regions: 9->14
[2023-10-29T23:26:32.514+0100][gc,heap       ] GC(4) Humongous regions: 129->129
[2023-10-29T23:26:32.514+0100][gc,metaspace  ] GC(4) Metaspace: 34393K(35840K)->34393K(35840K) NonClass: 30393K(31232K)->30393K(31232K) Class: 4000K(4608K)->4000K(4608K)
[2023-10-29T23:26:32.514+0100][gc            ] GC(4) Pause Young (Concurrent Start) (Metadata GC Threshold) 173M->143M(1024M) 18,246ms
[2023-10-29T23:26:32.514+0100][gc,cpu        ] GC(4) User=0,03s Sys=0,01s Real=0,02s
[2023-10-29T23:26:32.514+0100][gc            ] GC(5) Concurrent Cycle
[2023-10-29T23:26:32.514+0100][gc,marking    ] GC(5) Concurrent Clear Claimed Marks
[2023-10-29T23:26:32.514+0100][gc,marking    ] GC(5) Concurrent Clear Claimed Marks 0,076ms
[2023-10-29T23:26:32.514+0100][gc,marking    ] GC(5) Concurrent Scan Root Regions
[2023-10-29T23:26:32.517+0100][gc,marking    ] GC(5) Concurrent Scan Root Regions 2,430ms
[2023-10-29T23:26:32.517+0100][gc,marking    ] GC(5) Concurrent Mark (3,415s)
[2023-10-29T23:26:32.521+0100][gc,marking    ] GC(5) Concurrent Mark From Roots
[2023-10-29T23:26:32.521+0100][gc,task       ] GC(5) Using 1 workers of 1 for marking
[2023-10-29T23:26:32.577+0100][gc,marking    ] GC(5) Concurrent Mark From Roots 56,618ms
[2023-10-29T23:26:32.577+0100][gc,marking    ] GC(5) Concurrent Preclean
[2023-10-29T23:26:32.577+0100][gc,marking    ] GC(5) Concurrent Preclean 0,060ms
[2023-10-29T23:26:32.577+0100][gc,marking    ] GC(5) Concurrent Mark (3,415s, 3,476s) 60,756ms
[2023-10-29T23:26:32.577+0100][gc,start      ] GC(5) Pause Remark
[2023-10-29T23:26:32.583+0100][gc,stringtable] GC(5) Cleaned string and symbol table, strings: 11122 processed, 11 removed, symbols: 86572 processed, 15 removed
[2023-10-29T23:26:32.583+0100][gc            ] GC(5) Pause Remark 145M->145M(1024M) 5,492ms
[2023-10-29T23:26:32.583+0100][gc,cpu        ] GC(5) User=0,01s Sys=0,00s Real=0,00s
[2023-10-29T23:26:32.583+0100][gc,marking    ] GC(5) Concurrent Rebuild Remembered Sets
[2023-10-29T23:26:32.601+0100][gc,marking    ] GC(5) Concurrent Rebuild Remembered Sets 17,621ms
[2023-10-29T23:26:32.601+0100][gc,start      ] GC(5) Pause Cleanup
[2023-10-29T23:26:32.601+0100][gc            ] GC(5) Pause Cleanup 146M->146M(1024M) 0,347ms
[2023-10-29T23:26:32.601+0100][gc,cpu        ] GC(5) User=0,00s Sys=0,00s Real=0,00s
[2023-10-29T23:26:32.601+0100][gc,marking    ] GC(5) Concurrent Cleanup for Next Mark
[2023-10-29T23:26:32.639+0100][gc,marking    ] GC(5) Concurrent Cleanup for Next Mark 37,922ms
[2023-10-29T23:26:32.639+0100][gc            ] GC(5) Concurrent Cycle 125,260ms
[2023-10-29T23:54:17.419+0100][gc,start      ] GC(6) Pause Young (Concurrent Start) (G1 Evacuation Pause)
[2023-10-29T23:54:17.419+0100][gc,task       ] GC(6) Using 3 workers of 3 for evacuation
[2023-10-29T23:54:17.434+0100][gc,phases     ] GC(6)   Pre Evacuate Collection Set: 0,2ms
[2023-10-29T23:54:17.434+0100][gc,phases     ] GC(6)   Evacuate Collection Set: 11,1ms
[2023-10-29T23:54:17.434+0100][gc,phases     ] GC(6)   Post Evacuate Collection Set: 2,5ms
[2023-10-29T23:54:17.434+0100][gc,phases     ] GC(6)   Other: 0,7ms
[2023-10-29T23:54:17.434+0100][gc,heap       ] GC(6) Eden regions: 48->0(47)
[2023-10-29T23:54:17.434+0100][gc,heap       ] GC(6) Survivor regions: 3->4(7)
[2023-10-29T23:54:17.434+0100][gc,heap       ] GC(6) Old regions: 14->14
[2023-10-29T23:54:17.434+0100][gc,heap       ] GC(6) Humongous regions: 129->129
[2023-10-29T23:54:17.434+0100][gc,metaspace  ] GC(6) Metaspace: 40146K(42752K)->40146K(42752K) NonClass: 34956K(36352K)->34956K(36352K) Class: 5189K(6400K)->5189K(6400K)
[2023-10-29T23:54:17.434+0100][gc            ] GC(6) Pause Young (Concurrent Start) (G1 Evacuation Pause) 191M->144M(1024M) 14,708ms
[2023-10-29T23:54:17.434+0100][gc,cpu        ] GC(6) User=0,03s Sys=0,00s Real=0,01s
[2023-10-29T23:54:17.434+0100][gc            ] GC(7) Concurrent Cycle
[2023-10-29T23:54:17.434+0100][gc,marking    ] GC(7) Concurrent Clear Claimed Marks
[2023-10-29T23:54:17.435+0100][gc,marking    ] GC(7) Concurrent Clear Claimed Marks 0,880ms
[2023-10-29T23:54:17.435+0100][gc,marking    ] GC(7) Concurrent Scan Root Regions
[2023-10-29T23:54:17.443+0100][gc,marking    ] GC(7) Concurrent Scan Root Regions 7,962ms
[2023-10-29T23:54:17.443+0100][gc,marking    ] GC(7) Concurrent Mark (1668,341s)
[2023-10-29T23:54:17.443+0100][gc,marking    ] GC(7) Concurrent Mark From Roots
[2023-10-29T23:54:17.443+0100][gc,task       ] GC(7) Using 1 workers of 1 for marking
[2023-10-29T23:54:17.469+0100][gc,marking    ] GC(7) Concurrent Mark From Roots 25,679ms
[2023-10-29T23:54:17.469+0100][gc,marking    ] GC(7) Concurrent Preclean
[2023-10-29T23:54:17.469+0100][gc,marking    ] GC(7) Concurrent Preclean 0,200ms
[2023-10-29T23:54:17.469+0100][gc,marking    ] GC(7) Concurrent Mark (1668,341s, 1668,367s) 25,936ms
[2023-10-29T23:54:17.469+0100][gc,start      ] GC(7) Pause Remark
[2023-10-29T23:54:17.478+0100][gc,stringtable] GC(7) Cleaned string and symbol table, strings: 11903 processed, 249 removed, symbols: 93318 processed, 3 removed
[2023-10-29T23:54:17.478+0100][gc            ] GC(7) Pause Remark 145M->145M(1024M) 8,911ms
[2023-10-29T23:54:17.478+0100][gc,cpu        ] GC(7) User=0,02s Sys=0,00s Real=0,01s
[2023-10-29T23:54:17.478+0100][gc,marking    ] GC(7) Concurrent Rebuild Remembered Sets
[2023-10-29T23:54:17.491+0100][gc,marking    ] GC(7) Concurrent Rebuild Remembered Sets 12,772ms
[2023-10-29T23:54:17.491+0100][gc,start      ] GC(7) Pause Cleanup
[2023-10-29T23:54:17.492+0100][gc            ] GC(7) Pause Cleanup 145M->145M(1024M) 0,295ms
[2023-10-29T23:54:17.492+0100][gc,cpu        ] GC(7) User=0,00s Sys=0,00s Real=0,00s
[2023-10-29T23:54:17.492+0100][gc,marking    ] GC(7) Concurrent Cleanup for Next Mark
[2023-10-29T23:54:17.496+0100][gc,marking    ] GC(7) Concurrent Cleanup for Next Mark 4,659ms
[2023-10-29T23:54:17.497+0100][gc            ] GC(7) Concurrent Cycle 62,615ms
[2023-11-01T11:56:54.127+0100][gc,start      ] GC(8) Pause Young (Normal) (G1 Evacuation Pause)
[2023-11-01T11:56:54.127+0100][gc,task       ] GC(8) Using 3 workers of 3 for evacuation
[2023-11-01T11:56:54.149+0100][gc,mmu        ] GC(8) MMU target violated: 21,0ms (20,0ms/21,0ms)
[2023-11-01T11:56:54.149+0100][gc,phases     ] GC(8)   Pre Evacuate Collection Set: 0,3ms
[2023-11-01T11:56:54.149+0100][gc,phases     ] GC(8)   Evacuate Collection Set: 19,0ms
[2023-11-01T11:56:54.149+0100][gc,phases     ] GC(8)   Post Evacuate Collection Set: 2,2ms
[2023-11-01T11:56:54.149+0100][gc,phases     ] GC(8)   Other: 0,8ms
[2023-11-01T11:56:54.149+0100][gc,heap       ] GC(8) Eden regions: 47->0(47)
[2023-11-01T11:56:54.149+0100][gc,heap       ] GC(8) Survivor regions: 4->4(7)
[2023-11-01T11:56:54.149+0100][gc,heap       ] GC(8) Old regions: 14->14
[2023-11-01T11:56:54.149+0100][gc,heap       ] GC(8) Humongous regions: 129->129
[2023-11-01T11:56:54.149+0100][gc,metaspace  ] GC(8) Metaspace: 40306K(43008K)->40306K(43008K) NonClass: 35147K(36608K)->35147K(36608K) Class: 5158K(6400K)->5158K(6400K)
[2023-11-01T11:56:54.149+0100][gc            ] GC(8) Pause Young (Normal) (G1 Evacuation Pause) 191M->144M(1024M) 22,265ms
[2023-11-01T11:56:54.149+0100][gc,cpu        ] GC(8) User=0,02s Sys=0,00s Real=0,03s
[2023-11-01T13:00:24.551+0100][gc,start      ] GC(9) Pause Young (Normal) (G1 Evacuation Pause)
[2023-11-01T13:00:24.551+0100][gc,task       ] GC(9) Using 3 workers of 3 for evacuation
[2023-11-01T13:00:24.567+0100][gc,phases     ] GC(9)   Pre Evacuate Collection Set: 0,0ms
[2023-11-01T13:00:24.567+0100][gc,phases     ] GC(9)   Evacuate Collection Set: 12,7ms
[2023-11-01T13:00:24.567+0100][gc,phases     ] GC(9)   Post Evacuate Collection Set: 3,2ms
[2023-11-01T13:00:24.567+0100][gc,phases     ] GC(9)   Other: 0,1ms
[2023-11-01T13:00:24.567+0100][gc,heap       ] GC(9) Eden regions: 47->0(47)
[2023-11-01T13:00:24.567+0100][gc,heap       ] GC(9) Survivor regions: 4->4(7)
[2023-11-01T13:00:24.567+0100][gc,heap       ] GC(9) Old regions: 14->14
[2023-11-01T13:00:24.567+0100][gc,heap       ] GC(9) Humongous regions: 129->129
[2023-11-01T13:00:24.567+0100][gc,metaspace  ] GC(9) Metaspace: 40421K(43008K)->40421K(43008K) NonClass: 35263K(36608K)->35263K(36608K) Class: 5158K(6400K)->5158K(6400K)
[2023-11-01T13:00:24.567+0100][gc            ] GC(9) Pause Young (Normal) (G1 Evacuation Pause) 191M->144M(1024M) 16,078ms
[2023-11-01T13:00:24.567+0100][gc,cpu        ] GC(9) User=0,01s Sys=0,00s Real=0,01s
[2023-11-01T14:04:39.056+0100][gc,start      ] GC(10) Pause Young (Normal) (G1 Evacuation Pause)
[2023-11-01T14:04:39.056+0100][gc,task       ] GC(10) Using 3 workers of 3 for evacuation
[2023-11-01T14:04:39.080+0100][gc,mmu        ] GC(10) MMU target violated: 21,0ms (20,0ms/21,0ms)
[2023-11-01T14:04:39.080+0100][gc,phases     ] GC(10)   Pre Evacuate Collection Set: 0,0ms
[2023-11-01T14:04:39.080+0100][gc,phases     ] GC(10)   Evacuate Collection Set: 21,9ms
[2023-11-01T14:04:39.080+0100][gc,phases     ] GC(10)   Post Evacuate Collection Set: 2,1ms
[2023-11-01T14:04:39.080+0100][gc,phases     ] GC(10)   Other: 0,1ms
[2023-11-01T14:04:39.080+0100][gc,heap       ] GC(10) Eden regions: 47->0(47)
[2023-11-01T14:04:39.080+0100][gc,heap       ] GC(10) Survivor regions: 4->4(7)
[2023-11-01T14:04:39.080+0100][gc,heap       ] GC(10) Old regions: 14->14
[2023-11-01T14:04:39.080+0100][gc,heap       ] GC(10) Humongous regions: 129->129
[2023-11-01T14:04:39.080+0100][gc,metaspace  ] GC(10) Metaspace: 40460K(43008K)->40460K(43008K) NonClass: 35301K(36608K)->35301K(36608K) Class: 5158K(6400K)->5158K(6400K)
[2023-11-01T14:04:39.080+0100][gc            ] GC(10) Pause Young (Normal) (G1 Evacuation Pause) 191M->144M(1024M) 24,198ms
[2023-11-01T14:04:39.080+0100][gc,cpu        ] GC(10) User=0,02s Sys=0,00s Real=0,03s
[2023-11-01T15:08:49.056+0100][gc,start      ] GC(11) Pause Young (Normal) (G1 Evacuation Pause)
[2023-11-01T15:08:49.056+0100][gc,task       ] GC(11) Using 3 workers of 3 for evacuation
[2023-11-01T15:08:49.077+0100][gc,mmu        ] GC(11) MMU target violated: 21,0ms (20,0ms/21,0ms)
[2023-11-01T15:08:49.077+0100][gc,phases     ] GC(11)   Pre Evacuate Collection Set: 0,0ms
[2023-11-01T15:08:49.077+0100][gc,phases     ] GC(11)   Evacuate Collection Set: 18,9ms
[2023-11-01T15:08:49.078+0100][gc,phases     ] GC(11)   Post Evacuate Collection Set: 2,3ms
[2023-11-01T15:08:49.078+0100][gc,phases     ] GC(11)   Other: 0,5ms
[2023-11-01T15:08:49.078+0100][gc,heap       ] GC(11) Eden regions: 47->0(47)
[2023-11-01T15:08:49.078+0100][gc,heap       ] GC(11) Survivor regions: 4->4(7)
[2023-11-01T15:08:49.078+0100][gc,heap       ] GC(11) Old regions: 14->14
[2023-11-01T15:08:49.078+0100][gc,heap       ] GC(11) Humongous regions: 129->129
[2023-11-01T15:08:49.078+0100][gc,metaspace  ] GC(11) Metaspace: 40482K(43008K)->40482K(43008K) NonClass: 35323K(36608K)->35323K(36608K) Class: 5158K(6400K)->5158K(6400K)
[2023-11-01T15:08:49.078+0100][gc            ] GC(11) Pause Young (Normal) (G1 Evacuation Pause) 191M->144M(1024M) 21,816ms
[2023-11-01T15:08:49.078+0100][gc,cpu        ] GC(11) User=0,02s Sys=0,00s Real=0,02s
[2023-11-01T16:30:47.969+0100][gc,start      ] GC(12) Pause Young (Normal) (G1 Evacuation Pause)
[2023-11-01T16:30:47.969+0100][gc,task       ] GC(12) Using 3 workers of 3 for evacuation
[2023-11-01T16:30:48.029+0100][gc,mmu        ] GC(12) MMU target violated: 21,0ms (20,0ms/21,0ms)
[2023-11-01T16:30:48.029+0100][gc,phases     ] GC(12)   Pre Evacuate Collection Set: 0,0ms
[2023-11-01T16:30:48.029+0100][gc,phases     ] GC(12)   Evacuate Collection Set: 57,1ms
[2023-11-01T16:30:48.029+0100][gc,phases     ] GC(12)   Post Evacuate Collection Set: 2,4ms
[2023-11-01T16:30:48.029+0100][gc,phases     ] GC(12)   Other: 0,3ms
[2023-11-01T16:30:48.029+0100][gc,heap       ] GC(12) Eden regions: 47->0(47)
[2023-11-01T16:30:48.029+0100][gc,heap       ] GC(12) Survivor regions: 4->4(7)
[2023-11-01T16:30:48.029+0100][gc,heap       ] GC(12) Old regions: 14->14
[2023-11-01T16:30:48.029+0100][gc,heap       ] GC(12) Humongous regions: 129->129
[2023-11-01T16:30:48.029+0100][gc,metaspace  ] GC(12) Metaspace: 40520K(43008K)->40520K(43008K) NonClass: 35361K(36608K)->35361K(36608K) Class: 5158K(6400K)->5158K(6400K)
[2023-11-01T16:30:48.029+0100][gc            ] GC(12) Pause Young (Normal) (G1 Evacuation Pause) 191M->144M(1024M) 59,968ms
[2023-11-01T16:30:48.029+0100][gc,cpu        ] GC(12) User=0,04s Sys=0,00s Real=0,06s
