[2023-11-03T14:23:59.210+0100][gc,heap] Heap region size: 1M
[2023-11-03T14:23:59.227+0100][gc     ] Using G1
[2023-11-03T14:23:59.227+0100][gc,heap,coops] Heap address: 0x00000000c0000000, size: 1024 MB, Compressed Oops mode: 32-bit
[2023-11-03T14:23:59.228+0100][gc,cds       ] Mark closed archive regions in map: [0x00000000fff00000, 0x00000000fff6bff8]
[2023-11-03T14:23:59.228+0100][gc,cds       ] Mark open archive regions in map: [0x00000000ffe00000, 0x00000000ffe47ff8]
[2023-11-03T14:24:00.461+0100][gc,start     ] GC(0) Pause Young (Normal) (G1 Evacuation Pause)
[2023-11-03T14:24:00.462+0100][gc,task      ] GC(0) Using 6 workers of 6 for evacuation
[2023-11-03T14:24:00.481+0100][gc,phases    ] GC(0)   Pre Evacuate Collection Set: 0,0ms
[2023-11-03T14:24:00.481+0100][gc,phases    ] GC(0)   Evacuate Collection Set: 18,4ms
[2023-11-03T14:24:00.481+0100][gc,phases    ] GC(0)   Post Evacuate Collection Set: 0,4ms
[2023-11-03T14:24:00.481+0100][gc,phases    ] GC(0)   Other: 1,0ms
[2023-11-03T14:24:00.481+0100][gc,heap      ] GC(0) Eden regions: 51->0(44)
[2023-11-03T14:24:00.481+0100][gc,heap      ] GC(0) Survivor regions: 0->7(7)
[2023-11-03T14:24:00.481+0100][gc,heap      ] GC(0) Old regions: 2->2
[2023-11-03T14:24:00.481+0100][gc,heap      ] GC(0) Humongous regions: 0->0
[2023-11-03T14:24:00.481+0100][gc,metaspace ] GC(0) Metaspace: 14144K(14848K)->14144K(14848K) NonClass: 12409K(12800K)->12409K(12800K) Class: 1735K(2048K)->1735K(2048K)
[2023-11-03T14:24:00.481+0100][gc           ] GC(0) Pause Young (Normal) (G1 Evacuation Pause) 51M->7M(1024M) 19,948ms
[2023-11-03T14:24:00.481+0100][gc,cpu       ] GC(0) User=0,09s Sys=0,02s Real=0,02s
[2023-11-03T14:24:01.086+0100][gc,start     ] GC(1) Pause Young (Concurrent Start) (Metadata GC Threshold)
[2023-11-03T14:24:01.087+0100][gc,task      ] GC(1) Using 6 workers of 6 for evacuation
[2023-11-03T14:24:01.107+0100][gc,mmu       ] GC(1) MMU target violated: 20,8ms (20,0ms/21,0ms)
[2023-11-03T14:24:01.107+0100][gc,phases    ] GC(1)   Pre Evacuate Collection Set: 0,1ms
[2023-11-03T14:24:01.107+0100][gc,phases    ] GC(1)   Evacuate Collection Set: 20,3ms
[2023-11-03T14:24:01.107+0100][gc,phases    ] GC(1)   Post Evacuate Collection Set: 0,3ms
[2023-11-03T14:24:01.107+0100][gc,phases    ] GC(1)   Other: 0,2ms
[2023-11-03T14:24:01.107+0100][gc,heap      ] GC(1) Eden regions: 30->0(49)
[2023-11-03T14:24:01.107+0100][gc,heap      ] GC(1) Survivor regions: 7->2(7)
[2023-11-03T14:24:01.107+0100][gc,heap      ] GC(1) Old regions: 2->9
[2023-11-03T14:24:01.107+0100][gc,heap      ] GC(1) Humongous regions: 0->0
[2023-11-03T14:24:01.107+0100][gc,metaspace ] GC(1) Metaspace: 20544K(21248K)->20544K(21248K) NonClass: 18059K(18432K)->18059K(18432K) Class: 2484K(2816K)->2484K(2816K)
[2023-11-03T14:24:01.107+0100][gc           ] GC(1) Pause Young (Concurrent Start) (Metadata GC Threshold) 37M->8M(1024M) 20,931ms
[2023-11-03T14:24:01.107+0100][gc,cpu       ] GC(1) User=0,05s Sys=0,01s Real=0,02s
[2023-11-03T14:24:01.108+0100][gc           ] GC(2) Concurrent Cycle
[2023-11-03T14:24:01.108+0100][gc,marking   ] GC(2) Concurrent Clear Claimed Marks
[2023-11-03T14:24:01.108+0100][gc,marking   ] GC(2) Concurrent Clear Claimed Marks 0,016ms
[2023-11-03T14:24:01.108+0100][gc,marking   ] GC(2) Concurrent Scan Root Regions
[2023-11-03T14:24:01.109+0100][gc,marking   ] GC(2) Concurrent Scan Root Regions 1,316ms
[2023-11-03T14:24:01.109+0100][gc,marking   ] GC(2) Concurrent Mark (1,903s)
[2023-11-03T14:24:01.109+0100][gc,marking   ] GC(2) Concurrent Mark From Roots
[2023-11-03T14:24:01.109+0100][gc,task      ] GC(2) Using 2 workers of 2 for marking
[2023-11-03T14:24:01.114+0100][gc,marking   ] GC(2) Concurrent Mark From Roots 4,811ms
[2023-11-03T14:24:01.114+0100][gc,marking   ] GC(2) Concurrent Preclean
[2023-11-03T14:24:01.114+0100][gc,marking   ] GC(2) Concurrent Preclean 0,076ms
[2023-11-03T14:24:01.114+0100][gc,marking   ] GC(2) Concurrent Mark (1,903s, 1,907s) 4,911ms
[2023-11-03T14:24:01.114+0100][gc,start     ] GC(2) Pause Remark
[2023-11-03T14:24:01.116+0100][gc,stringtable] GC(2) Cleaned string and symbol table, strings: 5283 processed, 0 removed, symbols: 52907 processed, 45 removed
[2023-11-03T14:24:01.117+0100][gc            ] GC(2) Pause Remark 9M->9M(1024M) 2,621ms
[2023-11-03T14:24:01.117+0100][gc,cpu        ] GC(2) User=0,01s Sys=0,00s Real=0,00s
[2023-11-03T14:24:01.117+0100][gc,marking    ] GC(2) Concurrent Rebuild Remembered Sets
[2023-11-03T14:24:01.120+0100][gc,marking    ] GC(2) Concurrent Rebuild Remembered Sets 3,365ms
[2023-11-03T14:24:01.120+0100][gc,start      ] GC(2) Pause Cleanup
[2023-11-03T14:24:01.120+0100][gc            ] GC(2) Pause Cleanup 9M->9M(1024M) 0,174ms
[2023-11-03T14:24:01.120+0100][gc,cpu        ] GC(2) User=0,00s Sys=0,00s Real=0,00s
[2023-11-03T14:24:01.120+0100][gc,marking    ] GC(2) Concurrent Cleanup for Next Mark
[2023-11-03T14:24:01.150+0100][gc,marking    ] GC(2) Concurrent Cleanup for Next Mark 29,745ms
[2023-11-03T14:24:01.150+0100][gc            ] GC(2) Concurrent Cycle 42,621ms
[2023-11-03T14:24:02.035+0100][gc,start      ] GC(3) Pause Young (Normal) (G1 Evacuation Pause)
[2023-11-03T14:24:02.035+0100][gc,task       ] GC(3) Using 6 workers of 6 for evacuation
[2023-11-03T14:24:02.046+0100][gc,phases     ] GC(3)   Pre Evacuate Collection Set: 0,0ms
[2023-11-03T14:24:02.046+0100][gc,phases     ] GC(3)   Evacuate Collection Set: 10,0ms
[2023-11-03T14:24:02.046+0100][gc,phases     ] GC(3)   Post Evacuate Collection Set: 0,8ms
[2023-11-03T14:24:02.046+0100][gc,phases     ] GC(3)   Other: 0,1ms
[2023-11-03T14:24:02.046+0100][gc,heap       ] GC(3) Eden regions: 49->0(46)
[2023-11-03T14:24:02.046+0100][gc,heap       ] GC(3) Survivor regions: 2->5(7)
[2023-11-03T14:24:02.046+0100][gc,heap       ] GC(3) Old regions: 9->9
[2023-11-03T14:24:02.046+0100][gc,heap       ] GC(3) Humongous regions: 129->129
[2023-11-03T14:24:02.046+0100][gc,metaspace  ] GC(3) Metaspace: 28227K(29312K)->28227K(29312K) NonClass: 24941K(25600K)->24941K(25600K) Class: 3286K(3712K)->3286K(3712K)
[2023-11-03T14:24:02.046+0100][gc            ] GC(3) Pause Young (Normal) (G1 Evacuation Pause) 186M->140M(1024M) 11,132ms
[2023-11-03T14:24:02.046+0100][gc,cpu        ] GC(3) User=0,04s Sys=0,00s Real=0,01s
[2023-11-03T14:24:02.461+0100][gc,start      ] GC(4) Pause Young (Concurrent Start) (Metadata GC Threshold)
[2023-11-03T14:24:02.461+0100][gc,task       ] GC(4) Using 6 workers of 6 for evacuation
[2023-11-03T14:24:02.481+0100][gc,mmu        ] GC(4) MMU target violated: 20,1ms (20,0ms/21,0ms)
[2023-11-03T14:24:02.481+0100][gc,phases     ] GC(4)   Pre Evacuate Collection Set: 0,1ms
[2023-11-03T14:24:02.481+0100][gc,phases     ] GC(4)   Evacuate Collection Set: 19,3ms
[2023-11-03T14:24:02.481+0100][gc,phases     ] GC(4)   Post Evacuate Collection Set: 0,5ms
[2023-11-03T14:24:02.481+0100][gc,phases     ] GC(4)   Other: 0,3ms
[2023-11-03T14:24:02.481+0100][gc,heap       ] GC(4) Eden regions: 34->0(48)
[2023-11-03T14:24:02.481+0100][gc,heap       ] GC(4) Survivor regions: 5->3(7)
[2023-11-03T14:24:02.481+0100][gc,heap       ] GC(4) Old regions: 9->14
[2023-11-03T14:24:02.481+0100][gc,heap       ] GC(4) Humongous regions: 129->129
[2023-11-03T14:24:02.481+0100][gc,metaspace  ] GC(4) Metaspace: 34468K(35840K)->34468K(35840K) NonClass: 30454K(31232K)->30454K(31232K) Class: 4014K(4608K)->4014K(4608K)
[2023-11-03T14:24:02.481+0100][gc            ] GC(4) Pause Young (Concurrent Start) (Metadata GC Threshold) 174M->143M(1024M) 20,313ms
[2023-11-03T14:24:02.481+0100][gc,cpu        ] GC(4) User=0,07s Sys=0,01s Real=0,02s
[2023-11-03T14:24:02.481+0100][gc            ] GC(5) Concurrent Cycle
[2023-11-03T14:24:02.481+0100][gc,marking    ] GC(5) Concurrent Clear Claimed Marks
[2023-11-03T14:24:02.482+0100][gc,marking    ] GC(5) Concurrent Clear Claimed Marks 0,116ms
[2023-11-03T14:24:02.482+0100][gc,marking    ] GC(5) Concurrent Scan Root Regions
[2023-11-03T14:24:02.483+0100][gc,marking    ] GC(5) Concurrent Scan Root Regions 1,496ms
[2023-11-03T14:24:02.483+0100][gc,marking    ] GC(5) Concurrent Mark (3,277s)
[2023-11-03T14:24:02.483+0100][gc,marking    ] GC(5) Concurrent Mark From Roots
[2023-11-03T14:24:02.483+0100][gc,task       ] GC(5) Using 2 workers of 2 for marking
[2023-11-03T14:24:02.493+0100][gc,marking    ] GC(5) Concurrent Mark From Roots 9,791ms
[2023-11-03T14:24:02.493+0100][gc,marking    ] GC(5) Concurrent Preclean
[2023-11-03T14:24:02.493+0100][gc,marking    ] GC(5) Concurrent Preclean 0,106ms
[2023-11-03T14:24:02.493+0100][gc,marking    ] GC(5) Concurrent Mark (3,277s, 3,287s) 9,941ms
[2023-11-03T14:24:02.493+0100][gc,start      ] GC(5) Pause Remark
[2023-11-03T14:24:02.501+0100][gc,stringtable] GC(5) Cleaned string and symbol table, strings: 11133 processed, 11 removed, symbols: 86348 processed, 16 removed
[2023-11-03T14:24:02.502+0100][gc            ] GC(5) Pause Remark 144M->144M(1024M) 8,245ms
[2023-11-03T14:24:02.502+0100][gc,cpu        ] GC(5) User=0,03s Sys=0,00s Real=0,00s
[2023-11-03T14:24:02.502+0100][gc,marking    ] GC(5) Concurrent Rebuild Remembered Sets
[2023-11-03T14:24:02.512+0100][gc,marking    ] GC(5) Concurrent Rebuild Remembered Sets 10,115ms
[2023-11-03T14:24:02.512+0100][gc,start      ] GC(5) Pause Cleanup
[2023-11-03T14:24:02.512+0100][gc            ] GC(5) Pause Cleanup 144M->144M(1024M) 0,411ms
[2023-11-03T14:24:02.512+0100][gc,cpu        ] GC(5) User=0,00s Sys=0,00s Real=0,00s
[2023-11-03T14:24:02.513+0100][gc,marking    ] GC(5) Concurrent Cleanup for Next Mark
[2023-11-03T14:24:02.545+0100][gc,marking    ] GC(5) Concurrent Cleanup for Next Mark 32,352ms
[2023-11-03T14:24:02.545+0100][gc            ] GC(5) Concurrent Cycle 63,518ms
[2023-11-03T14:31:52.386+0100][gc,start      ] GC(6) Pause Young (Normal) (G1 Evacuation Pause)
[2023-11-03T14:31:52.386+0100][gc,task       ] GC(6) Using 6 workers of 6 for evacuation
[2023-11-03T14:31:52.399+0100][gc,phases     ] GC(6)   Pre Evacuate Collection Set: 0,0ms
[2023-11-03T14:31:52.399+0100][gc,phases     ] GC(6)   Evacuate Collection Set: 12,4ms
[2023-11-03T14:31:52.399+0100][gc,phases     ] GC(6)   Post Evacuate Collection Set: 0,4ms
[2023-11-03T14:31:52.399+0100][gc,phases     ] GC(6)   Other: 0,1ms
[2023-11-03T14:31:52.399+0100][gc,heap       ] GC(6) Eden regions: 48->0(48)
[2023-11-03T14:31:52.399+0100][gc,heap       ] GC(6) Survivor regions: 3->3(7)
[2023-11-03T14:31:52.399+0100][gc,heap       ] GC(6) Old regions: 14->14
[2023-11-03T14:31:52.399+0100][gc,heap       ] GC(6) Humongous regions: 129->129
[2023-11-03T14:31:52.399+0100][gc,metaspace  ] GC(6) Metaspace: 37291K(39040K)->37291K(39040K) NonClass: 32875K(33792K)->32875K(33792K) Class: 4416K(5248K)->4416K(5248K)
[2023-11-03T14:31:52.399+0100][gc            ] GC(6) Pause Young (Normal) (G1 Evacuation Pause) 191M->143M(1024M) 12,979ms
[2023-11-03T14:31:52.399+0100][gc,cpu        ] GC(6) User=0,03s Sys=0,00s Real=0,01s
[2023-11-03T14:31:54.555+0100][gc,start      ] GC(7) Pause Young (Normal) (G1 Evacuation Pause)
[2023-11-03T14:31:54.555+0100][gc,task       ] GC(7) Using 6 workers of 6 for evacuation
[2023-11-03T14:31:54.560+0100][gc,phases     ] GC(7)   Pre Evacuate Collection Set: 0,0ms
[2023-11-03T14:31:54.560+0100][gc,phases     ] GC(7)   Evacuate Collection Set: 3,8ms
[2023-11-03T14:31:54.560+0100][gc,phases     ] GC(7)   Post Evacuate Collection Set: 0,5ms
[2023-11-03T14:31:54.560+0100][gc,phases     ] GC(7)   Other: 0,2ms
[2023-11-03T14:31:54.560+0100][gc,heap       ] GC(7) Eden regions: 48->0(47)
[2023-11-03T14:31:54.560+0100][gc,heap       ] GC(7) Survivor regions: 3->4(7)
[2023-11-03T14:31:54.560+0100][gc,heap       ] GC(7) Old regions: 14->14
[2023-11-03T14:31:54.560+0100][gc,heap       ] GC(7) Humongous regions: 129->129
[2023-11-03T14:31:54.560+0100][gc,metaspace  ] GC(7) Metaspace: 37336K(39040K)->37336K(39040K) NonClass: 32918K(33792K)->32918K(33792K) Class: 4417K(5248K)->4417K(5248K)
[2023-11-03T14:31:54.560+0100][gc            ] GC(7) Pause Young (Normal) (G1 Evacuation Pause) 191M->143M(1024M) 4,557ms
[2023-11-03T14:31:54.560+0100][gc,cpu        ] GC(7) User=0,02s Sys=0,00s Real=0,00s
[2023-11-03T14:31:57.651+0100][gc,start      ] GC(8) Pause Young (Normal) (G1 Evacuation Pause)
[2023-11-03T14:31:57.651+0100][gc,task       ] GC(8) Using 6 workers of 6 for evacuation
[2023-11-03T14:31:57.656+0100][gc,phases     ] GC(8)   Pre Evacuate Collection Set: 0,0ms
[2023-11-03T14:31:57.657+0100][gc,phases     ] GC(8)   Evacuate Collection Set: 4,6ms
[2023-11-03T14:31:57.657+0100][gc,phases     ] GC(8)   Post Evacuate Collection Set: 0,3ms
[2023-11-03T14:31:57.657+0100][gc,phases     ] GC(8)   Other: 0,1ms
[2023-11-03T14:31:57.657+0100][gc,heap       ] GC(8) Eden regions: 47->0(47)
[2023-11-03T14:31:57.657+0100][gc,heap       ] GC(8) Survivor regions: 4->4(7)
[2023-11-03T14:31:57.657+0100][gc,heap       ] GC(8) Old regions: 14->14
[2023-11-03T14:31:57.657+0100][gc,heap       ] GC(8) Humongous regions: 129->129
[2023-11-03T14:31:57.657+0100][gc,metaspace  ] GC(8) Metaspace: 37684K(39552K)->37684K(39552K) NonClass: 33266K(34304K)->33266K(34304K) Class: 4417K(5248K)->4417K(5248K)
[2023-11-03T14:31:57.657+0100][gc            ] GC(8) Pause Young (Normal) (G1 Evacuation Pause) 190M->144M(1024M) 5,205ms
[2023-11-03T14:31:57.657+0100][gc,cpu        ] GC(8) User=0,01s Sys=0,00s Real=0,01s
[2023-11-03T14:31:59.910+0100][gc,start      ] GC(9) Pause Young (Normal) (G1 Evacuation Pause)
[2023-11-03T14:31:59.910+0100][gc,task       ] GC(9) Using 6 workers of 6 for evacuation
[2023-11-03T14:31:59.915+0100][gc,phases     ] GC(9)   Pre Evacuate Collection Set: 0,0ms
[2023-11-03T14:31:59.915+0100][gc,phases     ] GC(9)   Evacuate Collection Set: 4,2ms
[2023-11-03T14:31:59.915+0100][gc,phases     ] GC(9)   Post Evacuate Collection Set: 0,4ms
[2023-11-03T14:31:59.915+0100][gc,phases     ] GC(9)   Other: 0,1ms
[2023-11-03T14:31:59.915+0100][gc,heap       ] GC(9) Eden regions: 47->0(50)
[2023-11-03T14:31:59.915+0100][gc,heap       ] GC(9) Survivor regions: 4->4(7)
[2023-11-03T14:31:59.915+0100][gc,heap       ] GC(9) Old regions: 14->14
[2023-11-03T14:31:59.915+0100][gc,heap       ] GC(9) Humongous regions: 129->129
[2023-11-03T14:31:59.915+0100][gc,metaspace  ] GC(9) Metaspace: 37709K(39552K)->37709K(39552K) NonClass: 33292K(34304K)->33292K(34304K) Class: 4417K(5248K)->4417K(5248K)
[2023-11-03T14:31:59.915+0100][gc            ] GC(9) Pause Young (Normal) (G1 Evacuation Pause) 191M->144M(1024M) 4,831ms
[2023-11-03T14:31:59.915+0100][gc,cpu        ] GC(9) User=0,01s Sys=0,00s Real=0,01s
[2023-11-03T14:32:02.333+0100][gc,start      ] GC(10) Pause Young (Normal) (G1 Evacuation Pause)
[2023-11-03T14:32:02.333+0100][gc,task       ] GC(10) Using 6 workers of 6 for evacuation
[2023-11-03T14:32:02.337+0100][gc,phases     ] GC(10)   Pre Evacuate Collection Set: 0,0ms
[2023-11-03T14:32:02.337+0100][gc,phases     ] GC(10)   Evacuate Collection Set: 3,1ms
[2023-11-03T14:32:02.337+0100][gc,phases     ] GC(10)   Post Evacuate Collection Set: 0,3ms
[2023-11-03T14:32:02.337+0100][gc,phases     ] GC(10)   Other: 0,1ms
[2023-11-03T14:32:02.337+0100][gc,heap       ] GC(10) Eden regions: 50->0(59)
[2023-11-03T14:32:02.337+0100][gc,heap       ] GC(10) Survivor regions: 4->4(7)
[2023-11-03T14:32:02.337+0100][gc,heap       ] GC(10) Old regions: 14->14
[2023-11-03T14:32:02.337+0100][gc,heap       ] GC(10) Humongous regions: 129->129
[2023-11-03T14:32:02.337+0100][gc,metaspace  ] GC(10) Metaspace: 37723K(39552K)->37723K(39552K) NonClass: 33304K(34304K)->33304K(34304K) Class: 4418K(5248K)->4418K(5248K)
[2023-11-03T14:32:02.337+0100][gc            ] GC(10) Pause Young (Normal) (G1 Evacuation Pause) 194M->144M(1024M) 3,735ms
[2023-11-03T14:32:02.337+0100][gc,cpu        ] GC(10) User=0,01s Sys=0,00s Real=0,00s
[2023-11-03T14:32:05.478+0100][gc,start      ] GC(11) Pause Young (Normal) (G1 Evacuation Pause)
[2023-11-03T14:32:05.478+0100][gc,task       ] GC(11) Using 6 workers of 6 for evacuation
[2023-11-03T14:32:05.482+0100][gc,phases     ] GC(11)   Pre Evacuate Collection Set: 0,0ms
[2023-11-03T14:32:05.482+0100][gc,phases     ] GC(11)   Evacuate Collection Set: 3,6ms
[2023-11-03T14:32:05.482+0100][gc,phases     ] GC(11)   Post Evacuate Collection Set: 0,4ms
[2023-11-03T14:32:05.482+0100][gc,phases     ] GC(11)   Other: 0,1ms
[2023-11-03T14:32:05.482+0100][gc,heap       ] GC(11) Eden regions: 59->0(73)
[2023-11-03T14:32:05.482+0100][gc,heap       ] GC(11) Survivor regions: 4->4(8)
[2023-11-03T14:32:05.482+0100][gc,heap       ] GC(11) Old regions: 14->14
[2023-11-03T14:32:05.482+0100][gc,heap       ] GC(11) Humongous regions: 129->129
[2023-11-03T14:32:05.482+0100][gc,metaspace  ] GC(11) Metaspace: 37724K(39552K)->37724K(39552K) NonClass: 33306K(34304K)->33306K(34304K) Class: 4418K(5248K)->4418K(5248K)
[2023-11-03T14:32:05.482+0100][gc            ] GC(11) Pause Young (Normal) (G1 Evacuation Pause) 203M->144M(1024M) 4,317ms
[2023-11-03T14:32:05.482+0100][gc,cpu        ] GC(11) User=0,01s Sys=0,01s Real=0,00s
[2023-11-03T14:32:09.078+0100][gc,start      ] GC(12) Pause Young (Normal) (G1 Evacuation Pause)
[2023-11-03T14:32:09.078+0100][gc,task       ] GC(12) Using 6 workers of 6 for evacuation
[2023-11-03T14:32:09.082+0100][gc,phases     ] GC(12)   Pre Evacuate Collection Set: 0,0ms
[2023-11-03T14:32:09.082+0100][gc,phases     ] GC(12)   Evacuate Collection Set: 4,3ms
[2023-11-03T14:32:09.082+0100][gc,phases     ] GC(12)   Post Evacuate Collection Set: 0,4ms
[2023-11-03T14:32:09.083+0100][gc,phases     ] GC(12)   Other: 0,1ms
[2023-11-03T14:32:09.083+0100][gc,heap       ] GC(12) Eden regions: 73->0(88)
[2023-11-03T14:32:09.083+0100][gc,heap       ] GC(12) Survivor regions: 4->4(10)
[2023-11-03T14:32:09.083+0100][gc,heap       ] GC(12) Old regions: 14->14
[2023-11-03T14:32:09.083+0100][gc,heap       ] GC(12) Humongous regions: 129->129
[2023-11-03T14:32:09.083+0100][gc,metaspace  ] GC(12) Metaspace: 37724K(39552K)->37724K(39552K) NonClass: 33306K(34304K)->33306K(34304K) Class: 4418K(5248K)->4418K(5248K)
[2023-11-03T14:32:09.083+0100][gc            ] GC(12) Pause Young (Normal) (G1 Evacuation Pause) 217M->144M(1024M) 4,899ms
[2023-11-03T14:32:09.083+0100][gc,cpu        ] GC(12) User=0,02s Sys=0,00s Real=0,00s
[2023-11-03T14:32:13.548+0100][gc,start      ] GC(13) Pause Young (Normal) (G1 Evacuation Pause)
[2023-11-03T14:32:13.548+0100][gc,task       ] GC(13) Using 6 workers of 6 for evacuation
[2023-11-03T14:32:13.557+0100][gc,phases     ] GC(13)   Pre Evacuate Collection Set: 0,0ms
[2023-11-03T14:32:13.557+0100][gc,phases     ] GC(13)   Evacuate Collection Set: 8,0ms
[2023-11-03T14:32:13.557+0100][gc,phases     ] GC(13)   Post Evacuate Collection Set: 0,4ms
[2023-11-03T14:32:13.557+0100][gc,phases     ] GC(13)   Other: 0,1ms
[2023-11-03T14:32:13.557+0100][gc,heap       ] GC(13) Eden regions: 88->0(112)
[2023-11-03T14:32:13.557+0100][gc,heap       ] GC(13) Survivor regions: 4->4(12)
[2023-11-03T14:32:13.557+0100][gc,heap       ] GC(13) Old regions: 14->14
[2023-11-03T14:32:13.557+0100][gc,heap       ] GC(13) Humongous regions: 129->129
[2023-11-03T14:32:13.557+0100][gc,metaspace  ] GC(13) Metaspace: 37731K(39552K)->37731K(39552K) NonClass: 33312K(34304K)->33312K(34304K) Class: 4418K(5248K)->4418K(5248K)
[2023-11-03T14:32:13.557+0100][gc            ] GC(13) Pause Young (Normal) (G1 Evacuation Pause) 232M->144M(1024M) 8,594ms
[2023-11-03T14:32:13.557+0100][gc,cpu        ] GC(13) User=0,02s Sys=0,00s Real=0,01s
[2023-11-03T14:32:19.062+0100][gc,start      ] GC(14) Pause Young (Normal) (G1 Evacuation Pause)
[2023-11-03T14:32:19.062+0100][gc,task       ] GC(14) Using 6 workers of 6 for evacuation
[2023-11-03T14:32:19.070+0100][gc,phases     ] GC(14)   Pre Evacuate Collection Set: 0,0ms
[2023-11-03T14:32:19.070+0100][gc,phases     ] GC(14)   Evacuate Collection Set: 8,2ms
[2023-11-03T14:32:19.070+0100][gc,phases     ] GC(14)   Post Evacuate Collection Set: 0,6ms
[2023-11-03T14:32:19.071+0100][gc,phases     ] GC(14)   Other: 0,1ms
[2023-11-03T14:32:19.071+0100][gc,heap       ] GC(14) Eden regions: 112->0(126)
[2023-11-03T14:32:19.071+0100][gc,heap       ] GC(14) Survivor regions: 4->4(15)
[2023-11-03T14:32:19.071+0100][gc,heap       ] GC(14) Old regions: 14->14
[2023-11-03T14:32:19.071+0100][gc,heap       ] GC(14) Humongous regions: 129->129
[2023-11-03T14:32:19.071+0100][gc,metaspace  ] GC(14) Metaspace: 37731K(39552K)->37731K(39552K) NonClass: 33313K(34304K)->33313K(34304K) Class: 4418K(5248K)->4418K(5248K)
[2023-11-03T14:32:19.071+0100][gc            ] GC(14) Pause Young (Normal) (G1 Evacuation Pause) 256M->144M(1024M) 9,034ms
[2023-11-03T14:32:19.071+0100][gc,cpu        ] GC(14) User=0,03s Sys=0,00s Real=0,01s
[2023-11-03T14:32:25.573+0100][gc,start      ] GC(15) Pause Young (Normal) (G1 Evacuation Pause)
[2023-11-03T14:32:25.573+0100][gc,task       ] GC(15) Using 6 workers of 6 for evacuation
[2023-11-03T14:32:25.586+0100][gc,phases     ] GC(15)   Pre Evacuate Collection Set: 0,1ms
[2023-11-03T14:32:25.586+0100][gc,phases     ] GC(15)   Evacuate Collection Set: 11,1ms
[2023-11-03T14:32:25.586+0100][gc,phases     ] GC(15)   Post Evacuate Collection Set: 1,9ms
[2023-11-03T14:32:25.586+0100][gc,phases     ] GC(15)   Other: 0,3ms
[2023-11-03T14:32:25.586+0100][gc,heap       ] GC(15) Eden regions: 126->0(139)
[2023-11-03T14:32:25.586+0100][gc,heap       ] GC(15) Survivor regions: 4->4(17)
[2023-11-03T14:32:25.586+0100][gc,heap       ] GC(15) Old regions: 14->14
[2023-11-03T14:32:25.586+0100][gc,heap       ] GC(15) Humongous regions: 129->129
[2023-11-03T14:32:25.586+0100][gc,metaspace  ] GC(15) Metaspace: 37732K(39552K)->37732K(39552K) NonClass: 33314K(34304K)->33314K(34304K) Class: 4418K(5248K)->4418K(5248K)
[2023-11-03T14:32:25.586+0100][gc            ] GC(15) Pause Young (Normal) (G1 Evacuation Pause) 270M->144M(1024M) 13,451ms
[2023-11-03T14:32:25.586+0100][gc,cpu        ] GC(15) User=0,02s Sys=0,02s Real=0,01s
[2023-11-03T14:32:34.406+0100][gc,start      ] GC(16) Pause Young (Normal) (G1 Evacuation Pause)
[2023-11-03T14:32:34.406+0100][gc,task       ] GC(16) Using 6 workers of 6 for evacuation
[2023-11-03T14:32:34.413+0100][gc,phases     ] GC(16)   Pre Evacuate Collection Set: 0,0ms
[2023-11-03T14:32:34.413+0100][gc,phases     ] GC(16)   Evacuate Collection Set: 6,0ms
[2023-11-03T14:32:34.413+0100][gc,phases     ] GC(16)   Post Evacuate Collection Set: 0,5ms
[2023-11-03T14:32:34.413+0100][gc,phases     ] GC(16)   Other: 0,2ms
[2023-11-03T14:32:34.413+0100][gc,heap       ] GC(16) Eden regions: 139->0(163)
[2023-11-03T14:32:34.413+0100][gc,heap       ] GC(16) Survivor regions: 4->4(18)
[2023-11-03T14:32:34.413+0100][gc,heap       ] GC(16) Old regions: 14->14
[2023-11-03T14:32:34.413+0100][gc,heap       ] GC(16) Humongous regions: 129->129
[2023-11-03T14:32:34.413+0100][gc,metaspace  ] GC(16) Metaspace: 37744K(39552K)->37744K(39552K) NonClass: 33326K(34304K)->33326K(34304K) Class: 4418K(5248K)->4418K(5248K)
[2023-11-03T14:32:34.413+0100][gc            ] GC(16) Pause Young (Normal) (G1 Evacuation Pause) 283M->144M(1024M) 6,850ms
[2023-11-03T14:32:34.413+0100][gc,cpu        ] GC(16) User=0,02s Sys=0,00s Real=0,01s
[2023-11-03T14:32:43.534+0100][gc,start      ] GC(17) Pause Young (Normal) (G1 Evacuation Pause)
[2023-11-03T14:32:43.534+0100][gc,task       ] GC(17) Using 6 workers of 6 for evacuation
[2023-11-03T14:32:43.544+0100][gc,phases     ] GC(17)   Pre Evacuate Collection Set: 0,0ms
[2023-11-03T14:32:43.544+0100][gc,phases     ] GC(17)   Evacuate Collection Set: 10,1ms
[2023-11-03T14:32:43.544+0100][gc,phases     ] GC(17)   Post Evacuate Collection Set: 0,5ms
[2023-11-03T14:32:43.544+0100][gc,phases     ] GC(17)   Other: 0,1ms
[2023-11-03T14:32:43.544+0100][gc,heap       ] GC(17) Eden regions: 163->0(193)
[2023-11-03T14:32:43.544+0100][gc,heap       ] GC(17) Survivor regions: 4->4(21)
[2023-11-03T14:32:43.544+0100][gc,heap       ] GC(17) Old regions: 14->14
[2023-11-03T14:32:43.544+0100][gc,heap       ] GC(17) Humongous regions: 129->129
[2023-11-03T14:32:43.544+0100][gc,metaspace  ] GC(17) Metaspace: 37764K(39552K)->37764K(39552K) NonClass: 33346K(34304K)->33346K(34304K) Class: 4418K(5248K)->4418K(5248K)
[2023-11-03T14:32:43.544+0100][gc            ] GC(17) Pause Young (Normal) (G1 Evacuation Pause) 307M->144M(1024M) 10,827ms
[2023-11-03T14:32:43.544+0100][gc,cpu        ] GC(17) User=0,02s Sys=0,01s Real=0,01s
[2023-11-03T14:32:53.355+0100][gc,start      ] GC(18) Pause Young (Normal) (G1 Evacuation Pause)
[2023-11-03T14:32:53.355+0100][gc,task       ] GC(18) Using 6 workers of 6 for evacuation
[2023-11-03T14:32:53.370+0100][gc,phases     ] GC(18)   Pre Evacuate Collection Set: 0,0ms
[2023-11-03T14:32:53.370+0100][gc,phases     ] GC(18)   Evacuate Collection Set: 14,4ms
[2023-11-03T14:32:53.370+0100][gc,phases     ] GC(18)   Post Evacuate Collection Set: 0,9ms
[2023-11-03T14:32:53.370+0100][gc,phases     ] GC(18)   Other: 0,2ms
[2023-11-03T14:32:53.370+0100][gc,heap       ] GC(18) Eden regions: 193->0(212)
[2023-11-03T14:32:53.370+0100][gc,heap       ] GC(18) Survivor regions: 4->6(25)
[2023-11-03T14:32:53.370+0100][gc,heap       ] GC(18) Old regions: 14->14
[2023-11-03T14:32:53.370+0100][gc,heap       ] GC(18) Humongous regions: 129->129
[2023-11-03T14:32:53.370+0100][gc,metaspace  ] GC(18) Metaspace: 40674K(43008K)->40674K(43008K) NonClass: 35629K(36864K)->35629K(36864K) Class: 5044K(6144K)->5044K(6144K)
[2023-11-03T14:32:53.370+0100][gc            ] GC(18) Pause Young (Normal) (G1 Evacuation Pause) 337M->146M(1024M) 15,614ms
[2023-11-03T14:32:53.370+0100][gc,cpu        ] GC(18) User=0,04s Sys=0,01s Real=0,01s
[2023-11-03T14:33:04.498+0100][gc,start      ] GC(19) Pause Young (Normal) (G1 Evacuation Pause)
[2023-11-03T14:33:04.498+0100][gc,task       ] GC(19) Using 6 workers of 6 for evacuation
[2023-11-03T14:33:04.505+0100][gc,phases     ] GC(19)   Pre Evacuate Collection Set: 0,0ms
[2023-11-03T14:33:04.505+0100][gc,phases     ] GC(19)   Evacuate Collection Set: 6,4ms
[2023-11-03T14:33:04.505+0100][gc,phases     ] GC(19)   Post Evacuate Collection Set: 0,7ms
[2023-11-03T14:33:04.505+0100][gc,phases     ] GC(19)   Other: 0,2ms
[2023-11-03T14:33:04.506+0100][gc,heap       ] GC(19) Eden regions: 212->0(255)
[2023-11-03T14:33:04.506+0100][gc,heap       ] GC(19) Survivor regions: 6->6(28)
[2023-11-03T14:33:04.506+0100][gc,heap       ] GC(19) Old regions: 14->14
[2023-11-03T14:33:04.506+0100][gc,heap       ] GC(19) Humongous regions: 129->129
[2023-11-03T14:33:04.506+0100][gc,metaspace  ] GC(19) Metaspace: 40903K(43264K)->40903K(43264K) NonClass: 35816K(37120K)->35816K(37120K) Class: 5086K(6144K)->5086K(6144K)
[2023-11-03T14:33:04.506+0100][gc            ] GC(19) Pause Young (Normal) (G1 Evacuation Pause) 358M->146M(1024M) 7,305ms
[2023-11-03T14:33:04.506+0100][gc,cpu        ] GC(19) User=0,02s Sys=0,00s Real=0,01s
[2023-11-03T14:33:18.491+0100][gc,start      ] GC(20) Pause Young (Normal) (G1 Evacuation Pause)
[2023-11-03T14:33:18.491+0100][gc,task       ] GC(20) Using 6 workers of 6 for evacuation
[2023-11-03T14:33:18.503+0100][gc,phases     ] GC(20)   Pre Evacuate Collection Set: 0,0ms
[2023-11-03T14:33:18.503+0100][gc,phases     ] GC(20)   Evacuate Collection Set: 11,8ms
[2023-11-03T14:33:18.503+0100][gc,phases     ] GC(20)   Post Evacuate Collection Set: 0,6ms
[2023-11-03T14:33:18.503+0100][gc,phases     ] GC(20)   Other: 0,2ms
[2023-11-03T14:33:18.503+0100][gc,heap       ] GC(20) Eden regions: 255->0(292)
[2023-11-03T14:33:18.503+0100][gc,heap       ] GC(20) Survivor regions: 6->4(33)
[2023-11-03T14:33:18.503+0100][gc,heap       ] GC(20) Old regions: 14->16
[2023-11-03T14:33:18.503+0100][gc,heap       ] GC(20) Humongous regions: 129->129
[2023-11-03T14:33:18.503+0100][gc,metaspace  ] GC(20) Metaspace: 40931K(43264K)->40931K(43264K) NonClass: 35844K(37120K)->35844K(37120K) Class: 5086K(6144K)->5086K(6144K)
[2023-11-03T14:33:18.503+0100][gc            ] GC(20) Pause Young (Normal) (G1 Evacuation Pause) 401M->146M(1024M) 12,605ms
[2023-11-03T14:33:18.503+0100][gc,cpu        ] GC(20) User=0,05s Sys=0,01s Real=0,01s
[2023-11-03T14:33:36.318+0100][gc,start      ] GC(21) Pause Young (Normal) (G1 Evacuation Pause)
[2023-11-03T14:33:36.318+0100][gc,task       ] GC(21) Using 6 workers of 6 for evacuation
[2023-11-03T14:33:36.325+0100][gc,phases     ] GC(21)   Pre Evacuate Collection Set: 0,0ms
[2023-11-03T14:33:36.325+0100][gc,phases     ] GC(21)   Evacuate Collection Set: 7,2ms
[2023-11-03T14:33:36.325+0100][gc,phases     ] GC(21)   Post Evacuate Collection Set: 0,6ms
[2023-11-03T14:33:36.326+0100][gc,phases     ] GC(21)   Other: 0,2ms
[2023-11-03T14:33:36.326+0100][gc,heap       ] GC(21) Eden regions: 292->0(611)
[2023-11-03T14:33:36.326+0100][gc,heap       ] GC(21) Survivor regions: 4->3(37)
[2023-11-03T14:33:36.326+0100][gc,heap       ] GC(21) Old regions: 16->17
[2023-11-03T14:33:36.326+0100][gc,heap       ] GC(21) Humongous regions: 129->129
[2023-11-03T14:33:36.326+0100][gc,metaspace  ] GC(21) Metaspace: 40980K(43264K)->40980K(43264K) NonClass: 35891K(37120K)->35891K(37120K) Class: 5088K(6144K)->5088K(6144K)
[2023-11-03T14:33:36.326+0100][gc            ] GC(21) Pause Young (Normal) (G1 Evacuation Pause) 438M->146M(1024M) 8,064ms
[2023-11-03T14:33:36.326+0100][gc,cpu        ] GC(21) User=0,01s Sys=0,00s Real=0,01s
[2023-11-03T14:34:15.126+0100][gc,start      ] GC(22) Pause Young (Normal) (G1 Evacuation Pause)
[2023-11-03T14:34:15.126+0100][gc,task       ] GC(22) Using 6 workers of 6 for evacuation
[2023-11-03T14:34:15.137+0100][gc,phases     ] GC(22)   Pre Evacuate Collection Set: 0,0ms
[2023-11-03T14:34:15.137+0100][gc,phases     ] GC(22)   Evacuate Collection Set: 9,4ms
[2023-11-03T14:34:15.137+0100][gc,phases     ] GC(22)   Post Evacuate Collection Set: 0,9ms
[2023-11-03T14:34:15.137+0100][gc,phases     ] GC(22)   Other: 0,2ms
[2023-11-03T14:34:15.137+0100][gc,heap       ] GC(22) Eden regions: 611->0(611)
[2023-11-03T14:34:15.137+0100][gc,heap       ] GC(22) Survivor regions: 3->3(77)
[2023-11-03T14:34:15.137+0100][gc,heap       ] GC(22) Old regions: 17->17
[2023-11-03T14:34:15.137+0100][gc,heap       ] GC(22) Humongous regions: 129->129
[2023-11-03T14:34:15.137+0100][gc,metaspace  ] GC(22) Metaspace: 41069K(43392K)->41069K(43392K) NonClass: 35972K(37120K)->35972K(37120K) Class: 5096K(6272K)->5096K(6272K)
[2023-11-03T14:34:15.137+0100][gc            ] GC(22) Pause Young (Normal) (G1 Evacuation Pause) 757M->146M(1024M) 10,520ms
[2023-11-03T14:34:15.137+0100][gc,cpu        ] GC(22) User=0,03s Sys=0,00s Real=0,01s
[2023-11-03T14:34:51.627+0100][gc,start      ] GC(23) Pause Young (Normal) (G1 Evacuation Pause)
[2023-11-03T14:34:51.627+0100][gc,task       ] GC(23) Using 6 workers of 6 for evacuation
[2023-11-03T14:34:51.631+0100][gc,phases     ] GC(23)   Pre Evacuate Collection Set: 0,0ms
[2023-11-03T14:34:51.631+0100][gc,phases     ] GC(23)   Evacuate Collection Set: 2,8ms
[2023-11-03T14:34:51.631+0100][gc,phases     ] GC(23)   Post Evacuate Collection Set: 0,6ms
[2023-11-03T14:34:51.631+0100][gc,phases     ] GC(23)   Other: 0,2ms
[2023-11-03T14:34:51.631+0100][gc,heap       ] GC(23) Eden regions: 611->0(610)
[2023-11-03T14:34:51.631+0100][gc,heap       ] GC(23) Survivor regions: 3->4(77)
[2023-11-03T14:34:51.631+0100][gc,heap       ] GC(23) Old regions: 17->17
[2023-11-03T14:34:51.631+0100][gc,heap       ] GC(23) Humongous regions: 129->129
[2023-11-03T14:34:51.631+0100][gc,metaspace  ] GC(23) Metaspace: 41107K(43392K)->41107K(43392K) NonClass: 36010K(37120K)->36010K(37120K) Class: 5096K(6272K)->5096K(6272K)
[2023-11-03T14:34:51.631+0100][gc            ] GC(23) Pause Young (Normal) (G1 Evacuation Pause) 757M->147M(1024M) 3,691ms
[2023-11-03T14:34:51.631+0100][gc,cpu        ] GC(23) User=0,01s Sys=0,00s Real=0,00s
[2023-11-03T14:35:27.727+0100][gc,start      ] GC(24) Pause Young (Normal) (G1 Evacuation Pause)
[2023-11-03T14:35:27.727+0100][gc,task       ] GC(24) Using 6 workers of 6 for evacuation
[2023-11-03T14:35:27.733+0100][gc,phases     ] GC(24)   Pre Evacuate Collection Set: 0,0ms
[2023-11-03T14:35:27.733+0100][gc,phases     ] GC(24)   Evacuate Collection Set: 4,8ms
[2023-11-03T14:35:27.733+0100][gc,phases     ] GC(24)   Post Evacuate Collection Set: 0,8ms
[2023-11-03T14:35:27.733+0100][gc,phases     ] GC(24)   Other: 0,2ms
[2023-11-03T14:35:27.733+0100][gc,heap       ] GC(24) Eden regions: 610->0(609)
[2023-11-03T14:35:27.733+0100][gc,heap       ] GC(24) Survivor regions: 4->5(77)
[2023-11-03T14:35:27.733+0100][gc,heap       ] GC(24) Old regions: 17->17
[2023-11-03T14:35:27.733+0100][gc,heap       ] GC(24) Humongous regions: 129->129
[2023-11-03T14:35:27.733+0100][gc,metaspace  ] GC(24) Metaspace: 43164K(46080K)->43164K(46080K) NonClass: 37602K(39168K)->37602K(39168K) Class: 5562K(6912K)->5562K(6912K)
[2023-11-03T14:35:27.733+0100][gc            ] GC(24) Pause Young (Normal) (G1 Evacuation Pause) 757M->148M(1024M) 5,893ms
[2023-11-03T14:35:27.733+0100][gc,cpu        ] GC(24) User=0,02s Sys=0,00s Real=0,01s
[2023-11-03T14:36:05.862+0100][gc,start      ] GC(25) Pause Young (Normal) (G1 Evacuation Pause)
[2023-11-03T14:36:05.862+0100][gc,task       ] GC(25) Using 6 workers of 6 for evacuation
[2023-11-03T14:36:05.869+0100][gc,phases     ] GC(25)   Pre Evacuate Collection Set: 0,0ms
[2023-11-03T14:36:05.869+0100][gc,phases     ] GC(25)   Evacuate Collection Set: 5,8ms
[2023-11-03T14:36:05.869+0100][gc,phases     ] GC(25)   Post Evacuate Collection Set: 0,8ms
[2023-11-03T14:36:05.869+0100][gc,phases     ] GC(25)   Other: 0,2ms
[2023-11-03T14:36:05.869+0100][gc,heap       ] GC(25) Eden regions: 609->0(609)
[2023-11-03T14:36:05.869+0100][gc,heap       ] GC(25) Survivor regions: 5->5(77)
[2023-11-03T14:36:05.869+0100][gc,heap       ] GC(25) Old regions: 17->17
[2023-11-03T14:36:05.869+0100][gc,heap       ] GC(25) Humongous regions: 129->129
[2023-11-03T14:36:05.869+0100][gc,metaspace  ] GC(25) Metaspace: 43249K(46080K)->43249K(46080K) NonClass: 37683K(39168K)->37683K(39168K) Class: 5565K(6912K)->5565K(6912K)
[2023-11-03T14:36:05.869+0100][gc            ] GC(25) Pause Young (Normal) (G1 Evacuation Pause) 757M->149M(1024M) 7,050ms
[2023-11-03T14:36:05.869+0100][gc,cpu        ] GC(25) User=0,02s Sys=0,01s Real=0,01s
[2023-11-03T14:36:39.930+0100][gc,start      ] GC(26) Pause Young (Normal) (G1 Evacuation Pause)
[2023-11-03T14:36:39.930+0100][gc,task       ] GC(26) Using 6 workers of 6 for evacuation
[2023-11-03T14:36:39.938+0100][gc,phases     ] GC(26)   Pre Evacuate Collection Set: 0,1ms
[2023-11-03T14:36:39.938+0100][gc,phases     ] GC(26)   Evacuate Collection Set: 5,3ms
[2023-11-03T14:36:39.938+0100][gc,phases     ] GC(26)   Post Evacuate Collection Set: 1,9ms
[2023-11-03T14:36:39.938+0100][gc,phases     ] GC(26)   Other: 0,3ms
[2023-11-03T14:36:39.938+0100][gc,heap       ] GC(26) Eden regions: 609->0(608)
[2023-11-03T14:36:39.938+0100][gc,heap       ] GC(26) Survivor regions: 5->6(77)
[2023-11-03T14:36:39.938+0100][gc,heap       ] GC(26) Old regions: 17->17
[2023-11-03T14:36:39.938+0100][gc,heap       ] GC(26) Humongous regions: 129->129
[2023-11-03T14:36:39.938+0100][gc,metaspace  ] GC(26) Metaspace: 43319K(46080K)->43319K(46080K) NonClass: 37746K(39168K)->37746K(39168K) Class: 5573K(6912K)->5573K(6912K)
[2023-11-03T14:36:39.938+0100][gc            ] GC(26) Pause Young (Normal) (G1 Evacuation Pause) 758M->149M(1024M) 7,775ms
[2023-11-03T14:36:39.938+0100][gc,cpu        ] GC(26) User=0,03s Sys=0,00s Real=0,01s
[2023-11-03T14:37:24.507+0100][gc,start      ] GC(27) Pause Young (Normal) (G1 Evacuation Pause)
[2023-11-03T14:37:24.507+0100][gc,task       ] GC(27) Using 6 workers of 6 for evacuation
[2023-11-03T14:37:24.516+0100][gc,phases     ] GC(27)   Pre Evacuate Collection Set: 0,0ms
[2023-11-03T14:37:24.516+0100][gc,phases     ] GC(27)   Evacuate Collection Set: 8,2ms
[2023-11-03T14:37:24.516+0100][gc,phases     ] GC(27)   Post Evacuate Collection Set: 0,8ms
[2023-11-03T14:37:24.516+0100][gc,phases     ] GC(27)   Other: 0,2ms
[2023-11-03T14:37:24.516+0100][gc,heap       ] GC(27) Eden regions: 608->0(607)
[2023-11-03T14:37:24.516+0100][gc,heap       ] GC(27) Survivor regions: 6->7(77)
[2023-11-03T14:37:24.516+0100][gc,heap       ] GC(27) Old regions: 17->17
[2023-11-03T14:37:24.516+0100][gc,heap       ] GC(27) Humongous regions: 129->129
[2023-11-03T14:37:24.516+0100][gc,metaspace  ] GC(27) Metaspace: 43370K(46080K)->43370K(46080K) NonClass: 37797K(39168K)->37797K(39168K) Class: 5573K(6912K)->5573K(6912K)
[2023-11-03T14:37:24.516+0100][gc            ] GC(27) Pause Young (Normal) (G1 Evacuation Pause) 757M->150M(1024M) 9,305ms
[2023-11-03T14:37:24.516+0100][gc,cpu        ] GC(27) User=0,04s Sys=0,00s Real=0,01s
[2023-11-03T14:38:03.930+0100][gc,start      ] GC(28) Pause Young (Normal) (G1 Evacuation Pause)
[2023-11-03T14:38:03.930+0100][gc,task       ] GC(28) Using 6 workers of 6 for evacuation
[2023-11-03T14:38:03.938+0100][gc,phases     ] GC(28)   Pre Evacuate Collection Set: 0,0ms
[2023-11-03T14:38:03.938+0100][gc,phases     ] GC(28)   Evacuate Collection Set: 6,8ms
[2023-11-03T14:38:03.938+0100][gc,phases     ] GC(28)   Post Evacuate Collection Set: 0,8ms
[2023-11-03T14:38:03.938+0100][gc,phases     ] GC(28)   Other: 0,3ms
[2023-11-03T14:38:03.938+0100][gc,heap       ] GC(28) Eden regions: 607->0(607)
[2023-11-03T14:38:03.938+0100][gc,heap       ] GC(28) Survivor regions: 7->7(77)
[2023-11-03T14:38:03.938+0100][gc,heap       ] GC(28) Old regions: 17->17
[2023-11-03T14:38:03.938+0100][gc,heap       ] GC(28) Humongous regions: 129->129
[2023-11-03T14:38:03.938+0100][gc,metaspace  ] GC(28) Metaspace: 43377K(46080K)->43377K(46080K) NonClass: 37803K(39168K)->37803K(39168K) Class: 5573K(6912K)->5573K(6912K)
[2023-11-03T14:38:03.938+0100][gc            ] GC(28) Pause Young (Normal) (G1 Evacuation Pause) 757M->151M(1024M) 7,975ms
[2023-11-03T14:38:03.938+0100][gc,cpu        ] GC(28) User=0,03s Sys=0,00s Real=0,01s
[2023-11-03T14:38:42.921+0100][gc,start      ] GC(29) Pause Young (Normal) (G1 Evacuation Pause)
[2023-11-03T14:38:42.921+0100][gc,task       ] GC(29) Using 6 workers of 6 for evacuation
[2023-11-03T14:38:42.931+0100][gc,phases     ] GC(29)   Pre Evacuate Collection Set: 0,0ms
[2023-11-03T14:38:42.932+0100][gc,phases     ] GC(29)   Evacuate Collection Set: 9,5ms
[2023-11-03T14:38:42.932+0100][gc,phases     ] GC(29)   Post Evacuate Collection Set: 0,8ms
[2023-11-03T14:38:42.932+0100][gc,phases     ] GC(29)   Other: 0,2ms
[2023-11-03T14:38:42.932+0100][gc,heap       ] GC(29) Eden regions: 607->0(606)
[2023-11-03T14:38:42.932+0100][gc,heap       ] GC(29) Survivor regions: 7->8(77)
[2023-11-03T14:38:42.932+0100][gc,heap       ] GC(29) Old regions: 17->17
[2023-11-03T14:38:42.932+0100][gc,heap       ] GC(29) Humongous regions: 129->129
[2023-11-03T14:38:42.932+0100][gc,metaspace  ] GC(29) Metaspace: 43452K(46336K)->43452K(46336K) NonClass: 37879K(39424K)->37879K(39424K) Class: 5573K(6912K)->5573K(6912K)
[2023-11-03T14:38:42.932+0100][gc            ] GC(29) Pause Young (Normal) (G1 Evacuation Pause) 758M->151M(1024M) 10,651ms
[2023-11-03T14:38:42.932+0100][gc,cpu        ] GC(29) User=0,03s Sys=0,00s Real=0,01s
[2023-11-03T14:39:23.636+0100][gc,start      ] GC(30) Pause Young (Normal) (G1 Evacuation Pause)
[2023-11-03T14:39:23.636+0100][gc,task       ] GC(30) Using 6 workers of 6 for evacuation
[2023-11-03T14:39:23.646+0100][gc,phases     ] GC(30)   Pre Evacuate Collection Set: 0,0ms
[2023-11-03T14:39:23.646+0100][gc,phases     ] GC(30)   Evacuate Collection Set: 8,4ms
[2023-11-03T14:39:23.646+0100][gc,phases     ] GC(30)   Post Evacuate Collection Set: 1,3ms
[2023-11-03T14:39:23.646+0100][gc,phases     ] GC(30)   Other: 0,2ms
[2023-11-03T14:39:23.646+0100][gc,heap       ] GC(30) Eden regions: 606->0(605)
[2023-11-03T14:39:23.646+0100][gc,heap       ] GC(30) Survivor regions: 8->9(77)
[2023-11-03T14:39:23.646+0100][gc,heap       ] GC(30) Old regions: 17->17
[2023-11-03T14:39:23.646+0100][gc,heap       ] GC(30) Humongous regions: 129->129
[2023-11-03T14:39:23.646+0100][gc,metaspace  ] GC(30) Metaspace: 43553K(46336K)->43553K(46336K) NonClass: 37980K(39424K)->37980K(39424K) Class: 5573K(6912K)->5573K(6912K)
[2023-11-03T14:39:23.647+0100][gc            ] GC(30) Pause Young (Normal) (G1 Evacuation Pause) 757M->152M(1024M) 10,072ms
[2023-11-03T14:39:23.647+0100][gc,cpu        ] GC(30) User=0,03s Sys=0,00s Real=0,01s
[2023-11-03T14:40:00.206+0100][gc,start      ] GC(31) Pause Young (Normal) (G1 Evacuation Pause)
[2023-11-03T14:40:00.206+0100][gc,task       ] GC(31) Using 6 workers of 6 for evacuation
[2023-11-03T14:40:00.219+0100][gc,phases     ] GC(31)   Pre Evacuate Collection Set: 0,0ms
[2023-11-03T14:40:00.219+0100][gc,phases     ] GC(31)   Evacuate Collection Set: 11,6ms
[2023-11-03T14:40:00.219+0100][gc,phases     ] GC(31)   Post Evacuate Collection Set: 1,5ms
[2023-11-03T14:40:00.219+0100][gc,phases     ] GC(31)   Other: 0,3ms
[2023-11-03T14:40:00.219+0100][gc,heap       ] GC(31) Eden regions: 605->0(604)
[2023-11-03T14:40:00.219+0100][gc,heap       ] GC(31) Survivor regions: 9->10(77)
[2023-11-03T14:40:00.219+0100][gc,heap       ] GC(31) Old regions: 17->17
[2023-11-03T14:40:00.219+0100][gc,heap       ] GC(31) Humongous regions: 129->129
[2023-11-03T14:40:00.219+0100][gc,metaspace  ] GC(31) Metaspace: 43598K(46336K)->43598K(46336K) NonClass: 38016K(39424K)->38016K(39424K) Class: 5582K(6912K)->5582K(6912K)
[2023-11-03T14:40:00.220+0100][gc            ] GC(31) Pause Young (Normal) (G1 Evacuation Pause) 757M->153M(1024M) 13,544ms
[2023-11-03T14:40:00.220+0100][gc,cpu        ] GC(31) User=0,04s Sys=0,00s Real=0,01s
[2023-11-03T14:46:36.661+0100][gc,start      ] GC(32) Pause Young (Normal) (G1 Evacuation Pause)
[2023-11-03T14:46:36.661+0100][gc,task       ] GC(32) Using 6 workers of 6 for evacuation
[2023-11-03T14:46:36.676+0100][gc,phases     ] GC(32)   Pre Evacuate Collection Set: 0,0ms
[2023-11-03T14:46:36.676+0100][gc,phases     ] GC(32)   Evacuate Collection Set: 13,7ms
[2023-11-03T14:46:36.676+0100][gc,phases     ] GC(32)   Post Evacuate Collection Set: 0,7ms
[2023-11-03T14:46:36.676+0100][gc,phases     ] GC(32)   Other: 0,2ms
[2023-11-03T14:46:36.676+0100][gc,heap       ] GC(32) Eden regions: 604->0(602)
[2023-11-03T14:46:36.676+0100][gc,heap       ] GC(32) Survivor regions: 10->12(77)
[2023-11-03T14:46:36.676+0100][gc,heap       ] GC(32) Old regions: 17->17
[2023-11-03T14:46:36.676+0100][gc,heap       ] GC(32) Humongous regions: 129->129
[2023-11-03T14:46:36.676+0100][gc,metaspace  ] GC(32) Metaspace: 43905K(46848K)->43905K(46848K) NonClass: 38297K(39936K)->38297K(39936K) Class: 5607K(6912K)->5607K(6912K)
[2023-11-03T14:46:36.676+0100][gc            ] GC(32) Pause Young (Normal) (G1 Evacuation Pause) 757M->156M(1024M) 14,925ms
[2023-11-03T14:46:36.676+0100][gc,cpu        ] GC(32) User=0,05s Sys=0,00s Real=0,02s
[2023-11-03T14:47:09.496+0100][gc,start      ] GC(33) Pause Young (Normal) (G1 Evacuation Pause)
[2023-11-03T14:47:09.496+0100][gc,task       ] GC(33) Using 6 workers of 6 for evacuation
[2023-11-03T14:47:09.510+0100][gc,phases     ] GC(33)   Pre Evacuate Collection Set: 0,0ms
[2023-11-03T14:47:09.510+0100][gc,phases     ] GC(33)   Evacuate Collection Set: 12,9ms
[2023-11-03T14:47:09.510+0100][gc,phases     ] GC(33)   Post Evacuate Collection Set: 1,1ms
[2023-11-03T14:47:09.510+0100][gc,phases     ] GC(33)   Other: 0,3ms
[2023-11-03T14:47:09.510+0100][gc,heap       ] GC(33) Eden regions: 602->0(602)
[2023-11-03T14:47:09.510+0100][gc,heap       ] GC(33) Survivor regions: 12->12(77)
[2023-11-03T14:47:09.510+0100][gc,heap       ] GC(33) Old regions: 17->19
[2023-11-03T14:47:09.510+0100][gc,heap       ] GC(33) Humongous regions: 129->129
[2023-11-03T14:47:09.510+0100][gc,metaspace  ] GC(33) Metaspace: 43913K(46848K)->43913K(46848K) NonClass: 38303K(39936K)->38303K(39936K) Class: 5610K(6912K)->5610K(6912K)
[2023-11-03T14:47:09.510+0100][gc            ] GC(33) Pause Young (Normal) (G1 Evacuation Pause) 758M->157M(1024M) 14,378ms
[2023-11-03T14:47:09.510+0100][gc,cpu        ] GC(33) User=0,05s Sys=0,00s Real=0,01s
[2023-11-03T14:47:53.203+0100][gc,start      ] GC(34) Pause Young (Normal) (G1 Evacuation Pause)
[2023-11-03T14:47:53.203+0100][gc,task       ] GC(34) Using 6 workers of 6 for evacuation
[2023-11-03T14:47:53.221+0100][gc,phases     ] GC(34)   Pre Evacuate Collection Set: 0,1ms
[2023-11-03T14:47:53.221+0100][gc,phases     ] GC(34)   Evacuate Collection Set: 15,9ms
[2023-11-03T14:47:53.221+0100][gc,phases     ] GC(34)   Post Evacuate Collection Set: 1,9ms
[2023-11-03T14:47:53.221+0100][gc,phases     ] GC(34)   Other: 0,4ms
[2023-11-03T14:47:53.221+0100][gc,heap       ] GC(34) Eden regions: 602->0(602)
[2023-11-03T14:47:53.221+0100][gc,heap       ] GC(34) Survivor regions: 12->12(77)
[2023-11-03T14:47:53.221+0100][gc,heap       ] GC(34) Old regions: 19->19
[2023-11-03T14:47:53.221+0100][gc,heap       ] GC(34) Humongous regions: 129->129
[2023-11-03T14:47:53.221+0100][gc,metaspace  ] GC(34) Metaspace: 43916K(46848K)->43916K(46848K) NonClass: 38306K(39936K)->38306K(39936K) Class: 5610K(6912K)->5610K(6912K)
[2023-11-03T14:47:53.221+0100][gc            ] GC(34) Pause Young (Normal) (G1 Evacuation Pause) 759M->157M(1024M) 18,477ms
[2023-11-03T14:47:53.221+0100][gc,cpu        ] GC(34) User=0,07s Sys=0,00s Real=0,02s
[2023-11-03T14:48:53.218+0100][gc,start      ] GC(35) Pause Young (Normal) (G1 Evacuation Pause)
[2023-11-03T14:48:53.218+0100][gc,task       ] GC(35) Using 6 workers of 6 for evacuation
[2023-11-03T14:48:53.263+0100][gc,mmu        ] GC(35) MMU target violated: 21,0ms (20,0ms/21,0ms)
[2023-11-03T14:48:53.263+0100][gc,phases     ] GC(35)   Pre Evacuate Collection Set: 0,0ms
[2023-11-03T14:48:53.263+0100][gc,phases     ] GC(35)   Evacuate Collection Set: 40,6ms
[2023-11-03T14:48:53.263+0100][gc,phases     ] GC(35)   Post Evacuate Collection Set: 3,9ms
[2023-11-03T14:48:53.263+0100][gc,phases     ] GC(35)   Other: 0,5ms
[2023-11-03T14:48:53.263+0100][gc,heap       ] GC(35) Eden regions: 602->0(601)
[2023-11-03T14:48:53.263+0100][gc,heap       ] GC(35) Survivor regions: 12->13(77)
[2023-11-03T14:48:53.263+0100][gc,heap       ] GC(35) Old regions: 19->19
[2023-11-03T14:48:53.263+0100][gc,heap       ] GC(35) Humongous regions: 129->129
[2023-11-03T14:48:53.263+0100][gc,metaspace  ] GC(35) Metaspace: 43920K(46848K)->43920K(46848K) NonClass: 38310K(39936K)->38310K(39936K) Class: 5610K(6912K)->5610K(6912K)
[2023-11-03T14:48:53.263+0100][gc            ] GC(35) Pause Young (Normal) (G1 Evacuation Pause) 759M->158M(1024M) 45,150ms
[2023-11-03T14:48:53.263+0100][gc,cpu        ] GC(35) User=0,11s Sys=0,00s Real=0,04s
[2023-11-03T14:51:10.172+0100][gc,start      ] GC(36) Pause Young (Normal) (G1 Evacuation Pause)
[2023-11-03T14:51:10.172+0100][gc,task       ] GC(36) Using 6 workers of 6 for evacuation
[2023-11-03T14:51:10.193+0100][gc,mmu        ] GC(36) MMU target violated: 20,3ms (20,0ms/21,0ms)
[2023-11-03T14:51:10.193+0100][gc,phases     ] GC(36)   Pre Evacuate Collection Set: 0,0ms
[2023-11-03T14:51:10.193+0100][gc,phases     ] GC(36)   Evacuate Collection Set: 17,7ms
[2023-11-03T14:51:10.193+0100][gc,phases     ] GC(36)   Post Evacuate Collection Set: 2,5ms
[2023-11-03T14:51:10.193+0100][gc,phases     ] GC(36)   Other: 0,2ms
[2023-11-03T14:51:10.193+0100][gc,heap       ] GC(36) Eden regions: 601->0(389)
[2023-11-03T14:51:10.193+0100][gc,heap       ] GC(36) Survivor regions: 13->16(77)
[2023-11-03T14:51:10.193+0100][gc,heap       ] GC(36) Old regions: 19->19
[2023-11-03T14:51:10.193+0100][gc,heap       ] GC(36) Humongous regions: 129->129
[2023-11-03T14:51:10.193+0100][gc,metaspace  ] GC(36) Metaspace: 44644K(47744K)->44644K(47744K) NonClass: 38989K(40704K)->38989K(40704K) Class: 5655K(7040K)->5655K(7040K)
[2023-11-03T14:51:10.193+0100][gc            ] GC(36) Pause Young (Normal) (G1 Evacuation Pause) 759M->161M(1024M) 20,550ms
[2023-11-03T14:51:10.193+0100][gc,cpu        ] GC(36) User=0,08s Sys=0,00s Real=0,02s
[2023-11-03T14:51:39.821+0100][gc,start      ] GC(37) Pause Young (Normal) (G1 Evacuation Pause)
[2023-11-03T14:51:39.821+0100][gc,task       ] GC(37) Using 6 workers of 6 for evacuation
[2023-11-03T14:51:39.856+0100][gc,mmu        ] GC(37) MMU target violated: 21,0ms (20,0ms/21,0ms)
[2023-11-03T14:51:39.856+0100][gc,phases     ] GC(37)   Pre Evacuate Collection Set: 0,0ms
[2023-11-03T14:51:39.856+0100][gc,phases     ] GC(37)   Evacuate Collection Set: 32,5ms
[2023-11-03T14:51:39.856+0100][gc,phases     ] GC(37)   Post Evacuate Collection Set: 2,0ms
[2023-11-03T14:51:39.856+0100][gc,phases     ] GC(37)   Other: 0,3ms
[2023-11-03T14:51:39.856+0100][gc,heap       ] GC(37) Eden regions: 352->0(34)
[2023-11-03T14:51:39.856+0100][gc,heap       ] GC(37) Survivor regions: 16->17(46)
[2023-11-03T14:51:39.856+0100][gc,heap       ] GC(37) Old regions: 19->20
[2023-11-03T14:51:39.856+0100][gc,heap       ] GC(37) Humongous regions: 129->129
[2023-11-03T14:51:39.856+0100][gc,metaspace  ] GC(37) Metaspace: 44674K(47744K)->44674K(47744K) NonClass: 39019K(40704K)->39019K(40704K) Class: 5655K(7040K)->5655K(7040K)
[2023-11-03T14:51:39.856+0100][gc            ] GC(37) Pause Young (Normal) (G1 Evacuation Pause) 513M->163M(1024M) 34,949ms
[2023-11-03T14:51:39.856+0100][gc,cpu        ] GC(37) User=0,10s Sys=0,00s Real=0,04s
[2023-11-03T14:51:41.583+0100][gc,start      ] GC(38) Pause Young (Normal) (G1 Evacuation Pause)
[2023-11-03T14:51:41.583+0100][gc,task       ] GC(38) Using 6 workers of 6 for evacuation
[2023-11-03T14:51:41.602+0100][gc,phases     ] GC(38)   Pre Evacuate Collection Set: 0,0ms
[2023-11-03T14:51:41.602+0100][gc,phases     ] GC(38)   Evacuate Collection Set: 18,7ms
[2023-11-03T14:51:41.602+0100][gc,phases     ] GC(38)   Post Evacuate Collection Set: 0,5ms
[2023-11-03T14:51:41.602+0100][gc,phases     ] GC(38)   Other: 0,2ms
[2023-11-03T14:51:41.602+0100][gc,heap       ] GC(38) Eden regions: 34->0(352)
[2023-11-03T14:51:41.602+0100][gc,heap       ] GC(38) Survivor regions: 17->4(7)
[2023-11-03T14:51:41.602+0100][gc,heap       ] GC(38) Old regions: 20->33
[2023-11-03T14:51:41.602+0100][gc,heap       ] GC(38) Humongous regions: 129->129
[2023-11-03T14:51:41.602+0100][gc,metaspace  ] GC(38) Metaspace: 44676K(47744K)->44676K(47744K) NonClass: 39020K(40704K)->39020K(40704K) Class: 5655K(7040K)->5655K(7040K)
[2023-11-03T14:51:41.602+0100][gc            ] GC(38) Pause Young (Normal) (G1 Evacuation Pause) 197M->164M(1024M) 19,486ms
[2023-11-03T14:51:41.602+0100][gc,cpu        ] GC(38) User=0,09s Sys=0,00s Real=0,02s
[2023-11-03T14:52:04.197+0100][gc,start      ] GC(39) Pause Young (Normal) (G1 Evacuation Pause)
[2023-11-03T14:52:04.197+0100][gc,task       ] GC(39) Using 6 workers of 6 for evacuation
[2023-11-03T14:52:04.222+0100][gc,mmu        ] GC(39) MMU target violated: 21,0ms (20,0ms/21,0ms)
[2023-11-03T14:52:04.223+0100][gc,phases     ] GC(39)   Pre Evacuate Collection Set: 0,1ms
[2023-11-03T14:52:04.223+0100][gc,phases     ] GC(39)   Evacuate Collection Set: 18,8ms
[2023-11-03T14:52:04.223+0100][gc,phases     ] GC(39)   Post Evacuate Collection Set: 6,4ms
[2023-11-03T14:52:04.223+0100][gc,phases     ] GC(39)   Other: 0,8ms
[2023-11-03T14:52:04.223+0100][gc,heap       ] GC(39) Eden regions: 352->0(295)
[2023-11-03T14:52:04.223+0100][gc,heap       ] GC(39) Survivor regions: 4->4(45)
[2023-11-03T14:52:04.223+0100][gc,heap       ] GC(39) Old regions: 33->33
[2023-11-03T14:52:04.223+0100][gc,heap       ] GC(39) Humongous regions: 129->129
[2023-11-03T14:52:04.223+0100][gc,metaspace  ] GC(39) Metaspace: 44677K(47744K)->44677K(47744K) NonClass: 39022K(40704K)->39022K(40704K) Class: 5655K(7040K)->5655K(7040K)
[2023-11-03T14:52:04.223+0100][gc            ] GC(39) Pause Young (Normal) (G1 Evacuation Pause) 516M->164M(1024M) 26,294ms
[2023-11-03T14:52:04.223+0100][gc,cpu        ] GC(39) User=0,06s Sys=0,00s Real=0,02s
[2023-11-03T14:52:31.243+0100][gc,start      ] GC(40) Pause Young (Normal) (G1 Evacuation Pause)
[2023-11-03T14:52:31.243+0100][gc,task       ] GC(40) Using 6 workers of 6 for evacuation
[2023-11-03T14:52:31.255+0100][gc,phases     ] GC(40)   Pre Evacuate Collection Set: 0,0ms
[2023-11-03T14:52:31.255+0100][gc,phases     ] GC(40)   Evacuate Collection Set: 10,5ms
[2023-11-03T14:52:31.255+0100][gc,phases     ] GC(40)   Post Evacuate Collection Set: 0,8ms
[2023-11-03T14:52:31.255+0100][gc,phases     ] GC(40)   Other: 0,3ms
[2023-11-03T14:52:31.255+0100][gc,heap       ] GC(40) Eden regions: 295->0(306)
[2023-11-03T14:52:31.255+0100][gc,heap       ] GC(40) Survivor regions: 4->5(38)
[2023-11-03T14:52:31.255+0100][gc,heap       ] GC(40) Old regions: 33->33
[2023-11-03T14:52:31.255+0100][gc,heap       ] GC(40) Humongous regions: 129->129
[2023-11-03T14:52:31.255+0100][gc,metaspace  ] GC(40) Metaspace: 44678K(47744K)->44678K(47744K) NonClass: 39023K(40704K)->39023K(40704K) Class: 5655K(7040K)->5655K(7040K)
[2023-11-03T14:52:31.255+0100][gc            ] GC(40) Pause Young (Normal) (G1 Evacuation Pause) 459M->164M(1024M) 11,720ms
[2023-11-03T14:52:31.255+0100][gc,cpu        ] GC(40) User=0,03s Sys=0,00s Real=0,02s
[2023-11-03T14:52:58.408+0100][gc,start      ] GC(41) Pause Young (Normal) (G1 Evacuation Pause)
[2023-11-03T14:52:58.408+0100][gc,task       ] GC(41) Using 6 workers of 6 for evacuation
[2023-11-03T14:52:58.421+0100][gc,phases     ] GC(41)   Pre Evacuate Collection Set: 0,0ms
[2023-11-03T14:52:58.421+0100][gc,phases     ] GC(41)   Evacuate Collection Set: 12,0ms
[2023-11-03T14:52:58.421+0100][gc,phases     ] GC(41)   Post Evacuate Collection Set: 0,8ms
[2023-11-03T14:52:58.421+0100][gc,phases     ] GC(41)   Other: 0,3ms
[2023-11-03T14:52:58.421+0100][gc,heap       ] GC(41) Eden regions: 305->0(314)
[2023-11-03T14:52:58.421+0100][gc,heap       ] GC(41) Survivor regions: 5->6(39)
[2023-11-03T14:52:58.421+0100][gc,heap       ] GC(41) Old regions: 33->33
[2023-11-03T14:52:58.421+0100][gc,heap       ] GC(41) Humongous regions: 129->129
[2023-11-03T14:52:58.421+0100][gc,metaspace  ] GC(41) Metaspace: 44678K(47744K)->44678K(47744K) NonClass: 39023K(40704K)->39023K(40704K) Class: 5655K(7040K)->5655K(7040K)
[2023-11-03T14:52:58.421+0100][gc            ] GC(41) Pause Young (Normal) (G1 Evacuation Pause) 469M->165M(1024M) 13,158ms
[2023-11-03T14:52:58.421+0100][gc,cpu        ] GC(41) User=0,04s Sys=0,00s Real=0,01s
[2023-11-03T14:53:22.283+0100][gc,start      ] GC(42) Pause Young (Normal) (G1 Evacuation Pause)
[2023-11-03T14:53:22.283+0100][gc,task       ] GC(42) Using 6 workers of 6 for evacuation
[2023-11-03T14:53:22.299+0100][gc,phases     ] GC(42)   Pre Evacuate Collection Set: 0,0ms
[2023-11-03T14:53:22.299+0100][gc,phases     ] GC(42)   Evacuate Collection Set: 15,7ms
[2023-11-03T14:53:22.299+0100][gc,phases     ] GC(42)   Post Evacuate Collection Set: 0,7ms
[2023-11-03T14:53:22.299+0100][gc,phases     ] GC(42)   Other: 0,2ms
[2023-11-03T14:53:22.299+0100][gc,heap       ] GC(42) Eden regions: 313->0(321)
[2023-11-03T14:53:22.299+0100][gc,heap       ] GC(42) Survivor regions: 6->7(40)
[2023-11-03T14:53:22.299+0100][gc,heap       ] GC(42) Old regions: 33->33
[2023-11-03T14:53:22.299+0100][gc,heap       ] GC(42) Humongous regions: 129->129
[2023-11-03T14:53:22.299+0100][gc,metaspace  ] GC(42) Metaspace: 44686K(47744K)->44686K(47744K) NonClass: 39030K(40704K)->39030K(40704K) Class: 5655K(7040K)->5655K(7040K)
[2023-11-03T14:53:22.300+0100][gc            ] GC(42) Pause Young (Normal) (G1 Evacuation Pause) 478M->166M(1024M) 16,723ms
[2023-11-03T14:53:22.300+0100][gc,cpu        ] GC(42) User=0,05s Sys=0,00s Real=0,02s
[2023-11-03T14:53:50.155+0100][gc,start      ] GC(43) Pause Young (Normal) (G1 Evacuation Pause)
[2023-11-03T14:53:50.155+0100][gc,task       ] GC(43) Using 6 workers of 6 for evacuation
[2023-11-03T14:53:50.173+0100][gc,phases     ] GC(43)   Pre Evacuate Collection Set: 0,0ms
[2023-11-03T14:53:50.173+0100][gc,phases     ] GC(43)   Evacuate Collection Set: 17,3ms
[2023-11-03T14:53:50.173+0100][gc,phases     ] GC(43)   Post Evacuate Collection Set: 0,6ms
[2023-11-03T14:53:50.173+0100][gc,phases     ] GC(43)   Other: 0,1ms
[2023-11-03T14:53:50.173+0100][gc,heap       ] GC(43) Eden regions: 318->0(331)
[2023-11-03T14:53:50.173+0100][gc,heap       ] GC(43) Survivor regions: 7->8(41)
[2023-11-03T14:53:50.173+0100][gc,heap       ] GC(43) Old regions: 33->33
[2023-11-03T14:53:50.173+0100][gc,heap       ] GC(43) Humongous regions: 129->129
[2023-11-03T14:53:50.173+0100][gc,metaspace  ] GC(43) Metaspace: 44696K(47744K)->44696K(47744K) NonClass: 39040K(40704K)->39040K(40704K) Class: 5655K(7040K)->5655K(7040K)
[2023-11-03T14:53:50.173+0100][gc            ] GC(43) Pause Young (Normal) (G1 Evacuation Pause) 484M->168M(1024M) 18,125ms
[2023-11-03T14:53:50.173+0100][gc,cpu        ] GC(43) User=0,04s Sys=0,00s Real=0,02s
[2023-11-03T14:54:09.017+0100][gc,start      ] GC(44) Pause Young (Normal) (G1 Evacuation Pause)
[2023-11-03T14:54:09.017+0100][gc,task       ] GC(44) Using 6 workers of 6 for evacuation
[2023-11-03T14:54:09.036+0100][gc,phases     ] GC(44)   Pre Evacuate Collection Set: 0,0ms
[2023-11-03T14:54:09.036+0100][gc,phases     ] GC(44)   Evacuate Collection Set: 19,0ms
[2023-11-03T14:54:09.036+0100][gc,phases     ] GC(44)   Post Evacuate Collection Set: 0,6ms
[2023-11-03T14:54:09.036+0100][gc,phases     ] GC(44)   Other: 0,2ms
[2023-11-03T14:54:09.036+0100][gc,heap       ] GC(44) Eden regions: 328->0(337)
[2023-11-03T14:54:09.036+0100][gc,heap       ] GC(44) Survivor regions: 8->9(42)
[2023-11-03T14:54:09.036+0100][gc,heap       ] GC(44) Old regions: 33->33
[2023-11-03T14:54:09.036+0100][gc,heap       ] GC(44) Humongous regions: 129->129
[2023-11-03T14:54:09.037+0100][gc,metaspace  ] GC(44) Metaspace: 44726K(47744K)->44726K(47744K) NonClass: 39062K(40704K)->39062K(40704K) Class: 5663K(7040K)->5663K(7040K)
[2023-11-03T14:54:09.037+0100][gc            ] GC(44) Pause Young (Normal) (G1 Evacuation Pause) 496M->168M(1024M) 19,945ms
[2023-11-03T14:54:09.037+0100][gc,cpu        ] GC(44) User=0,04s Sys=0,00s Real=0,02s
[2023-11-03T14:54:23.348+0100][gc,start      ] GC(45) Pause Young (Normal) (G1 Evacuation Pause)
[2023-11-03T14:54:23.348+0100][gc,task       ] GC(45) Using 6 workers of 6 for evacuation
[2023-11-03T14:54:23.366+0100][gc,phases     ] GC(45)   Pre Evacuate Collection Set: 0,0ms
[2023-11-03T14:54:23.366+0100][gc,phases     ] GC(45)   Evacuate Collection Set: 16,7ms
[2023-11-03T14:54:23.366+0100][gc,phases     ] GC(45)   Post Evacuate Collection Set: 0,6ms
[2023-11-03T14:54:23.366+0100][gc,phases     ] GC(45)   Other: 0,2ms
[2023-11-03T14:54:23.366+0100][gc,heap       ] GC(45) Eden regions: 335->0(352)
[2023-11-03T14:54:23.366+0100][gc,heap       ] GC(45) Survivor regions: 9->9(43)
[2023-11-03T14:54:23.366+0100][gc,heap       ] GC(45) Old regions: 33->33
[2023-11-03T14:54:23.366+0100][gc,heap       ] GC(45) Humongous regions: 129->129
[2023-11-03T14:54:23.366+0100][gc,metaspace  ] GC(45) Metaspace: 44726K(47744K)->44726K(47744K) NonClass: 39062K(40704K)->39062K(40704K) Class: 5663K(7040K)->5663K(7040K)
[2023-11-03T14:54:23.366+0100][gc            ] GC(45) Pause Young (Normal) (G1 Evacuation Pause) 503M->169M(1024M) 17,581ms
[2023-11-03T14:54:23.366+0100][gc,cpu        ] GC(45) User=0,06s Sys=0,00s Real=0,02s
[2023-11-03T14:54:42.880+0100][gc,start      ] GC(46) Pause Young (Normal) (G1 Evacuation Pause)
[2023-11-03T14:54:42.880+0100][gc,task       ] GC(46) Using 6 workers of 6 for evacuation
[2023-11-03T14:54:42.892+0100][gc,phases     ] GC(46)   Pre Evacuate Collection Set: 0,0ms
[2023-11-03T14:54:42.892+0100][gc,phases     ] GC(46)   Evacuate Collection Set: 11,4ms
[2023-11-03T14:54:42.892+0100][gc,phases     ] GC(46)   Post Evacuate Collection Set: 0,7ms
[2023-11-03T14:54:42.892+0100][gc,phases     ] GC(46)   Other: 0,1ms
[2023-11-03T14:54:42.892+0100][gc,heap       ] GC(46) Eden regions: 350->0(355)
[2023-11-03T14:54:42.892+0100][gc,heap       ] GC(46) Survivor regions: 9->10(45)
[2023-11-03T14:54:42.892+0100][gc,heap       ] GC(46) Old regions: 33->33
[2023-11-03T14:54:42.892+0100][gc,heap       ] GC(46) Humongous regions: 129->129
[2023-11-03T14:54:42.892+0100][gc,metaspace  ] GC(46) Metaspace: 44727K(47744K)->44727K(47744K) NonClass: 39063K(40704K)->39063K(40704K) Class: 5663K(7040K)->5663K(7040K)
[2023-11-03T14:54:42.893+0100][gc            ] GC(46) Pause Young (Normal) (G1 Evacuation Pause) 519M->170M(1024M) 12,314ms
[2023-11-03T14:54:42.893+0100][gc,cpu        ] GC(46) User=0,04s Sys=0,00s Real=0,02s
[2023-11-03T14:55:13.222+0100][gc,start      ] GC(47) Pause Young (Normal) (G1 Evacuation Pause)
[2023-11-03T14:55:13.222+0100][gc,task       ] GC(47) Using 6 workers of 6 for evacuation
[2023-11-03T14:55:13.238+0100][gc,phases     ] GC(47)   Pre Evacuate Collection Set: 0,0ms
[2023-11-03T14:55:13.238+0100][gc,phases     ] GC(47)   Evacuate Collection Set: 15,0ms
[2023-11-03T14:55:13.238+0100][gc,phases     ] GC(47)   Post Evacuate Collection Set: 0,6ms
[2023-11-03T14:55:13.238+0100][gc,phases     ] GC(47)   Other: 0,2ms
[2023-11-03T14:55:13.238+0100][gc,heap       ] GC(47) Eden regions: 355->0(361)
[2023-11-03T14:55:13.238+0100][gc,heap       ] GC(47) Survivor regions: 10->11(46)
[2023-11-03T14:55:13.238+0100][gc,heap       ] GC(47) Old regions: 33->33
[2023-11-03T14:55:13.238+0100][gc,heap       ] GC(47) Humongous regions: 129->129
[2023-11-03T14:55:13.238+0100][gc,metaspace  ] GC(47) Metaspace: 44732K(47744K)->44732K(47744K) NonClass: 39068K(40704K)->39068K(40704K) Class: 5663K(7040K)->5663K(7040K)
[2023-11-03T14:55:13.238+0100][gc            ] GC(47) Pause Young (Normal) (G1 Evacuation Pause) 525M->171M(1024M) 15,916ms
[2023-11-03T14:55:13.238+0100][gc,cpu        ] GC(47) User=0,05s Sys=0,00s Real=0,02s
[2023-11-03T14:55:33.473+0100][gc,start      ] GC(48) Pause Young (Normal) (G1 Evacuation Pause)
[2023-11-03T14:55:33.473+0100][gc,task       ] GC(48) Using 6 workers of 6 for evacuation
[2023-11-03T14:55:33.485+0100][gc,phases     ] GC(48)   Pre Evacuate Collection Set: 0,0ms
[2023-11-03T14:55:33.485+0100][gc,phases     ] GC(48)   Evacuate Collection Set: 10,9ms
[2023-11-03T14:55:33.485+0100][gc,phases     ] GC(48)   Post Evacuate Collection Set: 0,7ms
[2023-11-03T14:55:33.485+0100][gc,phases     ] GC(48)   Other: 0,2ms
[2023-11-03T14:55:33.485+0100][gc,heap       ] GC(48) Eden regions: 361->0(368)
[2023-11-03T14:55:33.485+0100][gc,heap       ] GC(48) Survivor regions: 11->12(47)
[2023-11-03T14:55:33.485+0100][gc,heap       ] GC(48) Old regions: 33->33
[2023-11-03T14:55:33.485+0100][gc,heap       ] GC(48) Humongous regions: 129->129
[2023-11-03T14:55:33.485+0100][gc,metaspace  ] GC(48) Metaspace: 44733K(47744K)->44733K(47744K) NonClass: 39069K(40704K)->39069K(40704K) Class: 5663K(7040K)->5663K(7040K)
[2023-11-03T14:55:33.485+0100][gc            ] GC(48) Pause Young (Normal) (G1 Evacuation Pause) 532M->172M(1024M) 11,925ms
[2023-11-03T14:55:33.485+0100][gc,cpu        ] GC(48) User=0,05s Sys=0,00s Real=0,01s
[2023-11-03T14:56:05.918+0100][gc,start      ] GC(49) Pause Young (Normal) (G1 Evacuation Pause)
[2023-11-03T14:56:05.918+0100][gc,task       ] GC(49) Using 6 workers of 6 for evacuation
[2023-11-03T14:56:05.937+0100][gc,phases     ] GC(49)   Pre Evacuate Collection Set: 0,0ms
[2023-11-03T14:56:05.937+0100][gc,phases     ] GC(49)   Evacuate Collection Set: 17,5ms
[2023-11-03T14:56:05.937+0100][gc,phases     ] GC(49)   Post Evacuate Collection Set: 0,8ms
[2023-11-03T14:56:05.937+0100][gc,phases     ] GC(49)   Other: 0,2ms
[2023-11-03T14:56:05.937+0100][gc,heap       ] GC(49) Eden regions: 368->0(372)
[2023-11-03T14:56:05.937+0100][gc,heap       ] GC(49) Survivor regions: 12->14(48)
[2023-11-03T14:56:05.937+0100][gc,heap       ] GC(49) Old regions: 33->33
[2023-11-03T14:56:05.937+0100][gc,heap       ] GC(49) Humongous regions: 129->129
[2023-11-03T14:56:05.937+0100][gc,metaspace  ] GC(49) Metaspace: 45007K(48128K)->45007K(48128K) NonClass: 39290K(40960K)->39290K(40960K) Class: 5717K(7168K)->5717K(7168K)
[2023-11-03T14:56:05.937+0100][gc            ] GC(49) Pause Young (Normal) (G1 Evacuation Pause) 540M->174M(1024M) 18,596ms
[2023-11-03T14:56:05.937+0100][gc,cpu        ] GC(49) User=0,06s Sys=0,00s Real=0,02s
[2023-11-03T14:56:33.024+0100][gc,start      ] GC(50) Pause Young (Normal) (G1 Evacuation Pause)
[2023-11-03T14:56:33.024+0100][gc,task       ] GC(50) Using 6 workers of 6 for evacuation
[2023-11-03T14:56:33.038+0100][gc,phases     ] GC(50)   Pre Evacuate Collection Set: 0,0ms
[2023-11-03T14:56:33.038+0100][gc,phases     ] GC(50)   Evacuate Collection Set: 13,2ms
[2023-11-03T14:56:33.038+0100][gc,phases     ] GC(50)   Post Evacuate Collection Set: 0,5ms
[2023-11-03T14:56:33.038+0100][gc,phases     ] GC(50)   Other: 0,2ms
[2023-11-03T14:56:33.038+0100][gc,heap       ] GC(50) Eden regions: 371->0(381)
[2023-11-03T14:56:33.038+0100][gc,heap       ] GC(50) Survivor regions: 14->15(49)
[2023-11-03T14:56:33.038+0100][gc,heap       ] GC(50) Old regions: 33->33
[2023-11-03T14:56:33.038+0100][gc,heap       ] GC(50) Humongous regions: 129->129
[2023-11-03T14:56:33.038+0100][gc,metaspace  ] GC(50) Metaspace: 45008K(48128K)->45008K(48128K) NonClass: 39291K(40960K)->39291K(40960K) Class: 5717K(7168K)->5717K(7168K)
[2023-11-03T14:56:33.038+0100][gc            ] GC(50) Pause Young (Normal) (G1 Evacuation Pause) 545M->174M(1024M) 14,067ms
[2023-11-03T14:56:33.038+0100][gc,cpu        ] GC(50) User=0,06s Sys=0,00s Real=0,01s
[2023-11-03T14:57:07.739+0100][gc,start      ] GC(51) Pause Young (Normal) (G1 Evacuation Pause)
[2023-11-03T14:57:07.739+0100][gc,task       ] GC(51) Using 6 workers of 6 for evacuation
[2023-11-03T14:57:07.758+0100][gc,phases     ] GC(51)   Pre Evacuate Collection Set: 0,0ms
[2023-11-03T14:57:07.758+0100][gc,phases     ] GC(51)   Evacuate Collection Set: 17,7ms
[2023-11-03T14:57:07.758+0100][gc,phases     ] GC(51)   Post Evacuate Collection Set: 0,7ms
[2023-11-03T14:57:07.758+0100][gc,phases     ] GC(51)   Other: 0,2ms
[2023-11-03T14:57:07.758+0100][gc,heap       ] GC(51) Eden regions: 381->0(379)
[2023-11-03T14:57:07.758+0100][gc,heap       ] GC(51) Survivor regions: 15->15(50)
[2023-11-03T14:57:07.758+0100][gc,heap       ] GC(51) Old regions: 33->33
[2023-11-03T14:57:07.758+0100][gc,heap       ] GC(51) Humongous regions: 129->129
[2023-11-03T14:57:07.758+0100][gc,metaspace  ] GC(51) Metaspace: 45010K(48128K)->45010K(48128K) NonClass: 39293K(40960K)->39293K(40960K) Class: 5717K(7168K)->5717K(7168K)
[2023-11-03T14:57:07.758+0100][gc            ] GC(51) Pause Young (Normal) (G1 Evacuation Pause) 555M->175M(1024M) 18,693ms
[2023-11-03T14:57:07.758+0100][gc,cpu        ] GC(51) User=0,07s Sys=0,00s Real=0,02s
[2023-11-03T14:57:26.974+0100][gc,start      ] GC(52) Pause Young (Normal) (G1 Evacuation Pause)
[2023-11-03T14:57:26.974+0100][gc,task       ] GC(52) Using 6 workers of 6 for evacuation
[2023-11-03T14:57:26.992+0100][gc,phases     ] GC(52)   Pre Evacuate Collection Set: 0,0ms
[2023-11-03T14:57:26.992+0100][gc,phases     ] GC(52)   Evacuate Collection Set: 17,5ms
[2023-11-03T14:57:26.993+0100][gc,phases     ] GC(52)   Post Evacuate Collection Set: 0,7ms
[2023-11-03T14:57:26.993+0100][gc,phases     ] GC(52)   Other: 0,2ms
[2023-11-03T14:57:26.993+0100][gc,heap       ] GC(52) Eden regions: 379->0(385)
[2023-11-03T14:57:26.993+0100][gc,heap       ] GC(52) Survivor regions: 15->15(50)
[2023-11-03T14:57:26.993+0100][gc,heap       ] GC(52) Old regions: 33->35
[2023-11-03T14:57:26.993+0100][gc,heap       ] GC(52) Humongous regions: 129->129
[2023-11-03T14:57:26.993+0100][gc,metaspace  ] GC(52) Metaspace: 45010K(48128K)->45010K(48128K) NonClass: 39293K(40960K)->39293K(40960K) Class: 5717K(7168K)->5717K(7168K)
[2023-11-03T14:57:26.993+0100][gc            ] GC(52) Pause Young (Normal) (G1 Evacuation Pause) 554M->177M(1024M) 18,440ms
[2023-11-03T14:57:26.993+0100][gc,cpu        ] GC(52) User=0,07s Sys=0,00s Real=0,02s
[2023-11-04T14:00:57.803+0100][gc,start      ] GC(53) Pause Young (Normal) (G1 Evacuation Pause)
[2023-11-04T14:00:57.803+0100][gc,task       ] GC(53) Using 6 workers of 6 for evacuation
[2023-11-04T14:00:57.822+0100][gc,phases     ] GC(53)   Pre Evacuate Collection Set: 0,0ms
[2023-11-04T14:00:57.822+0100][gc,phases     ] GC(53)   Evacuate Collection Set: 18,5ms
[2023-11-04T14:00:57.822+0100][gc,phases     ] GC(53)   Post Evacuate Collection Set: 1,0ms
[2023-11-04T14:00:57.823+0100][gc,phases     ] GC(53)   Other: 0,3ms
[2023-11-04T14:00:57.823+0100][gc,heap       ] GC(53) Eden regions: 385->0(383)
[2023-11-04T14:00:57.823+0100][gc,heap       ] GC(53) Survivor regions: 15->20(50)
[2023-11-04T14:00:57.823+0100][gc,heap       ] GC(53) Old regions: 35->35
[2023-11-04T14:00:57.823+0100][gc,heap       ] GC(53) Humongous regions: 129->129
[2023-11-04T14:00:57.823+0100][gc,metaspace  ] GC(53) Metaspace: 45339K(48384K)->45339K(48384K) NonClass: 39599K(41216K)->39599K(41216K) Class: 5740K(7168K)->5740K(7168K)
[2023-11-04T14:00:57.823+0100][gc            ] GC(53) Pause Young (Normal) (G1 Evacuation Pause) 562M->182M(1024M) 19,955ms
[2023-11-04T14:00:57.823+0100][gc,cpu        ] GC(53) User=0,09s Sys=0,00s Real=0,02s
[2023-11-04T14:01:10.789+0100][gc,start      ] GC(54) Pause Young (Normal) (G1 Evacuation Pause)
[2023-11-04T14:01:10.789+0100][gc,task       ] GC(54) Using 6 workers of 6 for evacuation
[2023-11-04T14:01:10.804+0100][gc,phases     ] GC(54)   Pre Evacuate Collection Set: 0,0ms
[2023-11-04T14:01:10.804+0100][gc,phases     ] GC(54)   Evacuate Collection Set: 14,4ms
[2023-11-04T14:01:10.804+0100][gc,phases     ] GC(54)   Post Evacuate Collection Set: 0,6ms
[2023-11-04T14:01:10.804+0100][gc,phases     ] GC(54)   Other: 0,2ms
[2023-11-04T14:01:10.804+0100][gc,heap       ] GC(54) Eden regions: 382->0(383)
[2023-11-04T14:01:10.804+0100][gc,heap       ] GC(54) Survivor regions: 20->19(51)
[2023-11-04T14:01:10.804+0100][gc,heap       ] GC(54) Old regions: 35->37
[2023-11-04T14:01:10.804+0100][gc,heap       ] GC(54) Humongous regions: 129->129
[2023-11-04T14:01:10.804+0100][gc,metaspace  ] GC(54) Metaspace: 45340K(48384K)->45340K(48384K) NonClass: 39600K(41216K)->39600K(41216K) Class: 5740K(7168K)->5740K(7168K)
[2023-11-04T14:01:10.804+0100][gc            ] GC(54) Pause Young (Normal) (G1 Evacuation Pause) 564M->182M(1024M) 15,350ms
[2023-11-04T14:01:10.804+0100][gc,cpu        ] GC(54) User=0,07s Sys=0,00s Real=0,02s
[2023-11-04T14:01:25.002+0100][gc,start      ] GC(55) Pause Young (Normal) (G1 Evacuation Pause)
[2023-11-04T14:01:25.002+0100][gc,task       ] GC(55) Using 6 workers of 6 for evacuation
[2023-11-04T14:01:25.016+0100][gc,phases     ] GC(55)   Pre Evacuate Collection Set: 0,0ms
[2023-11-04T14:01:25.016+0100][gc,phases     ] GC(55)   Evacuate Collection Set: 12,8ms
[2023-11-04T14:01:25.016+0100][gc,phases     ] GC(55)   Post Evacuate Collection Set: 0,9ms
[2023-11-04T14:01:25.016+0100][gc,phases     ] GC(55)   Other: 0,2ms
[2023-11-04T14:01:25.016+0100][gc,heap       ] GC(55) Eden regions: 383->0(399)
[2023-11-04T14:01:25.016+0100][gc,heap       ] GC(55) Survivor regions: 19->18(51)
[2023-11-04T14:01:25.016+0100][gc,heap       ] GC(55) Old regions: 37->38
[2023-11-04T14:01:25.016+0100][gc,heap       ] GC(55) Humongous regions: 129->129
[2023-11-04T14:01:25.016+0100][gc,metaspace  ] GC(55) Metaspace: 45341K(48384K)->45341K(48384K) NonClass: 39601K(41216K)->39601K(41216K) Class: 5740K(7168K)->5740K(7168K)
[2023-11-04T14:01:25.016+0100][gc            ] GC(55) Pause Young (Normal) (G1 Evacuation Pause) 565M->182M(1024M) 13,947ms
[2023-11-04T14:01:25.016+0100][gc,cpu        ] GC(55) User=0,07s Sys=0,00s Real=0,02s
[2023-11-04T14:01:38.320+0100][gc,start      ] GC(56) Pause Young (Normal) (G1 Evacuation Pause)
[2023-11-04T14:01:38.320+0100][gc,task       ] GC(56) Using 6 workers of 6 for evacuation
[2023-11-04T14:01:38.342+0100][gc,mmu        ] GC(56) MMU target violated: 21,0ms (20,0ms/21,0ms)
[2023-11-04T14:01:38.342+0100][gc,phases     ] GC(56)   Pre Evacuate Collection Set: 0,0ms
[2023-11-04T14:01:38.342+0100][gc,phases     ] GC(56)   Evacuate Collection Set: 19,7ms
[2023-11-04T14:01:38.342+0100][gc,phases     ] GC(56)   Post Evacuate Collection Set: 1,9ms
[2023-11-04T14:01:38.342+0100][gc,phases     ] GC(56)   Other: 0,2ms
[2023-11-04T14:01:38.342+0100][gc,heap       ] GC(56) Eden regions: 399->0(395)
[2023-11-04T14:01:38.342+0100][gc,heap       ] GC(56) Survivor regions: 18->17(53)
[2023-11-04T14:01:38.342+0100][gc,heap       ] GC(56) Old regions: 38->39
[2023-11-04T14:01:38.342+0100][gc,heap       ] GC(56) Humongous regions: 129->129
[2023-11-04T14:01:38.342+0100][gc,metaspace  ] GC(56) Metaspace: 45350K(48384K)->45350K(48384K) NonClass: 39609K(41216K)->39609K(41216K) Class: 5741K(7168K)->5741K(7168K)
[2023-11-04T14:01:38.342+0100][gc            ] GC(56) Pause Young (Normal) (G1 Evacuation Pause) 581M->182M(1024M) 21,973ms
[2023-11-04T14:01:38.342+0100][gc,cpu        ] GC(56) User=0,08s Sys=0,00s Real=0,02s
[2023-11-04T14:01:50.392+0100][gc,start      ] GC(57) Pause Young (Normal) (G1 Evacuation Pause)
[2023-11-04T14:01:50.392+0100][gc,task       ] GC(57) Using 6 workers of 6 for evacuation
[2023-11-04T14:01:50.428+0100][gc,mmu        ] GC(57) MMU target violated: 21,0ms (20,0ms/21,0ms)
[2023-11-04T14:01:50.428+0100][gc,phases     ] GC(57)   Pre Evacuate Collection Set: 0,0ms
[2023-11-04T14:01:50.428+0100][gc,phases     ] GC(57)   Evacuate Collection Set: 28,1ms
[2023-11-04T14:01:50.428+0100][gc,phases     ] GC(57)   Post Evacuate Collection Set: 8,2ms
[2023-11-04T14:01:50.428+0100][gc,phases     ] GC(57)   Other: 0,2ms
[2023-11-04T14:01:50.428+0100][gc,heap       ] GC(57) Eden regions: 389->0(354)
[2023-11-04T14:01:50.429+0100][gc,heap       ] GC(57) Survivor regions: 17->15(51)
[2023-11-04T14:01:50.429+0100][gc,heap       ] GC(57) Old regions: 39->40
[2023-11-04T14:01:50.429+0100][gc,heap       ] GC(57) Humongous regions: 129->129
[2023-11-04T14:01:50.429+0100][gc,metaspace  ] GC(57) Metaspace: 45350K(48384K)->45350K(48384K) NonClass: 39609K(41216K)->39609K(41216K) Class: 5741K(7168K)->5741K(7168K)
[2023-11-04T14:01:50.429+0100][gc            ] GC(57) Pause Young (Normal) (G1 Evacuation Pause) 571M->181M(1024M) 36,649ms
[2023-11-04T14:01:50.429+0100][gc,cpu        ] GC(57) User=0,13s Sys=0,01s Real=0,03s
[2023-11-04T14:01:52.249+0100][gc,start      ] GC(58) Pause Young (Normal) (G1 Evacuation Pause)
[2023-11-04T14:01:52.249+0100][gc,task       ] GC(58) Using 6 workers of 6 for evacuation
[2023-11-04T14:01:52.264+0100][gc,phases     ] GC(58)   Pre Evacuate Collection Set: 0,0ms
[2023-11-04T14:01:52.264+0100][gc,phases     ] GC(58)   Evacuate Collection Set: 14,8ms
[2023-11-04T14:01:52.264+0100][gc,phases     ] GC(58)   Post Evacuate Collection Set: 0,6ms
[2023-11-04T14:01:52.264+0100][gc,phases     ] GC(58)   Other: 0,1ms
[2023-11-04T14:01:52.264+0100][gc,heap       ] GC(58) Eden regions: 36->0(154)
[2023-11-04T14:01:52.264+0100][gc,heap       ] GC(58) Survivor regions: 15->3(7)
[2023-11-04T14:01:52.264+0100][gc,heap       ] GC(58) Old regions: 40->52
[2023-11-04T14:01:52.264+0100][gc,heap       ] GC(58) Humongous regions: 129->129
[2023-11-04T14:01:52.264+0100][gc,metaspace  ] GC(58) Metaspace: 45350K(48384K)->45350K(48384K) NonClass: 39609K(41216K)->39609K(41216K) Class: 5741K(7168K)->5741K(7168K)
[2023-11-04T14:01:52.264+0100][gc            ] GC(58) Pause Young (Normal) (G1 Evacuation Pause) 217M->182M(1024M) 15,669ms
[2023-11-04T14:01:52.264+0100][gc,cpu        ] GC(58) User=0,07s Sys=0,00s Real=0,02s
[2023-11-04T14:01:58.411+0100][gc,start      ] GC(59) Pause Young (Normal) (G1 Evacuation Pause)
[2023-11-04T14:01:58.411+0100][gc,task       ] GC(59) Using 6 workers of 6 for evacuation
[2023-11-04T14:01:58.417+0100][gc,phases     ] GC(59)   Pre Evacuate Collection Set: 0,0ms
[2023-11-04T14:01:58.417+0100][gc,phases     ] GC(59)   Evacuate Collection Set: 3,9ms
[2023-11-04T14:01:58.417+0100][gc,phases     ] GC(59)   Post Evacuate Collection Set: 1,4ms
[2023-11-04T14:01:58.417+0100][gc,phases     ] GC(59)   Other: 0,3ms
[2023-11-04T14:01:58.417+0100][gc,heap       ] GC(59) Eden regions: 154->0(185)
[2023-11-04T14:01:58.417+0100][gc,heap       ] GC(59) Survivor regions: 3->2(20)
[2023-11-04T14:01:58.417+0100][gc,heap       ] GC(59) Old regions: 52->52
[2023-11-04T14:01:58.417+0100][gc,heap       ] GC(59) Humongous regions: 129->129
[2023-11-04T14:01:58.417+0100][gc,metaspace  ] GC(59) Metaspace: 45350K(48384K)->45350K(48384K) NonClass: 39609K(41216K)->39609K(41216K) Class: 5741K(7168K)->5741K(7168K)
[2023-11-04T14:01:58.417+0100][gc            ] GC(59) Pause Young (Normal) (G1 Evacuation Pause) 336M->181M(1024M) 5,929ms
[2023-11-04T14:01:58.417+0100][gc,cpu        ] GC(59) User=0,01s Sys=0,01s Real=0,00s
[2023-11-04T14:02:06.617+0100][gc,start      ] GC(60) Pause Young (Normal) (G1 Evacuation Pause)
[2023-11-04T14:02:06.617+0100][gc,task       ] GC(60) Using 6 workers of 6 for evacuation
[2023-11-04T14:02:06.620+0100][gc,phases     ] GC(60)   Pre Evacuate Collection Set: 0,0ms
[2023-11-04T14:02:06.620+0100][gc,phases     ] GC(60)   Evacuate Collection Set: 2,9ms
[2023-11-04T14:02:06.620+0100][gc,phases     ] GC(60)   Post Evacuate Collection Set: 0,6ms
[2023-11-04T14:02:06.620+0100][gc,phases     ] GC(60)   Other: 0,1ms
[2023-11-04T14:02:06.620+0100][gc,heap       ] GC(60) Eden regions: 185->0(201)
[2023-11-04T14:02:06.620+0100][gc,heap       ] GC(60) Survivor regions: 2->3(24)
[2023-11-04T14:02:06.620+0100][gc,heap       ] GC(60) Old regions: 52->52
[2023-11-04T14:02:06.620+0100][gc,heap       ] GC(60) Humongous regions: 129->129
[2023-11-04T14:02:06.620+0100][gc,metaspace  ] GC(60) Metaspace: 45350K(48384K)->45350K(48384K) NonClass: 39609K(41216K)->39609K(41216K) Class: 5741K(7168K)->5741K(7168K)
[2023-11-04T14:02:06.620+0100][gc            ] GC(60) Pause Young (Normal) (G1 Evacuation Pause) 366M->181M(1024M) 3,710ms
[2023-11-04T14:02:06.620+0100][gc,cpu        ] GC(60) User=0,02s Sys=0,00s Real=0,00s
[2023-11-04T14:02:13.810+0100][gc,start      ] GC(61) Pause Young (Normal) (G1 Evacuation Pause)
[2023-11-04T14:02:13.810+0100][gc,task       ] GC(61) Using 6 workers of 6 for evacuation
[2023-11-04T14:02:13.816+0100][gc,phases     ] GC(61)   Pre Evacuate Collection Set: 0,0ms
[2023-11-04T14:02:13.816+0100][gc,phases     ] GC(61)   Evacuate Collection Set: 4,7ms
[2023-11-04T14:02:13.816+0100][gc,phases     ] GC(61)   Post Evacuate Collection Set: 0,5ms
[2023-11-04T14:02:13.816+0100][gc,phases     ] GC(61)   Other: 0,2ms
[2023-11-04T14:02:13.816+0100][gc,heap       ] GC(61) Eden regions: 201->0(219)
[2023-11-04T14:02:13.816+0100][gc,heap       ] GC(61) Survivor regions: 3->3(26)
[2023-11-04T14:02:13.816+0100][gc,heap       ] GC(61) Old regions: 52->52
[2023-11-04T14:02:13.816+0100][gc,heap       ] GC(61) Humongous regions: 129->129
[2023-11-04T14:02:13.816+0100][gc,metaspace  ] GC(61) Metaspace: 45350K(48384K)->45350K(48384K) NonClass: 39609K(41216K)->39609K(41216K) Class: 5741K(7168K)->5741K(7168K)
[2023-11-04T14:02:13.816+0100][gc            ] GC(61) Pause Young (Normal) (G1 Evacuation Pause) 382M->181M(1024M) 5,507ms
[2023-11-04T14:02:13.816+0100][gc,cpu        ] GC(61) User=0,02s Sys=0,00s Real=0,01s
[2023-11-04T14:02:19.169+0100][gc,start      ] GC(62) Pause Young (Normal) (G1 Evacuation Pause)
[2023-11-04T14:02:19.169+0100][gc,task       ] GC(62) Using 6 workers of 6 for evacuation
[2023-11-04T14:02:19.174+0100][gc,phases     ] GC(62)   Pre Evacuate Collection Set: 0,1ms
[2023-11-04T14:02:19.174+0100][gc,phases     ] GC(62)   Evacuate Collection Set: 4,6ms
[2023-11-04T14:02:19.174+0100][gc,phases     ] GC(62)   Post Evacuate Collection Set: 0,8ms
[2023-11-04T14:02:19.175+0100][gc,phases     ] GC(62)   Other: 0,4ms
[2023-11-04T14:02:19.175+0100][gc,heap       ] GC(62) Eden regions: 219->0(213)
[2023-11-04T14:02:19.175+0100][gc,heap       ] GC(62) Survivor regions: 3->3(28)
[2023-11-04T14:02:19.175+0100][gc,heap       ] GC(62) Old regions: 52->52
[2023-11-04T14:02:19.175+0100][gc,heap       ] GC(62) Humongous regions: 129->129
[2023-11-04T14:02:19.175+0100][gc,metaspace  ] GC(62) Metaspace: 45350K(48384K)->45350K(48384K) NonClass: 39609K(41216K)->39609K(41216K) Class: 5741K(7168K)->5741K(7168K)
[2023-11-04T14:02:19.175+0100][gc            ] GC(62) Pause Young (Normal) (G1 Evacuation Pause) 400M->182M(1024M) 5,859ms
[2023-11-04T14:02:19.175+0100][gc,cpu        ] GC(62) User=0,02s Sys=0,00s Real=0,01s
[2023-11-04T14:02:27.290+0100][gc,start      ] GC(63) Pause Young (Normal) (G1 Evacuation Pause)
[2023-11-04T14:02:27.290+0100][gc,task       ] GC(63) Using 6 workers of 6 for evacuation
[2023-11-04T14:02:27.297+0100][gc,phases     ] GC(63)   Pre Evacuate Collection Set: 0,0ms
[2023-11-04T14:02:27.297+0100][gc,phases     ] GC(63)   Evacuate Collection Set: 5,1ms
[2023-11-04T14:02:27.297+0100][gc,phases     ] GC(63)   Post Evacuate Collection Set: 1,8ms
[2023-11-04T14:02:27.297+0100][gc,phases     ] GC(63)   Other: 0,3ms
[2023-11-04T14:02:27.297+0100][gc,heap       ] GC(63) Eden regions: 213->0(223)
[2023-11-04T14:02:27.297+0100][gc,heap       ] GC(63) Survivor regions: 3->4(27)
[2023-11-04T14:02:27.297+0100][gc,heap       ] GC(63) Old regions: 52->52
[2023-11-04T14:02:27.297+0100][gc,heap       ] GC(63) Humongous regions: 129->129
[2023-11-04T14:02:27.297+0100][gc,metaspace  ] GC(63) Metaspace: 45350K(48384K)->45350K(48384K) NonClass: 39609K(41216K)->39609K(41216K) Class: 5741K(7168K)->5741K(7168K)
[2023-11-04T14:02:27.297+0100][gc            ] GC(63) Pause Young (Normal) (G1 Evacuation Pause) 395M->182M(1024M) 7,476ms
[2023-11-04T14:02:27.297+0100][gc,cpu        ] GC(63) User=0,03s Sys=0,00s Real=0,01s
[2023-11-04T14:02:36.105+0100][gc,start      ] GC(64) Pause Young (Normal) (G1 Evacuation Pause)
[2023-11-04T14:02:36.105+0100][gc,task       ] GC(64) Using 6 workers of 6 for evacuation
[2023-11-04T14:02:36.110+0100][gc,phases     ] GC(64)   Pre Evacuate Collection Set: 0,1ms
[2023-11-04T14:02:36.110+0100][gc,phases     ] GC(64)   Evacuate Collection Set: 4,0ms
[2023-11-04T14:02:36.110+0100][gc,phases     ] GC(64)   Post Evacuate Collection Set: 0,5ms
[2023-11-04T14:02:36.110+0100][gc,phases     ] GC(64)   Other: 0,4ms
[2023-11-04T14:02:36.110+0100][gc,heap       ] GC(64) Eden regions: 223->0(240)
[2023-11-04T14:02:36.110+0100][gc,heap       ] GC(64) Survivor regions: 4->4(29)
[2023-11-04T14:02:36.110+0100][gc,heap       ] GC(64) Old regions: 52->52
[2023-11-04T14:02:36.110+0100][gc,heap       ] GC(64) Humongous regions: 129->129
[2023-11-04T14:02:36.110+0100][gc,metaspace  ] GC(64) Metaspace: 45350K(48384K)->45350K(48384K) NonClass: 39609K(41216K)->39609K(41216K) Class: 5741K(7168K)->5741K(7168K)
[2023-11-04T14:02:36.110+0100][gc            ] GC(64) Pause Young (Normal) (G1 Evacuation Pause) 405M->182M(1024M) 5,065ms
[2023-11-04T14:02:36.110+0100][gc,cpu        ] GC(64) User=0,02s Sys=0,00s Real=0,00s
[2023-11-04T14:02:45.228+0100][gc,start      ] GC(65) Pause Young (Normal) (G1 Evacuation Pause)
[2023-11-04T14:02:45.228+0100][gc,task       ] GC(65) Using 6 workers of 6 for evacuation
[2023-11-04T14:02:45.233+0100][gc,phases     ] GC(65)   Pre Evacuate Collection Set: 0,0ms
[2023-11-04T14:02:45.233+0100][gc,phases     ] GC(65)   Evacuate Collection Set: 3,8ms
[2023-11-04T14:02:45.233+0100][gc,phases     ] GC(65)   Post Evacuate Collection Set: 0,6ms
[2023-11-04T14:02:45.233+0100][gc,phases     ] GC(65)   Other: 0,2ms
[2023-11-04T14:02:45.233+0100][gc,heap       ] GC(65) Eden regions: 240->0(257)
[2023-11-04T14:02:45.233+0100][gc,heap       ] GC(65) Survivor regions: 4->4(31)
[2023-11-04T14:02:45.233+0100][gc,heap       ] GC(65) Old regions: 52->52
[2023-11-04T14:02:45.233+0100][gc,heap       ] GC(65) Humongous regions: 129->129
[2023-11-04T14:02:45.233+0100][gc,metaspace  ] GC(65) Metaspace: 45350K(48384K)->45350K(48384K) NonClass: 39609K(41216K)->39609K(41216K) Class: 5741K(7168K)->5741K(7168K)
[2023-11-04T14:02:45.233+0100][gc            ] GC(65) Pause Young (Normal) (G1 Evacuation Pause) 422M->183M(1024M) 4,690ms
[2023-11-04T14:02:45.233+0100][gc,cpu        ] GC(65) User=0,02s Sys=0,00s Real=0,01s
[2023-11-04T14:03:25.178+0100][gc,start      ] GC(66) Pause Young (Normal) (G1 Evacuation Pause)
[2023-11-04T14:03:25.178+0100][gc,task       ] GC(66) Using 6 workers of 6 for evacuation
[2023-11-04T14:03:25.183+0100][gc,phases     ] GC(66)   Pre Evacuate Collection Set: 0,0ms
[2023-11-04T14:03:25.183+0100][gc,phases     ] GC(66)   Evacuate Collection Set: 4,6ms
[2023-11-04T14:03:25.183+0100][gc,phases     ] GC(66)   Post Evacuate Collection Set: 0,5ms
[2023-11-04T14:03:25.183+0100][gc,phases     ] GC(66)   Other: 0,2ms
[2023-11-04T14:03:25.183+0100][gc,heap       ] GC(66) Eden regions: 257->0(272)
[2023-11-04T14:03:25.183+0100][gc,heap       ] GC(66) Survivor regions: 4->5(33)
[2023-11-04T14:03:25.183+0100][gc,heap       ] GC(66) Old regions: 52->52
[2023-11-04T14:03:25.183+0100][gc,heap       ] GC(66) Humongous regions: 129->129
[2023-11-04T14:03:25.183+0100][gc,metaspace  ] GC(66) Metaspace: 45352K(48384K)->45352K(48384K) NonClass: 39611K(41216K)->39611K(41216K) Class: 5741K(7168K)->5741K(7168K)
[2023-11-04T14:03:25.183+0100][gc            ] GC(66) Pause Young (Normal) (G1 Evacuation Pause) 440M->183M(1024M) 5,477ms
[2023-11-04T14:03:25.183+0100][gc,cpu        ] GC(66) User=0,02s Sys=0,01s Real=0,01s
[2023-11-04T14:03:46.085+0100][gc,start      ] GC(67) Pause Young (Normal) (G1 Evacuation Pause)
[2023-11-04T14:03:46.085+0100][gc,task       ] GC(67) Using 6 workers of 6 for evacuation
[2023-11-04T14:03:46.092+0100][gc,phases     ] GC(67)   Pre Evacuate Collection Set: 0,0ms
[2023-11-04T14:03:46.092+0100][gc,phases     ] GC(67)   Evacuate Collection Set: 5,9ms
[2023-11-04T14:03:46.092+0100][gc,phases     ] GC(67)   Post Evacuate Collection Set: 1,0ms
[2023-11-04T14:03:46.092+0100][gc,phases     ] GC(67)   Other: 0,2ms
[2023-11-04T14:03:46.092+0100][gc,heap       ] GC(67) Eden regions: 272->0(285)
[2023-11-04T14:03:46.092+0100][gc,heap       ] GC(67) Survivor regions: 5->5(35)
[2023-11-04T14:03:46.092+0100][gc,heap       ] GC(67) Old regions: 52->52
[2023-11-04T14:03:46.092+0100][gc,heap       ] GC(67) Humongous regions: 129->129
[2023-11-04T14:03:46.092+0100][gc,metaspace  ] GC(67) Metaspace: 45353K(48384K)->45353K(48384K) NonClass: 39612K(41216K)->39612K(41216K) Class: 5741K(7168K)->5741K(7168K)
[2023-11-04T14:03:46.092+0100][gc            ] GC(67) Pause Young (Normal) (G1 Evacuation Pause) 455M->184M(1024M) 7,189ms
[2023-11-04T14:03:46.093+0100][gc,cpu        ] GC(67) User=0,02s Sys=0,00s Real=0,01s
[2023-11-04T14:04:01.211+0100][gc,start      ] GC(68) Pause Young (Normal) (G1 Evacuation Pause)
[2023-11-04T14:04:01.211+0100][gc,task       ] GC(68) Using 6 workers of 6 for evacuation
[2023-11-04T14:04:01.217+0100][gc,phases     ] GC(68)   Pre Evacuate Collection Set: 0,0ms
[2023-11-04T14:04:01.217+0100][gc,phases     ] GC(68)   Evacuate Collection Set: 4,7ms
[2023-11-04T14:04:01.217+0100][gc,phases     ] GC(68)   Post Evacuate Collection Set: 0,5ms
[2023-11-04T14:04:01.217+0100][gc,phases     ] GC(68)   Other: 0,2ms
[2023-11-04T14:04:01.217+0100][gc,heap       ] GC(68) Eden regions: 285->0(295)
[2023-11-04T14:04:01.217+0100][gc,heap       ] GC(68) Survivor regions: 5->6(37)
[2023-11-04T14:04:01.217+0100][gc,heap       ] GC(68) Old regions: 52->52
[2023-11-04T14:04:01.217+0100][gc,heap       ] GC(68) Humongous regions: 129->129
[2023-11-04T14:04:01.217+0100][gc,metaspace  ] GC(68) Metaspace: 45354K(48384K)->45354K(48384K) NonClass: 39612K(41216K)->39612K(41216K) Class: 5741K(7168K)->5741K(7168K)
[2023-11-04T14:04:01.217+0100][gc            ] GC(68) Pause Young (Normal) (G1 Evacuation Pause) 469M->185M(1024M) 5,465ms
[2023-11-04T14:04:01.217+0100][gc,cpu        ] GC(68) User=0,03s Sys=0,00s Real=0,00s
[2023-11-04T14:04:22.691+0100][gc,start      ] GC(69) Pause Young (Normal) (G1 Evacuation Pause)
[2023-11-04T14:04:22.691+0100][gc,task       ] GC(69) Using 6 workers of 6 for evacuation
[2023-11-04T14:04:22.696+0100][gc,phases     ] GC(69)   Pre Evacuate Collection Set: 0,0ms
[2023-11-04T14:04:22.696+0100][gc,phases     ] GC(69)   Evacuate Collection Set: 3,9ms
[2023-11-04T14:04:22.696+0100][gc,phases     ] GC(69)   Post Evacuate Collection Set: 0,6ms
[2023-11-04T14:04:22.696+0100][gc,phases     ] GC(69)   Other: 0,1ms
[2023-11-04T14:04:22.696+0100][gc,heap       ] GC(69) Eden regions: 295->0(310)
[2023-11-04T14:04:22.696+0100][gc,heap       ] GC(69) Survivor regions: 6->7(38)
[2023-11-04T14:04:22.696+0100][gc,heap       ] GC(69) Old regions: 52->52
[2023-11-04T14:04:22.696+0100][gc,heap       ] GC(69) Humongous regions: 129->129
[2023-11-04T14:04:22.696+0100][gc,metaspace  ] GC(69) Metaspace: 45354K(48384K)->45354K(48384K) NonClass: 39612K(41216K)->39612K(41216K) Class: 5741K(7168K)->5741K(7168K)
[2023-11-04T14:04:22.696+0100][gc            ] GC(69) Pause Young (Normal) (G1 Evacuation Pause) 480M->185M(1024M) 4,852ms
[2023-11-04T14:04:22.696+0100][gc,cpu        ] GC(69) User=0,03s Sys=0,00s Real=0,00s
[2023-11-04T14:04:44.368+0100][gc,start      ] GC(70) Pause Young (Normal) (G1 Evacuation Pause)
[2023-11-04T14:04:44.368+0100][gc,task       ] GC(70) Using 6 workers of 6 for evacuation
[2023-11-04T14:04:44.376+0100][gc,phases     ] GC(70)   Pre Evacuate Collection Set: 0,0ms
[2023-11-04T14:04:44.376+0100][gc,phases     ] GC(70)   Evacuate Collection Set: 6,8ms
[2023-11-04T14:04:44.376+0100][gc,phases     ] GC(70)   Post Evacuate Collection Set: 1,1ms
[2023-11-04T14:04:44.376+0100][gc,phases     ] GC(70)   Other: 0,2ms
[2023-11-04T14:04:44.376+0100][gc,heap       ] GC(70) Eden regions: 310->0(324)
[2023-11-04T14:04:44.377+0100][gc,heap       ] GC(70) Survivor regions: 7->7(40)
[2023-11-04T14:04:44.377+0100][gc,heap       ] GC(70) Old regions: 52->53
[2023-11-04T14:04:44.377+0100][gc,heap       ] GC(70) Humongous regions: 129->129
[2023-11-04T14:04:44.377+0100][gc,metaspace  ] GC(70) Metaspace: 45354K(48384K)->45354K(48384K) NonClass: 39612K(41216K)->39612K(41216K) Class: 5741K(7168K)->5741K(7168K)
[2023-11-04T14:04:44.377+0100][gc            ] GC(70) Pause Young (Normal) (G1 Evacuation Pause) 495M->186M(1024M) 8,344ms
[2023-11-04T14:04:44.377+0100][gc,cpu        ] GC(70) User=0,03s Sys=0,01s Real=0,01s
[2023-11-04T14:04:59.847+0100][gc,start      ] GC(71) Pause Young (Normal) (G1 Evacuation Pause)
[2023-11-04T14:04:59.847+0100][gc,task       ] GC(71) Using 6 workers of 6 for evacuation
[2023-11-04T14:04:59.864+0100][gc,phases     ] GC(71)   Pre Evacuate Collection Set: 0,0ms
[2023-11-04T14:04:59.864+0100][gc,phases     ] GC(71)   Evacuate Collection Set: 12,5ms
[2023-11-04T14:04:59.864+0100][gc,phases     ] GC(71)   Post Evacuate Collection Set: 3,9ms
[2023-11-04T14:04:59.864+0100][gc,phases     ] GC(71)   Other: 0,3ms
[2023-11-04T14:04:59.864+0100][gc,heap       ] GC(71) Eden regions: 324->0(327)
[2023-11-04T14:04:59.864+0100][gc,heap       ] GC(71) Survivor regions: 7->7(42)
[2023-11-04T14:04:59.864+0100][gc,heap       ] GC(71) Old regions: 53->53
[2023-11-04T14:04:59.864+0100][gc,heap       ] GC(71) Humongous regions: 129->129
[2023-11-04T14:04:59.864+0100][gc,metaspace  ] GC(71) Metaspace: 45354K(48384K)->45354K(48384K) NonClass: 39612K(41216K)->39612K(41216K) Class: 5741K(7168K)->5741K(7168K)
[2023-11-04T14:04:59.864+0100][gc            ] GC(71) Pause Young (Normal) (G1 Evacuation Pause) 510M->187M(1024M) 16,819ms
[2023-11-04T14:04:59.864+0100][gc,cpu        ] GC(71) User=0,04s Sys=0,00s Real=0,02s
[2023-11-04T14:05:17.353+0100][gc,start      ] GC(72) Pause Young (Normal) (G1 Evacuation Pause)
[2023-11-04T14:05:17.353+0100][gc,task       ] GC(72) Using 6 workers of 6 for evacuation
[2023-11-04T14:05:17.362+0100][gc,phases     ] GC(72)   Pre Evacuate Collection Set: 0,0ms
[2023-11-04T14:05:17.363+0100][gc,phases     ] GC(72)   Evacuate Collection Set: 8,5ms
[2023-11-04T14:05:17.363+0100][gc,phases     ] GC(72)   Post Evacuate Collection Set: 1,0ms
[2023-11-04T14:05:17.363+0100][gc,phases     ] GC(72)   Other: 0,2ms
[2023-11-04T14:05:17.363+0100][gc,heap       ] GC(72) Eden regions: 326->0(337)
[2023-11-04T14:05:17.363+0100][gc,heap       ] GC(72) Survivor regions: 7->8(42)
[2023-11-04T14:05:17.363+0100][gc,heap       ] GC(72) Old regions: 53->54
[2023-11-04T14:05:17.363+0100][gc,heap       ] GC(72) Humongous regions: 129->129
[2023-11-04T14:05:17.363+0100][gc,metaspace  ] GC(72) Metaspace: 45362K(48384K)->45362K(48384K) NonClass: 39620K(41216K)->39620K(41216K) Class: 5741K(7168K)->5741K(7168K)
[2023-11-04T14:05:17.363+0100][gc            ] GC(72) Pause Young (Normal) (G1 Evacuation Pause) 513M->188M(1024M) 9,810ms
[2023-11-04T14:05:17.363+0100][gc,cpu        ] GC(72) User=0,03s Sys=0,01s Real=0,00s
[2023-11-04T14:27:27.086+0100][gc,start      ] GC(73) Pause Young (Normal) (G1 Evacuation Pause)
[2023-11-04T14:27:27.086+0100][gc,task       ] GC(73) Using 6 workers of 6 for evacuation
[2023-11-04T14:27:27.094+0100][gc,phases     ] GC(73)   Pre Evacuate Collection Set: 0,0ms
[2023-11-04T14:27:27.094+0100][gc,phases     ] GC(73)   Evacuate Collection Set: 7,2ms
[2023-11-04T14:27:27.094+0100][gc,phases     ] GC(73)   Post Evacuate Collection Set: 0,5ms
[2023-11-04T14:27:27.094+0100][gc,phases     ] GC(73)   Other: 0,2ms
[2023-11-04T14:27:27.094+0100][gc,heap       ] GC(73) Eden regions: 336->0(352)
[2023-11-04T14:27:27.094+0100][gc,heap       ] GC(73) Survivor regions: 8->8(43)
[2023-11-04T14:27:27.094+0100][gc,heap       ] GC(73) Old regions: 54->54
[2023-11-04T14:27:27.094+0100][gc,heap       ] GC(73) Humongous regions: 129->129
[2023-11-04T14:27:27.094+0100][gc,metaspace  ] GC(73) Metaspace: 45414K(48384K)->45414K(48384K) NonClass: 39673K(41216K)->39673K(41216K) Class: 5741K(7168K)->5741K(7168K)
[2023-11-04T14:27:27.094+0100][gc            ] GC(73) Pause Young (Normal) (G1 Evacuation Pause) 524M->188M(1024M) 8,014ms
[2023-11-04T14:27:27.094+0100][gc,cpu        ] GC(73) User=0,04s Sys=0,00s Real=0,01s
[2023-11-04T14:30:48.049+0100][gc,start      ] GC(74) Pause Young (Normal) (G1 Evacuation Pause)
[2023-11-04T14:30:48.049+0100][gc,task       ] GC(74) Using 6 workers of 6 for evacuation
[2023-11-04T14:30:48.062+0100][gc,phases     ] GC(74)   Pre Evacuate Collection Set: 0,0ms
[2023-11-04T14:30:48.062+0100][gc,phases     ] GC(74)   Evacuate Collection Set: 12,1ms
[2023-11-04T14:30:48.062+0100][gc,phases     ] GC(74)   Post Evacuate Collection Set: 0,6ms
[2023-11-04T14:30:48.062+0100][gc,phases     ] GC(74)   Other: 0,1ms
[2023-11-04T14:30:48.062+0100][gc,heap       ] GC(74) Eden regions: 349->0(360)
[2023-11-04T14:30:48.062+0100][gc,heap       ] GC(74) Survivor regions: 8->15(45)
[2023-11-04T14:30:48.062+0100][gc,heap       ] GC(74) Old regions: 54->54
[2023-11-04T14:30:48.062+0100][gc,heap       ] GC(74) Humongous regions: 129->129
[2023-11-04T14:30:48.062+0100][gc,metaspace  ] GC(74) Metaspace: 45415K(48384K)->45415K(48384K) NonClass: 39674K(41216K)->39674K(41216K) Class: 5741K(7168K)->5741K(7168K)
[2023-11-04T14:30:48.062+0100][gc            ] GC(74) Pause Young (Normal) (G1 Evacuation Pause) 537M->195M(1024M) 12,939ms
[2023-11-04T14:30:48.062+0100][gc,cpu        ] GC(74) User=0,06s Sys=0,01s Real=0,01s
[2023-11-04T14:31:15.852+0100][gc,start      ] GC(75) Pause Young (Normal) (G1 Evacuation Pause)
[2023-11-04T14:31:15.852+0100][gc,task       ] GC(75) Using 6 workers of 6 for evacuation
[2023-11-04T14:31:15.863+0100][gc,phases     ] GC(75)   Pre Evacuate Collection Set: 0,0ms
[2023-11-04T14:31:15.863+0100][gc,phases     ] GC(75)   Evacuate Collection Set: 9,4ms
[2023-11-04T14:31:15.863+0100][gc,phases     ] GC(75)   Post Evacuate Collection Set: 0,6ms
[2023-11-04T14:31:15.863+0100][gc,phases     ] GC(75)   Other: 0,1ms
[2023-11-04T14:31:15.863+0100][gc,heap       ] GC(75) Eden regions: 359->0(370)
[2023-11-04T14:31:15.863+0100][gc,heap       ] GC(75) Survivor regions: 15->17(47)
[2023-11-04T14:31:15.863+0100][gc,heap       ] GC(75) Old regions: 54->54
[2023-11-04T14:31:15.863+0100][gc,heap       ] GC(75) Humongous regions: 129->129
[2023-11-04T14:31:15.863+0100][gc,metaspace  ] GC(75) Metaspace: 45415K(48384K)->45415K(48384K) NonClass: 39674K(41216K)->39674K(41216K) Class: 5741K(7168K)->5741K(7168K)
[2023-11-04T14:31:15.863+0100][gc            ] GC(75) Pause Young (Normal) (G1 Evacuation Pause) 554M->197M(1024M) 10,181ms
[2023-11-04T14:31:15.863+0100][gc,cpu        ] GC(75) User=0,05s Sys=0,00s Real=0,00s
[2023-11-04T14:31:48.190+0100][gc,start      ] GC(76) Pause Young (Normal) (G1 Evacuation Pause)
[2023-11-04T14:31:48.190+0100][gc,task       ] GC(76) Using 6 workers of 6 for evacuation
[2023-11-04T14:31:48.201+0100][gc,phases     ] GC(76)   Pre Evacuate Collection Set: 0,0ms
[2023-11-04T14:31:48.201+0100][gc,phases     ] GC(76)   Evacuate Collection Set: 10,4ms
[2023-11-04T14:31:48.201+0100][gc,phases     ] GC(76)   Post Evacuate Collection Set: 0,5ms
[2023-11-04T14:31:48.201+0100][gc,phases     ] GC(76)   Other: 0,2ms
[2023-11-04T14:31:48.201+0100][gc,heap       ] GC(76) Eden regions: 369->0(383)
[2023-11-04T14:31:48.201+0100][gc,heap       ] GC(76) Survivor regions: 17->18(49)
[2023-11-04T14:31:48.201+0100][gc,heap       ] GC(76) Old regions: 54->55
[2023-11-04T14:31:48.201+0100][gc,heap       ] GC(76) Humongous regions: 129->129
[2023-11-04T14:31:48.201+0100][gc,metaspace  ] GC(76) Metaspace: 45416K(48384K)->45416K(48384K) NonClass: 39675K(41216K)->39675K(41216K) Class: 5741K(7168K)->5741K(7168K)
[2023-11-04T14:31:48.201+0100][gc            ] GC(76) Pause Young (Normal) (G1 Evacuation Pause) 566M->199M(1024M) 11,234ms
[2023-11-04T14:31:48.201+0100][gc,cpu        ] GC(76) User=0,06s Sys=0,00s Real=0,01s
[2023-11-04T14:32:08.252+0100][gc,start      ] GC(77) Pause Young (Normal) (G1 Evacuation Pause)
[2023-11-04T14:32:08.252+0100][gc,task       ] GC(77) Using 6 workers of 6 for evacuation
[2023-11-04T14:32:08.265+0100][gc,phases     ] GC(77)   Pre Evacuate Collection Set: 0,0ms
[2023-11-04T14:32:08.265+0100][gc,phases     ] GC(77)   Evacuate Collection Set: 11,8ms
[2023-11-04T14:32:08.265+0100][gc,phases     ] GC(77)   Post Evacuate Collection Set: 0,6ms
[2023-11-04T14:32:08.265+0100][gc,phases     ] GC(77)   Other: 0,2ms
[2023-11-04T14:32:08.265+0100][gc,heap       ] GC(77) Eden regions: 382->0(395)
[2023-11-04T14:32:08.265+0100][gc,heap       ] GC(77) Survivor regions: 18->19(50)
[2023-11-04T14:32:08.265+0100][gc,heap       ] GC(77) Old regions: 55->55
[2023-11-04T14:32:08.265+0100][gc,heap       ] GC(77) Humongous regions: 129->129
[2023-11-04T14:32:08.265+0100][gc,metaspace  ] GC(77) Metaspace: 45416K(48384K)->45416K(48384K) NonClass: 39675K(41216K)->39675K(41216K) Class: 5741K(7168K)->5741K(7168K)
[2023-11-04T14:32:08.265+0100][gc            ] GC(77) Pause Young (Normal) (G1 Evacuation Pause) 581M->201M(1024M) 12,605ms
[2023-11-04T14:32:08.265+0100][gc,cpu        ] GC(77) User=0,07s Sys=0,00s Real=0,01s
[2023-11-04T14:32:29.353+0100][gc,start      ] GC(78) Pause Young (Normal) (G1 Evacuation Pause)
[2023-11-04T14:32:29.353+0100][gc,task       ] GC(78) Using 6 workers of 6 for evacuation
[2023-11-04T14:32:29.366+0100][gc,phases     ] GC(78)   Pre Evacuate Collection Set: 0,0ms
[2023-11-04T14:32:29.366+0100][gc,phases     ] GC(78)   Evacuate Collection Set: 11,7ms
[2023-11-04T14:32:29.366+0100][gc,phases     ] GC(78)   Post Evacuate Collection Set: 0,7ms
[2023-11-04T14:32:29.366+0100][gc,phases     ] GC(78)   Other: 0,2ms
[2023-11-04T14:32:29.366+0100][gc,heap       ] GC(78) Eden regions: 395->0(413)
[2023-11-04T14:32:29.366+0100][gc,heap       ] GC(78) Survivor regions: 19->20(52)
[2023-11-04T14:32:29.366+0100][gc,heap       ] GC(78) Old regions: 55->55
[2023-11-04T14:32:29.366+0100][gc,heap       ] GC(78) Humongous regions: 129->129
[2023-11-04T14:32:29.366+0100][gc,metaspace  ] GC(78) Metaspace: 45416K(48384K)->45416K(48384K) NonClass: 39675K(41216K)->39675K(41216K) Class: 5741K(7168K)->5741K(7168K)
[2023-11-04T14:32:29.366+0100][gc            ] GC(78) Pause Young (Normal) (G1 Evacuation Pause) 596M->202M(1024M) 12,672ms
[2023-11-04T14:32:29.366+0100][gc,cpu        ] GC(78) User=0,07s Sys=0,00s Real=0,01s
[2023-11-04T14:32:48.640+0100][gc,start      ] GC(79) Pause Young (Normal) (G1 Evacuation Pause)
[2023-11-04T14:32:48.640+0100][gc,task       ] GC(79) Using 6 workers of 6 for evacuation
[2023-11-04T14:32:48.655+0100][gc,phases     ] GC(79)   Pre Evacuate Collection Set: 0,1ms
[2023-11-04T14:32:48.655+0100][gc,phases     ] GC(79)   Evacuate Collection Set: 13,6ms
[2023-11-04T14:32:48.655+0100][gc,phases     ] GC(79)   Post Evacuate Collection Set: 1,0ms
[2023-11-04T14:32:48.655+0100][gc,phases     ] GC(79)   Other: 0,3ms
[2023-11-04T14:32:48.655+0100][gc,heap       ] GC(79) Eden regions: 413->0(419)
[2023-11-04T14:32:48.655+0100][gc,heap       ] GC(79) Survivor regions: 20->20(55)
[2023-11-04T14:32:48.655+0100][gc,heap       ] GC(79) Old regions: 55->56
[2023-11-04T14:32:48.655+0100][gc,heap       ] GC(79) Humongous regions: 129->129
[2023-11-04T14:32:48.655+0100][gc,metaspace  ] GC(79) Metaspace: 45416K(48384K)->45416K(48384K) NonClass: 39675K(41216K)->39675K(41216K) Class: 5741K(7168K)->5741K(7168K)
[2023-11-04T14:32:48.655+0100][gc            ] GC(79) Pause Young (Normal) (G1 Evacuation Pause) 615M->202M(1024M) 15,018ms
[2023-11-04T14:32:48.655+0100][gc,cpu        ] GC(79) User=0,08s Sys=0,00s Real=0,02s
[2023-11-04T14:33:17.401+0100][gc,start      ] GC(80) Pause Young (Normal) (G1 Evacuation Pause)
[2023-11-04T14:33:17.401+0100][gc,task       ] GC(80) Using 6 workers of 6 for evacuation
[2023-11-04T14:33:17.417+0100][gc,phases     ] GC(80)   Pre Evacuate Collection Set: 0,0ms
[2023-11-04T14:33:17.417+0100][gc,phases     ] GC(80)   Evacuate Collection Set: 15,1ms
[2023-11-04T14:33:17.417+0100][gc,phases     ] GC(80)   Post Evacuate Collection Set: 0,6ms
[2023-11-04T14:33:17.417+0100][gc,phases     ] GC(80)   Other: 0,2ms
[2023-11-04T14:33:17.417+0100][gc,heap       ] GC(80) Eden regions: 419->0(425)
[2023-11-04T14:33:17.417+0100][gc,heap       ] GC(80) Survivor regions: 20->21(55)
[2023-11-04T14:33:17.417+0100][gc,heap       ] GC(80) Old regions: 56->56
[2023-11-04T14:33:17.417+0100][gc,heap       ] GC(80) Humongous regions: 129->129
[2023-11-04T14:33:17.417+0100][gc,metaspace  ] GC(80) Metaspace: 45416K(48384K)->45416K(48384K) NonClass: 39675K(41216K)->39675K(41216K) Class: 5741K(7168K)->5741K(7168K)
[2023-11-04T14:33:17.417+0100][gc            ] GC(80) Pause Young (Normal) (G1 Evacuation Pause) 621M->204M(1024M) 15,910ms
[2023-11-04T14:33:17.417+0100][gc,cpu        ] GC(80) User=0,09s Sys=0,00s Real=0,02s
[2023-11-04T14:33:46.922+0100][gc,start      ] GC(81) Pause Young (Normal) (G1 Evacuation Pause)
[2023-11-04T14:33:46.923+0100][gc,task       ] GC(81) Using 6 workers of 6 for evacuation
[2023-11-04T14:33:46.943+0100][gc,mmu        ] GC(81) MMU target violated: 20,7ms (20,0ms/21,0ms)
[2023-11-04T14:33:46.943+0100][gc,phases     ] GC(81)   Pre Evacuate Collection Set: 0,0ms
[2023-11-04T14:33:46.943+0100][gc,phases     ] GC(81)   Evacuate Collection Set: 19,8ms
[2023-11-04T14:33:46.943+0100][gc,phases     ] GC(81)   Post Evacuate Collection Set: 0,8ms
[2023-11-04T14:33:46.943+0100][gc,phases     ] GC(81)   Other: 0,3ms
[2023-11-04T14:33:46.943+0100][gc,heap       ] GC(81) Eden regions: 425->0(396)
[2023-11-04T14:33:46.943+0100][gc,heap       ] GC(81) Survivor regions: 21->21(56)
[2023-11-04T14:33:46.943+0100][gc,heap       ] GC(81) Old regions: 56->57
[2023-11-04T14:33:46.943+0100][gc,heap       ] GC(81) Humongous regions: 129->129
[2023-11-04T14:33:46.943+0100][gc,metaspace  ] GC(81) Metaspace: 45418K(48384K)->45418K(48384K) NonClass: 39676K(41216K)->39676K(41216K) Class: 5741K(7168K)->5741K(7168K)
[2023-11-04T14:33:46.944+0100][gc            ] GC(81) Pause Young (Normal) (G1 Evacuation Pause) 629M->204M(1024M) 21,030ms
[2023-11-04T14:33:46.944+0100][gc,cpu        ] GC(81) User=0,08s Sys=0,01s Real=0,03s
[2023-11-04T14:34:07.485+0100][gc,start      ] GC(82) Pause Young (Normal) (G1 Evacuation Pause)
[2023-11-04T14:34:07.485+0100][gc,task       ] GC(82) Using 6 workers of 6 for evacuation
[2023-11-04T14:34:07.502+0100][gc,phases     ] GC(82)   Pre Evacuate Collection Set: 0,0ms
[2023-11-04T14:34:07.502+0100][gc,phases     ] GC(82)   Evacuate Collection Set: 15,9ms
[2023-11-04T14:34:07.502+0100][gc,phases     ] GC(82)   Post Evacuate Collection Set: 0,8ms
[2023-11-04T14:34:07.502+0100][gc,phases     ] GC(82)   Other: 0,3ms
[2023-11-04T14:34:07.502+0100][gc,heap       ] GC(82) Eden regions: 396->0(405)
[2023-11-04T14:34:07.502+0100][gc,heap       ] GC(82) Survivor regions: 21->22(53)
[2023-11-04T14:34:07.502+0100][gc,heap       ] GC(82) Old regions: 57->57
[2023-11-04T14:34:07.502+0100][gc,heap       ] GC(82) Humongous regions: 129->129
[2023-11-04T14:34:07.502+0100][gc,metaspace  ] GC(82) Metaspace: 45418K(48384K)->45418K(48384K) NonClass: 39676K(41216K)->39676K(41216K) Class: 5741K(7168K)->5741K(7168K)
[2023-11-04T14:34:07.502+0100][gc            ] GC(82) Pause Young (Normal) (G1 Evacuation Pause) 600M->205M(1024M) 17,125ms
[2023-11-04T14:34:07.502+0100][gc,cpu        ] GC(82) User=0,10s Sys=0,00s Real=0,01s
[2023-11-04T14:34:18.712+0100][gc,start      ] GC(83) Pause Young (Normal) (G1 Evacuation Pause)
[2023-11-04T14:34:18.712+0100][gc,task       ] GC(83) Using 6 workers of 6 for evacuation
[2023-11-04T14:34:18.728+0100][gc,phases     ] GC(83)   Pre Evacuate Collection Set: 0,0ms
[2023-11-04T14:34:18.728+0100][gc,phases     ] GC(83)   Evacuate Collection Set: 15,1ms
[2023-11-04T14:34:18.728+0100][gc,phases     ] GC(83)   Post Evacuate Collection Set: 0,8ms
[2023-11-04T14:34:18.728+0100][gc,phases     ] GC(83)   Other: 0,3ms
[2023-11-04T14:34:18.728+0100][gc,heap       ] GC(83) Eden regions: 405->0(414)
[2023-11-04T14:34:18.728+0100][gc,heap       ] GC(83) Survivor regions: 22->22(54)
[2023-11-04T14:34:18.728+0100][gc,heap       ] GC(83) Old regions: 57->58
[2023-11-04T14:34:18.728+0100][gc,heap       ] GC(83) Humongous regions: 129->129
[2023-11-04T14:34:18.728+0100][gc,metaspace  ] GC(83) Metaspace: 45418K(48384K)->45418K(48384K) NonClass: 39676K(41216K)->39676K(41216K) Class: 5741K(7168K)->5741K(7168K)
[2023-11-04T14:34:18.728+0100][gc            ] GC(83) Pause Young (Normal) (G1 Evacuation Pause) 610M->207M(1024M) 16,328ms
[2023-11-04T14:34:18.728+0100][gc,cpu        ] GC(83) User=0,09s Sys=0,00s Real=0,01s
[2023-11-04T14:34:50.320+0100][gc,start      ] GC(84) Pause Young (Normal) (G1 Evacuation Pause)
[2023-11-04T14:34:50.320+0100][gc,task       ] GC(84) Using 6 workers of 6 for evacuation
[2023-11-04T14:34:50.340+0100][gc,mmu        ] GC(84) MMU target violated: 20,2ms (20,0ms/21,0ms)
[2023-11-04T14:34:50.340+0100][gc,phases     ] GC(84)   Pre Evacuate Collection Set: 0,0ms
[2023-11-04T14:34:50.340+0100][gc,phases     ] GC(84)   Evacuate Collection Set: 19,4ms
[2023-11-04T14:34:50.340+0100][gc,phases     ] GC(84)   Post Evacuate Collection Set: 0,7ms
[2023-11-04T14:34:50.340+0100][gc,phases     ] GC(84)   Other: 0,2ms
[2023-11-04T14:34:50.340+0100][gc,heap       ] GC(84) Eden regions: 409->0(411)
[2023-11-04T14:34:50.340+0100][gc,heap       ] GC(84) Survivor regions: 22->22(54)
[2023-11-04T14:34:50.340+0100][gc,heap       ] GC(84) Old regions: 58->59
[2023-11-04T14:34:50.340+0100][gc,heap       ] GC(84) Humongous regions: 129->129
[2023-11-04T14:34:50.340+0100][gc,metaspace  ] GC(84) Metaspace: 45423K(48384K)->45423K(48384K) NonClass: 39681K(41216K)->39681K(41216K) Class: 5741K(7168K)->5741K(7168K)
[2023-11-04T14:34:50.340+0100][gc            ] GC(84) Pause Young (Normal) (G1 Evacuation Pause) 616M->207M(1024M) 20,470ms
[2023-11-04T14:34:50.340+0100][gc,cpu        ] GC(84) User=0,10s Sys=0,00s Real=0,02s
[2023-11-04T14:35:06.465+0100][gc,start      ] GC(85) Pause Young (Normal) (G1 Evacuation Pause)
[2023-11-04T14:35:06.465+0100][gc,task       ] GC(85) Using 6 workers of 6 for evacuation
[2023-11-04T14:35:06.481+0100][gc,phases     ] GC(85)   Pre Evacuate Collection Set: 0,0ms
[2023-11-04T14:35:06.481+0100][gc,phases     ] GC(85)   Evacuate Collection Set: 15,2ms
[2023-11-04T14:35:06.481+0100][gc,phases     ] GC(85)   Post Evacuate Collection Set: 1,0ms
[2023-11-04T14:35:06.481+0100][gc,phases     ] GC(85)   Other: 0,2ms
[2023-11-04T14:35:06.481+0100][gc,heap       ] GC(85) Eden regions: 381->0(405)
[2023-11-04T14:35:06.481+0100][gc,heap       ] GC(85) Survivor regions: 22->22(51)
[2023-11-04T14:35:06.481+0100][gc,heap       ] GC(85) Old regions: 59->59
[2023-11-04T14:35:06.481+0100][gc,heap       ] GC(85) Humongous regions: 129->129
[2023-11-04T14:35:06.481+0100][gc,metaspace  ] GC(85) Metaspace: 45423K(48384K)->45423K(48384K) NonClass: 39681K(41216K)->39681K(41216K) Class: 5741K(7168K)->5741K(7168K)
[2023-11-04T14:35:06.481+0100][gc            ] GC(85) Pause Young (Normal) (G1 Evacuation Pause) 588M->207M(1024M) 16,478ms
[2023-11-04T14:35:06.481+0100][gc,cpu        ] GC(85) User=0,09s Sys=0,00s Real=0,01s
[2023-11-04T14:35:30.529+0100][gc,start      ] GC(86) Pause Young (Normal) (G1 Evacuation Pause)
[2023-11-04T14:35:30.529+0100][gc,task       ] GC(86) Using 6 workers of 6 for evacuation
[2023-11-04T14:35:30.545+0100][gc,phases     ] GC(86)   Pre Evacuate Collection Set: 0,0ms
[2023-11-04T14:35:30.545+0100][gc,phases     ] GC(86)   Evacuate Collection Set: 14,7ms
[2023-11-04T14:35:30.545+0100][gc,phases     ] GC(86)   Post Evacuate Collection Set: 0,6ms
[2023-11-04T14:35:30.545+0100][gc,phases     ] GC(86)   Other: 0,3ms
[2023-11-04T14:35:30.545+0100][gc,heap       ] GC(86) Eden regions: 398->0(413)
[2023-11-04T14:35:30.545+0100][gc,heap       ] GC(86) Survivor regions: 22->22(53)
[2023-11-04T14:35:30.545+0100][gc,heap       ] GC(86) Old regions: 59->60
[2023-11-04T14:35:30.545+0100][gc,heap       ] GC(86) Humongous regions: 129->129
[2023-11-04T14:35:30.545+0100][gc,metaspace  ] GC(86) Metaspace: 45423K(48384K)->45423K(48384K) NonClass: 39681K(41216K)->39681K(41216K) Class: 5741K(7168K)->5741K(7168K)
[2023-11-04T14:35:30.545+0100][gc            ] GC(86) Pause Young (Normal) (G1 Evacuation Pause) 605M->209M(1024M) 15,749ms
[2023-11-04T14:35:30.545+0100][gc,cpu        ] GC(86) User=0,09s Sys=0,00s Real=0,02s
[2023-11-04T14:35:53.437+0100][gc,start      ] GC(87) Pause Young (Normal) (G1 Evacuation Pause)
[2023-11-04T14:35:53.437+0100][gc,task       ] GC(87) Using 6 workers of 6 for evacuation
[2023-11-04T14:35:53.454+0100][gc,phases     ] GC(87)   Pre Evacuate Collection Set: 0,0ms
[2023-11-04T14:35:53.454+0100][gc,phases     ] GC(87)   Evacuate Collection Set: 15,8ms
[2023-11-04T14:35:53.454+0100][gc,phases     ] GC(87)   Post Evacuate Collection Set: 0,7ms
[2023-11-04T14:35:53.454+0100][gc,phases     ] GC(87)   Other: 0,2ms
[2023-11-04T14:35:53.454+0100][gc,heap       ] GC(87) Eden regions: 413->0(422)
[2023-11-04T14:35:53.454+0100][gc,heap       ] GC(87) Survivor regions: 22->22(55)
[2023-11-04T14:35:53.454+0100][gc,heap       ] GC(87) Old regions: 60->61
[2023-11-04T14:35:53.454+0100][gc,heap       ] GC(87) Humongous regions: 129->129
[2023-11-04T14:35:53.454+0100][gc,metaspace  ] GC(87) Metaspace: 45423K(48384K)->45423K(48384K) NonClass: 39681K(41216K)->39681K(41216K) Class: 5741K(7168K)->5741K(7168K)
[2023-11-04T14:35:53.454+0100][gc            ] GC(87) Pause Young (Normal) (G1 Evacuation Pause) 622M->209M(1024M) 16,714ms
[2023-11-04T14:35:53.454+0100][gc,cpu        ] GC(87) User=0,09s Sys=0,00s Real=0,02s
[2023-11-04T14:36:18.780+0100][gc,start      ] GC(88) Pause Young (Normal) (G1 Evacuation Pause)
[2023-11-04T14:36:18.780+0100][gc,task       ] GC(88) Using 6 workers of 6 for evacuation
[2023-11-04T14:36:18.796+0100][gc,phases     ] GC(88)   Pre Evacuate Collection Set: 0,0ms
[2023-11-04T14:36:18.796+0100][gc,phases     ] GC(88)   Evacuate Collection Set: 15,6ms
[2023-11-04T14:36:18.796+0100][gc,phases     ] GC(88)   Post Evacuate Collection Set: 0,9ms
[2023-11-04T14:36:18.797+0100][gc,phases     ] GC(88)   Other: 0,2ms
[2023-11-04T14:36:18.797+0100][gc,heap       ] GC(88) Eden regions: 415->0(430)
[2023-11-04T14:36:18.797+0100][gc,heap       ] GC(88) Survivor regions: 22->22(55)
[2023-11-04T14:36:18.797+0100][gc,heap       ] GC(88) Old regions: 61->61
[2023-11-04T14:36:18.797+0100][gc,heap       ] GC(88) Humongous regions: 129->129
[2023-11-04T14:36:18.797+0100][gc,metaspace  ] GC(88) Metaspace: 45423K(48384K)->45423K(48384K) NonClass: 39681K(41216K)->39681K(41216K) Class: 5741K(7168K)->5741K(7168K)
[2023-11-04T14:36:18.797+0100][gc            ] GC(88) Pause Young (Normal) (G1 Evacuation Pause) 624M->210M(1024M) 16,888ms
[2023-11-04T14:36:18.797+0100][gc,cpu        ] GC(88) User=0,09s Sys=0,00s Real=0,02s
[2023-11-04T14:37:04.877+0100][gc,start      ] GC(89) Pause Young (Normal) (G1 Evacuation Pause)
[2023-11-04T14:37:04.877+0100][gc,task       ] GC(89) Using 6 workers of 6 for evacuation
[2023-11-04T14:37:04.898+0100][gc,mmu        ] GC(89) MMU target violated: 21,0ms (20,0ms/21,0ms)
[2023-11-04T14:37:04.898+0100][gc,phases     ] GC(89)   Pre Evacuate Collection Set: 0,0ms
[2023-11-04T14:37:04.898+0100][gc,phases     ] GC(89)   Evacuate Collection Set: 20,4ms
[2023-11-04T14:37:04.898+0100][gc,phases     ] GC(89)   Post Evacuate Collection Set: 0,9ms
[2023-11-04T14:37:04.898+0100][gc,phases     ] GC(89)   Other: 0,2ms
[2023-11-04T14:37:04.898+0100][gc,heap       ] GC(89) Eden regions: 430->0(448)
[2023-11-04T14:37:04.898+0100][gc,heap       ] GC(89) Survivor regions: 22->17(57)
[2023-11-04T14:37:04.898+0100][gc,heap       ] GC(89) Old regions: 61->68
[2023-11-04T14:37:04.898+0100][gc,heap       ] GC(89) Humongous regions: 129->129
[2023-11-04T14:37:04.898+0100][gc,metaspace  ] GC(89) Metaspace: 45424K(48384K)->45424K(48384K) NonClass: 39682K(41216K)->39682K(41216K) Class: 5741K(7168K)->5741K(7168K)
[2023-11-04T14:37:04.898+0100][gc            ] GC(89) Pause Young (Normal) (G1 Evacuation Pause) 640M->212M(1024M) 21,575ms
[2023-11-04T14:37:04.898+0100][gc,cpu        ] GC(89) User=0,10s Sys=0,00s Real=0,02s
[2023-11-04T14:37:17.367+0100][gc,start      ] GC(90) Pause Young (Normal) (G1 Evacuation Pause)
[2023-11-04T14:37:17.367+0100][gc,task       ] GC(90) Using 6 workers of 6 for evacuation
[2023-11-04T14:37:17.386+0100][gc,phases     ] GC(90)   Pre Evacuate Collection Set: 0,0ms
[2023-11-04T14:37:17.386+0100][gc,phases     ] GC(90)   Evacuate Collection Set: 17,0ms
[2023-11-04T14:37:17.386+0100][gc,phases     ] GC(90)   Post Evacuate Collection Set: 1,3ms
[2023-11-04T14:37:17.386+0100][gc,phases     ] GC(90)   Other: 0,2ms
[2023-11-04T14:37:17.386+0100][gc,heap       ] GC(90) Eden regions: 448->0(472)
[2023-11-04T14:37:17.386+0100][gc,heap       ] GC(90) Survivor regions: 17->15(59)
[2023-11-04T14:37:17.386+0100][gc,heap       ] GC(90) Old regions: 68->71
[2023-11-04T14:37:17.386+0100][gc,heap       ] GC(90) Humongous regions: 129->129
[2023-11-04T14:37:17.386+0100][gc,metaspace  ] GC(90) Metaspace: 45424K(48384K)->45424K(48384K) NonClass: 39682K(41216K)->39682K(41216K) Class: 5741K(7168K)->5741K(7168K)
[2023-11-04T14:37:17.386+0100][gc            ] GC(90) Pause Young (Normal) (G1 Evacuation Pause) 660M->212M(1024M) 18,690ms
[2023-11-04T14:37:17.386+0100][gc,cpu        ] GC(90) User=0,09s Sys=0,00s Real=0,02s
[2023-11-04T14:37:30.887+0100][gc,start      ] GC(91) Pause Young (Normal) (G1 Evacuation Pause)
[2023-11-04T14:37:30.887+0100][gc,task       ] GC(91) Using 6 workers of 6 for evacuation
[2023-11-04T14:37:30.900+0100][gc,phases     ] GC(91)   Pre Evacuate Collection Set: 0,0ms
[2023-11-04T14:37:30.900+0100][gc,phases     ] GC(91)   Evacuate Collection Set: 10,6ms
[2023-11-04T14:37:30.900+0100][gc,phases     ] GC(91)   Post Evacuate Collection Set: 1,3ms
[2023-11-04T14:37:30.900+0100][gc,phases     ] GC(91)   Other: 0,2ms
[2023-11-04T14:37:30.900+0100][gc,heap       ] GC(91) Eden regions: 472->0(488)
[2023-11-04T14:37:30.900+0100][gc,heap       ] GC(91) Survivor regions: 15->15(61)
[2023-11-04T14:37:30.900+0100][gc,heap       ] GC(91) Old regions: 71->72
[2023-11-04T14:37:30.900+0100][gc,heap       ] GC(91) Humongous regions: 129->129
[2023-11-04T14:37:30.900+0100][gc,metaspace  ] GC(91) Metaspace: 45425K(48384K)->45425K(48384K) NonClass: 39683K(41216K)->39683K(41216K) Class: 5741K(7168K)->5741K(7168K)
[2023-11-04T14:37:30.900+0100][gc            ] GC(91) Pause Young (Normal) (G1 Evacuation Pause) 684M->214M(1024M) 12,299ms
[2023-11-04T14:37:30.900+0100][gc,cpu        ] GC(91) User=0,06s Sys=0,01s Real=0,01s
[2023-11-04T14:37:46.131+0100][gc,start      ] GC(92) Pause Young (Normal) (G1 Evacuation Pause)
[2023-11-04T14:37:46.131+0100][gc,task       ] GC(92) Using 6 workers of 6 for evacuation
[2023-11-04T14:37:46.153+0100][gc,mmu        ] GC(92) MMU target violated: 21,0ms (20,0ms/21,0ms)
[2023-11-04T14:37:46.153+0100][gc,phases     ] GC(92)   Pre Evacuate Collection Set: 0,0ms
[2023-11-04T14:37:46.153+0100][gc,phases     ] GC(92)   Evacuate Collection Set: 21,4ms
[2023-11-04T14:37:46.153+0100][gc,phases     ] GC(92)   Post Evacuate Collection Set: 1,0ms
[2023-11-04T14:37:46.153+0100][gc,phases     ] GC(92)   Other: 0,3ms
[2023-11-04T14:37:46.153+0100][gc,heap       ] GC(92) Eden regions: 488->0(478)
[2023-11-04T14:37:46.153+0100][gc,heap       ] GC(92) Survivor regions: 15->14(63)
[2023-11-04T14:37:46.153+0100][gc,heap       ] GC(92) Old regions: 72->74
[2023-11-04T14:37:46.153+0100][gc,heap       ] GC(92) Humongous regions: 129->129
[2023-11-04T14:37:46.153+0100][gc,metaspace  ] GC(92) Metaspace: 45425K(48384K)->45425K(48384K) NonClass: 39683K(41216K)->39683K(41216K) Class: 5741K(7168K)->5741K(7168K)
[2023-11-04T14:37:46.154+0100][gc            ] GC(92) Pause Young (Normal) (G1 Evacuation Pause) 702M->214M(1024M) 22,852ms
[2023-11-04T14:37:46.154+0100][gc,cpu        ] GC(92) User=0,07s Sys=0,00s Real=0,03s
[2023-11-04T14:38:08.175+0100][gc,start      ] GC(93) Pause Young (Normal) (G1 Evacuation Pause)
[2023-11-04T14:38:08.175+0100][gc,task       ] GC(93) Using 6 workers of 6 for evacuation
[2023-11-04T14:38:08.192+0100][gc,phases     ] GC(93)   Pre Evacuate Collection Set: 0,0ms
[2023-11-04T14:38:08.192+0100][gc,phases     ] GC(93)   Evacuate Collection Set: 16,1ms
[2023-11-04T14:38:08.192+0100][gc,phases     ] GC(93)   Post Evacuate Collection Set: 0,7ms
[2023-11-04T14:38:08.192+0100][gc,phases     ] GC(93)   Other: 0,2ms
[2023-11-04T14:38:08.192+0100][gc,heap       ] GC(93) Eden regions: 478->0(505)
[2023-11-04T14:38:08.192+0100][gc,heap       ] GC(93) Survivor regions: 14->14(62)
[2023-11-04T14:38:08.192+0100][gc,heap       ] GC(93) Old regions: 74->75
[2023-11-04T14:38:08.192+0100][gc,heap       ] GC(93) Humongous regions: 129->129
[2023-11-04T14:38:08.192+0100][gc,metaspace  ] GC(93) Metaspace: 45425K(48384K)->45425K(48384K) NonClass: 39683K(41216K)->39683K(41216K) Class: 5741K(7168K)->5741K(7168K)
[2023-11-04T14:38:08.192+0100][gc            ] GC(93) Pause Young (Normal) (G1 Evacuation Pause) 692M->215M(1024M) 17,100ms
[2023-11-04T14:38:08.192+0100][gc,cpu        ] GC(93) User=0,06s Sys=0,00s Real=0,02s
[2023-11-04T14:38:22.527+0100][gc,start      ] GC(94) Pause Young (Normal) (G1 Evacuation Pause)
[2023-11-04T14:38:22.527+0100][gc,task       ] GC(94) Using 6 workers of 6 for evacuation
[2023-11-04T14:38:22.549+0100][gc,mmu        ] GC(94) MMU target violated: 21,0ms (20,0ms/21,0ms)
[2023-11-04T14:38:22.549+0100][gc,phases     ] GC(94)   Pre Evacuate Collection Set: 0,0ms
[2023-11-04T14:38:22.549+0100][gc,phases     ] GC(94)   Evacuate Collection Set: 20,4ms
[2023-11-04T14:38:22.549+0100][gc,phases     ] GC(94)   Post Evacuate Collection Set: 0,7ms
[2023-11-04T14:38:22.549+0100][gc,phases     ] GC(94)   Other: 0,2ms
[2023-11-04T14:38:22.549+0100][gc,heap       ] GC(94) Eden regions: 505->0(520)
[2023-11-04T14:38:22.549+0100][gc,heap       ] GC(94) Survivor regions: 14->13(65)
[2023-11-04T14:38:22.549+0100][gc,heap       ] GC(94) Old regions: 75->76
[2023-11-04T14:38:22.549+0100][gc,heap       ] GC(94) Humongous regions: 129->129
[2023-11-04T14:38:22.549+0100][gc,metaspace  ] GC(94) Metaspace: 45425K(48384K)->45425K(48384K) NonClass: 39683K(41216K)->39683K(41216K) Class: 5741K(7168K)->5741K(7168K)
[2023-11-04T14:38:22.549+0100][gc            ] GC(94) Pause Young (Normal) (G1 Evacuation Pause) 720M->216M(1024M) 21,473ms
[2023-11-04T14:38:22.549+0100][gc,cpu        ] GC(94) User=0,07s Sys=0,00s Real=0,02s
[2023-11-04T14:38:45.497+0100][gc,start      ] GC(95) Pause Young (Normal) (G1 Evacuation Pause)
[2023-11-04T14:38:45.497+0100][gc,task       ] GC(95) Using 6 workers of 6 for evacuation
[2023-11-04T14:38:45.516+0100][gc,phases     ] GC(95)   Pre Evacuate Collection Set: 0,0ms
[2023-11-04T14:38:45.516+0100][gc,phases     ] GC(95)   Evacuate Collection Set: 17,8ms
[2023-11-04T14:38:45.516+0100][gc,phases     ] GC(95)   Post Evacuate Collection Set: 1,0ms
[2023-11-04T14:38:45.516+0100][gc,phases     ] GC(95)   Other: 0,2ms
[2023-11-04T14:38:45.516+0100][gc,heap       ] GC(95) Eden regions: 520->0(523)
[2023-11-04T14:38:45.516+0100][gc,heap       ] GC(95) Survivor regions: 13->13(67)
[2023-11-04T14:38:45.516+0100][gc,heap       ] GC(95) Old regions: 76->77
[2023-11-04T14:38:45.516+0100][gc,heap       ] GC(95) Humongous regions: 129->129
[2023-11-04T14:38:45.516+0100][gc,metaspace  ] GC(95) Metaspace: 45425K(48384K)->45425K(48384K) NonClass: 39683K(41216K)->39683K(41216K) Class: 5741K(7168K)->5741K(7168K)
[2023-11-04T14:38:45.516+0100][gc            ] GC(95) Pause Young (Normal) (G1 Evacuation Pause) 736M->216M(1024M) 19,330ms
[2023-11-04T14:38:45.516+0100][gc,cpu        ] GC(95) User=0,06s Sys=0,00s Real=0,02s
[2023-11-04T14:39:00.102+0100][gc,start      ] GC(96) Pause Young (Normal) (G1 Evacuation Pause)
[2023-11-04T14:39:00.102+0100][gc,task       ] GC(96) Using 6 workers of 6 for evacuation
[2023-11-04T14:39:00.117+0100][gc,phases     ] GC(96)   Pre Evacuate Collection Set: 0,0ms
[2023-11-04T14:39:00.117+0100][gc,phases     ] GC(96)   Evacuate Collection Set: 13,9ms
[2023-11-04T14:39:00.117+0100][gc,phases     ] GC(96)   Post Evacuate Collection Set: 0,9ms
[2023-11-04T14:39:00.117+0100][gc,phases     ] GC(96)   Other: 0,2ms
[2023-11-04T14:39:00.117+0100][gc,heap       ] GC(96) Eden regions: 523->0(558)
[2023-11-04T14:39:00.117+0100][gc,heap       ] GC(96) Survivor regions: 13->13(67)
[2023-11-04T14:39:00.117+0100][gc,heap       ] GC(96) Old regions: 77->78
[2023-11-04T14:39:00.117+0100][gc,heap       ] GC(96) Humongous regions: 129->129
[2023-11-04T14:39:00.117+0100][gc,metaspace  ] GC(96) Metaspace: 45425K(48384K)->45425K(48384K) NonClass: 39683K(41216K)->39683K(41216K) Class: 5741K(7168K)->5741K(7168K)
[2023-11-04T14:39:00.117+0100][gc            ] GC(96) Pause Young (Normal) (G1 Evacuation Pause) 739M->217M(1024M) 15,050ms
[2023-11-04T14:39:00.117+0100][gc,cpu        ] GC(96) User=0,07s Sys=0,00s Real=0,02s
[2023-11-04T14:39:20.596+0100][gc,start      ] GC(97) Pause Young (Normal) (G1 Evacuation Pause)
[2023-11-04T14:39:20.597+0100][gc,task       ] GC(97) Using 6 workers of 6 for evacuation
[2023-11-04T14:39:20.612+0100][gc,phases     ] GC(97)   Pre Evacuate Collection Set: 0,0ms
[2023-11-04T14:39:20.612+0100][gc,phases     ] GC(97)   Evacuate Collection Set: 14,2ms
[2023-11-04T14:39:20.612+0100][gc,phases     ] GC(97)   Post Evacuate Collection Set: 0,8ms
[2023-11-04T14:39:20.612+0100][gc,phases     ] GC(97)   Other: 0,2ms
[2023-11-04T14:39:20.612+0100][gc,heap       ] GC(97) Eden regions: 558->0(582)
[2023-11-04T14:39:20.612+0100][gc,heap       ] GC(97) Survivor regions: 13->13(72)
[2023-11-04T14:39:20.612+0100][gc,heap       ] GC(97) Old regions: 78->79
[2023-11-04T14:39:20.612+0100][gc,heap       ] GC(97) Humongous regions: 129->129
[2023-11-04T14:39:20.612+0100][gc,metaspace  ] GC(97) Metaspace: 45425K(48384K)->45425K(48384K) NonClass: 39683K(41216K)->39683K(41216K) Class: 5741K(7168K)->5741K(7168K)
[2023-11-04T14:39:20.612+0100][gc            ] GC(97) Pause Young (Normal) (G1 Evacuation Pause) 775M->218M(1024M) 15,313ms
[2023-11-04T14:39:20.612+0100][gc,cpu        ] GC(97) User=0,07s Sys=0,00s Real=0,02s
[2023-11-04T14:39:44.068+0100][gc,start      ] GC(98) Pause Young (Normal) (G1 Evacuation Pause)
[2023-11-04T14:39:44.068+0100][gc,task       ] GC(98) Using 6 workers of 6 for evacuation
[2023-11-04T14:39:44.082+0100][gc,phases     ] GC(98)   Pre Evacuate Collection Set: 0,0ms
[2023-11-04T14:39:44.082+0100][gc,phases     ] GC(98)   Evacuate Collection Set: 12,5ms
[2023-11-04T14:39:44.082+0100][gc,phases     ] GC(98)   Post Evacuate Collection Set: 0,7ms
[2023-11-04T14:39:44.082+0100][gc,phases     ] GC(98)   Other: 0,2ms
[2023-11-04T14:39:44.082+0100][gc,heap       ] GC(98) Eden regions: 582->0(601)
[2023-11-04T14:39:44.082+0100][gc,heap       ] GC(98) Survivor regions: 13->13(75)
[2023-11-04T14:39:44.082+0100][gc,heap       ] GC(98) Old regions: 79->80
[2023-11-04T14:39:44.082+0100][gc,heap       ] GC(98) Humongous regions: 129->129
[2023-11-04T14:39:44.082+0100][gc,metaspace  ] GC(98) Metaspace: 45425K(48384K)->45425K(48384K) NonClass: 39683K(41216K)->39683K(41216K) Class: 5741K(7168K)->5741K(7168K)
[2023-11-04T14:39:44.082+0100][gc            ] GC(98) Pause Young (Normal) (G1 Evacuation Pause) 800M->219M(1024M) 13,496ms
[2023-11-04T14:39:44.082+0100][gc,cpu        ] GC(98) User=0,06s Sys=0,00s Real=0,01s
[2023-11-04T14:40:11.612+0100][gc,start      ] GC(99) Pause Young (Normal) (G1 Evacuation Pause)
[2023-11-04T14:40:11.612+0100][gc,task       ] GC(99) Using 6 workers of 6 for evacuation
[2023-11-04T14:40:11.630+0100][gc,phases     ] GC(99)   Pre Evacuate Collection Set: 0,0ms
[2023-11-04T14:40:11.630+0100][gc,phases     ] GC(99)   Evacuate Collection Set: 17,2ms
[2023-11-04T14:40:11.630+0100][gc,phases     ] GC(99)   Post Evacuate Collection Set: 0,8ms
[2023-11-04T14:40:11.630+0100][gc,phases     ] GC(99)   Other: 0,2ms
[2023-11-04T14:40:11.630+0100][gc,heap       ] GC(99) Eden regions: 601->0(601)
[2023-11-04T14:40:11.630+0100][gc,heap       ] GC(99) Survivor regions: 13->13(77)
[2023-11-04T14:40:11.630+0100][gc,heap       ] GC(99) Old regions: 80->80
[2023-11-04T14:40:11.630+0100][gc,heap       ] GC(99) Humongous regions: 129->129
[2023-11-04T14:40:11.630+0100][gc,metaspace  ] GC(99) Metaspace: 45425K(48384K)->45425K(48384K) NonClass: 39683K(41216K)->39683K(41216K) Class: 5741K(7168K)->5741K(7168K)
[2023-11-04T14:40:11.630+0100][gc            ] GC(99) Pause Young (Normal) (G1 Evacuation Pause) 820M->220M(1024M) 18,306ms
[2023-11-04T14:40:11.630+0100][gc,cpu        ] GC(99) User=0,06s Sys=0,01s Real=0,01s
[2023-11-04T14:40:53.417+0100][gc,start      ] GC(100) Pause Young (Normal) (G1 Evacuation Pause)
[2023-11-04T14:40:53.417+0100][gc,task       ] GC(100) Using 6 workers of 6 for evacuation
[2023-11-04T14:40:53.432+0100][gc,phases     ] GC(100)   Pre Evacuate Collection Set: 0,0ms
[2023-11-04T14:40:53.432+0100][gc,phases     ] GC(100)   Evacuate Collection Set: 13,6ms
[2023-11-04T14:40:53.432+0100][gc,phases     ] GC(100)   Post Evacuate Collection Set: 0,8ms
[2023-11-04T14:40:53.432+0100][gc,phases     ] GC(100)   Other: 0,2ms
[2023-11-04T14:40:53.432+0100][gc,heap       ] GC(100) Eden regions: 601->0(602)
[2023-11-04T14:40:53.432+0100][gc,heap       ] GC(100) Survivor regions: 13->12(77)
[2023-11-04T14:40:53.432+0100][gc,heap       ] GC(100) Old regions: 80->81
[2023-11-04T14:40:53.432+0100][gc,heap       ] GC(100) Humongous regions: 129->129
[2023-11-04T14:40:53.432+0100][gc,metaspace  ] GC(100) Metaspace: 45425K(48384K)->45425K(48384K) NonClass: 39684K(41216K)->39684K(41216K) Class: 5741K(7168K)->5741K(7168K)
[2023-11-04T14:40:53.432+0100][gc            ] GC(100) Pause Young (Normal) (G1 Evacuation Pause) 821M->220M(1024M) 14,681ms
[2023-11-04T14:40:53.432+0100][gc,cpu        ] GC(100) User=0,07s Sys=0,00s Real=0,02s
[2023-11-04T14:41:16.756+0100][gc,start      ] GC(101) Pause Young (Normal) (G1 Evacuation Pause)
[2023-11-04T14:41:16.756+0100][gc,task       ] GC(101) Using 6 workers of 6 for evacuation
[2023-11-04T14:41:16.773+0100][gc,phases     ] GC(101)   Pre Evacuate Collection Set: 0,0ms
[2023-11-04T14:41:16.773+0100][gc,phases     ] GC(101)   Evacuate Collection Set: 16,4ms
[2023-11-04T14:41:16.773+0100][gc,phases     ] GC(101)   Post Evacuate Collection Set: 1,0ms
[2023-11-04T14:41:16.774+0100][gc,phases     ] GC(101)   Other: 0,2ms
[2023-11-04T14:41:16.774+0100][gc,heap       ] GC(101) Eden regions: 602->0(601)
[2023-11-04T14:41:16.774+0100][gc,heap       ] GC(101) Survivor regions: 12->13(77)
[2023-11-04T14:41:16.774+0100][gc,heap       ] GC(101) Old regions: 81->82
[2023-11-04T14:41:16.774+0100][gc,heap       ] GC(101) Humongous regions: 129->129
[2023-11-04T14:41:16.774+0100][gc,metaspace  ] GC(101) Metaspace: 45427K(48384K)->45427K(48384K) NonClass: 39685K(41216K)->39685K(41216K) Class: 5741K(7168K)->5741K(7168K)
[2023-11-04T14:41:16.774+0100][gc            ] GC(101) Pause Young (Normal) (G1 Evacuation Pause) 822M->221M(1024M) 17,745ms
[2023-11-04T14:41:16.774+0100][gc,cpu        ] GC(101) User=0,07s Sys=0,01s Real=0,02s
[2023-11-04T14:41:33.904+0100][gc,start      ] GC(102) Pause Young (Normal) (G1 Evacuation Pause)
[2023-11-04T14:41:33.904+0100][gc,task       ] GC(102) Using 6 workers of 6 for evacuation
[2023-11-04T14:41:33.922+0100][gc,phases     ] GC(102)   Pre Evacuate Collection Set: 0,0ms
[2023-11-04T14:41:33.922+0100][gc,phases     ] GC(102)   Evacuate Collection Set: 17,2ms
[2023-11-04T14:41:33.922+0100][gc,phases     ] GC(102)   Post Evacuate Collection Set: 0,8ms
[2023-11-04T14:41:33.922+0100][gc,phases     ] GC(102)   Other: 0,2ms
[2023-11-04T14:41:33.922+0100][gc,heap       ] GC(102) Eden regions: 601->0(601)
[2023-11-04T14:41:33.922+0100][gc,heap       ] GC(102) Survivor regions: 13->13(77)
[2023-11-04T14:41:33.922+0100][gc,heap       ] GC(102) Old regions: 82->83
[2023-11-04T14:41:33.922+0100][gc,heap       ] GC(102) Humongous regions: 129->129
[2023-11-04T14:41:33.922+0100][gc,metaspace  ] GC(102) Metaspace: 45427K(48384K)->45427K(48384K) NonClass: 39685K(41216K)->39685K(41216K) Class: 5741K(7168K)->5741K(7168K)
[2023-11-04T14:41:33.922+0100][gc            ] GC(102) Pause Young (Normal) (G1 Evacuation Pause) 822M->222M(1024M) 18,323ms
[2023-11-04T14:41:33.922+0100][gc,cpu        ] GC(102) User=0,09s Sys=0,00s Real=0,01s
[2023-11-04T14:42:01.003+0100][gc,start      ] GC(103) Pause Young (Normal) (G1 Evacuation Pause)
[2023-11-04T14:42:01.003+0100][gc,task       ] GC(103) Using 6 workers of 6 for evacuation
[2023-11-04T14:42:01.014+0100][gc,phases     ] GC(103)   Pre Evacuate Collection Set: 0,0ms
[2023-11-04T14:42:01.014+0100][gc,phases     ] GC(103)   Evacuate Collection Set: 9,9ms
[2023-11-04T14:42:01.014+0100][gc,phases     ] GC(103)   Post Evacuate Collection Set: 0,9ms
[2023-11-04T14:42:01.014+0100][gc,phases     ] GC(103)   Other: 0,2ms
[2023-11-04T14:42:01.014+0100][gc,heap       ] GC(103) Eden regions: 601->0(601)
[2023-11-04T14:42:01.014+0100][gc,heap       ] GC(103) Survivor regions: 13->13(77)
[2023-11-04T14:42:01.014+0100][gc,heap       ] GC(103) Old regions: 83->84
[2023-11-04T14:42:01.014+0100][gc,heap       ] GC(103) Humongous regions: 129->129
[2023-11-04T14:42:01.014+0100][gc,metaspace  ] GC(103) Metaspace: 45427K(48384K)->45427K(48384K) NonClass: 39686K(41216K)->39686K(41216K) Class: 5741K(7168K)->5741K(7168K)
[2023-11-04T14:42:01.014+0100][gc            ] GC(103) Pause Young (Normal) (G1 Evacuation Pause) 823M->223M(1024M) 11,009ms
[2023-11-04T14:42:01.014+0100][gc,cpu        ] GC(103) User=0,05s Sys=0,01s Real=0,01s
[2023-11-04T14:42:25.940+0100][gc,start      ] GC(104) Pause Young (Normal) (G1 Evacuation Pause)
[2023-11-04T14:42:25.940+0100][gc,task       ] GC(104) Using 6 workers of 6 for evacuation
[2023-11-04T14:42:25.954+0100][gc,phases     ] GC(104)   Pre Evacuate Collection Set: 0,0ms
[2023-11-04T14:42:25.954+0100][gc,phases     ] GC(104)   Evacuate Collection Set: 12,5ms
[2023-11-04T14:42:25.954+0100][gc,phases     ] GC(104)   Post Evacuate Collection Set: 0,8ms
[2023-11-04T14:42:25.954+0100][gc,phases     ] GC(104)   Other: 0,2ms
[2023-11-04T14:42:25.954+0100][gc,heap       ] GC(104) Eden regions: 601->0(601)
[2023-11-04T14:42:25.954+0100][gc,heap       ] GC(104) Survivor regions: 13->13(77)
[2023-11-04T14:42:25.954+0100][gc,heap       ] GC(104) Old regions: 84->85
[2023-11-04T14:42:25.954+0100][gc,heap       ] GC(104) Humongous regions: 129->129
[2023-11-04T14:42:25.954+0100][gc,metaspace  ] GC(104) Metaspace: 45427K(48384K)->45427K(48384K) NonClass: 39686K(41216K)->39686K(41216K) Class: 5741K(7168K)->5741K(7168K)
[2023-11-04T14:42:25.954+0100][gc            ] GC(104) Pause Young (Normal) (G1 Evacuation Pause) 824M->224M(1024M) 13,605ms
[2023-11-04T14:42:25.954+0100][gc,cpu        ] GC(104) User=0,07s Sys=0,00s Real=0,02s
[2023-11-04T14:42:49.629+0100][gc,start      ] GC(105) Pause Young (Normal) (G1 Evacuation Pause)
[2023-11-04T14:42:49.629+0100][gc,task       ] GC(105) Using 6 workers of 6 for evacuation
[2023-11-04T14:42:49.639+0100][gc,phases     ] GC(105)   Pre Evacuate Collection Set: 0,0ms
[2023-11-04T14:42:49.639+0100][gc,phases     ] GC(105)   Evacuate Collection Set: 8,8ms
[2023-11-04T14:42:49.639+0100][gc,phases     ] GC(105)   Post Evacuate Collection Set: 0,9ms
[2023-11-04T14:42:49.639+0100][gc,phases     ] GC(105)   Other: 0,2ms
[2023-11-04T14:42:49.639+0100][gc,heap       ] GC(105) Eden regions: 601->0(601)
[2023-11-04T14:42:49.639+0100][gc,heap       ] GC(105) Survivor regions: 13->13(77)
[2023-11-04T14:42:49.639+0100][gc,heap       ] GC(105) Old regions: 85->86
[2023-11-04T14:42:49.639+0100][gc,heap       ] GC(105) Humongous regions: 129->129
[2023-11-04T14:42:49.639+0100][gc,metaspace  ] GC(105) Metaspace: 45427K(48384K)->45427K(48384K) NonClass: 39686K(41216K)->39686K(41216K) Class: 5741K(7168K)->5741K(7168K)
[2023-11-04T14:42:49.639+0100][gc            ] GC(105) Pause Young (Normal) (G1 Evacuation Pause) 825M->225M(1024M) 9,984ms
[2023-11-04T14:42:49.639+0100][gc,cpu        ] GC(105) User=0,05s Sys=0,00s Real=0,01s
[2023-11-04T14:43:10.233+0100][gc,start      ] GC(106) Pause Young (Normal) (G1 Evacuation Pause)
[2023-11-04T14:43:10.233+0100][gc,task       ] GC(106) Using 6 workers of 6 for evacuation
[2023-11-04T14:43:10.245+0100][gc,phases     ] GC(106)   Pre Evacuate Collection Set: 0,0ms
[2023-11-04T14:43:10.245+0100][gc,phases     ] GC(106)   Evacuate Collection Set: 11,0ms
[2023-11-04T14:43:10.245+0100][gc,phases     ] GC(106)   Post Evacuate Collection Set: 0,9ms
[2023-11-04T14:43:10.245+0100][gc,phases     ] GC(106)   Other: 0,2ms
[2023-11-04T14:43:10.245+0100][gc,heap       ] GC(106) Eden regions: 601->0(601)
[2023-11-04T14:43:10.245+0100][gc,heap       ] GC(106) Survivor regions: 13->13(77)
[2023-11-04T14:43:10.245+0100][gc,heap       ] GC(106) Old regions: 86->87
[2023-11-04T14:43:10.245+0100][gc,heap       ] GC(106) Humongous regions: 129->129
[2023-11-04T14:43:10.245+0100][gc,metaspace  ] GC(106) Metaspace: 45427K(48384K)->45427K(48384K) NonClass: 39686K(41216K)->39686K(41216K) Class: 5741K(7168K)->5741K(7168K)
[2023-11-04T14:43:10.245+0100][gc            ] GC(106) Pause Young (Normal) (G1 Evacuation Pause) 826M->226M(1024M) 12,308ms
[2023-11-04T14:43:10.245+0100][gc,cpu        ] GC(106) User=0,07s Sys=0,00s Real=0,01s
[2023-11-04T14:43:25.490+0100][gc,start      ] GC(107) Pause Young (Normal) (G1 Evacuation Pause)
[2023-11-04T14:43:25.490+0100][gc,task       ] GC(107) Using 6 workers of 6 for evacuation
[2023-11-04T14:43:25.505+0100][gc,phases     ] GC(107)   Pre Evacuate Collection Set: 0,0ms
[2023-11-04T14:43:25.505+0100][gc,phases     ] GC(107)   Evacuate Collection Set: 13,6ms
[2023-11-04T14:43:25.505+0100][gc,phases     ] GC(107)   Post Evacuate Collection Set: 1,0ms
[2023-11-04T14:43:25.505+0100][gc,phases     ] GC(107)   Other: 0,2ms
[2023-11-04T14:43:25.505+0100][gc,heap       ] GC(107) Eden regions: 601->0(601)
[2023-11-04T14:43:25.505+0100][gc,heap       ] GC(107) Survivor regions: 13->13(77)
[2023-11-04T14:43:25.505+0100][gc,heap       ] GC(107) Old regions: 87->87
[2023-11-04T14:43:25.505+0100][gc,heap       ] GC(107) Humongous regions: 129->129
[2023-11-04T14:43:25.505+0100][gc,metaspace  ] GC(107) Metaspace: 45427K(48384K)->45427K(48384K) NonClass: 39686K(41216K)->39686K(41216K) Class: 5741K(7168K)->5741K(7168K)
[2023-11-04T14:43:25.505+0100][gc            ] GC(107) Pause Young (Normal) (G1 Evacuation Pause) 827M->226M(1024M) 15,032ms
[2023-11-04T14:43:25.505+0100][gc,cpu        ] GC(107) User=0,08s Sys=0,00s Real=0,02s
[2023-11-04T14:43:42.109+0100][gc,start      ] GC(108) Pause Young (Normal) (G1 Evacuation Pause)
[2023-11-04T14:43:42.109+0100][gc,task       ] GC(108) Using 6 workers of 6 for evacuation
[2023-11-04T14:43:42.121+0100][gc,phases     ] GC(108)   Pre Evacuate Collection Set: 0,0ms
[2023-11-04T14:43:42.121+0100][gc,phases     ] GC(108)   Evacuate Collection Set: 11,0ms
[2023-11-04T14:43:42.121+0100][gc,phases     ] GC(108)   Post Evacuate Collection Set: 0,8ms
[2023-11-04T14:43:42.121+0100][gc,phases     ] GC(108)   Other: 0,2ms
[2023-11-04T14:43:42.121+0100][gc,heap       ] GC(108) Eden regions: 601->0(601)
[2023-11-04T14:43:42.121+0100][gc,heap       ] GC(108) Survivor regions: 13->13(77)
[2023-11-04T14:43:42.121+0100][gc,heap       ] GC(108) Old regions: 87->88
[2023-11-04T14:43:42.121+0100][gc,heap       ] GC(108) Humongous regions: 129->129
[2023-11-04T14:43:42.121+0100][gc,metaspace  ] GC(108) Metaspace: 45427K(48384K)->45427K(48384K) NonClass: 39686K(41216K)->39686K(41216K) Class: 5741K(7168K)->5741K(7168K)
[2023-11-04T14:43:42.121+0100][gc            ] GC(108) Pause Young (Normal) (G1 Evacuation Pause) 827M->228M(1024M) 12,166ms
[2023-11-04T14:43:42.121+0100][gc,cpu        ] GC(108) User=0,06s Sys=0,00s Real=0,01s
[2023-11-04T14:44:01.259+0100][gc,start      ] GC(109) Pause Young (Normal) (G1 Evacuation Pause)
[2023-11-04T14:44:01.259+0100][gc,task       ] GC(109) Using 6 workers of 6 for evacuation
[2023-11-04T14:44:01.270+0100][gc,phases     ] GC(109)   Pre Evacuate Collection Set: 0,0ms
[2023-11-04T14:44:01.270+0100][gc,phases     ] GC(109)   Evacuate Collection Set: 9,7ms
[2023-11-04T14:44:01.270+0100][gc,phases     ] GC(109)   Post Evacuate Collection Set: 1,1ms
[2023-11-04T14:44:01.270+0100][gc,phases     ] GC(109)   Other: 0,2ms
[2023-11-04T14:44:01.270+0100][gc,heap       ] GC(109) Eden regions: 601->0(602)
[2023-11-04T14:44:01.270+0100][gc,heap       ] GC(109) Survivor regions: 13->12(77)
[2023-11-04T14:44:01.270+0100][gc,heap       ] GC(109) Old regions: 88->89
[2023-11-04T14:44:01.270+0100][gc,heap       ] GC(109) Humongous regions: 129->129
[2023-11-04T14:44:01.270+0100][gc,metaspace  ] GC(109) Metaspace: 45427K(48384K)->45427K(48384K) NonClass: 39686K(41216K)->39686K(41216K) Class: 5741K(7168K)->5741K(7168K)
[2023-11-04T14:44:01.270+0100][gc            ] GC(109) Pause Young (Normal) (G1 Evacuation Pause) 829M->228M(1024M) 11,037ms
[2023-11-04T14:44:01.270+0100][gc,cpu        ] GC(109) User=0,04s Sys=0,00s Real=0,01s
[2023-11-04T14:44:16.726+0100][gc,start      ] GC(110) Pause Young (Normal) (G1 Evacuation Pause)
[2023-11-04T14:44:16.726+0100][gc,task       ] GC(110) Using 6 workers of 6 for evacuation
[2023-11-04T14:44:16.739+0100][gc,phases     ] GC(110)   Pre Evacuate Collection Set: 0,0ms
[2023-11-04T14:44:16.739+0100][gc,phases     ] GC(110)   Evacuate Collection Set: 11,6ms
[2023-11-04T14:44:16.739+0100][gc,phases     ] GC(110)   Post Evacuate Collection Set: 1,3ms
[2023-11-04T14:44:16.739+0100][gc,phases     ] GC(110)   Other: 0,3ms
[2023-11-04T14:44:16.739+0100][gc,heap       ] GC(110) Eden regions: 602->0(601)
[2023-11-04T14:44:16.739+0100][gc,heap       ] GC(110) Survivor regions: 12->13(77)
[2023-11-04T14:44:16.739+0100][gc,heap       ] GC(110) Old regions: 89->90
[2023-11-04T14:44:16.739+0100][gc,heap       ] GC(110) Humongous regions: 129->129
[2023-11-04T14:44:16.739+0100][gc,metaspace  ] GC(110) Metaspace: 45427K(48384K)->45427K(48384K) NonClass: 39686K(41216K)->39686K(41216K) Class: 5741K(7168K)->5741K(7168K)
[2023-11-04T14:44:16.739+0100][gc            ] GC(110) Pause Young (Normal) (G1 Evacuation Pause) 830M->229M(1024M) 13,419ms
[2023-11-04T14:44:16.739+0100][gc,cpu        ] GC(110) User=0,07s Sys=0,00s Real=0,01s
[2023-11-04T14:44:32.136+0100][gc,start      ] GC(111) Pause Young (Normal) (G1 Evacuation Pause)
[2023-11-04T14:44:32.136+0100][gc,task       ] GC(111) Using 6 workers of 6 for evacuation
[2023-11-04T14:44:32.147+0100][gc,phases     ] GC(111)   Pre Evacuate Collection Set: 0,0ms
[2023-11-04T14:44:32.147+0100][gc,phases     ] GC(111)   Evacuate Collection Set: 8,2ms
[2023-11-04T14:44:32.147+0100][gc,phases     ] GC(111)   Post Evacuate Collection Set: 1,0ms
[2023-11-04T14:44:32.147+0100][gc,phases     ] GC(111)   Other: 2,2ms
[2023-11-04T14:44:32.147+0100][gc,heap       ] GC(111) Eden regions: 601->0(602)
[2023-11-04T14:44:32.147+0100][gc,heap       ] GC(111) Survivor regions: 13->12(77)
[2023-11-04T14:44:32.147+0100][gc,heap       ] GC(111) Old regions: 90->90
[2023-11-04T14:44:32.147+0100][gc,heap       ] GC(111) Humongous regions: 129->129
[2023-11-04T14:44:32.147+0100][gc,metaspace  ] GC(111) Metaspace: 45427K(48384K)->45427K(48384K) NonClass: 39686K(41216K)->39686K(41216K) Class: 5741K(7168K)->5741K(7168K)
[2023-11-04T14:44:32.147+0100][gc            ] GC(111) Pause Young (Normal) (G1 Evacuation Pause) 830M->229M(1024M) 11,546ms
[2023-11-04T14:44:32.147+0100][gc,cpu        ] GC(111) User=0,04s Sys=0,01s Real=0,01s
[2023-11-04T14:44:46.274+0100][gc,start      ] GC(112) Pause Young (Normal) (G1 Evacuation Pause)
[2023-11-04T14:44:46.274+0100][gc,task       ] GC(112) Using 6 workers of 6 for evacuation
[2023-11-04T14:44:46.285+0100][gc,phases     ] GC(112)   Pre Evacuate Collection Set: 0,0ms
[2023-11-04T14:44:46.285+0100][gc,phases     ] GC(112)   Evacuate Collection Set: 9,8ms
[2023-11-04T14:44:46.285+0100][gc,phases     ] GC(112)   Post Evacuate Collection Set: 1,1ms
[2023-11-04T14:44:46.285+0100][gc,phases     ] GC(112)   Other: 0,3ms
[2023-11-04T14:44:46.285+0100][gc,heap       ] GC(112) Eden regions: 602->0(602)
[2023-11-04T14:44:46.285+0100][gc,heap       ] GC(112) Survivor regions: 12->12(77)
[2023-11-04T14:44:46.285+0100][gc,heap       ] GC(112) Old regions: 90->91
[2023-11-04T14:44:46.285+0100][gc,heap       ] GC(112) Humongous regions: 129->129
[2023-11-04T14:44:46.285+0100][gc,metaspace  ] GC(112) Metaspace: 45427K(48384K)->45427K(48384K) NonClass: 39686K(41216K)->39686K(41216K) Class: 5741K(7168K)->5741K(7168K)
[2023-11-04T14:44:46.285+0100][gc            ] GC(112) Pause Young (Normal) (G1 Evacuation Pause) 831M->230M(1024M) 11,372ms
[2023-11-04T14:44:46.285+0100][gc,cpu        ] GC(112) User=0,06s Sys=0,00s Real=0,01s
[2023-11-04T14:45:00.014+0100][gc,start      ] GC(113) Pause Young (Normal) (G1 Evacuation Pause)
[2023-11-04T14:45:00.014+0100][gc,task       ] GC(113) Using 6 workers of 6 for evacuation
[2023-11-04T14:45:00.026+0100][gc,phases     ] GC(113)   Pre Evacuate Collection Set: 0,0ms
[2023-11-04T14:45:00.026+0100][gc,phases     ] GC(113)   Evacuate Collection Set: 10,4ms
[2023-11-04T14:45:00.026+0100][gc,phases     ] GC(113)   Post Evacuate Collection Set: 1,1ms
[2023-11-04T14:45:00.026+0100][gc,phases     ] GC(113)   Other: 0,2ms
[2023-11-04T14:45:00.026+0100][gc,heap       ] GC(113) Eden regions: 602->0(602)
[2023-11-04T14:45:00.026+0100][gc,heap       ] GC(113) Survivor regions: 12->12(77)
[2023-11-04T14:45:00.026+0100][gc,heap       ] GC(113) Old regions: 91->92
[2023-11-04T14:45:00.026+0100][gc,heap       ] GC(113) Humongous regions: 129->129
[2023-11-04T14:45:00.026+0100][gc,metaspace  ] GC(113) Metaspace: 45427K(48384K)->45427K(48384K) NonClass: 39686K(41216K)->39686K(41216K) Class: 5741K(7168K)->5741K(7168K)
[2023-11-04T14:45:00.026+0100][gc            ] GC(113) Pause Young (Normal) (G1 Evacuation Pause) 832M->231M(1024M) 11,913ms
[2023-11-04T14:45:00.026+0100][gc,cpu        ] GC(113) User=0,07s Sys=0,00s Real=0,01s
[2023-11-04T14:45:15.013+0100][gc,start      ] GC(114) Pause Young (Normal) (G1 Evacuation Pause)
[2023-11-04T14:45:15.013+0100][gc,task       ] GC(114) Using 6 workers of 6 for evacuation
[2023-11-04T14:45:15.025+0100][gc,phases     ] GC(114)   Pre Evacuate Collection Set: 0,0ms
[2023-11-04T14:45:15.025+0100][gc,phases     ] GC(114)   Evacuate Collection Set: 11,1ms
[2023-11-04T14:45:15.025+0100][gc,phases     ] GC(114)   Post Evacuate Collection Set: 0,7ms
[2023-11-04T14:45:15.025+0100][gc,phases     ] GC(114)   Other: 0,2ms
[2023-11-04T14:45:15.025+0100][gc,heap       ] GC(114) Eden regions: 602->0(602)
[2023-11-04T14:45:15.025+0100][gc,heap       ] GC(114) Survivor regions: 12->12(77)
[2023-11-04T14:45:15.025+0100][gc,heap       ] GC(114) Old regions: 92->93
[2023-11-04T14:45:15.025+0100][gc,heap       ] GC(114) Humongous regions: 129->129
[2023-11-04T14:45:15.025+0100][gc,metaspace  ] GC(114) Metaspace: 45427K(48384K)->45427K(48384K) NonClass: 39686K(41216K)->39686K(41216K) Class: 5741K(7168K)->5741K(7168K)
[2023-11-04T14:45:15.025+0100][gc            ] GC(114) Pause Young (Normal) (G1 Evacuation Pause) 833M->231M(1024M) 12,110ms
[2023-11-04T14:45:15.025+0100][gc,cpu        ] GC(114) User=0,07s Sys=0,00s Real=0,01s
[2023-11-04T14:45:27.589+0100][gc,start      ] GC(115) Pause Young (Normal) (G1 Evacuation Pause)
[2023-11-04T14:45:27.589+0100][gc,task       ] GC(115) Using 6 workers of 6 for evacuation
[2023-11-04T14:45:27.598+0100][gc,phases     ] GC(115)   Pre Evacuate Collection Set: 0,0ms
[2023-11-04T14:45:27.598+0100][gc,phases     ] GC(115)   Evacuate Collection Set: 8,3ms
[2023-11-04T14:45:27.598+0100][gc,phases     ] GC(115)   Post Evacuate Collection Set: 0,8ms
[2023-11-04T14:45:27.598+0100][gc,phases     ] GC(115)   Other: 0,2ms
[2023-11-04T14:45:27.598+0100][gc,heap       ] GC(115) Eden regions: 602->0(603)
[2023-11-04T14:45:27.598+0100][gc,heap       ] GC(115) Survivor regions: 12->11(77)
[2023-11-04T14:45:27.598+0100][gc,heap       ] GC(115) Old regions: 93->94
[2023-11-04T14:45:27.598+0100][gc,heap       ] GC(115) Humongous regions: 129->129
[2023-11-04T14:45:27.598+0100][gc,metaspace  ] GC(115) Metaspace: 45427K(48384K)->45427K(48384K) NonClass: 39686K(41216K)->39686K(41216K) Class: 5741K(7168K)->5741K(7168K)
[2023-11-04T14:45:27.598+0100][gc            ] GC(115) Pause Young (Normal) (G1 Evacuation Pause) 833M->231M(1024M) 9,375ms
[2023-11-04T14:45:27.598+0100][gc,cpu        ] GC(115) User=0,05s Sys=0,00s Real=0,01s
[2023-11-04T14:45:41.396+0100][gc,start      ] GC(116) Pause Young (Normal) (G1 Evacuation Pause)
[2023-11-04T14:45:41.396+0100][gc,task       ] GC(116) Using 6 workers of 6 for evacuation
[2023-11-04T14:45:41.410+0100][gc,phases     ] GC(116)   Pre Evacuate Collection Set: 0,0ms
[2023-11-04T14:45:41.410+0100][gc,phases     ] GC(116)   Evacuate Collection Set: 12,7ms
[2023-11-04T14:45:41.410+0100][gc,phases     ] GC(116)   Post Evacuate Collection Set: 1,0ms
[2023-11-04T14:45:41.410+0100][gc,phases     ] GC(116)   Other: 0,2ms
[2023-11-04T14:45:41.410+0100][gc,heap       ] GC(116) Eden regions: 603->0(602)
[2023-11-04T14:45:41.410+0100][gc,heap       ] GC(116) Survivor regions: 11->12(77)
[2023-11-04T14:45:41.410+0100][gc,heap       ] GC(116) Old regions: 94->95
[2023-11-04T14:45:41.410+0100][gc,heap       ] GC(116) Humongous regions: 129->129
[2023-11-04T14:45:41.410+0100][gc,metaspace  ] GC(116) Metaspace: 45427K(48384K)->45427K(48384K) NonClass: 39686K(41216K)->39686K(41216K) Class: 5741K(7168K)->5741K(7168K)
[2023-11-04T14:45:41.410+0100][gc            ] GC(116) Pause Young (Normal) (G1 Evacuation Pause) 834M->233M(1024M) 13,984ms
[2023-11-04T14:45:41.410+0100][gc,cpu        ] GC(116) User=0,07s Sys=0,00s Real=0,01s
[2023-11-04T14:45:55.296+0100][gc,start      ] GC(117) Pause Young (Normal) (G1 Evacuation Pause)
[2023-11-04T14:45:55.296+0100][gc,task       ] GC(117) Using 6 workers of 6 for evacuation
[2023-11-04T14:45:55.306+0100][gc,phases     ] GC(117)   Pre Evacuate Collection Set: 0,0ms
[2023-11-04T14:45:55.306+0100][gc,phases     ] GC(117)   Evacuate Collection Set: 8,5ms
[2023-11-04T14:45:55.306+0100][gc,phases     ] GC(117)   Post Evacuate Collection Set: 1,0ms
[2023-11-04T14:45:55.306+0100][gc,phases     ] GC(117)   Other: 0,2ms
[2023-11-04T14:45:55.306+0100][gc,heap       ] GC(117) Eden regions: 602->0(603)
[2023-11-04T14:45:55.306+0100][gc,heap       ] GC(117) Survivor regions: 12->11(77)
[2023-11-04T14:45:55.306+0100][gc,heap       ] GC(117) Old regions: 95->96
[2023-11-04T14:45:55.306+0100][gc,heap       ] GC(117) Humongous regions: 129->129
[2023-11-04T14:45:55.306+0100][gc,metaspace  ] GC(117) Metaspace: 45427K(48384K)->45427K(48384K) NonClass: 39686K(41216K)->39686K(41216K) Class: 5741K(7168K)->5741K(7168K)
[2023-11-04T14:45:55.306+0100][gc            ] GC(117) Pause Young (Normal) (G1 Evacuation Pause) 835M->233M(1024M) 9,844ms
[2023-11-04T14:45:55.306+0100][gc,cpu        ] GC(117) User=0,05s Sys=0,00s Real=0,01s
[2023-11-04T14:46:08.109+0100][gc,start      ] GC(118) Pause Young (Normal) (G1 Evacuation Pause)
[2023-11-04T14:46:08.109+0100][gc,task       ] GC(118) Using 6 workers of 6 for evacuation
[2023-11-04T14:46:08.119+0100][gc,phases     ] GC(118)   Pre Evacuate Collection Set: 0,0ms
[2023-11-04T14:46:08.119+0100][gc,phases     ] GC(118)   Evacuate Collection Set: 8,0ms
[2023-11-04T14:46:08.119+0100][gc,phases     ] GC(118)   Post Evacuate Collection Set: 1,1ms
[2023-11-04T14:46:08.119+0100][gc,phases     ] GC(118)   Other: 0,2ms
[2023-11-04T14:46:08.119+0100][gc,heap       ] GC(118) Eden regions: 603->0(604)
[2023-11-04T14:46:08.119+0100][gc,heap       ] GC(118) Survivor regions: 11->10(77)
[2023-11-04T14:46:08.119+0100][gc,heap       ] GC(118) Old regions: 96->96
[2023-11-04T14:46:08.119+0100][gc,heap       ] GC(118) Humongous regions: 129->129
[2023-11-04T14:46:08.119+0100][gc,metaspace  ] GC(118) Metaspace: 45427K(48384K)->45427K(48384K) NonClass: 39686K(41216K)->39686K(41216K) Class: 5741K(7168K)->5741K(7168K)
[2023-11-04T14:46:08.119+0100][gc            ] GC(118) Pause Young (Normal) (G1 Evacuation Pause) 836M->233M(1024M) 9,456ms
[2023-11-04T14:46:08.119+0100][gc,cpu        ] GC(118) User=0,05s Sys=0,00s Real=0,01s
[2023-11-04T14:46:22.548+0100][gc,start      ] GC(119) Pause Young (Normal) (G1 Evacuation Pause)
[2023-11-04T14:46:22.548+0100][gc,task       ] GC(119) Using 6 workers of 6 for evacuation
[2023-11-04T14:46:22.560+0100][gc,phases     ] GC(119)   Pre Evacuate Collection Set: 0,0ms
[2023-11-04T14:46:22.560+0100][gc,phases     ] GC(119)   Evacuate Collection Set: 10,1ms
[2023-11-04T14:46:22.560+0100][gc,phases     ] GC(119)   Post Evacuate Collection Set: 2,0ms
[2023-11-04T14:46:22.560+0100][gc,phases     ] GC(119)   Other: 0,2ms
[2023-11-04T14:46:22.560+0100][gc,heap       ] GC(119) Eden regions: 604->0(604)
[2023-11-04T14:46:22.560+0100][gc,heap       ] GC(119) Survivor regions: 10->10(77)
[2023-11-04T14:46:22.560+0100][gc,heap       ] GC(119) Old regions: 96->97
[2023-11-04T14:46:22.560+0100][gc,heap       ] GC(119) Humongous regions: 129->129
[2023-11-04T14:46:22.560+0100][gc,metaspace  ] GC(119) Metaspace: 45427K(48384K)->45427K(48384K) NonClass: 39686K(41216K)->39686K(41216K) Class: 5741K(7168K)->5741K(7168K)
[2023-11-04T14:46:22.560+0100][gc            ] GC(119) Pause Young (Normal) (G1 Evacuation Pause) 837M->233M(1024M) 12,563ms
[2023-11-04T14:46:22.560+0100][gc,cpu        ] GC(119) User=0,06s Sys=0,01s Real=0,01s
[2023-11-04T14:46:37.780+0100][gc,start      ] GC(120) Pause Young (Normal) (G1 Evacuation Pause)
[2023-11-04T14:46:37.780+0100][gc,task       ] GC(120) Using 6 workers of 6 for evacuation
[2023-11-04T14:46:37.789+0100][gc,phases     ] GC(120)   Pre Evacuate Collection Set: 0,0ms
[2023-11-04T14:46:37.789+0100][gc,phases     ] GC(120)   Evacuate Collection Set: 7,5ms
[2023-11-04T14:46:37.789+0100][gc,phases     ] GC(120)   Post Evacuate Collection Set: 1,1ms
[2023-11-04T14:46:37.789+0100][gc,phases     ] GC(120)   Other: 0,2ms
[2023-11-04T14:46:37.789+0100][gc,heap       ] GC(120) Eden regions: 604->0(604)
[2023-11-04T14:46:37.789+0100][gc,heap       ] GC(120) Survivor regions: 10->10(77)
[2023-11-04T14:46:37.789+0100][gc,heap       ] GC(120) Old regions: 97->98
[2023-11-04T14:46:37.789+0100][gc,heap       ] GC(120) Humongous regions: 129->129
[2023-11-04T14:46:37.789+0100][gc,metaspace  ] GC(120) Metaspace: 45427K(48384K)->45427K(48384K) NonClass: 39686K(41216K)->39686K(41216K) Class: 5741K(7168K)->5741K(7168K)
[2023-11-04T14:46:37.789+0100][gc            ] GC(120) Pause Young (Normal) (G1 Evacuation Pause) 837M->235M(1024M) 9,048ms
[2023-11-04T14:46:37.789+0100][gc,cpu        ] GC(120) User=0,04s Sys=0,00s Real=0,01s
[2023-11-04T14:46:54.565+0100][gc,start      ] GC(121) Pause Young (Normal) (G1 Evacuation Pause)
[2023-11-04T14:46:54.565+0100][gc,task       ] GC(121) Using 6 workers of 6 for evacuation
[2023-11-04T14:46:54.574+0100][gc,phases     ] GC(121)   Pre Evacuate Collection Set: 0,0ms
[2023-11-04T14:46:54.574+0100][gc,phases     ] GC(121)   Evacuate Collection Set: 7,6ms
[2023-11-04T14:46:54.574+0100][gc,phases     ] GC(121)   Post Evacuate Collection Set: 1,0ms
[2023-11-04T14:46:54.574+0100][gc,phases     ] GC(121)   Other: 0,2ms
[2023-11-04T14:46:54.574+0100][gc,heap       ] GC(121) Eden regions: 604->0(605)
[2023-11-04T14:46:54.574+0100][gc,heap       ] GC(121) Survivor regions: 10->9(77)
[2023-11-04T14:46:54.574+0100][gc,heap       ] GC(121) Old regions: 98->99
[2023-11-04T14:46:54.574+0100][gc,heap       ] GC(121) Humongous regions: 129->129
[2023-11-04T14:46:54.574+0100][gc,metaspace  ] GC(121) Metaspace: 45427K(48384K)->45427K(48384K) NonClass: 39686K(41216K)->39686K(41216K) Class: 5741K(7168K)->5741K(7168K)
[2023-11-04T14:46:54.574+0100][gc            ] GC(121) Pause Young (Normal) (G1 Evacuation Pause) 839M->235M(1024M) 8,894ms
[2023-11-04T14:46:54.574+0100][gc,cpu        ] GC(121) User=0,04s Sys=0,00s Real=0,01s
[2023-11-04T14:47:12.184+0100][gc,start      ] GC(122) Pause Young (Normal) (G1 Evacuation Pause)
[2023-11-04T14:47:12.184+0100][gc,task       ] GC(122) Using 6 workers of 6 for evacuation
[2023-11-04T14:47:12.193+0100][gc,phases     ] GC(122)   Pre Evacuate Collection Set: 0,0ms
[2023-11-04T14:47:12.193+0100][gc,phases     ] GC(122)   Evacuate Collection Set: 7,5ms
[2023-11-04T14:47:12.193+0100][gc,phases     ] GC(122)   Post Evacuate Collection Set: 1,4ms
[2023-11-04T14:47:12.193+0100][gc,phases     ] GC(122)   Other: 0,2ms
[2023-11-04T14:47:12.193+0100][gc,heap       ] GC(122) Eden regions: 605->0(605)
[2023-11-04T14:47:12.193+0100][gc,heap       ] GC(122) Survivor regions: 9->9(77)
[2023-11-04T14:47:12.193+0100][gc,heap       ] GC(122) Old regions: 99->100
[2023-11-04T14:47:12.193+0100][gc,heap       ] GC(122) Humongous regions: 129->129
[2023-11-04T14:47:12.193+0100][gc,metaspace  ] GC(122) Metaspace: 45427K(48384K)->45427K(48384K) NonClass: 39686K(41216K)->39686K(41216K) Class: 5741K(7168K)->5741K(7168K)
[2023-11-04T14:47:12.193+0100][gc            ] GC(122) Pause Young (Normal) (G1 Evacuation Pause) 840M->236M(1024M) 9,254ms
[2023-11-04T14:47:12.193+0100][gc,cpu        ] GC(122) User=0,05s Sys=0,00s Real=0,01s
[2023-11-04T14:47:33.648+0100][gc,start      ] GC(123) Pause Young (Normal) (G1 Evacuation Pause)
[2023-11-04T14:47:33.648+0100][gc,task       ] GC(123) Using 6 workers of 6 for evacuation
[2023-11-04T14:47:33.670+0100][gc,mmu        ] GC(123) MMU target violated: 21,0ms (20,0ms/21,0ms)
[2023-11-04T14:47:33.670+0100][gc,phases     ] GC(123)   Pre Evacuate Collection Set: 0,0ms
[2023-11-04T14:47:33.670+0100][gc,phases     ] GC(123)   Evacuate Collection Set: 11,9ms
[2023-11-04T14:47:33.670+0100][gc,phases     ] GC(123)   Post Evacuate Collection Set: 9,2ms
[2023-11-04T14:47:33.670+0100][gc,phases     ] GC(123)   Other: 0,5ms
[2023-11-04T14:47:33.670+0100][gc,heap       ] GC(123) Eden regions: 605->0(605)
[2023-11-04T14:47:33.670+0100][gc,heap       ] GC(123) Survivor regions: 9->9(77)
[2023-11-04T14:47:33.670+0100][gc,heap       ] GC(123) Old regions: 100->101
[2023-11-04T14:47:33.670+0100][gc,heap       ] GC(123) Humongous regions: 129->129
[2023-11-04T14:47:33.670+0100][gc,metaspace  ] GC(123) Metaspace: 45427K(48384K)->45427K(48384K) NonClass: 39686K(41216K)->39686K(41216K) Class: 5741K(7168K)->5741K(7168K)
[2023-11-04T14:47:33.670+0100][gc            ] GC(123) Pause Young (Normal) (G1 Evacuation Pause) 841M->236M(1024M) 21,759ms
[2023-11-04T14:47:33.670+0100][gc,cpu        ] GC(123) User=0,06s Sys=0,00s Real=0,02s
[2023-11-04T14:48:00.492+0100][gc,start      ] GC(124) Pause Young (Normal) (G1 Evacuation Pause)
[2023-11-04T14:48:00.492+0100][gc,task       ] GC(124) Using 6 workers of 6 for evacuation
[2023-11-04T14:48:00.505+0100][gc,phases     ] GC(124)   Pre Evacuate Collection Set: 0,0ms
[2023-11-04T14:48:00.505+0100][gc,phases     ] GC(124)   Evacuate Collection Set: 11,9ms
[2023-11-04T14:48:00.505+0100][gc,phases     ] GC(124)   Post Evacuate Collection Set: 0,8ms
[2023-11-04T14:48:00.505+0100][gc,phases     ] GC(124)   Other: 0,3ms
[2023-11-04T14:48:00.505+0100][gc,heap       ] GC(124) Eden regions: 605->0(605)
[2023-11-04T14:48:00.505+0100][gc,heap       ] GC(124) Survivor regions: 9->9(77)
[2023-11-04T14:48:00.505+0100][gc,heap       ] GC(124) Old regions: 101->101
[2023-11-04T14:48:00.505+0100][gc,heap       ] GC(124) Humongous regions: 129->129
[2023-11-04T14:48:00.505+0100][gc,metaspace  ] GC(124) Metaspace: 45427K(48384K)->45427K(48384K) NonClass: 39686K(41216K)->39686K(41216K) Class: 5741K(7168K)->5741K(7168K)
[2023-11-04T14:48:00.505+0100][gc            ] GC(124) Pause Young (Normal) (G1 Evacuation Pause) 841M->237M(1024M) 13,111ms
[2023-11-04T14:48:00.505+0100][gc,cpu        ] GC(124) User=0,06s Sys=0,00s Real=0,01s
[2023-11-04T14:48:16.421+0100][gc,start      ] GC(125) Pause Young (Normal) (G1 Evacuation Pause)
[2023-11-04T14:48:16.421+0100][gc,task       ] GC(125) Using 6 workers of 6 for evacuation
[2023-11-04T14:48:16.432+0100][gc,phases     ] GC(125)   Pre Evacuate Collection Set: 0,0ms
[2023-11-04T14:48:16.432+0100][gc,phases     ] GC(125)   Evacuate Collection Set: 8,9ms
[2023-11-04T14:48:16.432+0100][gc,phases     ] GC(125)   Post Evacuate Collection Set: 1,6ms
[2023-11-04T14:48:16.432+0100][gc,phases     ] GC(125)   Other: 0,2ms
[2023-11-04T14:48:16.432+0100][gc,heap       ] GC(125) Eden regions: 605->0(605)
[2023-11-04T14:48:16.432+0100][gc,heap       ] GC(125) Survivor regions: 9->9(77)
[2023-11-04T14:48:16.432+0100][gc,heap       ] GC(125) Old regions: 101->102
[2023-11-04T14:48:16.432+0100][gc,heap       ] GC(125) Humongous regions: 129->129
[2023-11-04T14:48:16.432+0100][gc,metaspace  ] GC(125) Metaspace: 45427K(48384K)->45427K(48384K) NonClass: 39686K(41216K)->39686K(41216K) Class: 5741K(7168K)->5741K(7168K)
[2023-11-04T14:48:16.432+0100][gc            ] GC(125) Pause Young (Normal) (G1 Evacuation Pause) 842M->237M(1024M) 10,836ms
[2023-11-04T14:48:16.432+0100][gc,cpu        ] GC(125) User=0,05s Sys=0,00s Real=0,02s
[2023-11-04T14:48:32.315+0100][gc,start      ] GC(126) Pause Young (Normal) (G1 Evacuation Pause)
[2023-11-04T14:48:32.315+0100][gc,task       ] GC(126) Using 6 workers of 6 for evacuation
[2023-11-04T14:48:32.323+0100][gc,phases     ] GC(126)   Pre Evacuate Collection Set: 0,0ms
[2023-11-04T14:48:32.323+0100][gc,phases     ] GC(126)   Evacuate Collection Set: 7,3ms
[2023-11-04T14:48:32.323+0100][gc,phases     ] GC(126)   Post Evacuate Collection Set: 1,0ms
[2023-11-04T14:48:32.323+0100][gc,phases     ] GC(126)   Other: 0,2ms
[2023-11-04T14:48:32.323+0100][gc,heap       ] GC(126) Eden regions: 605->0(605)
[2023-11-04T14:48:32.323+0100][gc,heap       ] GC(126) Survivor regions: 9->9(77)
[2023-11-04T14:48:32.323+0100][gc,heap       ] GC(126) Old regions: 102->103
[2023-11-04T14:48:32.323+0100][gc,heap       ] GC(126) Humongous regions: 129->129
[2023-11-04T14:48:32.323+0100][gc,metaspace  ] GC(126) Metaspace: 45427K(48384K)->45427K(48384K) NonClass: 39686K(41216K)->39686K(41216K) Class: 5741K(7168K)->5741K(7168K)
[2023-11-04T14:48:32.323+0100][gc            ] GC(126) Pause Young (Normal) (G1 Evacuation Pause) 842M->238M(1024M) 8,647ms
[2023-11-04T14:48:32.323+0100][gc,cpu        ] GC(126) User=0,04s Sys=0,00s Real=0,01s
[2023-11-04T14:48:48.819+0100][gc,start      ] GC(127) Pause Young (Normal) (G1 Evacuation Pause)
[2023-11-04T14:48:48.819+0100][gc,task       ] GC(127) Using 6 workers of 6 for evacuation
[2023-11-04T14:48:48.828+0100][gc,phases     ] GC(127)   Pre Evacuate Collection Set: 0,0ms
[2023-11-04T14:48:48.828+0100][gc,phases     ] GC(127)   Evacuate Collection Set: 7,4ms
[2023-11-04T14:48:48.828+0100][gc,phases     ] GC(127)   Post Evacuate Collection Set: 1,3ms
[2023-11-04T14:48:48.828+0100][gc,phases     ] GC(127)   Other: 0,3ms
[2023-11-04T14:48:48.828+0100][gc,heap       ] GC(127) Eden regions: 605->0(605)
[2023-11-04T14:48:48.828+0100][gc,heap       ] GC(127) Survivor regions: 9->9(77)
[2023-11-04T14:48:48.828+0100][gc,heap       ] GC(127) Old regions: 103->103
[2023-11-04T14:48:48.828+0100][gc,heap       ] GC(127) Humongous regions: 129->129
[2023-11-04T14:48:48.828+0100][gc,metaspace  ] GC(127) Metaspace: 45427K(48384K)->45427K(48384K) NonClass: 39686K(41216K)->39686K(41216K) Class: 5741K(7168K)->5741K(7168K)
[2023-11-04T14:48:48.828+0100][gc            ] GC(127) Pause Young (Normal) (G1 Evacuation Pause) 843M->239M(1024M) 9,130ms
[2023-11-04T14:48:48.828+0100][gc,cpu        ] GC(127) User=0,04s Sys=0,00s Real=0,01s
[2023-11-04T14:49:02.280+0100][gc,start      ] GC(128) Pause Young (Normal) (G1 Evacuation Pause)
[2023-11-04T14:49:02.280+0100][gc,task       ] GC(128) Using 6 workers of 6 for evacuation
[2023-11-04T14:49:02.292+0100][gc,phases     ] GC(128)   Pre Evacuate Collection Set: 0,0ms
[2023-11-04T14:49:02.292+0100][gc,phases     ] GC(128)   Evacuate Collection Set: 10,4ms
[2023-11-04T14:49:02.292+0100][gc,phases     ] GC(128)   Post Evacuate Collection Set: 1,3ms
[2023-11-04T14:49:02.292+0100][gc,phases     ] GC(128)   Other: 0,2ms
[2023-11-04T14:49:02.292+0100][gc,heap       ] GC(128) Eden regions: 605->0(605)
[2023-11-04T14:49:02.292+0100][gc,heap       ] GC(128) Survivor regions: 9->9(77)
[2023-11-04T14:49:02.292+0100][gc,heap       ] GC(128) Old regions: 103->104
[2023-11-04T14:49:02.292+0100][gc,heap       ] GC(128) Humongous regions: 129->129
[2023-11-04T14:49:02.292+0100][gc,metaspace  ] GC(128) Metaspace: 45427K(48384K)->45427K(48384K) NonClass: 39686K(41216K)->39686K(41216K) Class: 5741K(7168K)->5741K(7168K)
[2023-11-04T14:49:02.292+0100][gc            ] GC(128) Pause Young (Normal) (G1 Evacuation Pause) 844M->239M(1024M) 11,930ms
[2023-11-04T14:49:02.292+0100][gc,cpu        ] GC(128) User=0,04s Sys=0,01s Real=0,02s
[2023-11-04T14:49:17.503+0100][gc,start      ] GC(129) Pause Young (Normal) (G1 Evacuation Pause)
[2023-11-04T14:49:17.503+0100][gc,task       ] GC(129) Using 6 workers of 6 for evacuation
[2023-11-04T14:49:17.517+0100][gc,phases     ] GC(129)   Pre Evacuate Collection Set: 0,0ms
[2023-11-04T14:49:17.517+0100][gc,phases     ] GC(129)   Evacuate Collection Set: 11,7ms
[2023-11-04T14:49:17.517+0100][gc,phases     ] GC(129)   Post Evacuate Collection Set: 1,8ms
[2023-11-04T14:49:17.517+0100][gc,phases     ] GC(129)   Other: 0,2ms
[2023-11-04T14:49:17.517+0100][gc,heap       ] GC(129) Eden regions: 605->0(605)
[2023-11-04T14:49:17.517+0100][gc,heap       ] GC(129) Survivor regions: 9->9(77)
[2023-11-04T14:49:17.517+0100][gc,heap       ] GC(129) Old regions: 104->104
[2023-11-04T14:49:17.517+0100][gc,heap       ] GC(129) Humongous regions: 129->129
[2023-11-04T14:49:17.517+0100][gc,metaspace  ] GC(129) Metaspace: 45429K(48384K)->45429K(48384K) NonClass: 39687K(41216K)->39687K(41216K) Class: 5741K(7168K)->5741K(7168K)
[2023-11-04T14:49:17.517+0100][gc            ] GC(129) Pause Young (Normal) (G1 Evacuation Pause) 844M->240M(1024M) 13,929ms
[2023-11-04T14:49:17.517+0100][gc,cpu        ] GC(129) User=0,05s Sys=0,00s Real=0,01s
[2023-11-04T14:49:31.549+0100][gc,start      ] GC(130) Pause Young (Normal) (G1 Evacuation Pause)
[2023-11-04T14:49:31.549+0100][gc,task       ] GC(130) Using 6 workers of 6 for evacuation
[2023-11-04T14:49:31.562+0100][gc,phases     ] GC(130)   Pre Evacuate Collection Set: 0,0ms
[2023-11-04T14:49:31.562+0100][gc,phases     ] GC(130)   Evacuate Collection Set: 11,8ms
[2023-11-04T14:49:31.562+0100][gc,phases     ] GC(130)   Post Evacuate Collection Set: 1,0ms
[2023-11-04T14:49:31.562+0100][gc,phases     ] GC(130)   Other: 0,2ms
[2023-11-04T14:49:31.562+0100][gc,heap       ] GC(130) Eden regions: 605->0(605)
[2023-11-04T14:49:31.562+0100][gc,heap       ] GC(130) Survivor regions: 9->9(77)
[2023-11-04T14:49:31.562+0100][gc,heap       ] GC(130) Old regions: 104->105
[2023-11-04T14:49:31.562+0100][gc,heap       ] GC(130) Humongous regions: 129->129
[2023-11-04T14:49:31.562+0100][gc,metaspace  ] GC(130) Metaspace: 45429K(48384K)->45429K(48384K) NonClass: 39687K(41216K)->39687K(41216K) Class: 5741K(7168K)->5741K(7168K)
[2023-11-04T14:49:31.562+0100][gc            ] GC(130) Pause Young (Normal) (G1 Evacuation Pause) 845M->240M(1024M) 13,216ms
[2023-11-04T14:49:31.562+0100][gc,cpu        ] GC(130) User=0,05s Sys=0,01s Real=0,01s
[2023-11-04T14:49:46.618+0100][gc,start      ] GC(131) Pause Young (Normal) (G1 Evacuation Pause)
[2023-11-04T14:49:46.618+0100][gc,task       ] GC(131) Using 6 workers of 6 for evacuation
[2023-11-04T14:49:46.629+0100][gc,phases     ] GC(131)   Pre Evacuate Collection Set: 0,0ms
[2023-11-04T14:49:46.629+0100][gc,phases     ] GC(131)   Evacuate Collection Set: 9,1ms
[2023-11-04T14:49:46.629+0100][gc,phases     ] GC(131)   Post Evacuate Collection Set: 0,9ms
[2023-11-04T14:49:46.629+0100][gc,phases     ] GC(131)   Other: 0,2ms
[2023-11-04T14:49:46.629+0100][gc,heap       ] GC(131) Eden regions: 605->0(605)
[2023-11-04T14:49:46.629+0100][gc,heap       ] GC(131) Survivor regions: 9->9(77)
[2023-11-04T14:49:46.629+0100][gc,heap       ] GC(131) Old regions: 105->106
[2023-11-04T14:49:46.629+0100][gc,heap       ] GC(131) Humongous regions: 129->129
[2023-11-04T14:49:46.629+0100][gc,metaspace  ] GC(131) Metaspace: 45429K(48384K)->45429K(48384K) NonClass: 39687K(41216K)->39687K(41216K) Class: 5741K(7168K)->5741K(7168K)
[2023-11-04T14:49:46.629+0100][gc            ] GC(131) Pause Young (Normal) (G1 Evacuation Pause) 845M->241M(1024M) 10,369ms
[2023-11-04T14:49:46.629+0100][gc,cpu        ] GC(131) User=0,05s Sys=0,00s Real=0,01s
[2023-11-04T14:50:03.311+0100][gc,start      ] GC(132) Pause Young (Normal) (G1 Evacuation Pause)
[2023-11-04T14:50:03.311+0100][gc,task       ] GC(132) Using 6 workers of 6 for evacuation
[2023-11-04T14:50:03.322+0100][gc,phases     ] GC(132)   Pre Evacuate Collection Set: 0,0ms
[2023-11-04T14:50:03.322+0100][gc,phases     ] GC(132)   Evacuate Collection Set: 10,1ms
[2023-11-04T14:50:03.322+0100][gc,phases     ] GC(132)   Post Evacuate Collection Set: 0,7ms
[2023-11-04T14:50:03.322+0100][gc,phases     ] GC(132)   Other: 0,2ms
[2023-11-04T14:50:03.322+0100][gc,heap       ] GC(132) Eden regions: 605->0(605)
[2023-11-04T14:50:03.322+0100][gc,heap       ] GC(132) Survivor regions: 9->9(77)
[2023-11-04T14:50:03.322+0100][gc,heap       ] GC(132) Old regions: 106->106
[2023-11-04T14:50:03.322+0100][gc,heap       ] GC(132) Humongous regions: 129->129
[2023-11-04T14:50:03.322+0100][gc,metaspace  ] GC(132) Metaspace: 45429K(48384K)->45429K(48384K) NonClass: 39687K(41216K)->39687K(41216K) Class: 5741K(7168K)->5741K(7168K)
[2023-11-04T14:50:03.322+0100][gc            ] GC(132) Pause Young (Normal) (G1 Evacuation Pause) 846M->242M(1024M) 11,135ms
[2023-11-04T14:50:03.322+0100][gc,cpu        ] GC(132) User=0,05s Sys=0,01s Real=0,01s
[2023-11-04T14:50:20.364+0100][gc,start      ] GC(133) Pause Young (Normal) (G1 Evacuation Pause)
[2023-11-04T14:50:20.364+0100][gc,task       ] GC(133) Using 6 workers of 6 for evacuation
[2023-11-04T14:50:20.373+0100][gc,phases     ] GC(133)   Pre Evacuate Collection Set: 0,0ms
[2023-11-04T14:50:20.373+0100][gc,phases     ] GC(133)   Evacuate Collection Set: 8,3ms
[2023-11-04T14:50:20.373+0100][gc,phases     ] GC(133)   Post Evacuate Collection Set: 0,8ms
[2023-11-04T14:50:20.373+0100][gc,phases     ] GC(133)   Other: 0,2ms
[2023-11-04T14:50:20.374+0100][gc,heap       ] GC(133) Eden regions: 605->0(605)
[2023-11-04T14:50:20.374+0100][gc,heap       ] GC(133) Survivor regions: 9->9(77)
[2023-11-04T14:50:20.374+0100][gc,heap       ] GC(133) Old regions: 106->107
[2023-11-04T14:50:20.374+0100][gc,heap       ] GC(133) Humongous regions: 129->129
[2023-11-04T14:50:20.374+0100][gc,metaspace  ] GC(133) Metaspace: 45429K(48384K)->45429K(48384K) NonClass: 39687K(41216K)->39687K(41216K) Class: 5741K(7168K)->5741K(7168K)
[2023-11-04T14:50:20.374+0100][gc            ] GC(133) Pause Young (Normal) (G1 Evacuation Pause) 847M->242M(1024M) 9,489ms
[2023-11-04T14:50:20.374+0100][gc,cpu        ] GC(133) User=0,05s Sys=0,00s Real=0,01s
[2023-11-04T14:50:39.408+0100][gc,start      ] GC(134) Pause Young (Normal) (G1 Evacuation Pause)
[2023-11-04T14:50:39.408+0100][gc,task       ] GC(134) Using 6 workers of 6 for evacuation
[2023-11-04T14:50:39.420+0100][gc,phases     ] GC(134)   Pre Evacuate Collection Set: 0,0ms
[2023-11-04T14:50:39.420+0100][gc,phases     ] GC(134)   Evacuate Collection Set: 11,0ms
[2023-11-04T14:50:39.420+0100][gc,phases     ] GC(134)   Post Evacuate Collection Set: 0,7ms
[2023-11-04T14:50:39.420+0100][gc,phases     ] GC(134)   Other: 0,2ms
[2023-11-04T14:50:39.420+0100][gc,heap       ] GC(134) Eden regions: 605->0(604)
[2023-11-04T14:50:39.420+0100][gc,heap       ] GC(134) Survivor regions: 9->10(77)
[2023-11-04T14:50:39.420+0100][gc,heap       ] GC(134) Old regions: 107->107
[2023-11-04T14:50:39.420+0100][gc,heap       ] GC(134) Humongous regions: 129->129
[2023-11-04T14:50:39.420+0100][gc,metaspace  ] GC(134) Metaspace: 45430K(48384K)->45430K(48384K) NonClass: 39688K(41216K)->39688K(41216K) Class: 5741K(7168K)->5741K(7168K)
[2023-11-04T14:50:39.420+0100][gc            ] GC(134) Pause Young (Normal) (G1 Evacuation Pause) 847M->243M(1024M) 11,981ms
[2023-11-04T14:50:39.420+0100][gc,cpu        ] GC(134) User=0,05s Sys=0,00s Real=0,01s
[2023-11-04T14:50:56.317+0100][gc,start      ] GC(135) Pause Young (Normal) (G1 Evacuation Pause)
[2023-11-04T14:50:56.317+0100][gc,task       ] GC(135) Using 6 workers of 6 for evacuation
[2023-11-04T14:50:56.329+0100][gc,phases     ] GC(135)   Pre Evacuate Collection Set: 0,0ms
[2023-11-04T14:50:56.329+0100][gc,phases     ] GC(135)   Evacuate Collection Set: 10,7ms
[2023-11-04T14:50:56.329+0100][gc,phases     ] GC(135)   Post Evacuate Collection Set: 0,8ms
[2023-11-04T14:50:56.329+0100][gc,phases     ] GC(135)   Other: 0,4ms
[2023-11-04T14:50:56.329+0100][gc,heap       ] GC(135) Eden regions: 604->0(604)
[2023-11-04T14:50:56.329+0100][gc,heap       ] GC(135) Survivor regions: 10->10(77)
[2023-11-04T14:50:56.329+0100][gc,heap       ] GC(135) Old regions: 107->108
[2023-11-04T14:50:56.329+0100][gc,heap       ] GC(135) Humongous regions: 129->129
[2023-11-04T14:50:56.329+0100][gc,metaspace  ] GC(135) Metaspace: 45430K(48384K)->45430K(48384K) NonClass: 39688K(41216K)->39688K(41216K) Class: 5741K(7168K)->5741K(7168K)
[2023-11-04T14:50:56.329+0100][gc            ] GC(135) Pause Young (Normal) (G1 Evacuation Pause) 847M->244M(1024M) 11,945ms
[2023-11-04T14:50:56.329+0100][gc,cpu        ] GC(135) User=0,06s Sys=0,00s Real=0,01s
[2023-11-04T14:51:10.728+0100][gc,start      ] GC(136) Pause Young (Normal) (G1 Evacuation Pause)
[2023-11-04T14:51:10.728+0100][gc,task       ] GC(136) Using 6 workers of 6 for evacuation
[2023-11-04T14:51:10.737+0100][gc,phases     ] GC(136)   Pre Evacuate Collection Set: 0,0ms
[2023-11-04T14:51:10.737+0100][gc,phases     ] GC(136)   Evacuate Collection Set: 8,1ms
[2023-11-04T14:51:10.737+0100][gc,phases     ] GC(136)   Post Evacuate Collection Set: 0,7ms
[2023-11-04T14:51:10.737+0100][gc,phases     ] GC(136)   Other: 0,2ms
[2023-11-04T14:51:10.737+0100][gc,heap       ] GC(136) Eden regions: 604->0(605)
[2023-11-04T14:51:10.737+0100][gc,heap       ] GC(136) Survivor regions: 10->9(77)
[2023-11-04T14:51:10.737+0100][gc,heap       ] GC(136) Old regions: 108->108
[2023-11-04T14:51:10.737+0100][gc,heap       ] GC(136) Humongous regions: 129->129
[2023-11-04T14:51:10.737+0100][gc,metaspace  ] GC(136) Metaspace: 45430K(48384K)->45430K(48384K) NonClass: 39688K(41216K)->39688K(41216K) Class: 5741K(7168K)->5741K(7168K)
[2023-11-04T14:51:10.737+0100][gc            ] GC(136) Pause Young (Normal) (G1 Evacuation Pause) 848M->244M(1024M) 9,086ms
[2023-11-04T14:51:10.737+0100][gc,cpu        ] GC(136) User=0,04s Sys=0,00s Real=0,01s
[2023-11-04T14:51:25.584+0100][gc,start      ] GC(137) Pause Young (Normal) (G1 Evacuation Pause)
[2023-11-04T14:51:25.584+0100][gc,task       ] GC(137) Using 6 workers of 6 for evacuation
[2023-11-04T14:51:25.594+0100][gc,phases     ] GC(137)   Pre Evacuate Collection Set: 0,0ms
[2023-11-04T14:51:25.594+0100][gc,phases     ] GC(137)   Evacuate Collection Set: 9,0ms
[2023-11-04T14:51:25.594+0100][gc,phases     ] GC(137)   Post Evacuate Collection Set: 0,9ms
[2023-11-04T14:51:25.594+0100][gc,phases     ] GC(137)   Other: 0,2ms
[2023-11-04T14:51:25.594+0100][gc,heap       ] GC(137) Eden regions: 605->0(605)
[2023-11-04T14:51:25.594+0100][gc,heap       ] GC(137) Survivor regions: 9->9(77)
[2023-11-04T14:51:25.594+0100][gc,heap       ] GC(137) Old regions: 108->109
[2023-11-04T14:51:25.594+0100][gc,heap       ] GC(137) Humongous regions: 129->129
[2023-11-04T14:51:25.594+0100][gc,metaspace  ] GC(137) Metaspace: 45430K(48384K)->45430K(48384K) NonClass: 39688K(41216K)->39688K(41216K) Class: 5741K(7168K)->5741K(7168K)
[2023-11-04T14:51:25.594+0100][gc            ] GC(137) Pause Young (Normal) (G1 Evacuation Pause) 849M->244M(1024M) 10,242ms
[2023-11-04T14:51:25.594+0100][gc,cpu        ] GC(137) User=0,06s Sys=0,00s Real=0,01s
[2023-11-04T14:51:39.739+0100][gc,start      ] GC(138) Pause Young (Normal) (G1 Evacuation Pause)
[2023-11-04T14:51:39.739+0100][gc,task       ] GC(138) Using 6 workers of 6 for evacuation
[2023-11-04T14:51:39.747+0100][gc,phases     ] GC(138)   Pre Evacuate Collection Set: 0,0ms
[2023-11-04T14:51:39.747+0100][gc,phases     ] GC(138)   Evacuate Collection Set: 7,0ms
[2023-11-04T14:51:39.747+0100][gc,phases     ] GC(138)   Post Evacuate Collection Set: 1,1ms
[2023-11-04T14:51:39.747+0100][gc,phases     ] GC(138)   Other: 0,2ms
[2023-11-04T14:51:39.747+0100][gc,heap       ] GC(138) Eden regions: 605->0(605)
[2023-11-04T14:51:39.747+0100][gc,heap       ] GC(138) Survivor regions: 9->9(77)
[2023-11-04T14:51:39.747+0100][gc,heap       ] GC(138) Old regions: 109->109
[2023-11-04T14:51:39.747+0100][gc,heap       ] GC(138) Humongous regions: 129->129
[2023-11-04T14:51:39.747+0100][gc,metaspace  ] GC(138) Metaspace: 45430K(48384K)->45430K(48384K) NonClass: 39688K(41216K)->39688K(41216K) Class: 5741K(7168K)->5741K(7168K)
[2023-11-04T14:51:39.747+0100][gc            ] GC(138) Pause Young (Normal) (G1 Evacuation Pause) 849M->244M(1024M) 8,377ms
[2023-11-04T14:51:39.748+0100][gc,cpu        ] GC(138) User=0,04s Sys=0,01s Real=0,01s
[2023-11-04T14:51:54.954+0100][gc,start      ] GC(139) Pause Young (Normal) (G1 Evacuation Pause)
[2023-11-04T14:51:54.954+0100][gc,task       ] GC(139) Using 6 workers of 6 for evacuation
[2023-11-04T14:51:54.963+0100][gc,phases     ] GC(139)   Pre Evacuate Collection Set: 0,0ms
[2023-11-04T14:51:54.963+0100][gc,phases     ] GC(139)   Evacuate Collection Set: 7,8ms
[2023-11-04T14:51:54.963+0100][gc,phases     ] GC(139)   Post Evacuate Collection Set: 1,0ms
[2023-11-04T14:51:54.963+0100][gc,phases     ] GC(139)   Other: 0,2ms
[2023-11-04T14:51:54.963+0100][gc,heap       ] GC(139) Eden regions: 605->0(606)
[2023-11-04T14:51:54.963+0100][gc,heap       ] GC(139) Survivor regions: 9->8(77)
[2023-11-04T14:51:54.963+0100][gc,heap       ] GC(139) Old regions: 109->110
[2023-11-04T14:51:54.963+0100][gc,heap       ] GC(139) Humongous regions: 129->129
[2023-11-04T14:51:54.963+0100][gc,metaspace  ] GC(139) Metaspace: 45430K(48384K)->45430K(48384K) NonClass: 39688K(41216K)->39688K(41216K) Class: 5741K(7168K)->5741K(7168K)
[2023-11-04T14:51:54.963+0100][gc            ] GC(139) Pause Young (Normal) (G1 Evacuation Pause) 849M->244M(1024M) 9,111ms
[2023-11-04T14:51:54.963+0100][gc,cpu        ] GC(139) User=0,04s Sys=0,00s Real=0,01s
[2023-11-04T14:52:12.152+0100][gc,start      ] GC(140) Pause Young (Normal) (G1 Evacuation Pause)
[2023-11-04T14:52:12.152+0100][gc,task       ] GC(140) Using 6 workers of 6 for evacuation
[2023-11-04T14:52:12.168+0100][gc,phases     ] GC(140)   Pre Evacuate Collection Set: 0,1ms
[2023-11-04T14:52:12.168+0100][gc,phases     ] GC(140)   Evacuate Collection Set: 14,3ms
[2023-11-04T14:52:12.168+0100][gc,phases     ] GC(140)   Post Evacuate Collection Set: 0,9ms
[2023-11-04T14:52:12.168+0100][gc,phases     ] GC(140)   Other: 0,6ms
[2023-11-04T14:52:12.168+0100][gc,heap       ] GC(140) Eden regions: 606->0(606)
[2023-11-04T14:52:12.168+0100][gc,heap       ] GC(140) Survivor regions: 8->8(77)
[2023-11-04T14:52:12.168+0100][gc,heap       ] GC(140) Old regions: 110->110
[2023-11-04T14:52:12.168+0100][gc,heap       ] GC(140) Humongous regions: 129->129
[2023-11-04T14:52:12.168+0100][gc,metaspace  ] GC(140) Metaspace: 45430K(48384K)->45430K(48384K) NonClass: 39688K(41216K)->39688K(41216K) Class: 5741K(7168K)->5741K(7168K)
[2023-11-04T14:52:12.168+0100][gc            ] GC(140) Pause Young (Normal) (G1 Evacuation Pause) 850M->245M(1024M) 15,930ms
[2023-11-04T14:52:12.168+0100][gc,cpu        ] GC(140) User=0,06s Sys=0,00s Real=0,01s
[2023-11-04T14:52:28.659+0100][gc,start      ] GC(141) Pause Young (Normal) (G1 Evacuation Pause)
[2023-11-04T14:52:28.659+0100][gc,task       ] GC(141) Using 6 workers of 6 for evacuation
[2023-11-04T14:52:28.669+0100][gc,phases     ] GC(141)   Pre Evacuate Collection Set: 0,0ms
[2023-11-04T14:52:28.669+0100][gc,phases     ] GC(141)   Evacuate Collection Set: 8,9ms
[2023-11-04T14:52:28.669+0100][gc,phases     ] GC(141)   Post Evacuate Collection Set: 1,0ms
[2023-11-04T14:52:28.669+0100][gc,phases     ] GC(141)   Other: 0,2ms
[2023-11-04T14:52:28.669+0100][gc,heap       ] GC(141) Eden regions: 606->0(606)
[2023-11-04T14:52:28.669+0100][gc,heap       ] GC(141) Survivor regions: 8->8(77)
[2023-11-04T14:52:28.669+0100][gc,heap       ] GC(141) Old regions: 110->111
[2023-11-04T14:52:28.669+0100][gc,heap       ] GC(141) Humongous regions: 129->129
[2023-11-04T14:52:28.669+0100][gc,metaspace  ] GC(141) Metaspace: 45430K(48384K)->45430K(48384K) NonClass: 39688K(41216K)->39688K(41216K) Class: 5741K(7168K)->5741K(7168K)
[2023-11-04T14:52:28.669+0100][gc            ] GC(141) Pause Young (Normal) (G1 Evacuation Pause) 851M->245M(1024M) 10,216ms
[2023-11-04T14:52:28.669+0100][gc,cpu        ] GC(141) User=0,04s Sys=0,00s Real=0,01s
[2023-11-04T14:52:46.530+0100][gc,start      ] GC(142) Pause Young (Normal) (G1 Evacuation Pause)
[2023-11-04T14:52:46.530+0100][gc,task       ] GC(142) Using 6 workers of 6 for evacuation
[2023-11-04T14:52:46.540+0100][gc,phases     ] GC(142)   Pre Evacuate Collection Set: 0,0ms
[2023-11-04T14:52:46.540+0100][gc,phases     ] GC(142)   Evacuate Collection Set: 9,2ms
[2023-11-04T14:52:46.540+0100][gc,phases     ] GC(142)   Post Evacuate Collection Set: 0,7ms
[2023-11-04T14:52:46.540+0100][gc,phases     ] GC(142)   Other: 0,2ms
[2023-11-04T14:52:46.540+0100][gc,heap       ] GC(142) Eden regions: 606->0(607)
[2023-11-04T14:52:46.540+0100][gc,heap       ] GC(142) Survivor regions: 8->7(77)
[2023-11-04T14:52:46.540+0100][gc,heap       ] GC(142) Old regions: 111->112
[2023-11-04T14:52:46.540+0100][gc,heap       ] GC(142) Humongous regions: 129->129
[2023-11-04T14:52:46.540+0100][gc,metaspace  ] GC(142) Metaspace: 45430K(48384K)->45430K(48384K) NonClass: 39688K(41216K)->39688K(41216K) Class: 5741K(7168K)->5741K(7168K)
[2023-11-04T14:52:46.540+0100][gc            ] GC(142) Pause Young (Normal) (G1 Evacuation Pause) 851M->245M(1024M) 10,274ms
[2023-11-04T14:52:46.540+0100][gc,cpu        ] GC(142) User=0,04s Sys=0,00s Real=0,01s
[2023-11-04T14:53:02.780+0100][gc,start      ] GC(143) Pause Young (Normal) (G1 Evacuation Pause)
[2023-11-04T14:53:02.780+0100][gc,task       ] GC(143) Using 6 workers of 6 for evacuation
[2023-11-04T14:53:02.789+0100][gc,phases     ] GC(143)   Pre Evacuate Collection Set: 0,0ms
[2023-11-04T14:53:02.789+0100][gc,phases     ] GC(143)   Evacuate Collection Set: 7,6ms
[2023-11-04T14:53:02.789+0100][gc,phases     ] GC(143)   Post Evacuate Collection Set: 1,1ms
[2023-11-04T14:53:02.789+0100][gc,phases     ] GC(143)   Other: 0,3ms
[2023-11-04T14:53:02.789+0100][gc,heap       ] GC(143) Eden regions: 607->0(607)
[2023-11-04T14:53:02.789+0100][gc,heap       ] GC(143) Survivor regions: 7->7(77)
[2023-11-04T14:53:02.789+0100][gc,heap       ] GC(143) Old regions: 112->112
[2023-11-04T14:53:02.789+0100][gc,heap       ] GC(143) Humongous regions: 129->129
[2023-11-04T14:53:02.789+0100][gc,metaspace  ] GC(143) Metaspace: 45430K(48384K)->45430K(48384K) NonClass: 39688K(41216K)->39688K(41216K) Class: 5741K(7168K)->5741K(7168K)
[2023-11-04T14:53:02.789+0100][gc            ] GC(143) Pause Young (Normal) (G1 Evacuation Pause) 852M->245M(1024M) 9,207ms
[2023-11-04T14:53:02.789+0100][gc,cpu        ] GC(143) User=0,04s Sys=0,00s Real=0,01s
[2023-11-04T14:53:18.244+0100][gc,start      ] GC(144) Pause Young (Normal) (G1 Evacuation Pause)
[2023-11-04T14:53:18.244+0100][gc,task       ] GC(144) Using 6 workers of 6 for evacuation
[2023-11-04T14:53:18.252+0100][gc,phases     ] GC(144)   Pre Evacuate Collection Set: 0,0ms
[2023-11-04T14:53:18.252+0100][gc,phases     ] GC(144)   Evacuate Collection Set: 5,9ms
[2023-11-04T14:53:18.252+0100][gc,phases     ] GC(144)   Post Evacuate Collection Set: 1,2ms
[2023-11-04T14:53:18.252+0100][gc,phases     ] GC(144)   Other: 0,2ms
[2023-11-04T14:53:18.252+0100][gc,heap       ] GC(144) Eden regions: 607->0(607)
[2023-11-04T14:53:18.252+0100][gc,heap       ] GC(144) Survivor regions: 7->7(77)
[2023-11-04T14:53:18.252+0100][gc,heap       ] GC(144) Old regions: 112->113
[2023-11-04T14:53:18.252+0100][gc,heap       ] GC(144) Humongous regions: 129->129
[2023-11-04T14:53:18.252+0100][gc,metaspace  ] GC(144) Metaspace: 45430K(48384K)->45430K(48384K) NonClass: 39688K(41216K)->39688K(41216K) Class: 5741K(7168K)->5741K(7168K)
[2023-11-04T14:53:18.252+0100][gc            ] GC(144) Pause Young (Normal) (G1 Evacuation Pause) 852M->246M(1024M) 7,327ms
[2023-11-04T14:53:18.252+0100][gc,cpu        ] GC(144) User=0,03s Sys=0,00s Real=0,01s
[2023-11-04T14:53:32.978+0100][gc,start      ] GC(145) Pause Young (Normal) (G1 Evacuation Pause)
[2023-11-04T14:53:32.978+0100][gc,task       ] GC(145) Using 6 workers of 6 for evacuation
[2023-11-04T14:53:32.990+0100][gc,phases     ] GC(145)   Pre Evacuate Collection Set: 0,0ms
[2023-11-04T14:53:32.990+0100][gc,phases     ] GC(145)   Evacuate Collection Set: 11,0ms
[2023-11-04T14:53:32.990+0100][gc,phases     ] GC(145)   Post Evacuate Collection Set: 0,8ms
[2023-11-04T14:53:32.990+0100][gc,phases     ] GC(145)   Other: 0,2ms
[2023-11-04T14:53:32.990+0100][gc,heap       ] GC(145) Eden regions: 607->0(608)
[2023-11-04T14:53:32.990+0100][gc,heap       ] GC(145) Survivor regions: 7->6(77)
[2023-11-04T14:53:32.990+0100][gc,heap       ] GC(145) Old regions: 113->114
[2023-11-04T14:53:32.990+0100][gc,heap       ] GC(145) Humongous regions: 129->129
[2023-11-04T14:53:32.990+0100][gc,metaspace  ] GC(145) Metaspace: 45430K(48384K)->45430K(48384K) NonClass: 39688K(41216K)->39688K(41216K) Class: 5741K(7168K)->5741K(7168K)
[2023-11-04T14:53:32.990+0100][gc            ] GC(145) Pause Young (Normal) (G1 Evacuation Pause) 853M->246M(1024M) 12,093ms
[2023-11-04T14:53:32.990+0100][gc,cpu        ] GC(145) User=0,04s Sys=0,00s Real=0,01s
[2023-11-04T14:53:50.199+0100][gc,start      ] GC(146) Pause Young (Normal) (G1 Evacuation Pause)
[2023-11-04T14:53:50.199+0100][gc,task       ] GC(146) Using 6 workers of 6 for evacuation
[2023-11-04T14:53:50.205+0100][gc,phases     ] GC(146)   Pre Evacuate Collection Set: 0,0ms
[2023-11-04T14:53:50.205+0100][gc,phases     ] GC(146)   Evacuate Collection Set: 5,9ms
[2023-11-04T14:53:50.205+0100][gc,phases     ] GC(146)   Post Evacuate Collection Set: 0,8ms
[2023-11-04T14:53:50.206+0100][gc,phases     ] GC(146)   Other: 0,2ms
[2023-11-04T14:53:50.206+0100][gc,heap       ] GC(146) Eden regions: 608->0(608)
[2023-11-04T14:53:50.206+0100][gc,heap       ] GC(146) Survivor regions: 6->6(77)
[2023-11-04T14:53:50.206+0100][gc,heap       ] GC(146) Old regions: 114->114
[2023-11-04T14:53:50.206+0100][gc,heap       ] GC(146) Humongous regions: 129->129
[2023-11-04T14:53:50.206+0100][gc,metaspace  ] GC(146) Metaspace: 45430K(48384K)->45430K(48384K) NonClass: 39688K(41216K)->39688K(41216K) Class: 5741K(7168K)->5741K(7168K)
[2023-11-04T14:53:50.206+0100][gc            ] GC(146) Pause Young (Normal) (G1 Evacuation Pause) 854M->246M(1024M) 7,061ms
[2023-11-04T14:53:50.206+0100][gc,cpu        ] GC(146) User=0,03s Sys=0,00s Real=0,01s
[2023-11-04T14:54:13.383+0100][gc,start      ] GC(147) Pause Young (Normal) (G1 Evacuation Pause)
[2023-11-04T14:54:13.383+0100][gc,task       ] GC(147) Using 6 workers of 6 for evacuation
[2023-11-04T14:54:13.398+0100][gc,phases     ] GC(147)   Pre Evacuate Collection Set: 0,0ms
[2023-11-04T14:54:13.398+0100][gc,phases     ] GC(147)   Evacuate Collection Set: 13,8ms
[2023-11-04T14:54:13.398+0100][gc,phases     ] GC(147)   Post Evacuate Collection Set: 0,8ms
[2023-11-04T14:54:13.398+0100][gc,phases     ] GC(147)   Other: 0,2ms
[2023-11-04T14:54:13.398+0100][gc,heap       ] GC(147) Eden regions: 608->0(609)
[2023-11-04T14:54:13.398+0100][gc,heap       ] GC(147) Survivor regions: 6->5(77)
[2023-11-04T14:54:13.398+0100][gc,heap       ] GC(147) Old regions: 114->115
[2023-11-04T14:54:13.398+0100][gc,heap       ] GC(147) Humongous regions: 129->129
[2023-11-04T14:54:13.398+0100][gc,metaspace  ] GC(147) Metaspace: 45430K(48384K)->45430K(48384K) NonClass: 39688K(41216K)->39688K(41216K) Class: 5741K(7168K)->5741K(7168K)
[2023-11-04T14:54:13.398+0100][gc            ] GC(147) Pause Young (Normal) (G1 Evacuation Pause) 854M->246M(1024M) 14,882ms
[2023-11-04T14:54:13.398+0100][gc,cpu        ] GC(147) User=0,05s Sys=0,01s Real=0,01s
[2023-11-04T14:54:34.840+0100][gc,start      ] GC(148) Pause Young (Normal) (G1 Evacuation Pause)
[2023-11-04T14:54:34.840+0100][gc,task       ] GC(148) Using 6 workers of 6 for evacuation
[2023-11-04T14:54:34.852+0100][gc,phases     ] GC(148)   Pre Evacuate Collection Set: 0,0ms
[2023-11-04T14:54:34.852+0100][gc,phases     ] GC(148)   Evacuate Collection Set: 10,5ms
[2023-11-04T14:54:34.852+0100][gc,phases     ] GC(148)   Post Evacuate Collection Set: 0,8ms
[2023-11-04T14:54:34.852+0100][gc,phases     ] GC(148)   Other: 0,2ms
[2023-11-04T14:54:34.852+0100][gc,heap       ] GC(148) Eden regions: 609->0(608)
[2023-11-04T14:54:34.852+0100][gc,heap       ] GC(148) Survivor regions: 5->6(77)
[2023-11-04T14:54:34.852+0100][gc,heap       ] GC(148) Old regions: 115->115
[2023-11-04T14:54:34.852+0100][gc,heap       ] GC(148) Humongous regions: 129->129
[2023-11-04T14:54:34.852+0100][gc,metaspace  ] GC(148) Metaspace: 45431K(48384K)->45431K(48384K) NonClass: 39689K(41216K)->39689K(41216K) Class: 5741K(7168K)->5741K(7168K)
[2023-11-04T14:54:34.852+0100][gc            ] GC(148) Pause Young (Normal) (G1 Evacuation Pause) 855M->247M(1024M) 11,638ms
[2023-11-04T14:54:34.852+0100][gc,cpu        ] GC(148) User=0,04s Sys=0,00s Real=0,02s
[2023-11-04T14:54:48.426+0100][gc,start      ] GC(149) Pause Young (Normal) (G1 Evacuation Pause)
[2023-11-04T14:54:48.426+0100][gc,task       ] GC(149) Using 6 workers of 6 for evacuation
[2023-11-04T14:54:48.436+0100][gc,phases     ] GC(149)   Pre Evacuate Collection Set: 0,1ms
[2023-11-04T14:54:48.436+0100][gc,phases     ] GC(149)   Evacuate Collection Set: 9,0ms
[2023-11-04T14:54:48.436+0100][gc,phases     ] GC(149)   Post Evacuate Collection Set: 0,8ms
[2023-11-04T14:54:48.436+0100][gc,phases     ] GC(149)   Other: 0,4ms
[2023-11-04T14:54:48.436+0100][gc,heap       ] GC(149) Eden regions: 608->0(609)
[2023-11-04T14:54:48.436+0100][gc,heap       ] GC(149) Survivor regions: 6->5(77)
[2023-11-04T14:54:48.436+0100][gc,heap       ] GC(149) Old regions: 115->116
[2023-11-04T14:54:48.436+0100][gc,heap       ] GC(149) Humongous regions: 129->129
[2023-11-04T14:54:48.436+0100][gc,metaspace  ] GC(149) Metaspace: 45431K(48384K)->45431K(48384K) NonClass: 39689K(41216K)->39689K(41216K) Class: 5741K(7168K)->5741K(7168K)
[2023-11-04T14:54:48.436+0100][gc            ] GC(149) Pause Young (Normal) (G1 Evacuation Pause) 855M->248M(1024M) 10,242ms
[2023-11-04T14:54:48.436+0100][gc,cpu        ] GC(149) User=0,04s Sys=0,00s Real=0,01s
[2023-11-04T14:55:01.385+0100][gc,start      ] GC(150) Pause Young (Normal) (G1 Evacuation Pause)
[2023-11-04T14:55:01.385+0100][gc,task       ] GC(150) Using 6 workers of 6 for evacuation
[2023-11-04T14:55:01.394+0100][gc,phases     ] GC(150)   Pre Evacuate Collection Set: 0,0ms
[2023-11-04T14:55:01.394+0100][gc,phases     ] GC(150)   Evacuate Collection Set: 7,2ms
[2023-11-04T14:55:01.394+0100][gc,phases     ] GC(150)   Post Evacuate Collection Set: 1,1ms
[2023-11-04T14:55:01.394+0100][gc,phases     ] GC(150)   Other: 0,2ms
[2023-11-04T14:55:01.394+0100][gc,heap       ] GC(150) Eden regions: 609->0(608)
[2023-11-04T14:55:01.394+0100][gc,heap       ] GC(150) Survivor regions: 5->6(77)
[2023-11-04T14:55:01.394+0100][gc,heap       ] GC(150) Old regions: 116->116
[2023-11-04T14:55:01.394+0100][gc,heap       ] GC(150) Humongous regions: 129->129
[2023-11-04T14:55:01.394+0100][gc,metaspace  ] GC(150) Metaspace: 45431K(48384K)->45431K(48384K) NonClass: 39689K(41216K)->39689K(41216K) Class: 5741K(7168K)->5741K(7168K)
[2023-11-04T14:55:01.394+0100][gc            ] GC(150) Pause Young (Normal) (G1 Evacuation Pause) 857M->248M(1024M) 8,670ms
[2023-11-04T14:55:01.394+0100][gc,cpu        ] GC(150) User=0,03s Sys=0,00s Real=0,01s
[2023-11-04T14:55:13.334+0100][gc,start      ] GC(151) Pause Young (Normal) (G1 Evacuation Pause)
[2023-11-04T14:55:13.334+0100][gc,task       ] GC(151) Using 6 workers of 6 for evacuation
[2023-11-04T14:55:13.342+0100][gc,phases     ] GC(151)   Pre Evacuate Collection Set: 0,0ms
[2023-11-04T14:55:13.342+0100][gc,phases     ] GC(151)   Evacuate Collection Set: 7,0ms
[2023-11-04T14:55:13.342+0100][gc,phases     ] GC(151)   Post Evacuate Collection Set: 0,7ms
[2023-11-04T14:55:13.342+0100][gc,phases     ] GC(151)   Other: 0,2ms
[2023-11-04T14:55:13.342+0100][gc,heap       ] GC(151) Eden regions: 608->0(608)
[2023-11-04T14:55:13.342+0100][gc,heap       ] GC(151) Survivor regions: 6->6(77)
[2023-11-04T14:55:13.342+0100][gc,heap       ] GC(151) Old regions: 116->116
[2023-11-04T14:55:13.342+0100][gc,heap       ] GC(151) Humongous regions: 129->129
[2023-11-04T14:55:13.342+0100][gc,metaspace  ] GC(151) Metaspace: 45431K(48384K)->45431K(48384K) NonClass: 39689K(41216K)->39689K(41216K) Class: 5741K(7168K)->5741K(7168K)
[2023-11-04T14:55:13.342+0100][gc            ] GC(151) Pause Young (Normal) (G1 Evacuation Pause) 856M->249M(1024M) 8,015ms
[2023-11-04T14:55:13.342+0100][gc,cpu        ] GC(151) User=0,03s Sys=0,00s Real=0,00s
[2023-11-04T14:55:25.603+0100][gc,start      ] GC(152) Pause Young (Normal) (G1 Evacuation Pause)
[2023-11-04T14:55:25.603+0100][gc,task       ] GC(152) Using 6 workers of 6 for evacuation
[2023-11-04T14:55:25.611+0100][gc,phases     ] GC(152)   Pre Evacuate Collection Set: 0,0ms
[2023-11-04T14:55:25.611+0100][gc,phases     ] GC(152)   Evacuate Collection Set: 6,5ms
[2023-11-04T14:55:25.611+0100][gc,phases     ] GC(152)   Post Evacuate Collection Set: 1,1ms
[2023-11-04T14:55:25.611+0100][gc,phases     ] GC(152)   Other: 0,2ms
[2023-11-04T14:55:25.611+0100][gc,heap       ] GC(152) Eden regions: 608->0(608)
[2023-11-04T14:55:25.611+0100][gc,heap       ] GC(152) Survivor regions: 6->6(77)
[2023-11-04T14:55:25.611+0100][gc,heap       ] GC(152) Old regions: 116->117
[2023-11-04T14:55:25.611+0100][gc,heap       ] GC(152) Humongous regions: 129->129
[2023-11-04T14:55:25.611+0100][gc,metaspace  ] GC(152) Metaspace: 45431K(48384K)->45431K(48384K) NonClass: 39689K(41216K)->39689K(41216K) Class: 5741K(7168K)->5741K(7168K)
[2023-11-04T14:55:25.611+0100][gc            ] GC(152) Pause Young (Normal) (G1 Evacuation Pause) 857M->249M(1024M) 7,933ms
[2023-11-04T14:55:25.611+0100][gc,cpu        ] GC(152) User=0,03s Sys=0,01s Real=0,01s
[2023-11-04T14:55:37.854+0100][gc,start      ] GC(153) Pause Young (Normal) (G1 Evacuation Pause)
[2023-11-04T14:55:37.854+0100][gc,task       ] GC(153) Using 6 workers of 6 for evacuation
[2023-11-04T14:55:37.865+0100][gc,phases     ] GC(153)   Pre Evacuate Collection Set: 0,0ms
[2023-11-04T14:55:37.865+0100][gc,phases     ] GC(153)   Evacuate Collection Set: 9,0ms
[2023-11-04T14:55:37.865+0100][gc,phases     ] GC(153)   Post Evacuate Collection Set: 1,9ms
[2023-11-04T14:55:37.865+0100][gc,phases     ] GC(153)   Other: 0,3ms
[2023-11-04T14:55:37.865+0100][gc,heap       ] GC(153) Eden regions: 608->0(608)
[2023-11-04T14:55:37.865+0100][gc,heap       ] GC(153) Survivor regions: 6->6(77)
[2023-11-04T14:55:37.865+0100][gc,heap       ] GC(153) Old regions: 117->117
[2023-11-04T14:55:37.866+0100][gc,heap       ] GC(153) Humongous regions: 129->129
[2023-11-04T14:55:37.866+0100][gc,metaspace  ] GC(153) Metaspace: 45431K(48384K)->45431K(48384K) NonClass: 39689K(41216K)->39689K(41216K) Class: 5741K(7168K)->5741K(7168K)
[2023-11-04T14:55:37.866+0100][gc            ] GC(153) Pause Young (Normal) (G1 Evacuation Pause) 857M->250M(1024M) 11,330ms
[2023-11-04T14:55:37.866+0100][gc,cpu        ] GC(153) User=0,04s Sys=0,00s Real=0,01s
[2023-11-04T14:58:26.829+0100][gc,start      ] GC(154) Pause Young (Normal) (G1 Evacuation Pause)
[2023-11-04T14:58:26.829+0100][gc,task       ] GC(154) Using 6 workers of 6 for evacuation
[2023-11-04T14:58:26.837+0100][gc,phases     ] GC(154)   Pre Evacuate Collection Set: 0,0ms
[2023-11-04T14:58:26.837+0100][gc,phases     ] GC(154)   Evacuate Collection Set: 7,5ms
[2023-11-04T14:58:26.837+0100][gc,phases     ] GC(154)   Post Evacuate Collection Set: 0,6ms
[2023-11-04T14:58:26.837+0100][gc,phases     ] GC(154)   Other: 0,2ms
[2023-11-04T14:58:26.837+0100][gc,heap       ] GC(154) Eden regions: 608->0(606)
[2023-11-04T14:58:26.837+0100][gc,heap       ] GC(154) Survivor regions: 6->8(77)
[2023-11-04T14:58:26.837+0100][gc,heap       ] GC(154) Old regions: 117->117
[2023-11-04T14:58:26.837+0100][gc,heap       ] GC(154) Humongous regions: 129->129
[2023-11-04T14:58:26.837+0100][gc,metaspace  ] GC(154) Metaspace: 45455K(48640K)->45455K(48640K) NonClass: 39713K(41472K)->39713K(41472K) Class: 5741K(7168K)->5741K(7168K)
[2023-11-04T14:58:26.837+0100][gc            ] GC(154) Pause Young (Normal) (G1 Evacuation Pause) 858M->252M(1024M) 8,379ms
[2023-11-04T14:58:26.837+0100][gc,cpu        ] GC(154) User=0,04s Sys=0,00s Real=0,01s
[2023-11-04T14:58:53.878+0100][gc,start      ] GC(155) Pause Young (Normal) (G1 Evacuation Pause)
[2023-11-04T14:58:53.878+0100][gc,task       ] GC(155) Using 6 workers of 6 for evacuation
[2023-11-04T14:58:53.887+0100][gc,phases     ] GC(155)   Pre Evacuate Collection Set: 0,0ms
[2023-11-04T14:58:53.887+0100][gc,phases     ] GC(155)   Evacuate Collection Set: 7,7ms
[2023-11-04T14:58:53.887+0100][gc,phases     ] GC(155)   Post Evacuate Collection Set: 0,9ms
[2023-11-04T14:58:53.887+0100][gc,phases     ] GC(155)   Other: 0,2ms
[2023-11-04T14:58:53.887+0100][gc,heap       ] GC(155) Eden regions: 606->0(605)
[2023-11-04T14:58:53.887+0100][gc,heap       ] GC(155) Survivor regions: 8->9(77)
[2023-11-04T14:58:53.887+0100][gc,heap       ] GC(155) Old regions: 117->117
[2023-11-04T14:58:53.887+0100][gc,heap       ] GC(155) Humongous regions: 129->129
[2023-11-04T14:58:53.887+0100][gc,metaspace  ] GC(155) Metaspace: 45455K(48640K)->45455K(48640K) NonClass: 39713K(41472K)->39713K(41472K) Class: 5741K(7168K)->5741K(7168K)
[2023-11-04T14:58:53.887+0100][gc            ] GC(155) Pause Young (Normal) (G1 Evacuation Pause) 858M->253M(1024M) 8,853ms
[2023-11-04T14:58:53.887+0100][gc,cpu        ] GC(155) User=0,04s Sys=0,00s Real=0,01s
[2023-11-04T14:59:18.247+0100][gc,start      ] GC(156) Pause Young (Normal) (G1 Evacuation Pause)
[2023-11-04T14:59:18.247+0100][gc,task       ] GC(156) Using 6 workers of 6 for evacuation
[2023-11-04T14:59:18.254+0100][gc,phases     ] GC(156)   Pre Evacuate Collection Set: 0,0ms
[2023-11-04T14:59:18.254+0100][gc,phases     ] GC(156)   Evacuate Collection Set: 6,5ms
[2023-11-04T14:59:18.254+0100][gc,phases     ] GC(156)   Post Evacuate Collection Set: 0,7ms
[2023-11-04T14:59:18.254+0100][gc,phases     ] GC(156)   Other: 0,2ms
[2023-11-04T14:59:18.254+0100][gc,heap       ] GC(156) Eden regions: 605->0(604)
[2023-11-04T14:59:18.254+0100][gc,heap       ] GC(156) Survivor regions: 9->10(77)
[2023-11-04T14:59:18.254+0100][gc,heap       ] GC(156) Old regions: 117->118
[2023-11-04T14:59:18.254+0100][gc,heap       ] GC(156) Humongous regions: 129->129
[2023-11-04T14:59:18.254+0100][gc,metaspace  ] GC(156) Metaspace: 45455K(48640K)->45455K(48640K) NonClass: 39713K(41472K)->39713K(41472K) Class: 5741K(7168K)->5741K(7168K)
[2023-11-04T14:59:18.254+0100][gc            ] GC(156) Pause Young (Normal) (G1 Evacuation Pause) 858M->254M(1024M) 7,447ms
[2023-11-04T14:59:18.254+0100][gc,cpu        ] GC(156) User=0,04s Sys=0,01s Real=0,01s
[2023-11-04T14:59:43.667+0100][gc,start      ] GC(157) Pause Young (Normal) (G1 Evacuation Pause)
[2023-11-04T14:59:43.667+0100][gc,task       ] GC(157) Using 6 workers of 6 for evacuation
[2023-11-04T14:59:43.675+0100][gc,phases     ] GC(157)   Pre Evacuate Collection Set: 0,0ms
[2023-11-04T14:59:43.675+0100][gc,phases     ] GC(157)   Evacuate Collection Set: 7,5ms
[2023-11-04T14:59:43.675+0100][gc,phases     ] GC(157)   Post Evacuate Collection Set: 0,8ms
[2023-11-04T14:59:43.675+0100][gc,phases     ] GC(157)   Other: 0,4ms
[2023-11-04T14:59:43.675+0100][gc,heap       ] GC(157) Eden regions: 604->0(604)
[2023-11-04T14:59:43.675+0100][gc,heap       ] GC(157) Survivor regions: 10->10(77)
[2023-11-04T14:59:43.675+0100][gc,heap       ] GC(157) Old regions: 118->118
[2023-11-04T14:59:43.675+0100][gc,heap       ] GC(157) Humongous regions: 129->129
[2023-11-04T14:59:43.675+0100][gc,metaspace  ] GC(157) Metaspace: 45456K(48640K)->45456K(48640K) NonClass: 39714K(41472K)->39714K(41472K) Class: 5741K(7168K)->5741K(7168K)
[2023-11-04T14:59:43.675+0100][gc            ] GC(157) Pause Young (Normal) (G1 Evacuation Pause) 858M->255M(1024M) 8,797ms
[2023-11-04T14:59:43.675+0100][gc,cpu        ] GC(157) User=0,04s Sys=0,00s Real=0,01s
[2023-11-04T15:00:06.364+0100][gc,start      ] GC(158) Pause Young (Normal) (G1 Evacuation Pause)
[2023-11-04T15:00:06.364+0100][gc,task       ] GC(158) Using 6 workers of 6 for evacuation
[2023-11-04T15:00:06.372+0100][gc,phases     ] GC(158)   Pre Evacuate Collection Set: 0,0ms
[2023-11-04T15:00:06.372+0100][gc,phases     ] GC(158)   Evacuate Collection Set: 7,8ms
[2023-11-04T15:00:06.373+0100][gc,phases     ] GC(158)   Post Evacuate Collection Set: 0,8ms
[2023-11-04T15:00:06.373+0100][gc,phases     ] GC(158)   Other: 0,2ms
[2023-11-04T15:00:06.373+0100][gc,heap       ] GC(158) Eden regions: 604->0(603)
[2023-11-04T15:00:06.373+0100][gc,heap       ] GC(158) Survivor regions: 10->11(77)
[2023-11-04T15:00:06.373+0100][gc,heap       ] GC(158) Old regions: 118->118
[2023-11-04T15:00:06.373+0100][gc,heap       ] GC(158) Humongous regions: 129->129
[2023-11-04T15:00:06.373+0100][gc,metaspace  ] GC(158) Metaspace: 45457K(48640K)->45457K(48640K) NonClass: 39715K(41472K)->39715K(41472K) Class: 5741K(7168K)->5741K(7168K)
[2023-11-04T15:00:06.373+0100][gc            ] GC(158) Pause Young (Normal) (G1 Evacuation Pause) 859M->255M(1024M) 8,838ms
[2023-11-04T15:00:06.373+0100][gc,cpu        ] GC(158) User=0,04s Sys=0,00s Real=0,01s
[2023-11-04T15:00:28.986+0100][gc,start      ] GC(159) Pause Young (Normal) (G1 Evacuation Pause)
[2023-11-04T15:00:28.986+0100][gc,task       ] GC(159) Using 6 workers of 6 for evacuation
[2023-11-04T15:00:28.998+0100][gc,phases     ] GC(159)   Pre Evacuate Collection Set: 0,0ms
[2023-11-04T15:00:28.998+0100][gc,phases     ] GC(159)   Evacuate Collection Set: 10,5ms
[2023-11-04T15:00:28.998+0100][gc,phases     ] GC(159)   Post Evacuate Collection Set: 0,7ms
[2023-11-04T15:00:28.998+0100][gc,phases     ] GC(159)   Other: 0,2ms
[2023-11-04T15:00:28.998+0100][gc,heap       ] GC(159) Eden regions: 603->0(603)
[2023-11-04T15:00:28.998+0100][gc,heap       ] GC(159) Survivor regions: 11->11(77)
[2023-11-04T15:00:28.998+0100][gc,heap       ] GC(159) Old regions: 118->118
[2023-11-04T15:00:28.998+0100][gc,heap       ] GC(159) Humongous regions: 129->129
[2023-11-04T15:00:28.998+0100][gc,metaspace  ] GC(159) Metaspace: 45458K(48640K)->45458K(48640K) NonClass: 39716K(41472K)->39716K(41472K) Class: 5741K(7168K)->5741K(7168K)
[2023-11-04T15:00:28.998+0100][gc            ] GC(159) Pause Young (Normal) (G1 Evacuation Pause) 858M->256M(1024M) 11,533ms
[2023-11-04T15:00:28.998+0100][gc,cpu        ] GC(159) User=0,07s Sys=0,00s Real=0,01s
[2023-11-04T15:00:55.678+0100][gc,start      ] GC(160) Pause Young (Normal) (G1 Evacuation Pause)
[2023-11-04T15:00:55.678+0100][gc,task       ] GC(160) Using 6 workers of 6 for evacuation
[2023-11-04T15:00:55.689+0100][gc,phases     ] GC(160)   Pre Evacuate Collection Set: 0,0ms
[2023-11-04T15:00:55.690+0100][gc,phases     ] GC(160)   Evacuate Collection Set: 9,7ms
[2023-11-04T15:00:55.690+0100][gc,phases     ] GC(160)   Post Evacuate Collection Set: 1,2ms
[2023-11-04T15:00:55.690+0100][gc,phases     ] GC(160)   Other: 0,2ms
[2023-11-04T15:00:55.690+0100][gc,heap       ] GC(160) Eden regions: 603->0(602)
[2023-11-04T15:00:55.690+0100][gc,heap       ] GC(160) Survivor regions: 11->12(77)
[2023-11-04T15:00:55.690+0100][gc,heap       ] GC(160) Old regions: 118->119
[2023-11-04T15:00:55.690+0100][gc,heap       ] GC(160) Humongous regions: 129->129
[2023-11-04T15:00:55.690+0100][gc,metaspace  ] GC(160) Metaspace: 45458K(48640K)->45458K(48640K) NonClass: 39716K(41472K)->39716K(41472K) Class: 5741K(7168K)->5741K(7168K)
[2023-11-04T15:00:55.690+0100][gc            ] GC(160) Pause Young (Normal) (G1 Evacuation Pause) 859M->257M(1024M) 11,322ms
[2023-11-04T15:00:55.690+0100][gc,cpu        ] GC(160) User=0,05s Sys=0,00s Real=0,01s
[2023-11-04T15:01:23.404+0100][gc,start      ] GC(161) Pause Young (Normal) (G1 Evacuation Pause)
[2023-11-04T15:01:23.404+0100][gc,task       ] GC(161) Using 6 workers of 6 for evacuation
[2023-11-04T15:01:23.413+0100][gc,phases     ] GC(161)   Pre Evacuate Collection Set: 0,0ms
[2023-11-04T15:01:23.413+0100][gc,phases     ] GC(161)   Evacuate Collection Set: 8,1ms
[2023-11-04T15:01:23.413+0100][gc,phases     ] GC(161)   Post Evacuate Collection Set: 0,7ms
[2023-11-04T15:01:23.413+0100][gc,phases     ] GC(161)   Other: 0,2ms
[2023-11-04T15:01:23.413+0100][gc,heap       ] GC(161) Eden regions: 602->0(602)
[2023-11-04T15:01:23.413+0100][gc,heap       ] GC(161) Survivor regions: 12->12(77)
[2023-11-04T15:01:23.413+0100][gc,heap       ] GC(161) Old regions: 119->119
[2023-11-04T15:01:23.413+0100][gc,heap       ] GC(161) Humongous regions: 129->129
[2023-11-04T15:01:23.413+0100][gc,metaspace  ] GC(161) Metaspace: 45458K(48640K)->45458K(48640K) NonClass: 39716K(41472K)->39716K(41472K) Class: 5741K(7168K)->5741K(7168K)
[2023-11-04T15:01:23.413+0100][gc            ] GC(161) Pause Young (Normal) (G1 Evacuation Pause) 859M->257M(1024M) 9,135ms
[2023-11-04T15:01:23.413+0100][gc,cpu        ] GC(161) User=0,04s Sys=0,00s Real=0,01s
[2023-11-04T15:02:37.322+0100][gc,start      ] GC(162) Pause Young (Normal) (G1 Evacuation Pause)
[2023-11-04T15:02:37.322+0100][gc,task       ] GC(162) Using 6 workers of 6 for evacuation
[2023-11-04T15:02:37.335+0100][gc,phases     ] GC(162)   Pre Evacuate Collection Set: 0,0ms
[2023-11-04T15:02:37.335+0100][gc,phases     ] GC(162)   Evacuate Collection Set: 11,7ms
[2023-11-04T15:02:37.335+0100][gc,phases     ] GC(162)   Post Evacuate Collection Set: 0,9ms
[2023-11-04T15:02:37.335+0100][gc,phases     ] GC(162)   Other: 0,2ms
[2023-11-04T15:02:37.335+0100][gc,heap       ] GC(162) Eden regions: 602->0(602)
[2023-11-04T15:02:37.335+0100][gc,heap       ] GC(162) Survivor regions: 12->12(77)
[2023-11-04T15:02:37.335+0100][gc,heap       ] GC(162) Old regions: 119->119
[2023-11-04T15:02:37.335+0100][gc,heap       ] GC(162) Humongous regions: 129->129
[2023-11-04T15:02:37.335+0100][gc,metaspace  ] GC(162) Metaspace: 45458K(48640K)->45458K(48640K) NonClass: 39716K(41472K)->39716K(41472K) Class: 5741K(7168K)->5741K(7168K)
[2023-11-04T15:02:37.335+0100][gc            ] GC(162) Pause Young (Normal) (G1 Evacuation Pause) 859M->258M(1024M) 12,844ms
[2023-11-04T15:02:37.335+0100][gc,cpu        ] GC(162) User=0,07s Sys=0,00s Real=0,02s
[2023-11-04T15:03:31.476+0100][gc,start      ] GC(163) Pause Young (Normal) (G1 Evacuation Pause)
[2023-11-04T15:03:31.476+0100][gc,task       ] GC(163) Using 6 workers of 6 for evacuation
[2023-11-04T15:03:31.487+0100][gc,phases     ] GC(163)   Pre Evacuate Collection Set: 0,0ms
[2023-11-04T15:03:31.487+0100][gc,phases     ] GC(163)   Evacuate Collection Set: 10,9ms
[2023-11-04T15:03:31.487+0100][gc,phases     ] GC(163)   Post Evacuate Collection Set: 0,7ms
[2023-11-04T15:03:31.487+0100][gc,phases     ] GC(163)   Other: 0,2ms
[2023-11-04T15:03:31.487+0100][gc,heap       ] GC(163) Eden regions: 602->0(602)
[2023-11-04T15:03:31.487+0100][gc,heap       ] GC(163) Survivor regions: 12->12(77)
[2023-11-04T15:03:31.487+0100][gc,heap       ] GC(163) Old regions: 119->120
[2023-11-04T15:03:31.487+0100][gc,heap       ] GC(163) Humongous regions: 129->129
[2023-11-04T15:03:31.487+0100][gc,metaspace  ] GC(163) Metaspace: 45458K(48640K)->45458K(48640K) NonClass: 39716K(41472K)->39716K(41472K) Class: 5741K(7168K)->5741K(7168K)
[2023-11-04T15:03:31.487+0100][gc            ] GC(163) Pause Young (Normal) (G1 Evacuation Pause) 860M->259M(1024M) 11,838ms
[2023-11-04T15:03:31.488+0100][gc,cpu        ] GC(163) User=0,04s Sys=0,01s Real=0,01s
[2023-11-04T15:04:30.962+0100][gc,start      ] GC(164) Pause Young (Normal) (G1 Evacuation Pause)
[2023-11-04T15:04:30.962+0100][gc,task       ] GC(164) Using 6 workers of 6 for evacuation
[2023-11-04T15:04:30.975+0100][gc,phases     ] GC(164)   Pre Evacuate Collection Set: 0,0ms
[2023-11-04T15:04:30.975+0100][gc,phases     ] GC(164)   Evacuate Collection Set: 11,5ms
[2023-11-04T15:04:30.975+0100][gc,phases     ] GC(164)   Post Evacuate Collection Set: 0,6ms
[2023-11-04T15:04:30.975+0100][gc,phases     ] GC(164)   Other: 0,2ms
[2023-11-04T15:04:30.975+0100][gc,heap       ] GC(164) Eden regions: 602->0(601)
[2023-11-04T15:04:30.975+0100][gc,heap       ] GC(164) Survivor regions: 12->13(77)
[2023-11-04T15:04:30.975+0100][gc,heap       ] GC(164) Old regions: 120->121
[2023-11-04T15:04:30.975+0100][gc,heap       ] GC(164) Humongous regions: 129->129
[2023-11-04T15:04:30.975+0100][gc,metaspace  ] GC(164) Metaspace: 45458K(48640K)->45458K(48640K) NonClass: 39716K(41472K)->39716K(41472K) Class: 5741K(7168K)->5741K(7168K)
[2023-11-04T15:04:30.975+0100][gc            ] GC(164) Pause Young (Normal) (G1 Evacuation Pause) 861M->260M(1024M) 12,423ms
[2023-11-04T15:04:30.975+0100][gc,cpu        ] GC(164) User=0,06s Sys=0,00s Real=0,02s
[2023-11-04T15:05:02.712+0100][gc,start      ] GC(165) Pause Young (Normal) (G1 Evacuation Pause)
[2023-11-04T15:05:02.712+0100][gc,task       ] GC(165) Using 6 workers of 6 for evacuation
[2023-11-04T15:05:02.728+0100][gc,phases     ] GC(165)   Pre Evacuate Collection Set: 0,0ms
[2023-11-04T15:05:02.728+0100][gc,phases     ] GC(165)   Evacuate Collection Set: 15,3ms
[2023-11-04T15:05:02.728+0100][gc,phases     ] GC(165)   Post Evacuate Collection Set: 0,7ms
[2023-11-04T15:05:02.728+0100][gc,phases     ] GC(165)   Other: 0,2ms
[2023-11-04T15:05:02.728+0100][gc,heap       ] GC(165) Eden regions: 601->0(601)
[2023-11-04T15:05:02.728+0100][gc,heap       ] GC(165) Survivor regions: 13->13(77)
[2023-11-04T15:05:02.728+0100][gc,heap       ] GC(165) Old regions: 121->121
[2023-11-04T15:05:02.728+0100][gc,heap       ] GC(165) Humongous regions: 129->129
[2023-11-04T15:05:02.728+0100][gc,metaspace  ] GC(165) Metaspace: 45458K(48640K)->45458K(48640K) NonClass: 39716K(41472K)->39716K(41472K) Class: 5741K(7168K)->5741K(7168K)
[2023-11-04T15:05:02.728+0100][gc            ] GC(165) Pause Young (Normal) (G1 Evacuation Pause) 861M->261M(1024M) 16,397ms
[2023-11-04T15:05:02.728+0100][gc,cpu        ] GC(165) User=0,09s Sys=0,00s Real=0,01s
[2023-11-04T15:05:45.792+0100][gc,start      ] GC(166) Pause Young (Normal) (G1 Evacuation Pause)
[2023-11-04T15:05:45.792+0100][gc,task       ] GC(166) Using 6 workers of 6 for evacuation
[2023-11-04T15:05:45.801+0100][gc,phases     ] GC(166)   Pre Evacuate Collection Set: 0,0ms
[2023-11-04T15:05:45.801+0100][gc,phases     ] GC(166)   Evacuate Collection Set: 8,5ms
[2023-11-04T15:05:45.801+0100][gc,phases     ] GC(166)   Post Evacuate Collection Set: 1,1ms
[2023-11-04T15:05:45.801+0100][gc,phases     ] GC(166)   Other: 0,2ms
[2023-11-04T15:05:45.802+0100][gc,heap       ] GC(166) Eden regions: 601->0(601)
[2023-11-04T15:05:45.802+0100][gc,heap       ] GC(166) Survivor regions: 13->13(77)
[2023-11-04T15:05:45.802+0100][gc,heap       ] GC(166) Old regions: 121->122
[2023-11-04T15:05:45.802+0100][gc,heap       ] GC(166) Humongous regions: 129->129
[2023-11-04T15:05:45.802+0100][gc,metaspace  ] GC(166) Metaspace: 45458K(48640K)->45458K(48640K) NonClass: 39716K(41472K)->39716K(41472K) Class: 5741K(7168K)->5741K(7168K)
[2023-11-04T15:05:45.802+0100][gc            ] GC(166) Pause Young (Normal) (G1 Evacuation Pause) 862M->262M(1024M) 10,005ms
[2023-11-04T15:05:45.802+0100][gc,cpu        ] GC(166) User=0,06s Sys=0,00s Real=0,00s
[2023-11-04T15:06:21.912+0100][gc,start      ] GC(167) Pause Young (Normal) (G1 Evacuation Pause)
[2023-11-04T15:06:21.912+0100][gc,task       ] GC(167) Using 6 workers of 6 for evacuation
[2023-11-04T15:06:21.927+0100][gc,phases     ] GC(167)   Pre Evacuate Collection Set: 0,0ms
[2023-11-04T15:06:21.927+0100][gc,phases     ] GC(167)   Evacuate Collection Set: 13,9ms
[2023-11-04T15:06:21.927+0100][gc,phases     ] GC(167)   Post Evacuate Collection Set: 1,1ms
[2023-11-04T15:06:21.927+0100][gc,phases     ] GC(167)   Other: 0,3ms
[2023-11-04T15:06:21.927+0100][gc,heap       ] GC(167) Eden regions: 601->0(600)
[2023-11-04T15:06:21.927+0100][gc,heap       ] GC(167) Survivor regions: 13->14(77)
[2023-11-04T15:06:21.927+0100][gc,heap       ] GC(167) Old regions: 122->122
[2023-11-04T15:06:21.927+0100][gc,heap       ] GC(167) Humongous regions: 129->129
[2023-11-04T15:06:21.927+0100][gc,metaspace  ] GC(167) Metaspace: 45458K(48640K)->45458K(48640K) NonClass: 39716K(41472K)->39716K(41472K) Class: 5741K(7168K)->5741K(7168K)
[2023-11-04T15:06:21.927+0100][gc            ] GC(167) Pause Young (Normal) (G1 Evacuation Pause) 863M->263M(1024M) 15,512ms
[2023-11-04T15:06:21.927+0100][gc,cpu        ] GC(167) User=0,08s Sys=0,00s Real=0,01s
[2023-11-04T15:06:54.558+0100][gc,start      ] GC(168) Pause Young (Normal) (G1 Evacuation Pause)
[2023-11-04T15:06:54.558+0100][gc,task       ] GC(168) Using 6 workers of 6 for evacuation
[2023-11-04T15:06:54.568+0100][gc,phases     ] GC(168)   Pre Evacuate Collection Set: 0,0ms
[2023-11-04T15:06:54.568+0100][gc,phases     ] GC(168)   Evacuate Collection Set: 8,9ms
[2023-11-04T15:06:54.568+0100][gc,phases     ] GC(168)   Post Evacuate Collection Set: 1,2ms
[2023-11-04T15:06:54.568+0100][gc,phases     ] GC(168)   Other: 0,2ms
[2023-11-04T15:06:54.568+0100][gc,heap       ] GC(168) Eden regions: 600->0(600)
[2023-11-04T15:06:54.568+0100][gc,heap       ] GC(168) Survivor regions: 14->14(77)
[2023-11-04T15:06:54.568+0100][gc,heap       ] GC(168) Old regions: 122->123
[2023-11-04T15:06:54.568+0100][gc,heap       ] GC(168) Humongous regions: 129->129
[2023-11-04T15:06:54.568+0100][gc,metaspace  ] GC(168) Metaspace: 45460K(48640K)->45460K(48640K) NonClass: 39718K(41472K)->39718K(41472K) Class: 5741K(7168K)->5741K(7168K)
[2023-11-04T15:06:54.568+0100][gc            ] GC(168) Pause Young (Normal) (G1 Evacuation Pause) 863M->263M(1024M) 10,450ms
[2023-11-04T15:06:54.568+0100][gc,cpu        ] GC(168) User=0,05s Sys=0,00s Real=0,01s
[2023-11-04T15:07:27.811+0100][gc,start      ] GC(169) Pause Young (Normal) (G1 Evacuation Pause)
[2023-11-04T15:07:27.811+0100][gc,task       ] GC(169) Using 6 workers of 6 for evacuation
[2023-11-04T15:07:27.821+0100][gc,phases     ] GC(169)   Pre Evacuate Collection Set: 0,0ms
[2023-11-04T15:07:27.821+0100][gc,phases     ] GC(169)   Evacuate Collection Set: 8,7ms
[2023-11-04T15:07:27.821+0100][gc,phases     ] GC(169)   Post Evacuate Collection Set: 0,7ms
[2023-11-04T15:07:27.821+0100][gc,phases     ] GC(169)   Other: 0,2ms
[2023-11-04T15:07:27.821+0100][gc,heap       ] GC(169) Eden regions: 600->0(601)
[2023-11-04T15:07:27.821+0100][gc,heap       ] GC(169) Survivor regions: 14->13(77)
[2023-11-04T15:07:27.821+0100][gc,heap       ] GC(169) Old regions: 123->125
[2023-11-04T15:07:27.821+0100][gc,heap       ] GC(169) Humongous regions: 129->129
[2023-11-04T15:07:27.821+0100][gc,metaspace  ] GC(169) Metaspace: 45460K(48640K)->45460K(48640K) NonClass: 39718K(41472K)->39718K(41472K) Class: 5741K(7168K)->5741K(7168K)
[2023-11-04T15:07:27.821+0100][gc            ] GC(169) Pause Young (Normal) (G1 Evacuation Pause) 863M->264M(1024M) 9,651ms
[2023-11-04T15:07:27.821+0100][gc,cpu        ] GC(169) User=0,06s Sys=0,00s Real=0,00s
[2023-11-04T15:08:02.902+0100][gc,start      ] GC(170) Pause Young (Normal) (G1 Evacuation Pause)
[2023-11-04T15:08:02.902+0100][gc,task       ] GC(170) Using 6 workers of 6 for evacuation
[2023-11-04T15:08:02.914+0100][gc,phases     ] GC(170)   Pre Evacuate Collection Set: 0,0ms
[2023-11-04T15:08:02.914+0100][gc,phases     ] GC(170)   Evacuate Collection Set: 11,1ms
[2023-11-04T15:08:02.914+0100][gc,phases     ] GC(170)   Post Evacuate Collection Set: 0,8ms
[2023-11-04T15:08:02.914+0100][gc,phases     ] GC(170)   Other: 0,2ms
[2023-11-04T15:08:02.915+0100][gc,heap       ] GC(170) Eden regions: 601->0(601)
[2023-11-04T15:08:02.915+0100][gc,heap       ] GC(170) Survivor regions: 13->13(77)
[2023-11-04T15:08:02.915+0100][gc,heap       ] GC(170) Old regions: 125->126
[2023-11-04T15:08:02.915+0100][gc,heap       ] GC(170) Humongous regions: 129->129
[2023-11-04T15:08:02.915+0100][gc,metaspace  ] GC(170) Metaspace: 45460K(48640K)->45460K(48640K) NonClass: 39718K(41472K)->39718K(41472K) Class: 5741K(7168K)->5741K(7168K)
[2023-11-04T15:08:02.915+0100][gc            ] GC(170) Pause Young (Normal) (G1 Evacuation Pause) 865M->265M(1024M) 12,276ms
[2023-11-04T15:08:02.915+0100][gc,cpu        ] GC(170) User=0,07s Sys=0,00s Real=0,02s
[2023-11-04T15:08:43.209+0100][gc,start      ] GC(171) Pause Young (Normal) (G1 Evacuation Pause)
[2023-11-04T15:08:43.209+0100][gc,task       ] GC(171) Using 6 workers of 6 for evacuation
[2023-11-04T15:08:43.220+0100][gc,phases     ] GC(171)   Pre Evacuate Collection Set: 0,0ms
[2023-11-04T15:08:43.220+0100][gc,phases     ] GC(171)   Evacuate Collection Set: 10,7ms
[2023-11-04T15:08:43.220+0100][gc,phases     ] GC(171)   Post Evacuate Collection Set: 0,7ms
[2023-11-04T15:08:43.220+0100][gc,phases     ] GC(171)   Other: 0,2ms
[2023-11-04T15:08:43.220+0100][gc,heap       ] GC(171) Eden regions: 601->0(601)
[2023-11-04T15:08:43.220+0100][gc,heap       ] GC(171) Survivor regions: 13->13(77)
[2023-11-04T15:08:43.220+0100][gc,heap       ] GC(171) Old regions: 126->127
[2023-11-04T15:08:43.220+0100][gc,heap       ] GC(171) Humongous regions: 129->129
[2023-11-04T15:08:43.220+0100][gc,metaspace  ] GC(171) Metaspace: 45460K(48640K)->45460K(48640K) NonClass: 39718K(41472K)->39718K(41472K) Class: 5741K(7168K)->5741K(7168K)
[2023-11-04T15:08:43.220+0100][gc            ] GC(171) Pause Young (Normal) (G1 Evacuation Pause) 866M->266M(1024M) 11,756ms
[2023-11-04T15:08:43.221+0100][gc,cpu        ] GC(171) User=0,06s Sys=0,00s Real=0,01s
[2023-11-04T15:09:17.486+0100][gc,start      ] GC(172) Pause Young (Normal) (G1 Evacuation Pause)
[2023-11-04T15:09:17.486+0100][gc,task       ] GC(172) Using 6 workers of 6 for evacuation
[2023-11-04T15:09:17.495+0100][gc,phases     ] GC(172)   Pre Evacuate Collection Set: 0,0ms
[2023-11-04T15:09:17.495+0100][gc,phases     ] GC(172)   Evacuate Collection Set: 8,1ms
[2023-11-04T15:09:17.495+0100][gc,phases     ] GC(172)   Post Evacuate Collection Set: 0,7ms
[2023-11-04T15:09:17.495+0100][gc,phases     ] GC(172)   Other: 0,2ms
[2023-11-04T15:09:17.495+0100][gc,heap       ] GC(172) Eden regions: 601->0(601)
[2023-11-04T15:09:17.495+0100][gc,heap       ] GC(172) Survivor regions: 13->13(77)
[2023-11-04T15:09:17.495+0100][gc,heap       ] GC(172) Old regions: 127->127
[2023-11-04T15:09:17.495+0100][gc,heap       ] GC(172) Humongous regions: 129->129
[2023-11-04T15:09:17.495+0100][gc,metaspace  ] GC(172) Metaspace: 45460K(48640K)->45460K(48640K) NonClass: 39718K(41472K)->39718K(41472K) Class: 5741K(7168K)->5741K(7168K)
[2023-11-04T15:09:17.495+0100][gc            ] GC(172) Pause Young (Normal) (G1 Evacuation Pause) 867M->267M(1024M) 9,097ms
[2023-11-04T15:09:17.495+0100][gc,cpu        ] GC(172) User=0,05s Sys=0,00s Real=0,01s
[2023-11-04T15:09:49.924+0100][gc,start      ] GC(173) Pause Young (Normal) (G1 Evacuation Pause)
[2023-11-04T15:09:49.924+0100][gc,task       ] GC(173) Using 6 workers of 6 for evacuation
[2023-11-04T15:09:49.939+0100][gc,phases     ] GC(173)   Pre Evacuate Collection Set: 0,0ms
[2023-11-04T15:09:49.939+0100][gc,phases     ] GC(173)   Evacuate Collection Set: 13,7ms
[2023-11-04T15:09:49.939+0100][gc,phases     ] GC(173)   Post Evacuate Collection Set: 1,1ms
[2023-11-04T15:09:49.939+0100][gc,phases     ] GC(173)   Other: 0,1ms
[2023-11-04T15:09:49.939+0100][gc,heap       ] GC(173) Eden regions: 601->0(601)
[2023-11-04T15:09:49.939+0100][gc,heap       ] GC(173) Survivor regions: 13->13(77)
[2023-11-04T15:09:49.939+0100][gc,heap       ] GC(173) Old regions: 127->128
[2023-11-04T15:09:49.939+0100][gc,heap       ] GC(173) Humongous regions: 129->129
[2023-11-04T15:09:49.939+0100][gc,metaspace  ] GC(173) Metaspace: 45460K(48640K)->45460K(48640K) NonClass: 39718K(41472K)->39718K(41472K) Class: 5741K(7168K)->5741K(7168K)
[2023-11-04T15:09:49.939+0100][gc            ] GC(173) Pause Young (Normal) (G1 Evacuation Pause) 868M->268M(1024M) 15,142ms
[2023-11-04T15:09:49.939+0100][gc,cpu        ] GC(173) User=0,07s Sys=0,00s Real=0,01s
[2023-11-04T15:10:15.390+0100][gc,start      ] GC(174) Pause Young (Normal) (G1 Evacuation Pause)
[2023-11-04T15:10:15.390+0100][gc,task       ] GC(174) Using 6 workers of 6 for evacuation
[2023-11-04T15:10:15.407+0100][gc,phases     ] GC(174)   Pre Evacuate Collection Set: 0,0ms
[2023-11-04T15:10:15.407+0100][gc,phases     ] GC(174)   Evacuate Collection Set: 16,2ms
[2023-11-04T15:10:15.407+0100][gc,phases     ] GC(174)   Post Evacuate Collection Set: 0,8ms
[2023-11-04T15:10:15.407+0100][gc,phases     ] GC(174)   Other: 0,2ms
[2023-11-04T15:10:15.407+0100][gc,heap       ] GC(174) Eden regions: 601->0(601)
[2023-11-04T15:10:15.407+0100][gc,heap       ] GC(174) Survivor regions: 13->13(77)
[2023-11-04T15:10:15.407+0100][gc,heap       ] GC(174) Old regions: 128->129
[2023-11-04T15:10:15.407+0100][gc,heap       ] GC(174) Humongous regions: 129->129
[2023-11-04T15:10:15.407+0100][gc,metaspace  ] GC(174) Metaspace: 45460K(48640K)->45460K(48640K) NonClass: 39718K(41472K)->39718K(41472K) Class: 5741K(7168K)->5741K(7168K)
[2023-11-04T15:10:15.407+0100][gc            ] GC(174) Pause Young (Normal) (G1 Evacuation Pause) 869M->268M(1024M) 17,347ms
[2023-11-04T15:10:15.407+0100][gc,cpu        ] GC(174) User=0,09s Sys=0,00s Real=0,02s
[2023-11-04T15:10:44.089+0100][gc,start      ] GC(175) Pause Young (Normal) (G1 Evacuation Pause)
[2023-11-04T15:10:44.089+0100][gc,task       ] GC(175) Using 6 workers of 6 for evacuation
[2023-11-04T15:10:44.104+0100][gc,phases     ] GC(175)   Pre Evacuate Collection Set: 0,0ms
[2023-11-04T15:10:44.104+0100][gc,phases     ] GC(175)   Evacuate Collection Set: 14,1ms
[2023-11-04T15:10:44.104+0100][gc,phases     ] GC(175)   Post Evacuate Collection Set: 0,7ms
[2023-11-04T15:10:44.104+0100][gc,phases     ] GC(175)   Other: 0,2ms
[2023-11-04T15:10:44.104+0100][gc,heap       ] GC(175) Eden regions: 601->0(600)
[2023-11-04T15:10:44.104+0100][gc,heap       ] GC(175) Survivor regions: 13->14(77)
[2023-11-04T15:10:44.104+0100][gc,heap       ] GC(175) Old regions: 129->129
[2023-11-04T15:10:44.104+0100][gc,heap       ] GC(175) Humongous regions: 129->129
[2023-11-04T15:10:44.104+0100][gc,metaspace  ] GC(175) Metaspace: 45460K(48640K)->45460K(48640K) NonClass: 39718K(41472K)->39718K(41472K) Class: 5741K(7168K)->5741K(7168K)
[2023-11-04T15:10:44.104+0100][gc            ] GC(175) Pause Young (Normal) (G1 Evacuation Pause) 869M->269M(1024M) 15,057ms
[2023-11-04T15:10:44.104+0100][gc,cpu        ] GC(175) User=0,06s Sys=0,00s Real=0,02s
[2023-11-04T15:11:14.435+0100][gc,start      ] GC(176) Pause Young (Normal) (G1 Evacuation Pause)
[2023-11-04T15:11:14.435+0100][gc,task       ] GC(176) Using 6 workers of 6 for evacuation
[2023-11-04T15:11:14.450+0100][gc,phases     ] GC(176)   Pre Evacuate Collection Set: 0,0ms
[2023-11-04T15:11:14.450+0100][gc,phases     ] GC(176)   Evacuate Collection Set: 13,3ms
[2023-11-04T15:11:14.450+0100][gc,phases     ] GC(176)   Post Evacuate Collection Set: 1,3ms
[2023-11-04T15:11:14.450+0100][gc,phases     ] GC(176)   Other: 0,4ms
[2023-11-04T15:11:14.450+0100][gc,heap       ] GC(176) Eden regions: 600->0(601)
[2023-11-04T15:11:14.450+0100][gc,heap       ] GC(176) Survivor regions: 14->13(77)
[2023-11-04T15:11:14.450+0100][gc,heap       ] GC(176) Old regions: 129->130
[2023-11-04T15:11:14.450+0100][gc,heap       ] GC(176) Humongous regions: 129->129
[2023-11-04T15:11:14.450+0100][gc,metaspace  ] GC(176) Metaspace: 45460K(48640K)->45460K(48640K) NonClass: 39718K(41472K)->39718K(41472K) Class: 5741K(7168K)->5741K(7168K)
[2023-11-04T15:11:14.450+0100][gc            ] GC(176) Pause Young (Normal) (G1 Evacuation Pause) 869M->270M(1024M) 15,147ms
[2023-11-04T15:11:14.450+0100][gc,cpu        ] GC(176) User=0,05s Sys=0,00s Real=0,01s
[2023-11-04T15:11:42.459+0100][gc,start      ] GC(177) Pause Young (Normal) (G1 Evacuation Pause)
[2023-11-04T15:11:42.459+0100][gc,task       ] GC(177) Using 6 workers of 6 for evacuation
[2023-11-04T15:11:42.472+0100][gc,phases     ] GC(177)   Pre Evacuate Collection Set: 0,0ms
[2023-11-04T15:11:42.472+0100][gc,phases     ] GC(177)   Evacuate Collection Set: 12,6ms
[2023-11-04T15:11:42.472+0100][gc,phases     ] GC(177)   Post Evacuate Collection Set: 0,7ms
[2023-11-04T15:11:42.472+0100][gc,phases     ] GC(177)   Other: 0,2ms
[2023-11-04T15:11:42.472+0100][gc,heap       ] GC(177) Eden regions: 601->0(600)
[2023-11-04T15:11:42.472+0100][gc,heap       ] GC(177) Survivor regions: 13->14(77)
[2023-11-04T15:11:42.472+0100][gc,heap       ] GC(177) Old regions: 130->131
[2023-11-04T15:11:42.472+0100][gc,heap       ] GC(177) Humongous regions: 129->129
[2023-11-04T15:11:42.472+0100][gc,metaspace  ] GC(177) Metaspace: 45460K(48640K)->45460K(48640K) NonClass: 39718K(41472K)->39718K(41472K) Class: 5741K(7168K)->5741K(7168K)
[2023-11-04T15:11:42.472+0100][gc            ] GC(177) Pause Young (Normal) (G1 Evacuation Pause) 871M->271M(1024M) 13,697ms
[2023-11-04T15:11:42.472+0100][gc,cpu        ] GC(177) User=0,07s Sys=0,00s Real=0,02s
[2023-11-04T15:12:11.952+0100][gc,start      ] GC(178) Pause Young (Normal) (G1 Evacuation Pause)
[2023-11-04T15:12:11.952+0100][gc,task       ] GC(178) Using 6 workers of 6 for evacuation
[2023-11-04T15:12:11.970+0100][gc,phases     ] GC(178)   Pre Evacuate Collection Set: 0,0ms
[2023-11-04T15:12:11.970+0100][gc,phases     ] GC(178)   Evacuate Collection Set: 15,0ms
[2023-11-04T15:12:11.970+0100][gc,phases     ] GC(178)   Post Evacuate Collection Set: 2,3ms
[2023-11-04T15:12:11.970+0100][gc,phases     ] GC(178)   Other: 0,4ms
[2023-11-04T15:12:11.970+0100][gc,heap       ] GC(178) Eden regions: 600->0(601)
[2023-11-04T15:12:11.970+0100][gc,heap       ] GC(178) Survivor regions: 14->13(77)
[2023-11-04T15:12:11.970+0100][gc,heap       ] GC(178) Old regions: 131->132
[2023-11-04T15:12:11.970+0100][gc,heap       ] GC(178) Humongous regions: 129->129
[2023-11-04T15:12:11.970+0100][gc,metaspace  ] GC(178) Metaspace: 45460K(48640K)->45460K(48640K) NonClass: 39718K(41472K)->39718K(41472K) Class: 5741K(7168K)->5741K(7168K)
[2023-11-04T15:12:11.970+0100][gc            ] GC(178) Pause Young (Normal) (G1 Evacuation Pause) 871M->271M(1024M) 17,960ms
[2023-11-04T15:12:11.970+0100][gc,cpu        ] GC(178) User=0,09s Sys=0,00s Real=0,01s
[2023-11-04T15:12:49.240+0100][gc,start      ] GC(179) Pause Young (Normal) (G1 Evacuation Pause)
[2023-11-04T15:12:49.240+0100][gc,task       ] GC(179) Using 6 workers of 6 for evacuation
[2023-11-04T15:12:49.249+0100][gc,phases     ] GC(179)   Pre Evacuate Collection Set: 0,0ms
[2023-11-04T15:12:49.249+0100][gc,phases     ] GC(179)   Evacuate Collection Set: 8,5ms
[2023-11-04T15:12:49.249+0100][gc,phases     ] GC(179)   Post Evacuate Collection Set: 0,7ms
[2023-11-04T15:12:49.249+0100][gc,phases     ] GC(179)   Other: 0,2ms
[2023-11-04T15:12:49.249+0100][gc,heap       ] GC(179) Eden regions: 601->0(601)
[2023-11-04T15:12:49.249+0100][gc,heap       ] GC(179) Survivor regions: 13->13(77)
[2023-11-04T15:12:49.249+0100][gc,heap       ] GC(179) Old regions: 132->133
[2023-11-04T15:12:49.250+0100][gc,heap       ] GC(179) Humongous regions: 129->129
[2023-11-04T15:12:49.250+0100][gc,metaspace  ] GC(179) Metaspace: 45460K(48640K)->45460K(48640K) NonClass: 39718K(41472K)->39718K(41472K) Class: 5741K(7168K)->5741K(7168K)
[2023-11-04T15:12:49.250+0100][gc            ] GC(179) Pause Young (Normal) (G1 Evacuation Pause) 872M->272M(1024M) 9,521ms
[2023-11-04T15:12:49.250+0100][gc,cpu        ] GC(179) User=0,06s Sys=0,00s Real=0,01s
[2023-11-04T15:13:13.665+0100][gc,start      ] GC(180) Pause Young (Normal) (G1 Evacuation Pause)
[2023-11-04T15:13:13.665+0100][gc,task       ] GC(180) Using 6 workers of 6 for evacuation
[2023-11-04T15:13:13.676+0100][gc,phases     ] GC(180)   Pre Evacuate Collection Set: 0,0ms
[2023-11-04T15:13:13.676+0100][gc,phases     ] GC(180)   Evacuate Collection Set: 9,1ms
[2023-11-04T15:13:13.676+0100][gc,phases     ] GC(180)   Post Evacuate Collection Set: 1,8ms
[2023-11-04T15:13:13.676+0100][gc,phases     ] GC(180)   Other: 0,2ms
[2023-11-04T15:13:13.676+0100][gc,heap       ] GC(180) Eden regions: 601->0(602)
[2023-11-04T15:13:13.676+0100][gc,heap       ] GC(180) Survivor regions: 13->12(77)
[2023-11-04T15:13:13.676+0100][gc,heap       ] GC(180) Old regions: 133->134
[2023-11-04T15:13:13.676+0100][gc,heap       ] GC(180) Humongous regions: 129->129
[2023-11-04T15:13:13.676+0100][gc,metaspace  ] GC(180) Metaspace: 45460K(48640K)->45460K(48640K) NonClass: 39718K(41472K)->39718K(41472K) Class: 5741K(7168K)->5741K(7168K)
[2023-11-04T15:13:13.676+0100][gc            ] GC(180) Pause Young (Normal) (G1 Evacuation Pause) 873M->273M(1024M) 11,291ms
[2023-11-04T15:13:13.676+0100][gc,cpu        ] GC(180) User=0,06s Sys=0,00s Real=0,01s
[2023-11-04T15:13:41.302+0100][gc,start      ] GC(181) Pause Young (Normal) (G1 Evacuation Pause)
[2023-11-04T15:13:41.302+0100][gc,task       ] GC(181) Using 6 workers of 6 for evacuation
[2023-11-04T15:13:41.314+0100][gc,phases     ] GC(181)   Pre Evacuate Collection Set: 0,0ms
[2023-11-04T15:13:41.314+0100][gc,phases     ] GC(181)   Evacuate Collection Set: 10,6ms
[2023-11-04T15:13:41.314+0100][gc,phases     ] GC(181)   Post Evacuate Collection Set: 0,8ms
[2023-11-04T15:13:41.314+0100][gc,phases     ] GC(181)   Other: 0,2ms
[2023-11-04T15:13:41.314+0100][gc,heap       ] GC(181) Eden regions: 602->0(601)
[2023-11-04T15:13:41.314+0100][gc,heap       ] GC(181) Survivor regions: 12->13(77)
[2023-11-04T15:13:41.314+0100][gc,heap       ] GC(181) Old regions: 134->135
[2023-11-04T15:13:41.314+0100][gc,heap       ] GC(181) Humongous regions: 129->129
[2023-11-04T15:13:41.314+0100][gc,metaspace  ] GC(181) Metaspace: 45460K(48640K)->45460K(48640K) NonClass: 39718K(41472K)->39718K(41472K) Class: 5741K(7168K)->5741K(7168K)
[2023-11-04T15:13:41.314+0100][gc            ] GC(181) Pause Young (Normal) (G1 Evacuation Pause) 875M->274M(1024M) 11,823ms
[2023-11-04T15:13:41.314+0100][gc,cpu        ] GC(181) User=0,07s Sys=0,00s Real=0,02s
[2023-11-04T15:14:08.448+0100][gc,start      ] GC(182) Pause Young (Normal) (G1 Evacuation Pause)
[2023-11-04T15:14:08.448+0100][gc,task       ] GC(182) Using 6 workers of 6 for evacuation
[2023-11-04T15:14:08.456+0100][gc,phases     ] GC(182)   Pre Evacuate Collection Set: 0,0ms
[2023-11-04T15:14:08.456+0100][gc,phases     ] GC(182)   Evacuate Collection Set: 7,4ms
[2023-11-04T15:14:08.456+0100][gc,phases     ] GC(182)   Post Evacuate Collection Set: 0,8ms
[2023-11-04T15:14:08.456+0100][gc,phases     ] GC(182)   Other: 0,2ms
[2023-11-04T15:14:08.456+0100][gc,heap       ] GC(182) Eden regions: 601->0(602)
[2023-11-04T15:14:08.456+0100][gc,heap       ] GC(182) Survivor regions: 13->12(77)
[2023-11-04T15:14:08.456+0100][gc,heap       ] GC(182) Old regions: 135->136
[2023-11-04T15:14:08.456+0100][gc,heap       ] GC(182) Humongous regions: 129->129
[2023-11-04T15:14:08.456+0100][gc,metaspace  ] GC(182) Metaspace: 45460K(48640K)->45460K(48640K) NonClass: 39718K(41472K)->39718K(41472K) Class: 5741K(7168K)->5741K(7168K)
[2023-11-04T15:14:08.456+0100][gc            ] GC(182) Pause Young (Normal) (G1 Evacuation Pause) 875M->274M(1024M) 8,444ms
[2023-11-04T15:14:08.456+0100][gc,cpu        ] GC(182) User=0,05s Sys=0,00s Real=0,01s
[2023-11-04T15:14:32.556+0100][gc,start      ] GC(183) Pause Young (Normal) (G1 Evacuation Pause)
[2023-11-04T15:14:32.556+0100][gc,task       ] GC(183) Using 6 workers of 6 for evacuation
[2023-11-04T15:14:32.565+0100][gc,phases     ] GC(183)   Pre Evacuate Collection Set: 0,0ms
[2023-11-04T15:14:32.565+0100][gc,phases     ] GC(183)   Evacuate Collection Set: 8,0ms
[2023-11-04T15:14:32.565+0100][gc,phases     ] GC(183)   Post Evacuate Collection Set: 0,7ms
[2023-11-04T15:14:32.565+0100][gc,phases     ] GC(183)   Other: 0,2ms
[2023-11-04T15:14:32.565+0100][gc,heap       ] GC(183) Eden regions: 602->0(601)
[2023-11-04T15:14:32.565+0100][gc,heap       ] GC(183) Survivor regions: 12->13(77)
[2023-11-04T15:14:32.565+0100][gc,heap       ] GC(183) Old regions: 136->137
[2023-11-04T15:14:32.565+0100][gc,heap       ] GC(183) Humongous regions: 129->129
[2023-11-04T15:14:32.565+0100][gc,metaspace  ] GC(183) Metaspace: 45460K(48640K)->45460K(48640K) NonClass: 39718K(41472K)->39718K(41472K) Class: 5741K(7168K)->5741K(7168K)
[2023-11-04T15:14:32.565+0100][gc            ] GC(183) Pause Young (Normal) (G1 Evacuation Pause) 876M->276M(1024M) 9,049ms
[2023-11-04T15:14:32.565+0100][gc,cpu        ] GC(183) User=0,05s Sys=0,00s Real=0,01s
[2023-11-04T15:14:55.087+0100][gc,start      ] GC(184) Pause Young (Normal) (G1 Evacuation Pause)
[2023-11-04T15:14:55.087+0100][gc,task       ] GC(184) Using 6 workers of 6 for evacuation
[2023-11-04T15:14:55.096+0100][gc,phases     ] GC(184)   Pre Evacuate Collection Set: 0,0ms
[2023-11-04T15:14:55.096+0100][gc,phases     ] GC(184)   Evacuate Collection Set: 7,6ms
[2023-11-04T15:14:55.096+0100][gc,phases     ] GC(184)   Post Evacuate Collection Set: 1,0ms
[2023-11-04T15:14:55.096+0100][gc,phases     ] GC(184)   Other: 0,2ms
[2023-11-04T15:14:55.096+0100][gc,heap       ] GC(184) Eden regions: 601->0(601)
[2023-11-04T15:14:55.096+0100][gc,heap       ] GC(184) Survivor regions: 13->13(77)
[2023-11-04T15:14:55.096+0100][gc,heap       ] GC(184) Old regions: 137->137
[2023-11-04T15:14:55.096+0100][gc,heap       ] GC(184) Humongous regions: 129->129
[2023-11-04T15:14:55.096+0100][gc,metaspace  ] GC(184) Metaspace: 45460K(48640K)->45460K(48640K) NonClass: 39718K(41472K)->39718K(41472K) Class: 5741K(7168K)->5741K(7168K)
[2023-11-04T15:14:55.096+0100][gc            ] GC(184) Pause Young (Normal) (G1 Evacuation Pause) 877M->276M(1024M) 8,876ms
[2023-11-04T15:14:55.096+0100][gc,cpu        ] GC(184) User=0,04s Sys=0,00s Real=0,01s
[2023-11-04T15:15:21.569+0100][gc,start      ] GC(185) Pause Young (Normal) (G1 Evacuation Pause)
[2023-11-04T15:15:21.569+0100][gc,task       ] GC(185) Using 6 workers of 6 for evacuation
[2023-11-04T15:15:21.580+0100][gc,phases     ] GC(185)   Pre Evacuate Collection Set: 0,0ms
[2023-11-04T15:15:21.580+0100][gc,phases     ] GC(185)   Evacuate Collection Set: 9,9ms
[2023-11-04T15:15:21.580+0100][gc,phases     ] GC(185)   Post Evacuate Collection Set: 1,4ms
[2023-11-04T15:15:21.580+0100][gc,phases     ] GC(185)   Other: 0,2ms
[2023-11-04T15:15:21.580+0100][gc,heap       ] GC(185) Eden regions: 601->0(601)
[2023-11-04T15:15:21.580+0100][gc,heap       ] GC(185) Survivor regions: 13->13(77)
[2023-11-04T15:15:21.580+0100][gc,heap       ] GC(185) Old regions: 137->138
[2023-11-04T15:15:21.580+0100][gc,heap       ] GC(185) Humongous regions: 129->129
[2023-11-04T15:15:21.580+0100][gc,metaspace  ] GC(185) Metaspace: 45460K(48640K)->45460K(48640K) NonClass: 39718K(41472K)->39718K(41472K) Class: 5741K(7168K)->5741K(7168K)
[2023-11-04T15:15:21.581+0100][gc            ] GC(185) Pause Young (Normal) (G1 Evacuation Pause) 877M->277M(1024M) 11,739ms
[2023-11-04T15:15:21.581+0100][gc,cpu        ] GC(185) User=0,06s Sys=0,01s Real=0,01s
[2023-11-04T15:15:50.817+0100][gc,start      ] GC(186) Pause Young (Normal) (G1 Evacuation Pause)
[2023-11-04T15:15:50.817+0100][gc,task       ] GC(186) Using 6 workers of 6 for evacuation
[2023-11-04T15:15:50.827+0100][gc,phases     ] GC(186)   Pre Evacuate Collection Set: 0,0ms
[2023-11-04T15:15:50.827+0100][gc,phases     ] GC(186)   Evacuate Collection Set: 8,5ms
[2023-11-04T15:15:50.827+0100][gc,phases     ] GC(186)   Post Evacuate Collection Set: 1,1ms
[2023-11-04T15:15:50.827+0100][gc,phases     ] GC(186)   Other: 0,2ms
[2023-11-04T15:15:50.827+0100][gc,heap       ] GC(186) Eden regions: 601->0(602)
[2023-11-04T15:15:50.827+0100][gc,heap       ] GC(186) Survivor regions: 13->12(77)
[2023-11-04T15:15:50.827+0100][gc,heap       ] GC(186) Old regions: 138->139
[2023-11-04T15:15:50.827+0100][gc,heap       ] GC(186) Humongous regions: 129->129
[2023-11-04T15:15:50.827+0100][gc,metaspace  ] GC(186) Metaspace: 45460K(48640K)->45460K(48640K) NonClass: 39718K(41472K)->39718K(41472K) Class: 5741K(7168K)->5741K(7168K)
[2023-11-04T15:15:50.827+0100][gc            ] GC(186) Pause Young (Normal) (G1 Evacuation Pause) 878M->277M(1024M) 9,963ms
[2023-11-04T15:15:50.827+0100][gc,cpu        ] GC(186) User=0,04s Sys=0,01s Real=0,01s
[2023-11-04T15:16:16.935+0100][gc,start      ] GC(187) Pause Young (Normal) (G1 Evacuation Pause)
[2023-11-04T15:16:16.935+0100][gc,task       ] GC(187) Using 6 workers of 6 for evacuation
[2023-11-04T15:16:16.947+0100][gc,phases     ] GC(187)   Pre Evacuate Collection Set: 0,0ms
[2023-11-04T15:16:16.947+0100][gc,phases     ] GC(187)   Evacuate Collection Set: 9,4ms
[2023-11-04T15:16:16.947+0100][gc,phases     ] GC(187)   Post Evacuate Collection Set: 1,4ms
[2023-11-04T15:16:16.947+0100][gc,phases     ] GC(187)   Other: 0,3ms
[2023-11-04T15:16:16.947+0100][gc,heap       ] GC(187) Eden regions: 602->0(601)
[2023-11-04T15:16:16.947+0100][gc,heap       ] GC(187) Survivor regions: 12->13(77)
[2023-11-04T15:16:16.947+0100][gc,heap       ] GC(187) Old regions: 139->140
[2023-11-04T15:16:16.947+0100][gc,heap       ] GC(187) Humongous regions: 129->129
[2023-11-04T15:16:16.947+0100][gc,metaspace  ] GC(187) Metaspace: 45460K(48640K)->45460K(48640K) NonClass: 39718K(41472K)->39718K(41472K) Class: 5741K(7168K)->5741K(7168K)
[2023-11-04T15:16:16.947+0100][gc            ] GC(187) Pause Young (Normal) (G1 Evacuation Pause) 879M->279M(1024M) 11,337ms
[2023-11-04T15:16:16.947+0100][gc,cpu        ] GC(187) User=0,06s Sys=0,00s Real=0,01s
[2023-11-04T15:16:39.073+0100][gc,start      ] GC(188) Pause Young (Normal) (G1 Evacuation Pause)
[2023-11-04T15:16:39.073+0100][gc,task       ] GC(188) Using 6 workers of 6 for evacuation
[2023-11-04T15:16:39.084+0100][gc,phases     ] GC(188)   Pre Evacuate Collection Set: 0,0ms
[2023-11-04T15:16:39.084+0100][gc,phases     ] GC(188)   Evacuate Collection Set: 9,9ms
[2023-11-04T15:16:39.084+0100][gc,phases     ] GC(188)   Post Evacuate Collection Set: 1,1ms
[2023-11-04T15:16:39.084+0100][gc,phases     ] GC(188)   Other: 0,2ms
[2023-11-04T15:16:39.084+0100][gc,heap       ] GC(188) Eden regions: 601->0(602)
[2023-11-04T15:16:39.084+0100][gc,heap       ] GC(188) Survivor regions: 13->12(77)
[2023-11-04T15:16:39.084+0100][gc,heap       ] GC(188) Old regions: 140->141
[2023-11-04T15:16:39.084+0100][gc,heap       ] GC(188) Humongous regions: 129->129
[2023-11-04T15:16:39.084+0100][gc,metaspace  ] GC(188) Metaspace: 45460K(48640K)->45460K(48640K) NonClass: 39718K(41472K)->39718K(41472K) Class: 5741K(7168K)->5741K(7168K)
[2023-11-04T15:16:39.084+0100][gc            ] GC(188) Pause Young (Normal) (G1 Evacuation Pause) 880M->279M(1024M) 11,305ms
[2023-11-04T15:16:39.084+0100][gc,cpu        ] GC(188) User=0,06s Sys=0,00s Real=0,01s
[2023-11-04T15:17:02.577+0100][gc,start      ] GC(189) Pause Young (Normal) (G1 Evacuation Pause)
[2023-11-04T15:17:02.577+0100][gc,task       ] GC(189) Using 6 workers of 6 for evacuation
[2023-11-04T15:17:02.588+0100][gc,phases     ] GC(189)   Pre Evacuate Collection Set: 0,0ms
[2023-11-04T15:17:02.588+0100][gc,phases     ] GC(189)   Evacuate Collection Set: 9,9ms
[2023-11-04T15:17:02.588+0100][gc,phases     ] GC(189)   Post Evacuate Collection Set: 0,7ms
[2023-11-04T15:17:02.588+0100][gc,phases     ] GC(189)   Other: 0,2ms
[2023-11-04T15:17:02.588+0100][gc,heap       ] GC(189) Eden regions: 602->0(601)
[2023-11-04T15:17:02.588+0100][gc,heap       ] GC(189) Survivor regions: 12->13(77)
[2023-11-04T15:17:02.588+0100][gc,heap       ] GC(189) Old regions: 141->141
[2023-11-04T15:17:02.588+0100][gc,heap       ] GC(189) Humongous regions: 129->129
[2023-11-04T15:17:02.588+0100][gc,metaspace  ] GC(189) Metaspace: 45460K(48640K)->45460K(48640K) NonClass: 39718K(41472K)->39718K(41472K) Class: 5741K(7168K)->5741K(7168K)
[2023-11-04T15:17:02.588+0100][gc            ] GC(189) Pause Young (Normal) (G1 Evacuation Pause) 881M->280M(1024M) 10,971ms
[2023-11-04T15:17:02.588+0100][gc,cpu        ] GC(189) User=0,06s Sys=0,00s Real=0,01s
[2023-11-04T15:17:27.950+0100][gc,start      ] GC(190) Pause Young (Normal) (G1 Evacuation Pause)
[2023-11-04T15:17:27.950+0100][gc,task       ] GC(190) Using 6 workers of 6 for evacuation
[2023-11-04T15:17:27.958+0100][gc,phases     ] GC(190)   Pre Evacuate Collection Set: 0,0ms
[2023-11-04T15:17:27.958+0100][gc,phases     ] GC(190)   Evacuate Collection Set: 7,7ms
[2023-11-04T15:17:27.958+0100][gc,phases     ] GC(190)   Post Evacuate Collection Set: 0,7ms
[2023-11-04T15:17:27.958+0100][gc,phases     ] GC(190)   Other: 0,2ms
[2023-11-04T15:17:27.958+0100][gc,heap       ] GC(190) Eden regions: 601->0(601)
[2023-11-04T15:17:27.958+0100][gc,heap       ] GC(190) Survivor regions: 13->13(77)
[2023-11-04T15:17:27.958+0100][gc,heap       ] GC(190) Old regions: 141->142
[2023-11-04T15:17:27.958+0100][gc,heap       ] GC(190) Humongous regions: 129->129
[2023-11-04T15:17:27.958+0100][gc,metaspace  ] GC(190) Metaspace: 45460K(48640K)->45460K(48640K) NonClass: 39718K(41472K)->39718K(41472K) Class: 5741K(7168K)->5741K(7168K)
[2023-11-04T15:17:27.958+0100][gc            ] GC(190) Pause Young (Normal) (G1 Evacuation Pause) 881M->281M(1024M) 8,725ms
[2023-11-04T15:17:27.958+0100][gc,cpu        ] GC(190) User=0,05s Sys=0,00s Real=0,01s
[2023-11-04T15:17:54.496+0100][gc,start      ] GC(191) Pause Young (Normal) (G1 Evacuation Pause)
[2023-11-04T15:17:54.496+0100][gc,task       ] GC(191) Using 6 workers of 6 for evacuation
[2023-11-04T15:17:54.504+0100][gc,phases     ] GC(191)   Pre Evacuate Collection Set: 0,0ms
[2023-11-04T15:17:54.504+0100][gc,phases     ] GC(191)   Evacuate Collection Set: 7,7ms
[2023-11-04T15:17:54.504+0100][gc,phases     ] GC(191)   Post Evacuate Collection Set: 0,8ms
[2023-11-04T15:17:54.504+0100][gc,phases     ] GC(191)   Other: 0,2ms
[2023-11-04T15:17:54.504+0100][gc,heap       ] GC(191) Eden regions: 601->0(601)
[2023-11-04T15:17:54.504+0100][gc,heap       ] GC(191) Survivor regions: 13->13(77)
[2023-11-04T15:17:54.504+0100][gc,heap       ] GC(191) Old regions: 142->143
[2023-11-04T15:17:54.504+0100][gc,heap       ] GC(191) Humongous regions: 129->129
[2023-11-04T15:17:54.504+0100][gc,metaspace  ] GC(191) Metaspace: 45460K(48640K)->45460K(48640K) NonClass: 39718K(41472K)->39718K(41472K) Class: 5741K(7168K)->5741K(7168K)
[2023-11-04T15:17:54.504+0100][gc            ] GC(191) Pause Young (Normal) (G1 Evacuation Pause) 882M->282M(1024M) 8,789ms
[2023-11-04T15:17:54.504+0100][gc,cpu        ] GC(191) User=0,05s Sys=0,00s Real=0,01s
[2023-11-04T15:18:16.994+0100][gc,start      ] GC(192) Pause Young (Normal) (G1 Evacuation Pause)
[2023-11-04T15:18:16.994+0100][gc,task       ] GC(192) Using 6 workers of 6 for evacuation
[2023-11-04T15:18:17.004+0100][gc,phases     ] GC(192)   Pre Evacuate Collection Set: 0,0ms
[2023-11-04T15:18:17.004+0100][gc,phases     ] GC(192)   Evacuate Collection Set: 9,2ms
[2023-11-04T15:18:17.004+0100][gc,phases     ] GC(192)   Post Evacuate Collection Set: 0,7ms
[2023-11-04T15:18:17.004+0100][gc,phases     ] GC(192)   Other: 0,2ms
[2023-11-04T15:18:17.004+0100][gc,heap       ] GC(192) Eden regions: 601->0(601)
[2023-11-04T15:18:17.004+0100][gc,heap       ] GC(192) Survivor regions: 13->13(77)
[2023-11-04T15:18:17.004+0100][gc,heap       ] GC(192) Old regions: 143->144
[2023-11-04T15:18:17.004+0100][gc,heap       ] GC(192) Humongous regions: 129->129
[2023-11-04T15:18:17.004+0100][gc,metaspace  ] GC(192) Metaspace: 45460K(48640K)->45460K(48640K) NonClass: 39718K(41472K)->39718K(41472K) Class: 5741K(7168K)->5741K(7168K)
[2023-11-04T15:18:17.004+0100][gc            ] GC(192) Pause Young (Normal) (G1 Evacuation Pause) 883M->283M(1024M) 10,188ms
[2023-11-04T15:18:17.004+0100][gc,cpu        ] GC(192) User=0,05s Sys=0,00s Real=0,01s
[2023-11-04T15:18:40.783+0100][gc,start      ] GC(193) Pause Young (Normal) (G1 Evacuation Pause)
[2023-11-04T15:18:40.783+0100][gc,task       ] GC(193) Using 6 workers of 6 for evacuation
[2023-11-04T15:18:40.793+0100][gc,phases     ] GC(193)   Pre Evacuate Collection Set: 0,1ms
[2023-11-04T15:18:40.793+0100][gc,phases     ] GC(193)   Evacuate Collection Set: 9,3ms
[2023-11-04T15:18:40.793+0100][gc,phases     ] GC(193)   Post Evacuate Collection Set: 0,8ms
[2023-11-04T15:18:40.793+0100][gc,phases     ] GC(193)   Other: 0,5ms
[2023-11-04T15:18:40.793+0100][gc,heap       ] GC(193) Eden regions: 601->0(601)
[2023-11-04T15:18:40.793+0100][gc,heap       ] GC(193) Survivor regions: 13->13(77)
[2023-11-04T15:18:40.794+0100][gc,heap       ] GC(193) Old regions: 144->144
[2023-11-04T15:18:40.794+0100][gc,heap       ] GC(193) Humongous regions: 129->129
[2023-11-04T15:18:40.794+0100][gc,metaspace  ] GC(193) Metaspace: 45460K(48640K)->45460K(48640K) NonClass: 39718K(41472K)->39718K(41472K) Class: 5741K(7168K)->5741K(7168K)
[2023-11-04T15:18:40.794+0100][gc            ] GC(193) Pause Young (Normal) (G1 Evacuation Pause) 884M->284M(1024M) 10,824ms
[2023-11-04T15:18:40.794+0100][gc,cpu        ] GC(193) User=0,06s Sys=0,00s Real=0,02s
[2023-11-04T15:19:04.479+0100][gc,start      ] GC(194) Pause Young (Normal) (G1 Evacuation Pause)
[2023-11-04T15:19:04.479+0100][gc,task       ] GC(194) Using 6 workers of 6 for evacuation
[2023-11-04T15:19:04.493+0100][gc,phases     ] GC(194)   Pre Evacuate Collection Set: 0,0ms
[2023-11-04T15:19:04.493+0100][gc,phases     ] GC(194)   Evacuate Collection Set: 12,6ms
[2023-11-04T15:19:04.493+0100][gc,phases     ] GC(194)   Post Evacuate Collection Set: 0,7ms
[2023-11-04T15:19:04.493+0100][gc,phases     ] GC(194)   Other: 0,2ms
[2023-11-04T15:19:04.493+0100][gc,heap       ] GC(194) Eden regions: 601->0(601)
[2023-11-04T15:19:04.493+0100][gc,heap       ] GC(194) Survivor regions: 13->13(77)
[2023-11-04T15:19:04.493+0100][gc,heap       ] GC(194) Old regions: 144->145
[2023-11-04T15:19:04.493+0100][gc,heap       ] GC(194) Humongous regions: 129->129
[2023-11-04T15:19:04.493+0100][gc,metaspace  ] GC(194) Metaspace: 45460K(48640K)->45460K(48640K) NonClass: 39718K(41472K)->39718K(41472K) Class: 5741K(7168K)->5741K(7168K)
[2023-11-04T15:19:04.493+0100][gc            ] GC(194) Pause Young (Normal) (G1 Evacuation Pause) 885M->285M(1024M) 13,636ms
[2023-11-04T15:19:04.493+0100][gc,cpu        ] GC(194) User=0,06s Sys=0,00s Real=0,02s
[2023-11-04T15:19:28.068+0100][gc,start      ] GC(195) Pause Young (Normal) (G1 Evacuation Pause)
[2023-11-04T15:19:28.068+0100][gc,task       ] GC(195) Using 6 workers of 6 for evacuation
[2023-11-04T15:19:28.078+0100][gc,phases     ] GC(195)   Pre Evacuate Collection Set: 0,0ms
[2023-11-04T15:19:28.078+0100][gc,phases     ] GC(195)   Evacuate Collection Set: 8,8ms
[2023-11-04T15:19:28.078+0100][gc,phases     ] GC(195)   Post Evacuate Collection Set: 0,7ms
[2023-11-04T15:19:28.078+0100][gc,phases     ] GC(195)   Other: 0,2ms
[2023-11-04T15:19:28.078+0100][gc,heap       ] GC(195) Eden regions: 601->0(601)
[2023-11-04T15:19:28.078+0100][gc,heap       ] GC(195) Survivor regions: 13->13(77)
[2023-11-04T15:19:28.078+0100][gc,heap       ] GC(195) Old regions: 145->146
[2023-11-04T15:19:28.078+0100][gc,heap       ] GC(195) Humongous regions: 129->129
[2023-11-04T15:19:28.078+0100][gc,metaspace  ] GC(195) Metaspace: 45460K(48640K)->45460K(48640K) NonClass: 39718K(41472K)->39718K(41472K) Class: 5741K(7168K)->5741K(7168K)
[2023-11-04T15:19:28.078+0100][gc            ] GC(195) Pause Young (Normal) (G1 Evacuation Pause) 886M->286M(1024M) 9,931ms
[2023-11-04T15:19:28.078+0100][gc,cpu        ] GC(195) User=0,06s Sys=0,00s Real=0,01s
[2023-11-04T15:19:54.695+0100][gc,start      ] GC(196) Pause Young (Normal) (G1 Evacuation Pause)
[2023-11-04T15:19:54.695+0100][gc,task       ] GC(196) Using 6 workers of 6 for evacuation
[2023-11-04T15:19:54.704+0100][gc,phases     ] GC(196)   Pre Evacuate Collection Set: 0,0ms
[2023-11-04T15:19:54.704+0100][gc,phases     ] GC(196)   Evacuate Collection Set: 8,4ms
[2023-11-04T15:19:54.704+0100][gc,phases     ] GC(196)   Post Evacuate Collection Set: 0,7ms
[2023-11-04T15:19:54.704+0100][gc,phases     ] GC(196)   Other: 0,2ms
[2023-11-04T15:19:54.704+0100][gc,heap       ] GC(196) Eden regions: 601->0(601)
[2023-11-04T15:19:54.704+0100][gc,heap       ] GC(196) Survivor regions: 13->13(77)
[2023-11-04T15:19:54.704+0100][gc,heap       ] GC(196) Old regions: 146->147
[2023-11-04T15:19:54.704+0100][gc,heap       ] GC(196) Humongous regions: 129->129
[2023-11-04T15:19:54.704+0100][gc,metaspace  ] GC(196) Metaspace: 45460K(48640K)->45460K(48640K) NonClass: 39718K(41472K)->39718K(41472K) Class: 5741K(7168K)->5741K(7168K)
[2023-11-04T15:19:54.705+0100][gc            ] GC(196) Pause Young (Normal) (G1 Evacuation Pause) 887M->287M(1024M) 9,467ms
[2023-11-04T15:19:54.705+0100][gc,cpu        ] GC(196) User=0,05s Sys=0,00s Real=0,01s
[2023-11-04T15:20:18.520+0100][gc,start      ] GC(197) Pause Young (Normal) (G1 Evacuation Pause)
[2023-11-04T15:20:18.520+0100][gc,task       ] GC(197) Using 6 workers of 6 for evacuation
[2023-11-04T15:20:18.530+0100][gc,phases     ] GC(197)   Pre Evacuate Collection Set: 0,0ms
[2023-11-04T15:20:18.530+0100][gc,phases     ] GC(197)   Evacuate Collection Set: 8,7ms
[2023-11-04T15:20:18.530+0100][gc,phases     ] GC(197)   Post Evacuate Collection Set: 0,9ms
[2023-11-04T15:20:18.530+0100][gc,phases     ] GC(197)   Other: 0,2ms
[2023-11-04T15:20:18.530+0100][gc,heap       ] GC(197) Eden regions: 601->0(601)
[2023-11-04T15:20:18.530+0100][gc,heap       ] GC(197) Survivor regions: 13->13(77)
[2023-11-04T15:20:18.530+0100][gc,heap       ] GC(197) Old regions: 147->148
[2023-11-04T15:20:18.530+0100][gc,heap       ] GC(197) Humongous regions: 129->129
[2023-11-04T15:20:18.530+0100][gc,metaspace  ] GC(197) Metaspace: 45460K(48640K)->45460K(48640K) NonClass: 39718K(41472K)->39718K(41472K) Class: 5741K(7168K)->5741K(7168K)
[2023-11-04T15:20:18.530+0100][gc            ] GC(197) Pause Young (Normal) (G1 Evacuation Pause) 888M->287M(1024M) 9,824ms
[2023-11-04T15:20:18.530+0100][gc,cpu        ] GC(197) User=0,05s Sys=0,01s Real=0,01s
[2023-11-04T15:20:42.244+0100][gc,start      ] GC(198) Pause Young (Normal) (G1 Evacuation Pause)
[2023-11-04T15:20:42.244+0100][gc,task       ] GC(198) Using 6 workers of 6 for evacuation
[2023-11-04T15:20:42.254+0100][gc,phases     ] GC(198)   Pre Evacuate Collection Set: 0,0ms
[2023-11-04T15:20:42.254+0100][gc,phases     ] GC(198)   Evacuate Collection Set: 8,7ms
[2023-11-04T15:20:42.254+0100][gc,phases     ] GC(198)   Post Evacuate Collection Set: 1,2ms
[2023-11-04T15:20:42.254+0100][gc,phases     ] GC(198)   Other: 0,2ms
[2023-11-04T15:20:42.254+0100][gc,heap       ] GC(198) Eden regions: 601->0(601)
[2023-11-04T15:20:42.254+0100][gc,heap       ] GC(198) Survivor regions: 13->13(77)
[2023-11-04T15:20:42.254+0100][gc,heap       ] GC(198) Old regions: 148->149
[2023-11-04T15:20:42.254+0100][gc,heap       ] GC(198) Humongous regions: 129->129
[2023-11-04T15:20:42.254+0100][gc,metaspace  ] GC(198) Metaspace: 45460K(48640K)->45460K(48640K) NonClass: 39718K(41472K)->39718K(41472K) Class: 5741K(7168K)->5741K(7168K)
[2023-11-04T15:20:42.254+0100][gc            ] GC(198) Pause Young (Normal) (G1 Evacuation Pause) 888M->288M(1024M) 10,305ms
[2023-11-04T15:20:42.254+0100][gc,cpu        ] GC(198) User=0,05s Sys=0,00s Real=0,01s
[2023-11-04T15:21:07.700+0100][gc,start      ] GC(199) Pause Young (Normal) (G1 Evacuation Pause)
[2023-11-04T15:21:07.700+0100][gc,task       ] GC(199) Using 6 workers of 6 for evacuation
[2023-11-04T15:21:07.709+0100][gc,phases     ] GC(199)   Pre Evacuate Collection Set: 0,0ms
[2023-11-04T15:21:07.709+0100][gc,phases     ] GC(199)   Evacuate Collection Set: 8,3ms
[2023-11-04T15:21:07.709+0100][gc,phases     ] GC(199)   Post Evacuate Collection Set: 0,7ms
[2023-11-04T15:21:07.709+0100][gc,phases     ] GC(199)   Other: 0,2ms
[2023-11-04T15:21:07.709+0100][gc,heap       ] GC(199) Eden regions: 601->0(601)
[2023-11-04T15:21:07.709+0100][gc,heap       ] GC(199) Survivor regions: 13->13(77)
[2023-11-04T15:21:07.709+0100][gc,heap       ] GC(199) Old regions: 149->150
[2023-11-04T15:21:07.709+0100][gc,heap       ] GC(199) Humongous regions: 129->129
[2023-11-04T15:21:07.709+0100][gc,metaspace  ] GC(199) Metaspace: 45460K(48640K)->45460K(48640K) NonClass: 39718K(41472K)->39718K(41472K) Class: 5741K(7168K)->5741K(7168K)
[2023-11-04T15:21:07.709+0100][gc            ] GC(199) Pause Young (Normal) (G1 Evacuation Pause) 889M->289M(1024M) 9,246ms
[2023-11-04T15:21:07.709+0100][gc,cpu        ] GC(199) User=0,05s Sys=0,01s Real=0,01s
[2023-11-04T15:21:32.959+0100][gc,start      ] GC(200) Pause Young (Normal) (G1 Evacuation Pause)
[2023-11-04T15:21:32.960+0100][gc,task       ] GC(200) Using 6 workers of 6 for evacuation
[2023-11-04T15:21:32.969+0100][gc,phases     ] GC(200)   Pre Evacuate Collection Set: 0,0ms
[2023-11-04T15:21:32.969+0100][gc,phases     ] GC(200)   Evacuate Collection Set: 8,4ms
[2023-11-04T15:21:32.969+0100][gc,phases     ] GC(200)   Post Evacuate Collection Set: 0,9ms
[2023-11-04T15:21:32.969+0100][gc,phases     ] GC(200)   Other: 0,2ms
[2023-11-04T15:21:32.969+0100][gc,heap       ] GC(200) Eden regions: 601->0(601)
[2023-11-04T15:21:32.969+0100][gc,heap       ] GC(200) Survivor regions: 13->13(77)
[2023-11-04T15:21:32.969+0100][gc,heap       ] GC(200) Old regions: 150->150
[2023-11-04T15:21:32.969+0100][gc,heap       ] GC(200) Humongous regions: 129->129
[2023-11-04T15:21:32.969+0100][gc,metaspace  ] GC(200) Metaspace: 45460K(48640K)->45460K(48640K) NonClass: 39718K(41472K)->39718K(41472K) Class: 5741K(7168K)->5741K(7168K)
[2023-11-04T15:21:32.969+0100][gc            ] GC(200) Pause Young (Normal) (G1 Evacuation Pause) 890M->290M(1024M) 9,650ms
[2023-11-04T15:21:32.969+0100][gc,cpu        ] GC(200) User=0,05s Sys=0,00s Real=0,01s
[2023-11-04T15:21:59.255+0100][gc,start      ] GC(201) Pause Young (Normal) (G1 Evacuation Pause)
[2023-11-04T15:21:59.255+0100][gc,task       ] GC(201) Using 6 workers of 6 for evacuation
[2023-11-04T15:21:59.264+0100][gc,phases     ] GC(201)   Pre Evacuate Collection Set: 0,0ms
[2023-11-04T15:21:59.264+0100][gc,phases     ] GC(201)   Evacuate Collection Set: 7,8ms
[2023-11-04T15:21:59.264+0100][gc,phases     ] GC(201)   Post Evacuate Collection Set: 0,7ms
[2023-11-04T15:21:59.264+0100][gc,phases     ] GC(201)   Other: 0,1ms
[2023-11-04T15:21:59.264+0100][gc,heap       ] GC(201) Eden regions: 601->0(601)
[2023-11-04T15:21:59.264+0100][gc,heap       ] GC(201) Survivor regions: 13->13(77)
[2023-11-04T15:21:59.264+0100][gc,heap       ] GC(201) Old regions: 150->151
[2023-11-04T15:21:59.264+0100][gc,heap       ] GC(201) Humongous regions: 129->129
[2023-11-04T15:21:59.264+0100][gc,metaspace  ] GC(201) Metaspace: 45460K(48640K)->45460K(48640K) NonClass: 39718K(41472K)->39718K(41472K) Class: 5741K(7168K)->5741K(7168K)
[2023-11-04T15:21:59.264+0100][gc            ] GC(201) Pause Young (Normal) (G1 Evacuation Pause) 891M->291M(1024M) 8,769ms
[2023-11-04T15:21:59.264+0100][gc,cpu        ] GC(201) User=0,04s Sys=0,01s Real=0,01s
[2023-11-04T15:22:20.480+0100][gc,start      ] GC(202) Pause Young (Normal) (G1 Evacuation Pause)
[2023-11-04T15:22:20.480+0100][gc,task       ] GC(202) Using 6 workers of 6 for evacuation
[2023-11-04T15:22:20.490+0100][gc,phases     ] GC(202)   Pre Evacuate Collection Set: 0,0ms
[2023-11-04T15:22:20.490+0100][gc,phases     ] GC(202)   Evacuate Collection Set: 9,5ms
[2023-11-04T15:22:20.490+0100][gc,phases     ] GC(202)   Post Evacuate Collection Set: 0,6ms
[2023-11-04T15:22:20.490+0100][gc,phases     ] GC(202)   Other: 0,1ms
[2023-11-04T15:22:20.490+0100][gc,heap       ] GC(202) Eden regions: 601->0(601)
[2023-11-04T15:22:20.490+0100][gc,heap       ] GC(202) Survivor regions: 13->13(77)
[2023-11-04T15:22:20.490+0100][gc,heap       ] GC(202) Old regions: 151->152
[2023-11-04T15:22:20.490+0100][gc,heap       ] GC(202) Humongous regions: 129->129
[2023-11-04T15:22:20.490+0100][gc,metaspace  ] GC(202) Metaspace: 45460K(48640K)->45460K(48640K) NonClass: 39718K(41472K)->39718K(41472K) Class: 5741K(7168K)->5741K(7168K)
[2023-11-04T15:22:20.490+0100][gc            ] GC(202) Pause Young (Normal) (G1 Evacuation Pause) 892M->291M(1024M) 10,355ms
[2023-11-04T15:22:20.490+0100][gc,cpu        ] GC(202) User=0,06s Sys=0,00s Real=0,01s
[2023-11-04T15:22:45.996+0100][gc,start      ] GC(203) Pause Young (Normal) (G1 Evacuation Pause)
[2023-11-04T15:22:45.996+0100][gc,task       ] GC(203) Using 6 workers of 6 for evacuation
[2023-11-04T15:22:46.006+0100][gc,phases     ] GC(203)   Pre Evacuate Collection Set: 0,0ms
[2023-11-04T15:22:46.006+0100][gc,phases     ] GC(203)   Evacuate Collection Set: 9,3ms
[2023-11-04T15:22:46.006+0100][gc,phases     ] GC(203)   Post Evacuate Collection Set: 0,8ms
[2023-11-04T15:22:46.006+0100][gc,phases     ] GC(203)   Other: 0,2ms
[2023-11-04T15:22:46.006+0100][gc,heap       ] GC(203) Eden regions: 601->0(601)
[2023-11-04T15:22:46.006+0100][gc,heap       ] GC(203) Survivor regions: 13->13(77)
[2023-11-04T15:22:46.006+0100][gc,heap       ] GC(203) Old regions: 152->153
[2023-11-04T15:22:46.006+0100][gc,heap       ] GC(203) Humongous regions: 129->129
[2023-11-04T15:22:46.006+0100][gc,metaspace  ] GC(203) Metaspace: 45460K(48640K)->45460K(48640K) NonClass: 39718K(41472K)->39718K(41472K) Class: 5741K(7168K)->5741K(7168K)
[2023-11-04T15:22:46.006+0100][gc            ] GC(203) Pause Young (Normal) (G1 Evacuation Pause) 892M->293M(1024M) 10,444ms
[2023-11-04T15:22:46.006+0100][gc,cpu        ] GC(203) User=0,04s Sys=0,01s Real=0,01s
[2023-11-04T15:23:08.621+0100][gc,start      ] GC(204) Pause Young (Normal) (G1 Evacuation Pause)
[2023-11-04T15:23:08.621+0100][gc,task       ] GC(204) Using 6 workers of 6 for evacuation
[2023-11-04T15:23:08.633+0100][gc,phases     ] GC(204)   Pre Evacuate Collection Set: 0,0ms
[2023-11-04T15:23:08.633+0100][gc,phases     ] GC(204)   Evacuate Collection Set: 11,0ms
[2023-11-04T15:23:08.633+0100][gc,phases     ] GC(204)   Post Evacuate Collection Set: 0,7ms
[2023-11-04T15:23:08.633+0100][gc,phases     ] GC(204)   Other: 0,2ms
[2023-11-04T15:23:08.633+0100][gc,heap       ] GC(204) Eden regions: 601->0(601)
[2023-11-04T15:23:08.633+0100][gc,heap       ] GC(204) Survivor regions: 13->13(77)
[2023-11-04T15:23:08.633+0100][gc,heap       ] GC(204) Old regions: 153->154
[2023-11-04T15:23:08.633+0100][gc,heap       ] GC(204) Humongous regions: 129->129
[2023-11-04T15:23:08.633+0100][gc,metaspace  ] GC(204) Metaspace: 45460K(48640K)->45460K(48640K) NonClass: 39718K(41472K)->39718K(41472K) Class: 5741K(7168K)->5741K(7168K)
[2023-11-04T15:23:08.633+0100][gc            ] GC(204) Pause Young (Normal) (G1 Evacuation Pause) 894M->293M(1024M) 12,077ms
[2023-11-04T15:23:08.633+0100][gc,cpu        ] GC(204) User=0,07s Sys=0,00s Real=0,02s
[2023-11-04T15:23:32.055+0100][gc,start      ] GC(205) Pause Young (Normal) (G1 Evacuation Pause)
[2023-11-04T15:23:32.055+0100][gc,task       ] GC(205) Using 6 workers of 6 for evacuation
[2023-11-04T15:23:32.064+0100][gc,phases     ] GC(205)   Pre Evacuate Collection Set: 0,0ms
[2023-11-04T15:23:32.064+0100][gc,phases     ] GC(205)   Evacuate Collection Set: 8,0ms
[2023-11-04T15:23:32.064+0100][gc,phases     ] GC(205)   Post Evacuate Collection Set: 0,7ms
[2023-11-04T15:23:32.064+0100][gc,phases     ] GC(205)   Other: 0,2ms
[2023-11-04T15:23:32.064+0100][gc,heap       ] GC(205) Eden regions: 601->0(601)
[2023-11-04T15:23:32.064+0100][gc,heap       ] GC(205) Survivor regions: 13->13(77)
[2023-11-04T15:23:32.064+0100][gc,heap       ] GC(205) Old regions: 154->155
[2023-11-04T15:23:32.064+0100][gc,heap       ] GC(205) Humongous regions: 129->129
[2023-11-04T15:23:32.064+0100][gc,metaspace  ] GC(205) Metaspace: 45460K(48640K)->45460K(48640K) NonClass: 39718K(41472K)->39718K(41472K) Class: 5741K(7168K)->5741K(7168K)
[2023-11-04T15:23:32.064+0100][gc            ] GC(205) Pause Young (Normal) (G1 Evacuation Pause) 894M->294M(1024M) 9,043ms
[2023-11-04T15:23:32.064+0100][gc,cpu        ] GC(205) User=0,04s Sys=0,01s Real=0,01s
[2023-11-04T15:23:56.804+0100][gc,start      ] GC(206) Pause Young (Normal) (G1 Evacuation Pause)
[2023-11-04T15:23:56.804+0100][gc,task       ] GC(206) Using 6 workers of 6 for evacuation
[2023-11-04T15:23:56.812+0100][gc,phases     ] GC(206)   Pre Evacuate Collection Set: 0,0ms
[2023-11-04T15:23:56.813+0100][gc,phases     ] GC(206)   Evacuate Collection Set: 8,0ms
[2023-11-04T15:23:56.813+0100][gc,phases     ] GC(206)   Post Evacuate Collection Set: 0,8ms
[2023-11-04T15:23:56.813+0100][gc,phases     ] GC(206)   Other: 0,2ms
[2023-11-04T15:23:56.813+0100][gc,heap       ] GC(206) Eden regions: 601->0(602)
[2023-11-04T15:23:56.813+0100][gc,heap       ] GC(206) Survivor regions: 13->12(77)
[2023-11-04T15:23:56.813+0100][gc,heap       ] GC(206) Old regions: 155->156
[2023-11-04T15:23:56.813+0100][gc,heap       ] GC(206) Humongous regions: 129->129
[2023-11-04T15:23:56.813+0100][gc,metaspace  ] GC(206) Metaspace: 45460K(48640K)->45460K(48640K) NonClass: 39718K(41472K)->39718K(41472K) Class: 5741K(7168K)->5741K(7168K)
[2023-11-04T15:23:56.813+0100][gc            ] GC(206) Pause Young (Normal) (G1 Evacuation Pause) 895M->294M(1024M) 9,099ms
[2023-11-04T15:23:56.813+0100][gc,cpu        ] GC(206) User=0,05s Sys=0,00s Real=0,01s
[2023-11-04T15:24:20.366+0100][gc,start      ] GC(207) Pause Young (Normal) (G1 Evacuation Pause)
[2023-11-04T15:24:20.366+0100][gc,task       ] GC(207) Using 6 workers of 6 for evacuation
[2023-11-04T15:24:20.377+0100][gc,phases     ] GC(207)   Pre Evacuate Collection Set: 0,0ms
[2023-11-04T15:24:20.377+0100][gc,phases     ] GC(207)   Evacuate Collection Set: 10,5ms
[2023-11-04T15:24:20.377+0100][gc,phases     ] GC(207)   Post Evacuate Collection Set: 0,7ms
[2023-11-04T15:24:20.377+0100][gc,phases     ] GC(207)   Other: 0,2ms
[2023-11-04T15:24:20.377+0100][gc,heap       ] GC(207) Eden regions: 602->0(601)
[2023-11-04T15:24:20.377+0100][gc,heap       ] GC(207) Survivor regions: 12->13(77)
[2023-11-04T15:24:20.378+0100][gc,heap       ] GC(207) Old regions: 156->156
[2023-11-04T15:24:20.378+0100][gc,heap       ] GC(207) Humongous regions: 129->129
[2023-11-04T15:24:20.378+0100][gc,metaspace  ] GC(207) Metaspace: 45460K(48640K)->45460K(48640K) NonClass: 39718K(41472K)->39718K(41472K) Class: 5741K(7168K)->5741K(7168K)
[2023-11-04T15:24:20.378+0100][gc            ] GC(207) Pause Young (Normal) (G1 Evacuation Pause) 896M->296M(1024M) 11,422ms
[2023-11-04T15:24:20.378+0100][gc,cpu        ] GC(207) User=0,06s Sys=0,00s Real=0,01s
[2023-11-04T15:24:44.425+0100][gc,start      ] GC(208) Pause Young (Normal) (G1 Evacuation Pause)
[2023-11-04T15:24:44.425+0100][gc,task       ] GC(208) Using 6 workers of 6 for evacuation
[2023-11-04T15:24:44.434+0100][gc,phases     ] GC(208)   Pre Evacuate Collection Set: 0,0ms
[2023-11-04T15:24:44.434+0100][gc,phases     ] GC(208)   Evacuate Collection Set: 8,1ms
[2023-11-04T15:24:44.434+0100][gc,phases     ] GC(208)   Post Evacuate Collection Set: 0,6ms
[2023-11-04T15:24:44.434+0100][gc,phases     ] GC(208)   Other: 0,2ms
[2023-11-04T15:24:44.434+0100][gc,heap       ] GC(208) Eden regions: 601->0(601)
[2023-11-04T15:24:44.434+0100][gc,heap       ] GC(208) Survivor regions: 13->13(77)
[2023-11-04T15:24:44.434+0100][gc,heap       ] GC(208) Old regions: 156->157
[2023-11-04T15:24:44.434+0100][gc,heap       ] GC(208) Humongous regions: 129->129
[2023-11-04T15:24:44.434+0100][gc,metaspace  ] GC(208) Metaspace: 45460K(48640K)->45460K(48640K) NonClass: 39718K(41472K)->39718K(41472K) Class: 5741K(7168K)->5741K(7168K)
[2023-11-04T15:24:44.434+0100][gc            ] GC(208) Pause Young (Normal) (G1 Evacuation Pause) 897M->296M(1024M) 8,991ms
[2023-11-04T15:24:44.434+0100][gc,cpu        ] GC(208) User=0,05s Sys=0,00s Real=0,01s
[2023-11-04T15:25:05.510+0100][gc,start      ] GC(209) Pause Young (Normal) (G1 Evacuation Pause)
[2023-11-04T15:25:05.510+0100][gc,task       ] GC(209) Using 6 workers of 6 for evacuation
[2023-11-04T15:25:05.518+0100][gc,phases     ] GC(209)   Pre Evacuate Collection Set: 0,0ms
[2023-11-04T15:25:05.518+0100][gc,phases     ] GC(209)   Evacuate Collection Set: 7,7ms
[2023-11-04T15:25:05.518+0100][gc,phases     ] GC(209)   Post Evacuate Collection Set: 0,7ms
[2023-11-04T15:25:05.519+0100][gc,phases     ] GC(209)   Other: 0,2ms
[2023-11-04T15:25:05.519+0100][gc,heap       ] GC(209) Eden regions: 601->0(601)
[2023-11-04T15:25:05.519+0100][gc,heap       ] GC(209) Survivor regions: 13->13(77)
[2023-11-04T15:25:05.519+0100][gc,heap       ] GC(209) Old regions: 157->158
[2023-11-04T15:25:05.519+0100][gc,heap       ] GC(209) Humongous regions: 129->129
[2023-11-04T15:25:05.519+0100][gc,metaspace  ] GC(209) Metaspace: 45460K(48640K)->45460K(48640K) NonClass: 39718K(41472K)->39718K(41472K) Class: 5741K(7168K)->5741K(7168K)
[2023-11-04T15:25:05.519+0100][gc            ] GC(209) Pause Young (Normal) (G1 Evacuation Pause) 897M->298M(1024M) 8,758ms
[2023-11-04T15:25:05.519+0100][gc,cpu        ] GC(209) User=0,04s Sys=0,00s Real=0,01s
[2023-11-04T15:25:26.138+0100][gc,start      ] GC(210) Pause Young (Normal) (G1 Evacuation Pause)
[2023-11-04T15:25:26.138+0100][gc,task       ] GC(210) Using 6 workers of 6 for evacuation
[2023-11-04T15:25:26.147+0100][gc,phases     ] GC(210)   Pre Evacuate Collection Set: 0,0ms
[2023-11-04T15:25:26.147+0100][gc,phases     ] GC(210)   Evacuate Collection Set: 7,8ms
[2023-11-04T15:25:26.147+0100][gc,phases     ] GC(210)   Post Evacuate Collection Set: 0,7ms
[2023-11-04T15:25:26.147+0100][gc,phases     ] GC(210)   Other: 0,1ms
[2023-11-04T15:25:26.147+0100][gc,heap       ] GC(210) Eden regions: 601->0(601)
[2023-11-04T15:25:26.147+0100][gc,heap       ] GC(210) Survivor regions: 13->13(77)
[2023-11-04T15:25:26.147+0100][gc,heap       ] GC(210) Old regions: 158->159
[2023-11-04T15:25:26.147+0100][gc,heap       ] GC(210) Humongous regions: 129->129
[2023-11-04T15:25:26.147+0100][gc,metaspace  ] GC(210) Metaspace: 45460K(48640K)->45460K(48640K) NonClass: 39718K(41472K)->39718K(41472K) Class: 5741K(7168K)->5741K(7168K)
[2023-11-04T15:25:26.147+0100][gc            ] GC(210) Pause Young (Normal) (G1 Evacuation Pause) 899M->299M(1024M) 8,727ms
[2023-11-04T15:25:26.147+0100][gc,cpu        ] GC(210) User=0,05s Sys=0,00s Real=0,01s
[2023-11-04T15:25:47.065+0100][gc,start      ] GC(211) Pause Young (Normal) (G1 Evacuation Pause)
[2023-11-04T15:25:47.065+0100][gc,task       ] GC(211) Using 6 workers of 6 for evacuation
[2023-11-04T15:25:47.073+0100][gc,phases     ] GC(211)   Pre Evacuate Collection Set: 0,0ms
[2023-11-04T15:25:47.073+0100][gc,phases     ] GC(211)   Evacuate Collection Set: 7,8ms
[2023-11-04T15:25:47.073+0100][gc,phases     ] GC(211)   Post Evacuate Collection Set: 0,6ms
[2023-11-04T15:25:47.073+0100][gc,phases     ] GC(211)   Other: 0,1ms
[2023-11-04T15:25:47.073+0100][gc,heap       ] GC(211) Eden regions: 601->0(601)
[2023-11-04T15:25:47.073+0100][gc,heap       ] GC(211) Survivor regions: 13->13(77)
[2023-11-04T15:25:47.073+0100][gc,heap       ] GC(211) Old regions: 159->160
[2023-11-04T15:25:47.073+0100][gc,heap       ] GC(211) Humongous regions: 129->129
[2023-11-04T15:25:47.073+0100][gc,metaspace  ] GC(211) Metaspace: 45460K(48640K)->45460K(48640K) NonClass: 39718K(41472K)->39718K(41472K) Class: 5741K(7168K)->5741K(7168K)
[2023-11-04T15:25:47.073+0100][gc            ] GC(211) Pause Young (Normal) (G1 Evacuation Pause) 900M->299M(1024M) 8,660ms
[2023-11-04T15:25:47.073+0100][gc,cpu        ] GC(211) User=0,04s Sys=0,00s Real=0,01s
[2023-11-04T15:26:06.002+0100][gc,start      ] GC(212) Pause Young (Normal) (G1 Evacuation Pause)
[2023-11-04T15:26:06.002+0100][gc,task       ] GC(212) Using 6 workers of 6 for evacuation
[2023-11-04T15:26:06.010+0100][gc,phases     ] GC(212)   Pre Evacuate Collection Set: 0,0ms
[2023-11-04T15:26:06.010+0100][gc,phases     ] GC(212)   Evacuate Collection Set: 7,5ms
[2023-11-04T15:26:06.010+0100][gc,phases     ] GC(212)   Post Evacuate Collection Set: 0,7ms
[2023-11-04T15:26:06.010+0100][gc,phases     ] GC(212)   Other: 0,1ms
[2023-11-04T15:26:06.010+0100][gc,heap       ] GC(212) Eden regions: 601->0(601)
[2023-11-04T15:26:06.010+0100][gc,heap       ] GC(212) Survivor regions: 13->13(77)
[2023-11-04T15:26:06.011+0100][gc,heap       ] GC(212) Old regions: 160->161
[2023-11-04T15:26:06.011+0100][gc,heap       ] GC(212) Humongous regions: 129->129
[2023-11-04T15:26:06.011+0100][gc,metaspace  ] GC(212) Metaspace: 45460K(48640K)->45460K(48640K) NonClass: 39718K(41472K)->39718K(41472K) Class: 5741K(7168K)->5741K(7168K)
[2023-11-04T15:26:06.011+0100][gc            ] GC(212) Pause Young (Normal) (G1 Evacuation Pause) 900M->300M(1024M) 8,409ms
[2023-11-04T15:26:06.011+0100][gc,cpu        ] GC(212) User=0,04s Sys=0,00s Real=0,01s
[2023-11-04T15:26:25.150+0100][gc,start      ] GC(213) Pause Young (Normal) (G1 Evacuation Pause)
[2023-11-04T15:26:25.150+0100][gc,task       ] GC(213) Using 6 workers of 6 for evacuation
[2023-11-04T15:26:25.159+0100][gc,phases     ] GC(213)   Pre Evacuate Collection Set: 0,0ms
[2023-11-04T15:26:25.159+0100][gc,phases     ] GC(213)   Evacuate Collection Set: 7,5ms
[2023-11-04T15:26:25.159+0100][gc,phases     ] GC(213)   Post Evacuate Collection Set: 0,7ms
[2023-11-04T15:26:25.159+0100][gc,phases     ] GC(213)   Other: 0,2ms
[2023-11-04T15:26:25.159+0100][gc,heap       ] GC(213) Eden regions: 601->0(601)
[2023-11-04T15:26:25.159+0100][gc,heap       ] GC(213) Survivor regions: 13->13(77)
[2023-11-04T15:26:25.159+0100][gc,heap       ] GC(213) Old regions: 161->162
[2023-11-04T15:26:25.159+0100][gc,heap       ] GC(213) Humongous regions: 129->129
[2023-11-04T15:26:25.159+0100][gc,metaspace  ] GC(213) Metaspace: 45460K(48640K)->45460K(48640K) NonClass: 39718K(41472K)->39718K(41472K) Class: 5741K(7168K)->5741K(7168K)
[2023-11-04T15:26:25.159+0100][gc            ] GC(213) Pause Young (Normal) (G1 Evacuation Pause) 901M->301M(1024M) 8,552ms
[2023-11-04T15:26:25.159+0100][gc,cpu        ] GC(213) User=0,05s Sys=0,00s Real=0,01s
[2023-11-04T15:26:45.024+0100][gc,start      ] GC(214) Pause Young (Normal) (G1 Evacuation Pause)
[2023-11-04T15:26:45.024+0100][gc,task       ] GC(214) Using 6 workers of 6 for evacuation
[2023-11-04T15:26:45.033+0100][gc,phases     ] GC(214)   Pre Evacuate Collection Set: 0,0ms
[2023-11-04T15:26:45.033+0100][gc,phases     ] GC(214)   Evacuate Collection Set: 7,9ms
[2023-11-04T15:26:45.033+0100][gc,phases     ] GC(214)   Post Evacuate Collection Set: 0,6ms
[2023-11-04T15:26:45.033+0100][gc,phases     ] GC(214)   Other: 0,2ms
[2023-11-04T15:26:45.033+0100][gc,heap       ] GC(214) Eden regions: 601->0(602)
[2023-11-04T15:26:45.033+0100][gc,heap       ] GC(214) Survivor regions: 13->12(77)
[2023-11-04T15:26:45.033+0100][gc,heap       ] GC(214) Old regions: 162->163
[2023-11-04T15:26:45.033+0100][gc,heap       ] GC(214) Humongous regions: 129->129
[2023-11-04T15:26:45.033+0100][gc,metaspace  ] GC(214) Metaspace: 45460K(48640K)->45460K(48640K) NonClass: 39718K(41472K)->39718K(41472K) Class: 5741K(7168K)->5741K(7168K)
[2023-11-04T15:26:45.033+0100][gc            ] GC(214) Pause Young (Normal) (G1 Evacuation Pause) 902M->301M(1024M) 8,793ms
[2023-11-04T15:26:45.033+0100][gc,cpu        ] GC(214) User=0,05s Sys=0,00s Real=0,01s
[2023-11-04T15:27:05.946+0100][gc,start      ] GC(215) Pause Young (Normal) (G1 Evacuation Pause)
[2023-11-04T15:27:05.946+0100][gc,task       ] GC(215) Using 6 workers of 6 for evacuation
[2023-11-04T15:27:05.954+0100][gc,phases     ] GC(215)   Pre Evacuate Collection Set: 0,0ms
[2023-11-04T15:27:05.954+0100][gc,phases     ] GC(215)   Evacuate Collection Set: 7,4ms
[2023-11-04T15:27:05.954+0100][gc,phases     ] GC(215)   Post Evacuate Collection Set: 0,6ms
[2023-11-04T15:27:05.954+0100][gc,phases     ] GC(215)   Other: 0,2ms
[2023-11-04T15:27:05.954+0100][gc,heap       ] GC(215) Eden regions: 602->0(602)
[2023-11-04T15:27:05.954+0100][gc,heap       ] GC(215) Survivor regions: 12->12(77)
[2023-11-04T15:27:05.954+0100][gc,heap       ] GC(215) Old regions: 163->163
[2023-11-04T15:27:05.954+0100][gc,heap       ] GC(215) Humongous regions: 129->129
[2023-11-04T15:27:05.954+0100][gc,metaspace  ] GC(215) Metaspace: 45460K(48640K)->45460K(48640K) NonClass: 39718K(41472K)->39718K(41472K) Class: 5741K(7168K)->5741K(7168K)
[2023-11-04T15:27:05.954+0100][gc            ] GC(215) Pause Young (Normal) (G1 Evacuation Pause) 903M->302M(1024M) 8,248ms
[2023-11-04T15:27:05.954+0100][gc,cpu        ] GC(215) User=0,04s Sys=0,00s Real=0,01s
[2023-11-04T15:27:27.067+0100][gc,start      ] GC(216) Pause Young (Normal) (G1 Evacuation Pause)
[2023-11-04T15:27:27.067+0100][gc,task       ] GC(216) Using 6 workers of 6 for evacuation
[2023-11-04T15:27:27.076+0100][gc,phases     ] GC(216)   Pre Evacuate Collection Set: 0,0ms
[2023-11-04T15:27:27.076+0100][gc,phases     ] GC(216)   Evacuate Collection Set: 8,6ms
[2023-11-04T15:27:27.076+0100][gc,phases     ] GC(216)   Post Evacuate Collection Set: 0,8ms
[2023-11-04T15:27:27.076+0100][gc,phases     ] GC(216)   Other: 0,2ms
[2023-11-04T15:27:27.076+0100][gc,heap       ] GC(216) Eden regions: 602->0(602)
[2023-11-04T15:27:27.076+0100][gc,heap       ] GC(216) Survivor regions: 12->12(77)
[2023-11-04T15:27:27.076+0100][gc,heap       ] GC(216) Old regions: 163->164
[2023-11-04T15:27:27.076+0100][gc,heap       ] GC(216) Humongous regions: 129->129
[2023-11-04T15:27:27.076+0100][gc,metaspace  ] GC(216) Metaspace: 45460K(48640K)->45460K(48640K) NonClass: 39718K(41472K)->39718K(41472K) Class: 5741K(7168K)->5741K(7168K)
[2023-11-04T15:27:27.077+0100][gc            ] GC(216) Pause Young (Normal) (G1 Evacuation Pause) 904M->303M(1024M) 9,683ms
[2023-11-04T15:27:27.077+0100][gc,cpu        ] GC(216) User=0,05s Sys=0,00s Real=0,01s
[2023-11-04T15:27:47.966+0100][gc,start      ] GC(217) Pause Young (Normal) (G1 Evacuation Pause)
[2023-11-04T15:27:47.966+0100][gc,task       ] GC(217) Using 6 workers of 6 for evacuation
[2023-11-04T15:27:47.974+0100][gc,phases     ] GC(217)   Pre Evacuate Collection Set: 0,0ms
[2023-11-04T15:27:47.974+0100][gc,phases     ] GC(217)   Evacuate Collection Set: 7,4ms
[2023-11-04T15:27:47.974+0100][gc,phases     ] GC(217)   Post Evacuate Collection Set: 0,6ms
[2023-11-04T15:27:47.974+0100][gc,phases     ] GC(217)   Other: 0,2ms
[2023-11-04T15:27:47.974+0100][gc,heap       ] GC(217) Eden regions: 602->0(602)
[2023-11-04T15:27:47.974+0100][gc,heap       ] GC(217) Survivor regions: 12->12(77)
[2023-11-04T15:27:47.974+0100][gc,heap       ] GC(217) Old regions: 164->165
[2023-11-04T15:27:47.974+0100][gc,heap       ] GC(217) Humongous regions: 129->129
[2023-11-04T15:27:47.974+0100][gc,metaspace  ] GC(217) Metaspace: 45460K(48640K)->45460K(48640K) NonClass: 39718K(41472K)->39718K(41472K) Class: 5741K(7168K)->5741K(7168K)
[2023-11-04T15:27:47.974+0100][gc            ] GC(217) Pause Young (Normal) (G1 Evacuation Pause) 905M->304M(1024M) 8,299ms
[2023-11-04T15:27:47.974+0100][gc,cpu        ] GC(217) User=0,05s Sys=0,00s Real=0,01s
[2023-11-04T15:28:07.769+0100][gc,start      ] GC(218) Pause Young (Normal) (G1 Evacuation Pause)
[2023-11-04T15:28:07.769+0100][gc,task       ] GC(218) Using 6 workers of 6 for evacuation
[2023-11-04T15:28:07.777+0100][gc,phases     ] GC(218)   Pre Evacuate Collection Set: 0,0ms
[2023-11-04T15:28:07.777+0100][gc,phases     ] GC(218)   Evacuate Collection Set: 7,7ms
[2023-11-04T15:28:07.777+0100][gc,phases     ] GC(218)   Post Evacuate Collection Set: 0,6ms
[2023-11-04T15:28:07.778+0100][gc,phases     ] GC(218)   Other: 0,2ms
[2023-11-04T15:28:07.778+0100][gc,heap       ] GC(218) Eden regions: 602->0(602)
[2023-11-04T15:28:07.778+0100][gc,heap       ] GC(218) Survivor regions: 12->12(77)
[2023-11-04T15:28:07.778+0100][gc,heap       ] GC(218) Old regions: 165->166
[2023-11-04T15:28:07.778+0100][gc,heap       ] GC(218) Humongous regions: 129->129
[2023-11-04T15:28:07.778+0100][gc,metaspace  ] GC(218) Metaspace: 45460K(48640K)->45460K(48640K) NonClass: 39718K(41472K)->39718K(41472K) Class: 5741K(7168K)->5741K(7168K)
[2023-11-04T15:28:07.778+0100][gc            ] GC(218) Pause Young (Normal) (G1 Evacuation Pause) 906M->304M(1024M) 8,608ms
[2023-11-04T15:28:07.778+0100][gc,cpu        ] GC(218) User=0,04s Sys=0,00s Real=0,01s
[2023-11-04T15:28:29.723+0100][gc,start      ] GC(219) Pause Young (Normal) (G1 Evacuation Pause)
[2023-11-04T15:28:29.723+0100][gc,task       ] GC(219) Using 6 workers of 6 for evacuation
[2023-11-04T15:28:29.731+0100][gc,phases     ] GC(219)   Pre Evacuate Collection Set: 0,0ms
[2023-11-04T15:28:29.731+0100][gc,phases     ] GC(219)   Evacuate Collection Set: 7,1ms
[2023-11-04T15:28:29.731+0100][gc,phases     ] GC(219)   Post Evacuate Collection Set: 0,7ms
[2023-11-04T15:28:29.731+0100][gc,phases     ] GC(219)   Other: 0,2ms
[2023-11-04T15:28:29.731+0100][gc,heap       ] GC(219) Eden regions: 602->0(601)
[2023-11-04T15:28:29.731+0100][gc,heap       ] GC(219) Survivor regions: 12->12(77)
[2023-11-04T15:28:29.731+0100][gc,heap       ] GC(219) Old regions: 166->167
[2023-11-04T15:28:29.731+0100][gc,heap       ] GC(219) Humongous regions: 129->129
[2023-11-04T15:28:29.731+0100][gc,metaspace  ] GC(219) Metaspace: 45460K(48640K)->45460K(48640K) NonClass: 39718K(41472K)->39718K(41472K) Class: 5741K(7168K)->5741K(7168K)
[2023-11-04T15:28:29.731+0100][gc            ] GC(219) Pause Young (Normal) (G1 Evacuation Pause) 906M->305M(1024M) 8,113ms
[2023-11-04T15:28:29.731+0100][gc,cpu        ] GC(219) User=0,04s Sys=0,00s Real=0,01s
[2023-11-04T15:28:49.770+0100][gc,start      ] GC(220) Pause Young (Normal) (G1 Evacuation Pause)
[2023-11-04T15:28:49.770+0100][gc,task       ] GC(220) Using 6 workers of 6 for evacuation
[2023-11-04T15:28:49.778+0100][gc,phases     ] GC(220)   Pre Evacuate Collection Set: 0,0ms
[2023-11-04T15:28:49.778+0100][gc,phases     ] GC(220)   Evacuate Collection Set: 7,1ms
[2023-11-04T15:28:49.778+0100][gc,phases     ] GC(220)   Post Evacuate Collection Set: 0,8ms
[2023-11-04T15:28:49.778+0100][gc,phases     ] GC(220)   Other: 0,1ms
[2023-11-04T15:28:49.778+0100][gc,heap       ] GC(220) Eden regions: 601->0(600)
[2023-11-04T15:28:49.778+0100][gc,heap       ] GC(220) Survivor regions: 12->12(77)
[2023-11-04T15:28:49.778+0100][gc,heap       ] GC(220) Old regions: 167->168
[2023-11-04T15:28:49.778+0100][gc,heap       ] GC(220) Humongous regions: 129->129
[2023-11-04T15:28:49.778+0100][gc,metaspace  ] GC(220) Metaspace: 45460K(48640K)->45460K(48640K) NonClass: 39718K(41472K)->39718K(41472K) Class: 5741K(7168K)->5741K(7168K)
[2023-11-04T15:28:49.778+0100][gc            ] GC(220) Pause Young (Normal) (G1 Evacuation Pause) 906M->306M(1024M) 8,172ms
[2023-11-04T15:28:49.778+0100][gc,cpu        ] GC(220) User=0,04s Sys=0,00s Real=0,01s
[2023-11-04T15:29:12.592+0100][gc,start      ] GC(221) Pause Young (Normal) (G1 Evacuation Pause)
[2023-11-04T15:29:12.592+0100][gc,task       ] GC(221) Using 6 workers of 6 for evacuation
[2023-11-04T15:29:12.599+0100][gc,phases     ] GC(221)   Pre Evacuate Collection Set: 0,0ms
[2023-11-04T15:29:12.599+0100][gc,phases     ] GC(221)   Evacuate Collection Set: 7,0ms
[2023-11-04T15:29:12.599+0100][gc,phases     ] GC(221)   Post Evacuate Collection Set: 0,5ms
[2023-11-04T15:29:12.599+0100][gc,phases     ] GC(221)   Other: 0,2ms
[2023-11-04T15:29:12.599+0100][gc,heap       ] GC(221) Eden regions: 600->0(601)
[2023-11-04T15:29:12.599+0100][gc,heap       ] GC(221) Survivor regions: 12->11(77)
[2023-11-04T15:29:12.599+0100][gc,heap       ] GC(221) Old regions: 168->169
[2023-11-04T15:29:12.599+0100][gc,heap       ] GC(221) Humongous regions: 129->129
[2023-11-04T15:29:12.599+0100][gc,metaspace  ] GC(221) Metaspace: 45460K(48640K)->45460K(48640K) NonClass: 39718K(41472K)->39718K(41472K) Class: 5741K(7168K)->5741K(7168K)
[2023-11-04T15:29:12.599+0100][gc            ] GC(221) Pause Young (Normal) (G1 Evacuation Pause) 906M->306M(1024M) 7,829ms
[2023-11-04T15:29:12.599+0100][gc,cpu        ] GC(221) User=0,03s Sys=0,01s Real=0,00s
[2023-11-04T15:29:32.063+0100][gc,start      ] GC(222) Pause Young (Normal) (G1 Evacuation Pause)
[2023-11-04T15:29:32.063+0100][gc,task       ] GC(222) Using 6 workers of 6 for evacuation
[2023-11-04T15:29:32.072+0100][gc,phases     ] GC(222)   Pre Evacuate Collection Set: 0,0ms
[2023-11-04T15:29:32.072+0100][gc,phases     ] GC(222)   Evacuate Collection Set: 8,7ms
[2023-11-04T15:29:32.072+0100][gc,phases     ] GC(222)   Post Evacuate Collection Set: 0,7ms
[2023-11-04T15:29:32.072+0100][gc,phases     ] GC(222)   Other: 0,2ms
[2023-11-04T15:29:32.072+0100][gc,heap       ] GC(222) Eden regions: 601->0(601)
[2023-11-04T15:29:32.072+0100][gc,heap       ] GC(222) Survivor regions: 11->11(77)
[2023-11-04T15:29:32.072+0100][gc,heap       ] GC(222) Old regions: 169->169
[2023-11-04T15:29:32.072+0100][gc,heap       ] GC(222) Humongous regions: 129->129
[2023-11-04T15:29:32.072+0100][gc,metaspace  ] GC(222) Metaspace: 45460K(48640K)->45460K(48640K) NonClass: 39718K(41472K)->39718K(41472K) Class: 5741K(7168K)->5741K(7168K)
[2023-11-04T15:29:32.072+0100][gc            ] GC(222) Pause Young (Normal) (G1 Evacuation Pause) 907M->307M(1024M) 9,664ms
[2023-11-04T15:29:32.072+0100][gc,cpu        ] GC(222) User=0,04s Sys=0,00s Real=0,02s
[2023-11-04T15:29:54.090+0100][gc,start      ] GC(223) Pause Young (Normal) (G1 Evacuation Pause)
[2023-11-04T15:29:54.090+0100][gc,task       ] GC(223) Using 6 workers of 6 for evacuation
[2023-11-04T15:29:54.098+0100][gc,phases     ] GC(223)   Pre Evacuate Collection Set: 0,0ms
[2023-11-04T15:29:54.099+0100][gc,phases     ] GC(223)   Evacuate Collection Set: 8,0ms
[2023-11-04T15:29:54.099+0100][gc,phases     ] GC(223)   Post Evacuate Collection Set: 0,6ms
[2023-11-04T15:29:54.099+0100][gc,phases     ] GC(223)   Other: 0,2ms
[2023-11-04T15:29:54.099+0100][gc,heap       ] GC(223) Eden regions: 601->0(598)
[2023-11-04T15:29:54.099+0100][gc,heap       ] GC(223) Survivor regions: 11->12(77)
[2023-11-04T15:29:54.099+0100][gc,heap       ] GC(223) Old regions: 169->170
[2023-11-04T15:29:54.099+0100][gc,heap       ] GC(223) Humongous regions: 129->129
[2023-11-04T15:29:54.099+0100][gc,metaspace  ] GC(223) Metaspace: 45460K(48640K)->45460K(48640K) NonClass: 39718K(41472K)->39718K(41472K) Class: 5741K(7168K)->5741K(7168K)
[2023-11-04T15:29:54.099+0100][gc            ] GC(223) Pause Young (Normal) (G1 Evacuation Pause) 908M->308M(1024M) 8,931ms
[2023-11-04T15:29:54.099+0100][gc,cpu        ] GC(223) User=0,05s Sys=0,00s Real=0,01s
[2023-11-04T15:30:12.893+0100][gc,start      ] GC(224) Pause Young (Normal) (G1 Evacuation Pause)
[2023-11-04T15:30:12.893+0100][gc,task       ] GC(224) Using 6 workers of 6 for evacuation
[2023-11-04T15:30:12.901+0100][gc,phases     ] GC(224)   Pre Evacuate Collection Set: 0,0ms
[2023-11-04T15:30:12.901+0100][gc,phases     ] GC(224)   Evacuate Collection Set: 7,0ms
[2023-11-04T15:30:12.901+0100][gc,phases     ] GC(224)   Post Evacuate Collection Set: 0,7ms
[2023-11-04T15:30:12.901+0100][gc,phases     ] GC(224)   Other: 0,1ms
[2023-11-04T15:30:12.901+0100][gc,heap       ] GC(224) Eden regions: 598->0(599)
[2023-11-04T15:30:12.901+0100][gc,heap       ] GC(224) Survivor regions: 12->11(77)
[2023-11-04T15:30:12.901+0100][gc,heap       ] GC(224) Old regions: 170->171
[2023-11-04T15:30:12.901+0100][gc,heap       ] GC(224) Humongous regions: 129->129
[2023-11-04T15:30:12.901+0100][gc,metaspace  ] GC(224) Metaspace: 45460K(48640K)->45460K(48640K) NonClass: 39718K(41472K)->39718K(41472K) Class: 5741K(7168K)->5741K(7168K)
[2023-11-04T15:30:12.901+0100][gc            ] GC(224) Pause Young (Normal) (G1 Evacuation Pause) 906M->309M(1024M) 8,015ms
[2023-11-04T15:30:12.901+0100][gc,cpu        ] GC(224) User=0,05s Sys=0,00s Real=0,00s
[2023-11-04T15:30:32.948+0100][gc,start      ] GC(225) Pause Young (Normal) (G1 Evacuation Pause)
[2023-11-04T15:30:32.948+0100][gc,task       ] GC(225) Using 6 workers of 6 for evacuation
[2023-11-04T15:30:32.956+0100][gc,phases     ] GC(225)   Pre Evacuate Collection Set: 0,0ms
[2023-11-04T15:30:32.956+0100][gc,phases     ] GC(225)   Evacuate Collection Set: 6,9ms
[2023-11-04T15:30:32.956+0100][gc,phases     ] GC(225)   Post Evacuate Collection Set: 0,6ms
[2023-11-04T15:30:32.956+0100][gc,phases     ] GC(225)   Other: 0,2ms
[2023-11-04T15:30:32.956+0100][gc,heap       ] GC(225) Eden regions: 599->0(598)
[2023-11-04T15:30:32.956+0100][gc,heap       ] GC(225) Survivor regions: 11->11(77)
[2023-11-04T15:30:32.956+0100][gc,heap       ] GC(225) Old regions: 171->172
[2023-11-04T15:30:32.956+0100][gc,heap       ] GC(225) Humongous regions: 129->129
[2023-11-04T15:30:32.956+0100][gc,metaspace  ] GC(225) Metaspace: 45460K(48640K)->45460K(48640K) NonClass: 39718K(41472K)->39718K(41472K) Class: 5741K(7168K)->5741K(7168K)
[2023-11-04T15:30:32.956+0100][gc            ] GC(225) Pause Young (Normal) (G1 Evacuation Pause) 908M->310M(1024M) 7,879ms
[2023-11-04T15:30:32.956+0100][gc,cpu        ] GC(225) User=0,04s Sys=0,00s Real=0,01s
[2023-11-04T15:30:53.714+0100][gc,start      ] GC(226) Pause Young (Normal) (G1 Evacuation Pause)
[2023-11-04T15:30:53.714+0100][gc,task       ] GC(226) Using 6 workers of 6 for evacuation
[2023-11-04T15:30:53.721+0100][gc,phases     ] GC(226)   Pre Evacuate Collection Set: 0,0ms
[2023-11-04T15:30:53.721+0100][gc,phases     ] GC(226)   Evacuate Collection Set: 7,1ms
[2023-11-04T15:30:53.721+0100][gc,phases     ] GC(226)   Post Evacuate Collection Set: 0,6ms
[2023-11-04T15:30:53.721+0100][gc,phases     ] GC(226)   Other: 0,1ms
[2023-11-04T15:30:53.721+0100][gc,heap       ] GC(226) Eden regions: 598->0(597)
[2023-11-04T15:30:53.721+0100][gc,heap       ] GC(226) Survivor regions: 11->11(77)
[2023-11-04T15:30:53.721+0100][gc,heap       ] GC(226) Old regions: 172->173
[2023-11-04T15:30:53.721+0100][gc,heap       ] GC(226) Humongous regions: 129->129
[2023-11-04T15:30:53.721+0100][gc,metaspace  ] GC(226) Metaspace: 45460K(48640K)->45460K(48640K) NonClass: 39718K(41472K)->39718K(41472K) Class: 5741K(7168K)->5741K(7168K)
[2023-11-04T15:30:53.722+0100][gc            ] GC(226) Pause Young (Normal) (G1 Evacuation Pause) 908M->310M(1024M) 7,901ms
[2023-11-04T15:30:53.722+0100][gc,cpu        ] GC(226) User=0,04s Sys=0,00s Real=0,00s
[2023-11-04T15:31:12.803+0100][gc,start      ] GC(227) Pause Young (Normal) (G1 Evacuation Pause)
[2023-11-04T15:31:12.803+0100][gc,task       ] GC(227) Using 6 workers of 6 for evacuation
[2023-11-04T15:31:12.811+0100][gc,phases     ] GC(227)   Pre Evacuate Collection Set: 0,0ms
[2023-11-04T15:31:12.811+0100][gc,phases     ] GC(227)   Evacuate Collection Set: 7,3ms
[2023-11-04T15:31:12.811+0100][gc,phases     ] GC(227)   Post Evacuate Collection Set: 0,9ms
[2023-11-04T15:31:12.811+0100][gc,phases     ] GC(227)   Other: 0,1ms
[2023-11-04T15:31:12.811+0100][gc,heap       ] GC(227) Eden regions: 597->0(597)
[2023-11-04T15:31:12.811+0100][gc,heap       ] GC(227) Survivor regions: 11->11(76)
[2023-11-04T15:31:12.811+0100][gc,heap       ] GC(227) Old regions: 173->173
[2023-11-04T15:31:12.811+0100][gc,heap       ] GC(227) Humongous regions: 129->129
[2023-11-04T15:31:12.811+0100][gc,metaspace  ] GC(227) Metaspace: 45460K(48640K)->45460K(48640K) NonClass: 39718K(41472K)->39718K(41472K) Class: 5741K(7168K)->5741K(7168K)
[2023-11-04T15:31:12.811+0100][gc            ] GC(227) Pause Young (Normal) (G1 Evacuation Pause) 907M->311M(1024M) 8,387ms
[2023-11-04T15:31:12.811+0100][gc,cpu        ] GC(227) User=0,04s Sys=0,01s Real=0,01s
[2023-11-04T15:31:30.903+0100][gc,start      ] GC(228) Pause Young (Normal) (G1 Evacuation Pause)
[2023-11-04T15:31:30.903+0100][gc,task       ] GC(228) Using 6 workers of 6 for evacuation
[2023-11-04T15:31:30.910+0100][gc,phases     ] GC(228)   Pre Evacuate Collection Set: 0,1ms
[2023-11-04T15:31:30.910+0100][gc,phases     ] GC(228)   Evacuate Collection Set: 6,7ms
[2023-11-04T15:31:30.910+0100][gc,phases     ] GC(228)   Post Evacuate Collection Set: 0,6ms
[2023-11-04T15:31:30.910+0100][gc,phases     ] GC(228)   Other: 0,2ms
[2023-11-04T15:31:30.910+0100][gc,heap       ] GC(228) Eden regions: 597->0(596)
[2023-11-04T15:31:30.910+0100][gc,heap       ] GC(228) Survivor regions: 11->11(76)
[2023-11-04T15:31:30.910+0100][gc,heap       ] GC(228) Old regions: 173->174
[2023-11-04T15:31:30.910+0100][gc,heap       ] GC(228) Humongous regions: 129->129
[2023-11-04T15:31:30.910+0100][gc,metaspace  ] GC(228) Metaspace: 45460K(48640K)->45460K(48640K) NonClass: 39718K(41472K)->39718K(41472K) Class: 5741K(7168K)->5741K(7168K)
[2023-11-04T15:31:30.910+0100][gc            ] GC(228) Pause Young (Normal) (G1 Evacuation Pause) 908M->311M(1024M) 7,649ms
[2023-11-04T15:31:30.910+0100][gc,cpu        ] GC(228) User=0,04s Sys=0,00s Real=0,01s
[2023-11-04T15:31:49.181+0100][gc,start      ] GC(229) Pause Young (Normal) (G1 Evacuation Pause)
[2023-11-04T15:31:49.181+0100][gc,task       ] GC(229) Using 6 workers of 6 for evacuation
[2023-11-04T15:31:49.189+0100][gc,phases     ] GC(229)   Pre Evacuate Collection Set: 0,0ms
[2023-11-04T15:31:49.189+0100][gc,phases     ] GC(229)   Evacuate Collection Set: 7,0ms
[2023-11-04T15:31:49.189+0100][gc,phases     ] GC(229)   Post Evacuate Collection Set: 0,7ms
[2023-11-04T15:31:49.189+0100][gc,phases     ] GC(229)   Other: 0,1ms
[2023-11-04T15:31:49.189+0100][gc,heap       ] GC(229) Eden regions: 596->0(595)
[2023-11-04T15:31:49.189+0100][gc,heap       ] GC(229) Survivor regions: 11->11(76)
[2023-11-04T15:31:49.189+0100][gc,heap       ] GC(229) Old regions: 174->175
[2023-11-04T15:31:49.189+0100][gc,heap       ] GC(229) Humongous regions: 129->129
[2023-11-04T15:31:49.189+0100][gc,metaspace  ] GC(229) Metaspace: 45460K(48640K)->45460K(48640K) NonClass: 39718K(41472K)->39718K(41472K) Class: 5741K(7168K)->5741K(7168K)
[2023-11-04T15:31:49.189+0100][gc            ] GC(229) Pause Young (Normal) (G1 Evacuation Pause) 907M->312M(1024M) 7,921ms
[2023-11-04T15:31:49.189+0100][gc,cpu        ] GC(229) User=0,04s Sys=0,00s Real=0,01s
[2023-11-04T15:32:11.792+0100][gc,start      ] GC(230) Pause Young (Normal) (G1 Evacuation Pause)
[2023-11-04T15:32:11.792+0100][gc,task       ] GC(230) Using 6 workers of 6 for evacuation
[2023-11-04T15:32:11.800+0100][gc,phases     ] GC(230)   Pre Evacuate Collection Set: 0,0ms
[2023-11-04T15:32:11.800+0100][gc,phases     ] GC(230)   Evacuate Collection Set: 6,6ms
[2023-11-04T15:32:11.800+0100][gc,phases     ] GC(230)   Post Evacuate Collection Set: 0,7ms
[2023-11-04T15:32:11.800+0100][gc,phases     ] GC(230)   Other: 0,2ms
[2023-11-04T15:32:11.800+0100][gc,heap       ] GC(230) Eden regions: 595->0(594)
[2023-11-04T15:32:11.800+0100][gc,heap       ] GC(230) Survivor regions: 11->11(76)
[2023-11-04T15:32:11.800+0100][gc,heap       ] GC(230) Old regions: 175->176
[2023-11-04T15:32:11.800+0100][gc,heap       ] GC(230) Humongous regions: 129->129
[2023-11-04T15:32:11.800+0100][gc,metaspace  ] GC(230) Metaspace: 45460K(48640K)->45460K(48640K) NonClass: 39718K(41472K)->39718K(41472K) Class: 5741K(7168K)->5741K(7168K)
[2023-11-04T15:32:11.800+0100][gc            ] GC(230) Pause Young (Normal) (G1 Evacuation Pause) 907M->313M(1024M) 7,499ms
[2023-11-04T15:32:11.800+0100][gc,cpu        ] GC(230) User=0,04s Sys=0,00s Real=0,00s
[2023-11-04T15:32:32.458+0100][gc,start      ] GC(231) Pause Young (Normal) (G1 Evacuation Pause)
[2023-11-04T15:32:32.458+0100][gc,task       ] GC(231) Using 6 workers of 6 for evacuation
[2023-11-04T15:32:32.466+0100][gc,phases     ] GC(231)   Pre Evacuate Collection Set: 0,0ms
[2023-11-04T15:32:32.466+0100][gc,phases     ] GC(231)   Evacuate Collection Set: 7,0ms
[2023-11-04T15:32:32.466+0100][gc,phases     ] GC(231)   Post Evacuate Collection Set: 0,7ms
[2023-11-04T15:32:32.466+0100][gc,phases     ] GC(231)   Other: 0,2ms
[2023-11-04T15:32:32.466+0100][gc,heap       ] GC(231) Eden regions: 594->0(594)
[2023-11-04T15:32:32.466+0100][gc,heap       ] GC(231) Survivor regions: 11->11(76)
[2023-11-04T15:32:32.466+0100][gc,heap       ] GC(231) Old regions: 176->176
[2023-11-04T15:32:32.466+0100][gc,heap       ] GC(231) Humongous regions: 129->129
[2023-11-04T15:32:32.466+0100][gc,metaspace  ] GC(231) Metaspace: 45460K(48640K)->45460K(48640K) NonClass: 39718K(41472K)->39718K(41472K) Class: 5741K(7168K)->5741K(7168K)
[2023-11-04T15:32:32.466+0100][gc            ] GC(231) Pause Young (Normal) (G1 Evacuation Pause) 907M->314M(1024M) 8,014ms
[2023-11-04T15:32:32.466+0100][gc,cpu        ] GC(231) User=0,05s Sys=0,00s Real=0,01s
[2023-11-04T15:32:52.034+0100][gc,start      ] GC(232) Pause Young (Normal) (G1 Evacuation Pause)
[2023-11-04T15:32:52.034+0100][gc,task       ] GC(232) Using 6 workers of 6 for evacuation
[2023-11-04T15:32:52.043+0100][gc,phases     ] GC(232)   Pre Evacuate Collection Set: 0,0ms
[2023-11-04T15:32:52.043+0100][gc,phases     ] GC(232)   Evacuate Collection Set: 7,5ms
[2023-11-04T15:32:52.043+0100][gc,phases     ] GC(232)   Post Evacuate Collection Set: 0,6ms
[2023-11-04T15:32:52.043+0100][gc,phases     ] GC(232)   Other: 0,2ms
[2023-11-04T15:32:52.043+0100][gc,heap       ] GC(232) Eden regions: 594->0(593)
[2023-11-04T15:32:52.043+0100][gc,heap       ] GC(232) Survivor regions: 11->11(76)
[2023-11-04T15:32:52.043+0100][gc,heap       ] GC(232) Old regions: 176->177
[2023-11-04T15:32:52.043+0100][gc,heap       ] GC(232) Humongous regions: 129->129
[2023-11-04T15:32:52.043+0100][gc,metaspace  ] GC(232) Metaspace: 45460K(48640K)->45460K(48640K) NonClass: 39718K(41472K)->39718K(41472K) Class: 5741K(7168K)->5741K(7168K)
[2023-11-04T15:32:52.043+0100][gc            ] GC(232) Pause Young (Normal) (G1 Evacuation Pause) 908M->314M(1024M) 8,321ms
[2023-11-04T15:32:52.043+0100][gc,cpu        ] GC(232) User=0,05s Sys=0,00s Real=0,00s
[2023-11-04T15:33:12.529+0100][gc,start      ] GC(233) Pause Young (Normal) (G1 Evacuation Pause)
[2023-11-04T15:33:12.529+0100][gc,task       ] GC(233) Using 6 workers of 6 for evacuation
[2023-11-04T15:33:12.536+0100][gc,phases     ] GC(233)   Pre Evacuate Collection Set: 0,0ms
[2023-11-04T15:33:12.536+0100][gc,phases     ] GC(233)   Evacuate Collection Set: 6,6ms
[2023-11-04T15:33:12.536+0100][gc,phases     ] GC(233)   Post Evacuate Collection Set: 0,9ms
[2023-11-04T15:33:12.536+0100][gc,phases     ] GC(233)   Other: 0,2ms
[2023-11-04T15:33:12.536+0100][gc,heap       ] GC(233) Eden regions: 593->0(592)
[2023-11-04T15:33:12.536+0100][gc,heap       ] GC(233) Survivor regions: 11->11(76)
[2023-11-04T15:33:12.536+0100][gc,heap       ] GC(233) Old regions: 177->178
[2023-11-04T15:33:12.536+0100][gc,heap       ] GC(233) Humongous regions: 129->129
[2023-11-04T15:33:12.536+0100][gc,metaspace  ] GC(233) Metaspace: 45460K(48640K)->45460K(48640K) NonClass: 39718K(41472K)->39718K(41472K) Class: 5741K(7168K)->5741K(7168K)
[2023-11-04T15:33:12.536+0100][gc            ] GC(233) Pause Young (Normal) (G1 Evacuation Pause) 907M->315M(1024M) 7,827ms
[2023-11-04T15:33:12.536+0100][gc,cpu        ] GC(233) User=0,04s Sys=0,00s Real=0,01s
[2023-11-04T15:33:35.204+0100][gc,start      ] GC(234) Pause Young (Normal) (G1 Evacuation Pause)
[2023-11-04T15:33:35.204+0100][gc,task       ] GC(234) Using 6 workers of 6 for evacuation
[2023-11-04T15:33:35.212+0100][gc,phases     ] GC(234)   Pre Evacuate Collection Set: 0,0ms
[2023-11-04T15:33:35.212+0100][gc,phases     ] GC(234)   Evacuate Collection Set: 7,4ms
[2023-11-04T15:33:35.213+0100][gc,phases     ] GC(234)   Post Evacuate Collection Set: 0,7ms
[2023-11-04T15:33:35.213+0100][gc,phases     ] GC(234)   Other: 0,1ms
[2023-11-04T15:33:35.213+0100][gc,heap       ] GC(234) Eden regions: 592->0(592)
[2023-11-04T15:33:35.213+0100][gc,heap       ] GC(234) Survivor regions: 11->11(76)
[2023-11-04T15:33:35.213+0100][gc,heap       ] GC(234) Old regions: 178->178
[2023-11-04T15:33:35.213+0100][gc,heap       ] GC(234) Humongous regions: 129->129
[2023-11-04T15:33:35.213+0100][gc,metaspace  ] GC(234) Metaspace: 45460K(48640K)->45460K(48640K) NonClass: 39718K(41472K)->39718K(41472K) Class: 5741K(7168K)->5741K(7168K)
[2023-11-04T15:33:35.213+0100][gc            ] GC(234) Pause Young (Normal) (G1 Evacuation Pause) 907M->316M(1024M) 8,372ms
[2023-11-04T15:33:35.213+0100][gc,cpu        ] GC(234) User=0,04s Sys=0,00s Real=0,01s
[2023-11-04T15:33:56.788+0100][gc,start      ] GC(235) Pause Young (Normal) (G1 Evacuation Pause)
[2023-11-04T15:33:56.788+0100][gc,task       ] GC(235) Using 6 workers of 6 for evacuation
[2023-11-04T15:33:56.795+0100][gc,phases     ] GC(235)   Pre Evacuate Collection Set: 0,0ms
[2023-11-04T15:33:56.795+0100][gc,phases     ] GC(235)   Evacuate Collection Set: 6,8ms
[2023-11-04T15:33:56.795+0100][gc,phases     ] GC(235)   Post Evacuate Collection Set: 0,8ms
[2023-11-04T15:33:56.795+0100][gc,phases     ] GC(235)   Other: 0,1ms
[2023-11-04T15:33:56.795+0100][gc,heap       ] GC(235) Eden regions: 592->0(591)
[2023-11-04T15:33:56.795+0100][gc,heap       ] GC(235) Survivor regions: 11->11(76)
[2023-11-04T15:33:56.795+0100][gc,heap       ] GC(235) Old regions: 178->179
[2023-11-04T15:33:56.795+0100][gc,heap       ] GC(235) Humongous regions: 129->129
[2023-11-04T15:33:56.795+0100][gc,metaspace  ] GC(235) Metaspace: 45460K(48640K)->45460K(48640K) NonClass: 39718K(41472K)->39718K(41472K) Class: 5741K(7168K)->5741K(7168K)
[2023-11-04T15:33:56.795+0100][gc            ] GC(235) Pause Young (Normal) (G1 Evacuation Pause) 908M->317M(1024M) 7,876ms
[2023-11-04T15:33:56.795+0100][gc,cpu        ] GC(235) User=0,04s Sys=0,01s Real=0,01s
[2023-11-04T15:34:17.204+0100][gc,start      ] GC(236) Pause Young (Normal) (G1 Evacuation Pause)
[2023-11-04T15:34:17.204+0100][gc,task       ] GC(236) Using 6 workers of 6 for evacuation
[2023-11-04T15:34:17.212+0100][gc,phases     ] GC(236)   Pre Evacuate Collection Set: 0,0ms
[2023-11-04T15:34:17.212+0100][gc,phases     ] GC(236)   Evacuate Collection Set: 7,6ms
[2023-11-04T15:34:17.212+0100][gc,phases     ] GC(236)   Post Evacuate Collection Set: 0,6ms
[2023-11-04T15:34:17.212+0100][gc,phases     ] GC(236)   Other: 0,1ms
[2023-11-04T15:34:17.212+0100][gc,heap       ] GC(236) Eden regions: 591->0(590)
[2023-11-04T15:34:17.212+0100][gc,heap       ] GC(236) Survivor regions: 11->11(76)
[2023-11-04T15:34:17.212+0100][gc,heap       ] GC(236) Old regions: 179->180
[2023-11-04T15:34:17.212+0100][gc,heap       ] GC(236) Humongous regions: 129->129
[2023-11-04T15:34:17.212+0100][gc,metaspace  ] GC(236) Metaspace: 45460K(48640K)->45460K(48640K) NonClass: 39718K(41472K)->39718K(41472K) Class: 5741K(7168K)->5741K(7168K)
[2023-11-04T15:34:17.212+0100][gc            ] GC(236) Pause Young (Normal) (G1 Evacuation Pause) 908M->317M(1024M) 8,514ms
[2023-11-04T15:34:17.212+0100][gc,cpu        ] GC(236) User=0,04s Sys=0,00s Real=0,01s
[2023-11-04T15:34:35.652+0100][gc,start      ] GC(237) Pause Young (Normal) (G1 Evacuation Pause)
[2023-11-04T15:34:35.652+0100][gc,task       ] GC(237) Using 6 workers of 6 for evacuation
[2023-11-04T15:34:35.661+0100][gc,phases     ] GC(237)   Pre Evacuate Collection Set: 0,0ms
[2023-11-04T15:34:35.661+0100][gc,phases     ] GC(237)   Evacuate Collection Set: 8,7ms
[2023-11-04T15:34:35.661+0100][gc,phases     ] GC(237)   Post Evacuate Collection Set: 0,6ms
[2023-11-04T15:34:35.661+0100][gc,phases     ] GC(237)   Other: 0,2ms
[2023-11-04T15:34:35.661+0100][gc,heap       ] GC(237) Eden regions: 590->0(589)
[2023-11-04T15:34:35.661+0100][gc,heap       ] GC(237) Survivor regions: 11->11(76)
[2023-11-04T15:34:35.661+0100][gc,heap       ] GC(237) Old regions: 180->181
[2023-11-04T15:34:35.661+0100][gc,heap       ] GC(237) Humongous regions: 129->129
[2023-11-04T15:34:35.661+0100][gc,metaspace  ] GC(237) Metaspace: 45460K(48640K)->45460K(48640K) NonClass: 39718K(41472K)->39718K(41472K) Class: 5741K(7168K)->5741K(7168K)
[2023-11-04T15:34:35.661+0100][gc            ] GC(237) Pause Young (Normal) (G1 Evacuation Pause) 907M->318M(1024M) 9,525ms
[2023-11-04T15:34:35.661+0100][gc,cpu        ] GC(237) User=0,04s Sys=0,00s Real=0,00s
[2023-11-04T15:34:58.931+0100][gc,start      ] GC(238) Pause Young (Normal) (G1 Evacuation Pause)
[2023-11-04T15:34:58.931+0100][gc,task       ] GC(238) Using 6 workers of 6 for evacuation
[2023-11-04T15:34:58.939+0100][gc,phases     ] GC(238)   Pre Evacuate Collection Set: 0,0ms
[2023-11-04T15:34:58.939+0100][gc,phases     ] GC(238)   Evacuate Collection Set: 6,7ms
[2023-11-04T15:34:58.939+0100][gc,phases     ] GC(238)   Post Evacuate Collection Set: 0,7ms
[2023-11-04T15:34:58.939+0100][gc,phases     ] GC(238)   Other: 0,3ms
[2023-11-04T15:34:58.939+0100][gc,heap       ] GC(238) Eden regions: 589->0(589)
[2023-11-04T15:34:58.939+0100][gc,heap       ] GC(238) Survivor regions: 11->11(75)
[2023-11-04T15:34:58.939+0100][gc,heap       ] GC(238) Old regions: 181->181
[2023-11-04T15:34:58.939+0100][gc,heap       ] GC(238) Humongous regions: 129->129
[2023-11-04T15:34:58.939+0100][gc,metaspace  ] GC(238) Metaspace: 45460K(48640K)->45460K(48640K) NonClass: 39718K(41472K)->39718K(41472K) Class: 5741K(7168K)->5741K(7168K)
[2023-11-04T15:34:58.939+0100][gc            ] GC(238) Pause Young (Normal) (G1 Evacuation Pause) 907M->319M(1024M) 7,806ms
[2023-11-04T15:34:58.939+0100][gc,cpu        ] GC(238) User=0,04s Sys=0,00s Real=0,00s
[2023-11-04T15:35:19.262+0100][gc,start      ] GC(239) Pause Young (Normal) (G1 Evacuation Pause)
[2023-11-04T15:35:19.262+0100][gc,task       ] GC(239) Using 6 workers of 6 for evacuation
[2023-11-04T15:35:19.273+0100][gc,phases     ] GC(239)   Pre Evacuate Collection Set: 0,0ms
[2023-11-04T15:35:19.273+0100][gc,phases     ] GC(239)   Evacuate Collection Set: 10,0ms
[2023-11-04T15:35:19.273+0100][gc,phases     ] GC(239)   Post Evacuate Collection Set: 0,8ms
[2023-11-04T15:35:19.273+0100][gc,phases     ] GC(239)   Other: 0,2ms
[2023-11-04T15:35:19.273+0100][gc,heap       ] GC(239) Eden regions: 589->0(588)
[2023-11-04T15:35:19.273+0100][gc,heap       ] GC(239) Survivor regions: 11->11(75)
[2023-11-04T15:35:19.273+0100][gc,heap       ] GC(239) Old regions: 181->182
[2023-11-04T15:35:19.273+0100][gc,heap       ] GC(239) Humongous regions: 129->129
[2023-11-04T15:35:19.273+0100][gc,metaspace  ] GC(239) Metaspace: 45460K(48640K)->45460K(48640K) NonClass: 39718K(41472K)->39718K(41472K) Class: 5741K(7168K)->5741K(7168K)
[2023-11-04T15:35:19.273+0100][gc            ] GC(239) Pause Young (Normal) (G1 Evacuation Pause) 908M->319M(1024M) 11,170ms
[2023-11-04T15:35:19.273+0100][gc,cpu        ] GC(239) User=0,06s Sys=0,00s Real=0,02s
[2023-11-04T15:35:38.585+0100][gc,start      ] GC(240) Pause Young (Normal) (G1 Evacuation Pause)
[2023-11-04T15:35:38.585+0100][gc,task       ] GC(240) Using 6 workers of 6 for evacuation
[2023-11-04T15:35:38.593+0100][gc,phases     ] GC(240)   Pre Evacuate Collection Set: 0,0ms
[2023-11-04T15:35:38.593+0100][gc,phases     ] GC(240)   Evacuate Collection Set: 6,8ms
[2023-11-04T15:35:38.593+0100][gc,phases     ] GC(240)   Post Evacuate Collection Set: 0,6ms
[2023-11-04T15:35:38.593+0100][gc,phases     ] GC(240)   Other: 0,2ms
[2023-11-04T15:35:38.593+0100][gc,heap       ] GC(240) Eden regions: 588->0(587)
[2023-11-04T15:35:38.593+0100][gc,heap       ] GC(240) Survivor regions: 11->11(75)
[2023-11-04T15:35:38.593+0100][gc,heap       ] GC(240) Old regions: 182->183
[2023-11-04T15:35:38.593+0100][gc,heap       ] GC(240) Humongous regions: 129->129
[2023-11-04T15:35:38.593+0100][gc,metaspace  ] GC(240) Metaspace: 45460K(48640K)->45460K(48640K) NonClass: 39718K(41472K)->39718K(41472K) Class: 5741K(7168K)->5741K(7168K)
[2023-11-04T15:35:38.593+0100][gc            ] GC(240) Pause Young (Normal) (G1 Evacuation Pause) 907M->321M(1024M) 7,679ms
[2023-11-04T15:35:38.593+0100][gc,cpu        ] GC(240) User=0,04s Sys=0,00s Real=0,01s
[2023-11-04T15:36:01.063+0100][gc,start      ] GC(241) Pause Young (Normal) (G1 Evacuation Pause)
[2023-11-04T15:36:01.063+0100][gc,task       ] GC(241) Using 6 workers of 6 for evacuation
[2023-11-04T15:36:01.073+0100][gc,phases     ] GC(241)   Pre Evacuate Collection Set: 0,0ms
[2023-11-04T15:36:01.073+0100][gc,phases     ] GC(241)   Evacuate Collection Set: 9,0ms
[2023-11-04T15:36:01.073+0100][gc,phases     ] GC(241)   Post Evacuate Collection Set: 0,6ms
[2023-11-04T15:36:01.073+0100][gc,phases     ] GC(241)   Other: 0,1ms
[2023-11-04T15:36:01.073+0100][gc,heap       ] GC(241) Eden regions: 587->0(586)
[2023-11-04T15:36:01.073+0100][gc,heap       ] GC(241) Survivor regions: 11->11(75)
[2023-11-04T15:36:01.073+0100][gc,heap       ] GC(241) Old regions: 183->184
[2023-11-04T15:36:01.073+0100][gc,heap       ] GC(241) Humongous regions: 129->129
[2023-11-04T15:36:01.073+0100][gc,metaspace  ] GC(241) Metaspace: 45460K(48640K)->45460K(48640K) NonClass: 39718K(41472K)->39718K(41472K) Class: 5741K(7168K)->5741K(7168K)
[2023-11-04T15:36:01.073+0100][gc            ] GC(241) Pause Young (Normal) (G1 Evacuation Pause) 908M->321M(1024M) 9,886ms
[2023-11-04T15:36:01.073+0100][gc,cpu        ] GC(241) User=0,04s Sys=0,00s Real=0,01s
[2023-11-04T15:36:20.465+0100][gc,start      ] GC(242) Pause Young (Normal) (G1 Evacuation Pause)
[2023-11-04T15:36:20.465+0100][gc,task       ] GC(242) Using 6 workers of 6 for evacuation
[2023-11-04T15:36:20.473+0100][gc,phases     ] GC(242)   Pre Evacuate Collection Set: 0,0ms
[2023-11-04T15:36:20.473+0100][gc,phases     ] GC(242)   Evacuate Collection Set: 7,1ms
[2023-11-04T15:36:20.473+0100][gc,phases     ] GC(242)   Post Evacuate Collection Set: 0,7ms
[2023-11-04T15:36:20.473+0100][gc,phases     ] GC(242)   Other: 0,2ms
[2023-11-04T15:36:20.473+0100][gc,heap       ] GC(242) Eden regions: 586->0(586)
[2023-11-04T15:36:20.473+0100][gc,heap       ] GC(242) Survivor regions: 11->11(75)
[2023-11-04T15:36:20.473+0100][gc,heap       ] GC(242) Old regions: 184->184
[2023-11-04T15:36:20.473+0100][gc,heap       ] GC(242) Humongous regions: 129->129
[2023-11-04T15:36:20.473+0100][gc,metaspace  ] GC(242) Metaspace: 45460K(48640K)->45460K(48640K) NonClass: 39718K(41472K)->39718K(41472K) Class: 5741K(7168K)->5741K(7168K)
[2023-11-04T15:36:20.473+0100][gc            ] GC(242) Pause Young (Normal) (G1 Evacuation Pause) 907M->322M(1024M) 7,978ms
[2023-11-04T15:36:20.473+0100][gc,cpu        ] GC(242) User=0,04s Sys=0,00s Real=0,01s
[2023-11-04T15:36:40.940+0100][gc,start      ] GC(243) Pause Young (Normal) (G1 Evacuation Pause)
[2023-11-04T15:36:40.940+0100][gc,task       ] GC(243) Using 6 workers of 6 for evacuation
[2023-11-04T15:36:40.948+0100][gc,phases     ] GC(243)   Pre Evacuate Collection Set: 0,0ms
[2023-11-04T15:36:40.948+0100][gc,phases     ] GC(243)   Evacuate Collection Set: 6,9ms
[2023-11-04T15:36:40.948+0100][gc,phases     ] GC(243)   Post Evacuate Collection Set: 0,7ms
[2023-11-04T15:36:40.948+0100][gc,phases     ] GC(243)   Other: 0,1ms
[2023-11-04T15:36:40.948+0100][gc,heap       ] GC(243) Eden regions: 586->0(585)
[2023-11-04T15:36:40.948+0100][gc,heap       ] GC(243) Survivor regions: 11->11(75)
[2023-11-04T15:36:40.948+0100][gc,heap       ] GC(243) Old regions: 184->185
[2023-11-04T15:36:40.948+0100][gc,heap       ] GC(243) Humongous regions: 129->129
[2023-11-04T15:36:40.948+0100][gc,metaspace  ] GC(243) Metaspace: 45460K(48640K)->45460K(48640K) NonClass: 39718K(41472K)->39718K(41472K) Class: 5741K(7168K)->5741K(7168K)
[2023-11-04T15:36:40.948+0100][gc            ] GC(243) Pause Young (Normal) (G1 Evacuation Pause) 908M->323M(1024M) 7,838ms
[2023-11-04T15:36:40.948+0100][gc,cpu        ] GC(243) User=0,04s Sys=0,00s Real=0,01s
[2023-11-04T15:37:03.390+0100][gc,start      ] GC(244) Pause Young (Normal) (G1 Evacuation Pause)
[2023-11-04T15:37:03.390+0100][gc,task       ] GC(244) Using 6 workers of 6 for evacuation
[2023-11-04T15:37:03.397+0100][gc,phases     ] GC(244)   Pre Evacuate Collection Set: 0,0ms
[2023-11-04T15:37:03.397+0100][gc,phases     ] GC(244)   Evacuate Collection Set: 6,7ms
[2023-11-04T15:37:03.397+0100][gc,phases     ] GC(244)   Post Evacuate Collection Set: 0,5ms
[2023-11-04T15:37:03.397+0100][gc,phases     ] GC(244)   Other: 0,1ms
[2023-11-04T15:37:03.397+0100][gc,heap       ] GC(244) Eden regions: 585->0(584)
[2023-11-04T15:37:03.397+0100][gc,heap       ] GC(244) Survivor regions: 11->11(75)
[2023-11-04T15:37:03.397+0100][gc,heap       ] GC(244) Old regions: 185->186
[2023-11-04T15:37:03.397+0100][gc,heap       ] GC(244) Humongous regions: 129->129
[2023-11-04T15:37:03.397+0100][gc,metaspace  ] GC(244) Metaspace: 45460K(48640K)->45460K(48640K) NonClass: 39718K(41472K)->39718K(41472K) Class: 5741K(7168K)->5741K(7168K)
[2023-11-04T15:37:03.397+0100][gc            ] GC(244) Pause Young (Normal) (G1 Evacuation Pause) 908M->323M(1024M) 7,507ms
[2023-11-04T15:37:03.397+0100][gc,cpu        ] GC(244) User=0,04s Sys=0,00s Real=0,01s
[2023-11-04T15:37:22.763+0100][gc,start      ] GC(245) Pause Young (Normal) (G1 Evacuation Pause)
[2023-11-04T15:37:22.763+0100][gc,task       ] GC(245) Using 6 workers of 6 for evacuation
[2023-11-04T15:37:22.771+0100][gc,phases     ] GC(245)   Pre Evacuate Collection Set: 0,0ms
[2023-11-04T15:37:22.771+0100][gc,phases     ] GC(245)   Evacuate Collection Set: 7,8ms
[2023-11-04T15:37:22.771+0100][gc,phases     ] GC(245)   Post Evacuate Collection Set: 0,7ms
[2023-11-04T15:37:22.771+0100][gc,phases     ] GC(245)   Other: 0,2ms
[2023-11-04T15:37:22.771+0100][gc,heap       ] GC(245) Eden regions: 584->0(584)
[2023-11-04T15:37:22.771+0100][gc,heap       ] GC(245) Survivor regions: 11->11(75)
[2023-11-04T15:37:22.771+0100][gc,heap       ] GC(245) Old regions: 186->186
[2023-11-04T15:37:22.771+0100][gc,heap       ] GC(245) Humongous regions: 129->129
[2023-11-04T15:37:22.771+0100][gc,metaspace  ] GC(245) Metaspace: 45460K(48640K)->45460K(48640K) NonClass: 39718K(41472K)->39718K(41472K) Class: 5741K(7168K)->5741K(7168K)
[2023-11-04T15:37:22.771+0100][gc            ] GC(245) Pause Young (Normal) (G1 Evacuation Pause) 907M->324M(1024M) 8,746ms
[2023-11-04T15:37:22.771+0100][gc,cpu        ] GC(245) User=0,04s Sys=0,00s Real=0,02s
[2023-11-04T15:37:43.158+0100][gc,start      ] GC(246) Pause Young (Normal) (G1 Evacuation Pause)
[2023-11-04T15:37:43.158+0100][gc,task       ] GC(246) Using 6 workers of 6 for evacuation
[2023-11-04T15:37:43.168+0100][gc,phases     ] GC(246)   Pre Evacuate Collection Set: 0,0ms
[2023-11-04T15:37:43.168+0100][gc,phases     ] GC(246)   Evacuate Collection Set: 8,9ms
[2023-11-04T15:37:43.168+0100][gc,phases     ] GC(246)   Post Evacuate Collection Set: 1,0ms
[2023-11-04T15:37:43.168+0100][gc,phases     ] GC(246)   Other: 0,2ms
[2023-11-04T15:37:43.168+0100][gc,heap       ] GC(246) Eden regions: 584->0(583)
[2023-11-04T15:37:43.168+0100][gc,heap       ] GC(246) Survivor regions: 11->11(75)
[2023-11-04T15:37:43.168+0100][gc,heap       ] GC(246) Old regions: 186->187
[2023-11-04T15:37:43.168+0100][gc,heap       ] GC(246) Humongous regions: 129->129
[2023-11-04T15:37:43.168+0100][gc,metaspace  ] GC(246) Metaspace: 45460K(48640K)->45460K(48640K) NonClass: 39718K(41472K)->39718K(41472K) Class: 5741K(7168K)->5741K(7168K)
[2023-11-04T15:37:43.168+0100][gc            ] GC(246) Pause Young (Normal) (G1 Evacuation Pause) 908M->324M(1024M) 10,166ms
[2023-11-04T15:37:43.168+0100][gc,cpu        ] GC(246) User=0,04s Sys=0,00s Real=0,01s
[2023-11-04T15:38:02.510+0100][gc,start      ] GC(247) Pause Young (Normal) (G1 Evacuation Pause)
[2023-11-04T15:38:02.510+0100][gc,task       ] GC(247) Using 6 workers of 6 for evacuation
[2023-11-04T15:38:02.517+0100][gc,phases     ] GC(247)   Pre Evacuate Collection Set: 0,0ms
[2023-11-04T15:38:02.517+0100][gc,phases     ] GC(247)   Evacuate Collection Set: 7,0ms
[2023-11-04T15:38:02.517+0100][gc,phases     ] GC(247)   Post Evacuate Collection Set: 0,7ms
[2023-11-04T15:38:02.517+0100][gc,phases     ] GC(247)   Other: 0,2ms
[2023-11-04T15:38:02.517+0100][gc,heap       ] GC(247) Eden regions: 583->0(582)
[2023-11-04T15:38:02.517+0100][gc,heap       ] GC(247) Survivor regions: 11->11(75)
[2023-11-04T15:38:02.517+0100][gc,heap       ] GC(247) Old regions: 187->188
[2023-11-04T15:38:02.517+0100][gc,heap       ] GC(247) Humongous regions: 129->129
[2023-11-04T15:38:02.517+0100][gc,metaspace  ] GC(247) Metaspace: 45460K(48640K)->45460K(48640K) NonClass: 39718K(41472K)->39718K(41472K) Class: 5741K(7168K)->5741K(7168K)
[2023-11-04T15:38:02.517+0100][gc            ] GC(247) Pause Young (Normal) (G1 Evacuation Pause) 907M->325M(1024M) 7,963ms
[2023-11-04T15:38:02.517+0100][gc,cpu        ] GC(247) User=0,04s Sys=0,00s Real=0,01s
[2023-11-04T15:38:22.854+0100][gc,start      ] GC(248) Pause Young (Normal) (G1 Evacuation Pause)
[2023-11-04T15:38:22.854+0100][gc,task       ] GC(248) Using 6 workers of 6 for evacuation
[2023-11-04T15:38:22.862+0100][gc,phases     ] GC(248)   Pre Evacuate Collection Set: 0,0ms
[2023-11-04T15:38:22.862+0100][gc,phases     ] GC(248)   Evacuate Collection Set: 6,9ms
[2023-11-04T15:38:22.862+0100][gc,phases     ] GC(248)   Post Evacuate Collection Set: 0,8ms
[2023-11-04T15:38:22.862+0100][gc,phases     ] GC(248)   Other: 0,2ms
[2023-11-04T15:38:22.862+0100][gc,heap       ] GC(248) Eden regions: 582->0(582)
[2023-11-04T15:38:22.862+0100][gc,heap       ] GC(248) Survivor regions: 11->11(75)
[2023-11-04T15:38:22.862+0100][gc,heap       ] GC(248) Old regions: 188->188
[2023-11-04T15:38:22.862+0100][gc,heap       ] GC(248) Humongous regions: 129->129
[2023-11-04T15:38:22.862+0100][gc,metaspace  ] GC(248) Metaspace: 45460K(48640K)->45460K(48640K) NonClass: 39718K(41472K)->39718K(41472K) Class: 5741K(7168K)->5741K(7168K)
[2023-11-04T15:38:22.862+0100][gc            ] GC(248) Pause Young (Normal) (G1 Evacuation Pause) 907M->326M(1024M) 8,005ms
[2023-11-04T15:38:22.862+0100][gc,cpu        ] GC(248) User=0,04s Sys=0,00s Real=0,00s
[2023-11-04T15:38:42.289+0100][gc,start      ] GC(249) Pause Young (Normal) (G1 Evacuation Pause)
[2023-11-04T15:38:42.289+0100][gc,task       ] GC(249) Using 6 workers of 6 for evacuation
[2023-11-04T15:38:42.297+0100][gc,phases     ] GC(249)   Pre Evacuate Collection Set: 0,0ms
[2023-11-04T15:38:42.297+0100][gc,phases     ] GC(249)   Evacuate Collection Set: 7,0ms
[2023-11-04T15:38:42.297+0100][gc,phases     ] GC(249)   Post Evacuate Collection Set: 0,5ms
[2023-11-04T15:38:42.297+0100][gc,phases     ] GC(249)   Other: 0,2ms
[2023-11-04T15:38:42.297+0100][gc,heap       ] GC(249) Eden regions: 582->0(581)
[2023-11-04T15:38:42.297+0100][gc,heap       ] GC(249) Survivor regions: 11->11(75)
[2023-11-04T15:38:42.297+0100][gc,heap       ] GC(249) Old regions: 188->189
[2023-11-04T15:38:42.297+0100][gc,heap       ] GC(249) Humongous regions: 129->129
[2023-11-04T15:38:42.297+0100][gc,metaspace  ] GC(249) Metaspace: 45460K(48640K)->45460K(48640K) NonClass: 39718K(41472K)->39718K(41472K) Class: 5741K(7168K)->5741K(7168K)
[2023-11-04T15:38:42.297+0100][gc            ] GC(249) Pause Young (Normal) (G1 Evacuation Pause) 908M->327M(1024M) 7,764ms
[2023-11-04T15:38:42.297+0100][gc,cpu        ] GC(249) User=0,05s Sys=0,00s Real=0,01s
[2023-11-04T15:39:00.579+0100][gc,start      ] GC(250) Pause Young (Normal) (G1 Evacuation Pause)
[2023-11-04T15:39:00.579+0100][gc,task       ] GC(250) Using 6 workers of 6 for evacuation
[2023-11-04T15:39:00.587+0100][gc,phases     ] GC(250)   Pre Evacuate Collection Set: 0,0ms
[2023-11-04T15:39:00.587+0100][gc,phases     ] GC(250)   Evacuate Collection Set: 6,9ms
[2023-11-04T15:39:00.587+0100][gc,phases     ] GC(250)   Post Evacuate Collection Set: 0,6ms
[2023-11-04T15:39:00.587+0100][gc,phases     ] GC(250)   Other: 0,2ms
[2023-11-04T15:39:00.587+0100][gc,heap       ] GC(250) Eden regions: 581->0(580)
[2023-11-04T15:39:00.587+0100][gc,heap       ] GC(250) Survivor regions: 11->11(74)
[2023-11-04T15:39:00.587+0100][gc,heap       ] GC(250) Old regions: 189->190
[2023-11-04T15:39:00.587+0100][gc,heap       ] GC(250) Humongous regions: 129->129
[2023-11-04T15:39:00.587+0100][gc,metaspace  ] GC(250) Metaspace: 45460K(48640K)->45460K(48640K) NonClass: 39718K(41472K)->39718K(41472K) Class: 5741K(7168K)->5741K(7168K)
[2023-11-04T15:39:00.587+0100][gc            ] GC(250) Pause Young (Normal) (G1 Evacuation Pause) 908M->328M(1024M) 7,752ms
[2023-11-04T15:39:00.587+0100][gc,cpu        ] GC(250) User=0,04s Sys=0,00s Real=0,01s
[2023-11-04T15:39:19.776+0100][gc,start      ] GC(251) Pause Young (Normal) (G1 Evacuation Pause)
[2023-11-04T15:39:19.776+0100][gc,task       ] GC(251) Using 6 workers of 6 for evacuation
[2023-11-04T15:39:19.783+0100][gc,phases     ] GC(251)   Pre Evacuate Collection Set: 0,0ms
[2023-11-04T15:39:19.783+0100][gc,phases     ] GC(251)   Evacuate Collection Set: 6,7ms
[2023-11-04T15:39:19.783+0100][gc,phases     ] GC(251)   Post Evacuate Collection Set: 0,8ms
[2023-11-04T15:39:19.783+0100][gc,phases     ] GC(251)   Other: 0,1ms
[2023-11-04T15:39:19.783+0100][gc,heap       ] GC(251) Eden regions: 580->0(579)
[2023-11-04T15:39:19.783+0100][gc,heap       ] GC(251) Survivor regions: 11->11(74)
[2023-11-04T15:39:19.783+0100][gc,heap       ] GC(251) Old regions: 190->191
[2023-11-04T15:39:19.783+0100][gc,heap       ] GC(251) Humongous regions: 129->129
[2023-11-04T15:39:19.783+0100][gc,metaspace  ] GC(251) Metaspace: 45460K(48640K)->45460K(48640K) NonClass: 39718K(41472K)->39718K(41472K) Class: 5741K(7168K)->5741K(7168K)
[2023-11-04T15:39:19.783+0100][gc            ] GC(251) Pause Young (Normal) (G1 Evacuation Pause) 908M->328M(1024M) 7,744ms
[2023-11-04T15:39:19.783+0100][gc,cpu        ] GC(251) User=0,04s Sys=0,01s Real=0,01s
[2023-11-04T15:39:40.293+0100][gc,start      ] GC(252) Pause Young (Normal) (G1 Evacuation Pause)
[2023-11-04T15:39:40.293+0100][gc,task       ] GC(252) Using 6 workers of 6 for evacuation
[2023-11-04T15:39:40.302+0100][gc,phases     ] GC(252)   Pre Evacuate Collection Set: 0,0ms
[2023-11-04T15:39:40.302+0100][gc,phases     ] GC(252)   Evacuate Collection Set: 7,2ms
[2023-11-04T15:39:40.302+0100][gc,phases     ] GC(252)   Post Evacuate Collection Set: 0,7ms
[2023-11-04T15:39:40.302+0100][gc,phases     ] GC(252)   Other: 0,1ms
[2023-11-04T15:39:40.302+0100][gc,heap       ] GC(252) Eden regions: 579->0(579)
[2023-11-04T15:39:40.302+0100][gc,heap       ] GC(252) Survivor regions: 11->11(74)
[2023-11-04T15:39:40.302+0100][gc,heap       ] GC(252) Old regions: 191->191
[2023-11-04T15:39:40.302+0100][gc,heap       ] GC(252) Humongous regions: 129->129
[2023-11-04T15:39:40.302+0100][gc,metaspace  ] GC(252) Metaspace: 45460K(48640K)->45460K(48640K) NonClass: 39718K(41472K)->39718K(41472K) Class: 5741K(7168K)->5741K(7168K)
[2023-11-04T15:39:40.302+0100][gc            ] GC(252) Pause Young (Normal) (G1 Evacuation Pause) 907M->329M(1024M) 8,221ms
[2023-11-04T15:39:40.302+0100][gc,cpu        ] GC(252) User=0,04s Sys=0,00s Real=0,00s
[2023-11-04T15:40:06.169+0100][gc,start      ] GC(253) Pause Young (Normal) (G1 Evacuation Pause)
[2023-11-04T15:40:06.169+0100][gc,task       ] GC(253) Using 6 workers of 6 for evacuation
[2023-11-04T15:40:06.177+0100][gc,phases     ] GC(253)   Pre Evacuate Collection Set: 0,0ms
[2023-11-04T15:40:06.177+0100][gc,phases     ] GC(253)   Evacuate Collection Set: 7,1ms
[2023-11-04T15:40:06.177+0100][gc,phases     ] GC(253)   Post Evacuate Collection Set: 0,6ms
[2023-11-04T15:40:06.177+0100][gc,phases     ] GC(253)   Other: 0,1ms
[2023-11-04T15:40:06.177+0100][gc,heap       ] GC(253) Eden regions: 579->0(578)
[2023-11-04T15:40:06.177+0100][gc,heap       ] GC(253) Survivor regions: 11->11(74)
[2023-11-04T15:40:06.177+0100][gc,heap       ] GC(253) Old regions: 191->192
[2023-11-04T15:40:06.177+0100][gc,heap       ] GC(253) Humongous regions: 129->129
[2023-11-04T15:40:06.177+0100][gc,metaspace  ] GC(253) Metaspace: 45460K(48640K)->45460K(48640K) NonClass: 39718K(41472K)->39718K(41472K) Class: 5741K(7168K)->5741K(7168K)
[2023-11-04T15:40:06.177+0100][gc            ] GC(253) Pause Young (Normal) (G1 Evacuation Pause) 908M->329M(1024M) 7,994ms
[2023-11-04T15:40:06.177+0100][gc,cpu        ] GC(253) User=0,04s Sys=0,00s Real=0,01s
[2023-11-04T15:40:28.537+0100][gc,start      ] GC(254) Pause Young (Normal) (G1 Evacuation Pause)
[2023-11-04T15:40:28.537+0100][gc,task       ] GC(254) Using 6 workers of 6 for evacuation
[2023-11-04T15:40:28.546+0100][gc,phases     ] GC(254)   Pre Evacuate Collection Set: 0,0ms
[2023-11-04T15:40:28.546+0100][gc,phases     ] GC(254)   Evacuate Collection Set: 8,3ms
[2023-11-04T15:40:28.546+0100][gc,phases     ] GC(254)   Post Evacuate Collection Set: 0,8ms
[2023-11-04T15:40:28.546+0100][gc,phases     ] GC(254)   Other: 0,2ms
[2023-11-04T15:40:28.546+0100][gc,heap       ] GC(254) Eden regions: 578->0(577)
[2023-11-04T15:40:28.546+0100][gc,heap       ] GC(254) Survivor regions: 11->11(74)
[2023-11-04T15:40:28.546+0100][gc,heap       ] GC(254) Old regions: 192->193
[2023-11-04T15:40:28.546+0100][gc,heap       ] GC(254) Humongous regions: 129->129
[2023-11-04T15:40:28.546+0100][gc,metaspace  ] GC(254) Metaspace: 45460K(48640K)->45460K(48640K) NonClass: 39718K(41472K)->39718K(41472K) Class: 5741K(7168K)->5741K(7168K)
[2023-11-04T15:40:28.546+0100][gc            ] GC(254) Pause Young (Normal) (G1 Evacuation Pause) 907M->331M(1024M) 9,365ms
[2023-11-04T15:40:28.546+0100][gc,cpu        ] GC(254) User=0,05s Sys=0,00s Real=0,01s
[2023-11-04T15:40:58.230+0100][gc,start      ] GC(255) Pause Young (Normal) (G1 Evacuation Pause)
[2023-11-04T15:40:58.230+0100][gc,task       ] GC(255) Using 6 workers of 6 for evacuation
[2023-11-04T15:40:58.240+0100][gc,phases     ] GC(255)   Pre Evacuate Collection Set: 0,0ms
[2023-11-04T15:40:58.240+0100][gc,phases     ] GC(255)   Evacuate Collection Set: 8,9ms
[2023-11-04T15:40:58.240+0100][gc,phases     ] GC(255)   Post Evacuate Collection Set: 0,7ms
[2023-11-04T15:40:58.240+0100][gc,phases     ] GC(255)   Other: 0,1ms
[2023-11-04T15:40:58.240+0100][gc,heap       ] GC(255) Eden regions: 577->0(576)
[2023-11-04T15:40:58.240+0100][gc,heap       ] GC(255) Survivor regions: 11->11(74)
[2023-11-04T15:40:58.240+0100][gc,heap       ] GC(255) Old regions: 193->194
[2023-11-04T15:40:58.240+0100][gc,heap       ] GC(255) Humongous regions: 129->129
[2023-11-04T15:40:58.240+0100][gc,metaspace  ] GC(255) Metaspace: 45460K(48640K)->45460K(48640K) NonClass: 39718K(41472K)->39718K(41472K) Class: 5741K(7168K)->5741K(7168K)
[2023-11-04T15:40:58.240+0100][gc            ] GC(255) Pause Young (Normal) (G1 Evacuation Pause) 908M->331M(1024M) 9,798ms
[2023-11-04T15:40:58.240+0100][gc,cpu        ] GC(255) User=0,04s Sys=0,00s Real=0,01s
[2023-11-04T15:41:27.758+0100][gc,start      ] GC(256) Pause Young (Normal) (G1 Evacuation Pause)
[2023-11-04T15:41:27.758+0100][gc,task       ] GC(256) Using 6 workers of 6 for evacuation
[2023-11-04T15:41:27.768+0100][gc,phases     ] GC(256)   Pre Evacuate Collection Set: 0,0ms
[2023-11-04T15:41:27.768+0100][gc,phases     ] GC(256)   Evacuate Collection Set: 8,4ms
[2023-11-04T15:41:27.768+0100][gc,phases     ] GC(256)   Post Evacuate Collection Set: 1,2ms
[2023-11-04T15:41:27.768+0100][gc,phases     ] GC(256)   Other: 0,2ms
[2023-11-04T15:41:27.768+0100][gc,heap       ] GC(256) Eden regions: 576->0(576)
[2023-11-04T15:41:27.768+0100][gc,heap       ] GC(256) Survivor regions: 11->11(74)
[2023-11-04T15:41:27.768+0100][gc,heap       ] GC(256) Old regions: 194->194
[2023-11-04T15:41:27.768+0100][gc,heap       ] GC(256) Humongous regions: 129->129
[2023-11-04T15:41:27.768+0100][gc,metaspace  ] GC(256) Metaspace: 45460K(48640K)->45460K(48640K) NonClass: 39718K(41472K)->39718K(41472K) Class: 5741K(7168K)->5741K(7168K)
[2023-11-04T15:41:27.768+0100][gc            ] GC(256) Pause Young (Normal) (G1 Evacuation Pause) 907M->332M(1024M) 9,840ms
[2023-11-04T15:41:27.768+0100][gc,cpu        ] GC(256) User=0,05s Sys=0,00s Real=0,01s
[2023-11-04T15:41:58.149+0100][gc,start      ] GC(257) Pause Young (Normal) (G1 Evacuation Pause)
[2023-11-04T15:41:58.149+0100][gc,task       ] GC(257) Using 6 workers of 6 for evacuation
[2023-11-04T15:41:58.157+0100][gc,phases     ] GC(257)   Pre Evacuate Collection Set: 0,0ms
[2023-11-04T15:41:58.157+0100][gc,phases     ] GC(257)   Evacuate Collection Set: 7,2ms
[2023-11-04T15:41:58.157+0100][gc,phases     ] GC(257)   Post Evacuate Collection Set: 0,7ms
[2023-11-04T15:41:58.157+0100][gc,phases     ] GC(257)   Other: 0,1ms
[2023-11-04T15:41:58.157+0100][gc,heap       ] GC(257) Eden regions: 576->0(573)
[2023-11-04T15:41:58.157+0100][gc,heap       ] GC(257) Survivor regions: 11->12(74)
[2023-11-04T15:41:58.157+0100][gc,heap       ] GC(257) Old regions: 194->195
[2023-11-04T15:41:58.157+0100][gc,heap       ] GC(257) Humongous regions: 129->129
[2023-11-04T15:41:58.157+0100][gc,metaspace  ] GC(257) Metaspace: 45460K(48640K)->45460K(48640K) NonClass: 39718K(41472K)->39718K(41472K) Class: 5741K(7168K)->5741K(7168K)
[2023-11-04T15:41:58.157+0100][gc            ] GC(257) Pause Young (Normal) (G1 Evacuation Pause) 908M->333M(1024M) 8,153ms
[2023-11-04T15:41:58.157+0100][gc,cpu        ] GC(257) User=0,04s Sys=0,00s Real=0,01s
[2023-11-04T15:42:23.571+0100][gc,start      ] GC(258) Pause Young (Normal) (G1 Evacuation Pause)
[2023-11-04T15:42:23.571+0100][gc,task       ] GC(258) Using 6 workers of 6 for evacuation
[2023-11-04T15:42:23.582+0100][gc,phases     ] GC(258)   Pre Evacuate Collection Set: 0,0ms
[2023-11-04T15:42:23.582+0100][gc,phases     ] GC(258)   Evacuate Collection Set: 8,3ms
[2023-11-04T15:42:23.582+0100][gc,phases     ] GC(258)   Post Evacuate Collection Set: 1,9ms
[2023-11-04T15:42:23.582+0100][gc,phases     ] GC(258)   Other: 0,3ms
[2023-11-04T15:42:23.582+0100][gc,heap       ] GC(258) Eden regions: 573->0(572)
[2023-11-04T15:42:23.582+0100][gc,heap       ] GC(258) Survivor regions: 12->12(74)
[2023-11-04T15:42:23.582+0100][gc,heap       ] GC(258) Old regions: 195->196
[2023-11-04T15:42:23.582+0100][gc,heap       ] GC(258) Humongous regions: 129->129
[2023-11-04T15:42:23.582+0100][gc,metaspace  ] GC(258) Metaspace: 45460K(48640K)->45460K(48640K) NonClass: 39718K(41472K)->39718K(41472K) Class: 5741K(7168K)->5741K(7168K)
[2023-11-04T15:42:23.582+0100][gc            ] GC(258) Pause Young (Normal) (G1 Evacuation Pause) 906M->334M(1024M) 10,627ms
[2023-11-04T15:42:23.582+0100][gc,cpu        ] GC(258) User=0,05s Sys=0,00s Real=0,00s
[2023-11-04T15:42:53.202+0100][gc,start      ] GC(259) Pause Young (Normal) (G1 Evacuation Pause)
[2023-11-04T15:42:53.202+0100][gc,task       ] GC(259) Using 6 workers of 6 for evacuation
[2023-11-04T15:42:53.211+0100][gc,phases     ] GC(259)   Pre Evacuate Collection Set: 0,0ms
[2023-11-04T15:42:53.211+0100][gc,phases     ] GC(259)   Evacuate Collection Set: 8,3ms
[2023-11-04T15:42:53.211+0100][gc,phases     ] GC(259)   Post Evacuate Collection Set: 0,7ms
[2023-11-04T15:42:53.211+0100][gc,phases     ] GC(259)   Other: 0,2ms
[2023-11-04T15:42:53.211+0100][gc,heap       ] GC(259) Eden regions: 572->0(571)
[2023-11-04T15:42:53.211+0100][gc,heap       ] GC(259) Survivor regions: 12->12(73)
[2023-11-04T15:42:53.211+0100][gc,heap       ] GC(259) Old regions: 196->197
[2023-11-04T15:42:53.211+0100][gc,heap       ] GC(259) Humongous regions: 129->129
[2023-11-04T15:42:53.211+0100][gc,metaspace  ] GC(259) Metaspace: 45460K(48640K)->45460K(48640K) NonClass: 39718K(41472K)->39718K(41472K) Class: 5741K(7168K)->5741K(7168K)
[2023-11-04T15:42:53.211+0100][gc            ] GC(259) Pause Young (Normal) (G1 Evacuation Pause) 906M->335M(1024M) 9,343ms
[2023-11-04T15:42:53.211+0100][gc,cpu        ] GC(259) User=0,05s Sys=0,00s Real=0,02s
[2023-11-04T15:43:21.488+0100][gc,start      ] GC(260) Pause Young (Normal) (G1 Evacuation Pause)
[2023-11-04T15:43:21.488+0100][gc,task       ] GC(260) Using 6 workers of 6 for evacuation
[2023-11-04T15:43:21.498+0100][gc,phases     ] GC(260)   Pre Evacuate Collection Set: 0,0ms
[2023-11-04T15:43:21.498+0100][gc,phases     ] GC(260)   Evacuate Collection Set: 8,6ms
[2023-11-04T15:43:21.498+0100][gc,phases     ] GC(260)   Post Evacuate Collection Set: 0,7ms
[2023-11-04T15:43:21.498+0100][gc,phases     ] GC(260)   Other: 0,2ms
[2023-11-04T15:43:21.498+0100][gc,heap       ] GC(260) Eden regions: 571->0(571)
[2023-11-04T15:43:21.498+0100][gc,heap       ] GC(260) Survivor regions: 12->12(73)
[2023-11-04T15:43:21.498+0100][gc,heap       ] GC(260) Old regions: 197->197
[2023-11-04T15:43:21.498+0100][gc,heap       ] GC(260) Humongous regions: 129->129
[2023-11-04T15:43:21.498+0100][gc,metaspace  ] GC(260) Metaspace: 45460K(48640K)->45460K(48640K) NonClass: 39718K(41472K)->39718K(41472K) Class: 5741K(7168K)->5741K(7168K)
[2023-11-04T15:43:21.498+0100][gc            ] GC(260) Pause Young (Normal) (G1 Evacuation Pause) 906M->336M(1024M) 9,610ms
[2023-11-04T15:43:21.498+0100][gc,cpu        ] GC(260) User=0,05s Sys=0,00s Real=0,01s
[2023-11-04T15:43:52.363+0100][gc,start      ] GC(261) Pause Young (Normal) (G1 Evacuation Pause)
[2023-11-04T15:43:52.363+0100][gc,task       ] GC(261) Using 6 workers of 6 for evacuation
[2023-11-04T15:43:52.372+0100][gc,phases     ] GC(261)   Pre Evacuate Collection Set: 0,0ms
[2023-11-04T15:43:52.372+0100][gc,phases     ] GC(261)   Evacuate Collection Set: 8,7ms
[2023-11-04T15:43:52.372+0100][gc,phases     ] GC(261)   Post Evacuate Collection Set: 0,7ms
[2023-11-04T15:43:52.372+0100][gc,phases     ] GC(261)   Other: 0,1ms
[2023-11-04T15:43:52.372+0100][gc,heap       ] GC(261) Eden regions: 571->0(570)
[2023-11-04T15:43:52.373+0100][gc,heap       ] GC(261) Survivor regions: 12->12(73)
[2023-11-04T15:43:52.373+0100][gc,heap       ] GC(261) Old regions: 197->198
[2023-11-04T15:43:52.373+0100][gc,heap       ] GC(261) Humongous regions: 129->129
[2023-11-04T15:43:52.373+0100][gc,metaspace  ] GC(261) Metaspace: 45460K(48640K)->45460K(48640K) NonClass: 39718K(41472K)->39718K(41472K) Class: 5741K(7168K)->5741K(7168K)
[2023-11-04T15:43:52.373+0100][gc            ] GC(261) Pause Young (Normal) (G1 Evacuation Pause) 907M->337M(1024M) 9,611ms
[2023-11-04T15:43:52.373+0100][gc,cpu        ] GC(261) User=0,05s Sys=0,00s Real=0,01s
[2023-11-04T15:44:23.796+0100][gc,start      ] GC(262) Pause Young (Normal) (G1 Evacuation Pause)
[2023-11-04T15:44:23.796+0100][gc,task       ] GC(262) Using 6 workers of 6 for evacuation
[2023-11-04T15:44:23.814+0100][gc,phases     ] GC(262)   Pre Evacuate Collection Set: 0,0ms
[2023-11-04T15:44:23.814+0100][gc,phases     ] GC(262)   Evacuate Collection Set: 16,1ms
[2023-11-04T15:44:23.814+0100][gc,phases     ] GC(262)   Post Evacuate Collection Set: 1,5ms
[2023-11-04T15:44:23.814+0100][gc,phases     ] GC(262)   Other: 0,3ms
[2023-11-04T15:44:23.814+0100][gc,heap       ] GC(262) Eden regions: 570->0(569)
[2023-11-04T15:44:23.814+0100][gc,heap       ] GC(262) Survivor regions: 12->12(73)
[2023-11-04T15:44:23.814+0100][gc,heap       ] GC(262) Old regions: 198->199
[2023-11-04T15:44:23.814+0100][gc,heap       ] GC(262) Humongous regions: 129->129
[2023-11-04T15:44:23.814+0100][gc,metaspace  ] GC(262) Metaspace: 45460K(48640K)->45460K(48640K) NonClass: 39718K(41472K)->39718K(41472K) Class: 5741K(7168K)->5741K(7168K)
[2023-11-04T15:44:23.814+0100][gc            ] GC(262) Pause Young (Normal) (G1 Evacuation Pause) 907M->337M(1024M) 18,232ms
[2023-11-04T15:44:23.814+0100][gc,cpu        ] GC(262) User=0,10s Sys=0,00s Real=0,02s
[2023-11-04T15:44:49.508+0100][gc,start      ] GC(263) Pause Young (Normal) (G1 Evacuation Pause)
[2023-11-04T15:44:49.508+0100][gc,task       ] GC(263) Using 6 workers of 6 for evacuation
[2023-11-04T15:44:49.517+0100][gc,phases     ] GC(263)   Pre Evacuate Collection Set: 0,0ms
[2023-11-04T15:44:49.517+0100][gc,phases     ] GC(263)   Evacuate Collection Set: 8,2ms
[2023-11-04T15:44:49.517+0100][gc,phases     ] GC(263)   Post Evacuate Collection Set: 0,7ms
[2023-11-04T15:44:49.517+0100][gc,phases     ] GC(263)   Other: 0,1ms
[2023-11-04T15:44:49.517+0100][gc,heap       ] GC(263) Eden regions: 569->0(566)
[2023-11-04T15:44:49.517+0100][gc,heap       ] GC(263) Survivor regions: 12->13(73)
[2023-11-04T15:44:49.517+0100][gc,heap       ] GC(263) Old regions: 199->200
[2023-11-04T15:44:49.517+0100][gc,heap       ] GC(263) Humongous regions: 129->129
[2023-11-04T15:44:49.517+0100][gc,metaspace  ] GC(263) Metaspace: 45460K(48640K)->45460K(48640K) NonClass: 39718K(41472K)->39718K(41472K) Class: 5741K(7168K)->5741K(7168K)
[2023-11-04T15:44:49.517+0100][gc            ] GC(263) Pause Young (Normal) (G1 Evacuation Pause) 906M->339M(1024M) 9,189ms
[2023-11-04T15:44:49.517+0100][gc,cpu        ] GC(263) User=0,05s Sys=0,00s Real=0,01s
[2023-11-04T15:45:16.700+0100][gc,start      ] GC(264) Pause Young (Normal) (G1 Evacuation Pause)
[2023-11-04T15:45:16.700+0100][gc,task       ] GC(264) Using 6 workers of 6 for evacuation
[2023-11-04T15:45:16.712+0100][gc,phases     ] GC(264)   Pre Evacuate Collection Set: 0,0ms
[2023-11-04T15:45:16.712+0100][gc,phases     ] GC(264)   Evacuate Collection Set: 10,4ms
[2023-11-04T15:45:16.712+0100][gc,phases     ] GC(264)   Post Evacuate Collection Set: 1,4ms
[2023-11-04T15:45:16.712+0100][gc,phases     ] GC(264)   Other: 0,2ms
[2023-11-04T15:45:16.712+0100][gc,heap       ] GC(264) Eden regions: 566->0(566)
[2023-11-04T15:45:16.712+0100][gc,heap       ] GC(264) Survivor regions: 13->13(73)
[2023-11-04T15:45:16.712+0100][gc,heap       ] GC(264) Old regions: 200->200
[2023-11-04T15:45:16.712+0100][gc,heap       ] GC(264) Humongous regions: 129->129
[2023-11-04T15:45:16.712+0100][gc,metaspace  ] GC(264) Metaspace: 45461K(48640K)->45461K(48640K) NonClass: 39719K(41472K)->39719K(41472K) Class: 5741K(7168K)->5741K(7168K)
[2023-11-04T15:45:16.712+0100][gc            ] GC(264) Pause Young (Normal) (G1 Evacuation Pause) 905M->340M(1024M) 12,173ms
[2023-11-04T15:45:16.712+0100][gc,cpu        ] GC(264) User=0,06s Sys=0,00s Real=0,02s
[2023-11-04T15:45:45.540+0100][gc,start      ] GC(265) Pause Young (Normal) (G1 Evacuation Pause)
[2023-11-04T15:45:45.540+0100][gc,task       ] GC(265) Using 6 workers of 6 for evacuation
[2023-11-04T15:45:45.548+0100][gc,phases     ] GC(265)   Pre Evacuate Collection Set: 0,0ms
[2023-11-04T15:45:45.548+0100][gc,phases     ] GC(265)   Evacuate Collection Set: 7,8ms
[2023-11-04T15:45:45.548+0100][gc,phases     ] GC(265)   Post Evacuate Collection Set: 0,7ms
[2023-11-04T15:45:45.548+0100][gc,phases     ] GC(265)   Other: 0,2ms
[2023-11-04T15:45:45.548+0100][gc,heap       ] GC(265) Eden regions: 566->0(565)
[2023-11-04T15:45:45.548+0100][gc,heap       ] GC(265) Survivor regions: 13->13(73)
[2023-11-04T15:45:45.548+0100][gc,heap       ] GC(265) Old regions: 200->201
[2023-11-04T15:45:45.548+0100][gc,heap       ] GC(265) Humongous regions: 129->129
[2023-11-04T15:45:45.548+0100][gc,metaspace  ] GC(265) Metaspace: 45461K(48640K)->45461K(48640K) NonClass: 39719K(41472K)->39719K(41472K) Class: 5741K(7168K)->5741K(7168K)
[2023-11-04T15:45:45.548+0100][gc            ] GC(265) Pause Young (Normal) (G1 Evacuation Pause) 906M->341M(1024M) 8,749ms
[2023-11-04T15:45:45.548+0100][gc,cpu        ] GC(265) User=0,05s Sys=0,00s Real=0,01s
[2023-11-04T15:46:11.752+0100][gc,start      ] GC(266) Pause Young (Normal) (G1 Evacuation Pause)
[2023-11-04T15:46:11.752+0100][gc,task       ] GC(266) Using 6 workers of 6 for evacuation
[2023-11-04T15:46:11.763+0100][gc,phases     ] GC(266)   Pre Evacuate Collection Set: 0,0ms
[2023-11-04T15:46:11.764+0100][gc,phases     ] GC(266)   Evacuate Collection Set: 10,6ms
[2023-11-04T15:46:11.764+0100][gc,phases     ] GC(266)   Post Evacuate Collection Set: 0,7ms
[2023-11-04T15:46:11.764+0100][gc,phases     ] GC(266)   Other: 0,2ms
[2023-11-04T15:46:11.764+0100][gc,heap       ] GC(266) Eden regions: 565->0(562)
[2023-11-04T15:46:11.764+0100][gc,heap       ] GC(266) Survivor regions: 13->14(73)
[2023-11-04T15:46:11.764+0100][gc,heap       ] GC(266) Old regions: 201->202
[2023-11-04T15:46:11.764+0100][gc,heap       ] GC(266) Humongous regions: 129->129
[2023-11-04T15:46:11.764+0100][gc,metaspace  ] GC(266) Metaspace: 45461K(48640K)->45461K(48640K) NonClass: 39719K(41472K)->39719K(41472K) Class: 5741K(7168K)->5741K(7168K)
[2023-11-04T15:46:11.764+0100][gc            ] GC(266) Pause Young (Normal) (G1 Evacuation Pause) 906M->342M(1024M) 11,494ms
[2023-11-04T15:46:11.764+0100][gc,cpu        ] GC(266) User=0,05s Sys=0,01s Real=0,01s
[2023-11-04T15:46:36.259+0100][gc,start      ] GC(267) Pause Young (Normal) (G1 Evacuation Pause)
[2023-11-04T15:46:36.259+0100][gc,task       ] GC(267) Using 6 workers of 6 for evacuation
[2023-11-04T15:46:36.271+0100][gc,phases     ] GC(267)   Pre Evacuate Collection Set: 0,0ms
[2023-11-04T15:46:36.271+0100][gc,phases     ] GC(267)   Evacuate Collection Set: 11,2ms
[2023-11-04T15:46:36.271+0100][gc,phases     ] GC(267)   Post Evacuate Collection Set: 0,6ms
[2023-11-04T15:46:36.271+0100][gc,phases     ] GC(267)   Other: 0,2ms
[2023-11-04T15:46:36.271+0100][gc,heap       ] GC(267) Eden regions: 562->0(562)
[2023-11-04T15:46:36.271+0100][gc,heap       ] GC(267) Survivor regions: 14->14(72)
[2023-11-04T15:46:36.271+0100][gc,heap       ] GC(267) Old regions: 202->202
[2023-11-04T15:46:36.271+0100][gc,heap       ] GC(267) Humongous regions: 129->129
[2023-11-04T15:46:36.271+0100][gc,metaspace  ] GC(267) Metaspace: 45461K(48640K)->45461K(48640K) NonClass: 39719K(41472K)->39719K(41472K) Class: 5741K(7168K)->5741K(7168K)
[2023-11-04T15:46:36.271+0100][gc            ] GC(267) Pause Young (Normal) (G1 Evacuation Pause) 904M->343M(1024M) 12,199ms
[2023-11-04T15:46:36.271+0100][gc,cpu        ] GC(267) User=0,06s Sys=0,01s Real=0,02s
[2023-11-04T15:47:00.793+0100][gc,start      ] GC(268) Pause Young (Normal) (G1 Evacuation Pause)
[2023-11-04T15:47:00.793+0100][gc,task       ] GC(268) Using 6 workers of 6 for evacuation
[2023-11-04T15:47:00.802+0100][gc,phases     ] GC(268)   Pre Evacuate Collection Set: 0,0ms
[2023-11-04T15:47:00.802+0100][gc,phases     ] GC(268)   Evacuate Collection Set: 8,4ms
[2023-11-04T15:47:00.802+0100][gc,phases     ] GC(268)   Post Evacuate Collection Set: 0,6ms
[2023-11-04T15:47:00.802+0100][gc,phases     ] GC(268)   Other: 0,2ms
[2023-11-04T15:47:00.802+0100][gc,heap       ] GC(268) Eden regions: 562->0(561)
[2023-11-04T15:47:00.802+0100][gc,heap       ] GC(268) Survivor regions: 14->14(72)
[2023-11-04T15:47:00.802+0100][gc,heap       ] GC(268) Old regions: 202->203
[2023-11-04T15:47:00.802+0100][gc,heap       ] GC(268) Humongous regions: 129->129
[2023-11-04T15:47:00.802+0100][gc,metaspace  ] GC(268) Metaspace: 45461K(48640K)->45461K(48640K) NonClass: 39719K(41472K)->39719K(41472K) Class: 5741K(7168K)->5741K(7168K)
[2023-11-04T15:47:00.802+0100][gc            ] GC(268) Pause Young (Normal) (G1 Evacuation Pause) 905M->344M(1024M) 9,327ms
[2023-11-04T15:47:00.802+0100][gc,cpu        ] GC(268) User=0,05s Sys=0,00s Real=0,00s
[2023-11-04T15:47:27.065+0100][gc,start      ] GC(269) Pause Young (Normal) (G1 Evacuation Pause)
[2023-11-04T15:47:27.065+0100][gc,task       ] GC(269) Using 6 workers of 6 for evacuation
[2023-11-04T15:47:27.080+0100][gc,phases     ] GC(269)   Pre Evacuate Collection Set: 0,0ms
[2023-11-04T15:47:27.080+0100][gc,phases     ] GC(269)   Evacuate Collection Set: 13,9ms
[2023-11-04T15:47:27.080+0100][gc,phases     ] GC(269)   Post Evacuate Collection Set: 0,6ms
[2023-11-04T15:47:27.080+0100][gc,phases     ] GC(269)   Other: 0,3ms
[2023-11-04T15:47:27.080+0100][gc,heap       ] GC(269) Eden regions: 561->0(560)
[2023-11-04T15:47:27.080+0100][gc,heap       ] GC(269) Survivor regions: 14->14(72)
[2023-11-04T15:47:27.080+0100][gc,heap       ] GC(269) Old regions: 203->204
[2023-11-04T15:47:27.080+0100][gc,heap       ] GC(269) Humongous regions: 129->129
[2023-11-04T15:47:27.080+0100][gc,metaspace  ] GC(269) Metaspace: 45461K(48640K)->45461K(48640K) NonClass: 39719K(41472K)->39719K(41472K) Class: 5741K(7168K)->5741K(7168K)
[2023-11-04T15:47:27.080+0100][gc            ] GC(269) Pause Young (Normal) (G1 Evacuation Pause) 905M->344M(1024M) 15,009ms
[2023-11-04T15:47:27.080+0100][gc,cpu        ] GC(269) User=0,07s Sys=0,00s Real=0,01s
[2023-11-04T15:47:58.780+0100][gc,start      ] GC(270) Pause Young (Normal) (G1 Evacuation Pause)
[2023-11-04T15:47:58.780+0100][gc,task       ] GC(270) Using 6 workers of 6 for evacuation
[2023-11-04T15:47:58.790+0100][gc,phases     ] GC(270)   Pre Evacuate Collection Set: 0,0ms
[2023-11-04T15:47:58.791+0100][gc,phases     ] GC(270)   Evacuate Collection Set: 9,6ms
[2023-11-04T15:47:58.791+0100][gc,phases     ] GC(270)   Post Evacuate Collection Set: 0,7ms
[2023-11-04T15:47:58.791+0100][gc,phases     ] GC(270)   Other: 0,2ms
[2023-11-04T15:47:58.791+0100][gc,heap       ] GC(270) Eden regions: 560->0(557)
[2023-11-04T15:47:58.791+0100][gc,heap       ] GC(270) Survivor regions: 14->15(72)
[2023-11-04T15:47:58.791+0100][gc,heap       ] GC(270) Old regions: 204->205
[2023-11-04T15:47:58.791+0100][gc,heap       ] GC(270) Humongous regions: 129->129
[2023-11-04T15:47:58.791+0100][gc,metaspace  ] GC(270) Metaspace: 45461K(48640K)->45461K(48640K) NonClass: 39719K(41472K)->39719K(41472K) Class: 5741K(7168K)->5741K(7168K)
[2023-11-04T15:47:58.791+0100][gc            ] GC(270) Pause Young (Normal) (G1 Evacuation Pause) 904M->346M(1024M) 10,542ms
[2023-11-04T15:47:58.791+0100][gc,cpu        ] GC(270) User=0,05s Sys=0,00s Real=0,01s
[2023-11-04T15:48:29.254+0100][gc,start      ] GC(271) Pause Young (Normal) (G1 Evacuation Pause)
[2023-11-04T15:48:29.254+0100][gc,task       ] GC(271) Using 6 workers of 6 for evacuation
[2023-11-04T15:48:29.265+0100][gc,phases     ] GC(271)   Pre Evacuate Collection Set: 0,0ms
[2023-11-04T15:48:29.265+0100][gc,phases     ] GC(271)   Evacuate Collection Set: 10,9ms
[2023-11-04T15:48:29.265+0100][gc,phases     ] GC(271)   Post Evacuate Collection Set: 0,8ms
[2023-11-04T15:48:29.265+0100][gc,phases     ] GC(271)   Other: 0,2ms
[2023-11-04T15:48:29.265+0100][gc,heap       ] GC(271) Eden regions: 557->0(556)
[2023-11-04T15:48:29.265+0100][gc,heap       ] GC(271) Survivor regions: 15->15(72)
[2023-11-04T15:48:29.265+0100][gc,heap       ] GC(271) Old regions: 205->206
[2023-11-04T15:48:29.265+0100][gc,heap       ] GC(271) Humongous regions: 129->129
[2023-11-04T15:48:29.265+0100][gc,metaspace  ] GC(271) Metaspace: 45461K(48640K)->45461K(48640K) NonClass: 39719K(41472K)->39719K(41472K) Class: 5741K(7168K)->5741K(7168K)
[2023-11-04T15:48:29.265+0100][gc            ] GC(271) Pause Young (Normal) (G1 Evacuation Pause) 903M->347M(1024M) 11,975ms
[2023-11-04T15:48:29.266+0100][gc,cpu        ] GC(271) User=0,06s Sys=0,00s Real=0,01s
[2023-11-04T15:48:52.819+0100][gc,start      ] GC(272) Pause Young (Normal) (G1 Evacuation Pause)
[2023-11-04T15:48:52.819+0100][gc,task       ] GC(272) Using 6 workers of 6 for evacuation
[2023-11-04T15:48:52.829+0100][gc,phases     ] GC(272)   Pre Evacuate Collection Set: 0,0ms
[2023-11-04T15:48:52.829+0100][gc,phases     ] GC(272)   Evacuate Collection Set: 9,4ms
[2023-11-04T15:48:52.829+0100][gc,phases     ] GC(272)   Post Evacuate Collection Set: 0,7ms
[2023-11-04T15:48:52.829+0100][gc,phases     ] GC(272)   Other: 0,2ms
[2023-11-04T15:48:52.829+0100][gc,heap       ] GC(272) Eden regions: 556->0(558)
[2023-11-04T15:48:52.829+0100][gc,heap       ] GC(272) Survivor regions: 15->14(72)
[2023-11-04T15:48:52.829+0100][gc,heap       ] GC(272) Old regions: 206->206
[2023-11-04T15:48:52.829+0100][gc,heap       ] GC(272) Humongous regions: 129->129
[2023-11-04T15:48:52.829+0100][gc,metaspace  ] GC(272) Metaspace: 45461K(48640K)->45461K(48640K) NonClass: 39719K(41472K)->39719K(41472K) Class: 5741K(7168K)->5741K(7168K)
[2023-11-04T15:48:52.829+0100][gc            ] GC(272) Pause Young (Normal) (G1 Evacuation Pause) 903M->347M(1024M) 10,372ms
[2023-11-04T15:48:52.829+0100][gc,cpu        ] GC(272) User=0,06s Sys=0,00s Real=0,01s
[2023-11-04T15:49:20.234+0100][gc,start      ] GC(273) Pause Young (Normal) (G1 Evacuation Pause)
[2023-11-04T15:49:20.234+0100][gc,task       ] GC(273) Using 6 workers of 6 for evacuation
[2023-11-04T15:49:20.244+0100][gc,phases     ] GC(273)   Pre Evacuate Collection Set: 0,0ms
[2023-11-04T15:49:20.244+0100][gc,phases     ] GC(273)   Evacuate Collection Set: 8,9ms
[2023-11-04T15:49:20.244+0100][gc,phases     ] GC(273)   Post Evacuate Collection Set: 0,8ms
[2023-11-04T15:49:20.244+0100][gc,phases     ] GC(273)   Other: 0,1ms
[2023-11-04T15:49:20.244+0100][gc,heap       ] GC(273) Eden regions: 558->0(555)
[2023-11-04T15:49:20.244+0100][gc,heap       ] GC(273) Survivor regions: 14->15(72)
[2023-11-04T15:49:20.244+0100][gc,heap       ] GC(273) Old regions: 206->207
[2023-11-04T15:49:20.244+0100][gc,heap       ] GC(273) Humongous regions: 129->129
[2023-11-04T15:49:20.244+0100][gc,metaspace  ] GC(273) Metaspace: 45461K(48640K)->45461K(48640K) NonClass: 39719K(41472K)->39719K(41472K) Class: 5741K(7168K)->5741K(7168K)
[2023-11-04T15:49:20.244+0100][gc            ] GC(273) Pause Young (Normal) (G1 Evacuation Pause) 905M->349M(1024M) 9,961ms
[2023-11-04T15:49:20.244+0100][gc,cpu        ] GC(273) User=0,05s Sys=0,00s Real=0,01s
[2023-11-04T15:49:43.374+0100][gc,start      ] GC(274) Pause Young (Normal) (G1 Evacuation Pause)
[2023-11-04T15:49:43.374+0100][gc,task       ] GC(274) Using 6 workers of 6 for evacuation
[2023-11-04T15:49:43.385+0100][gc,phases     ] GC(274)   Pre Evacuate Collection Set: 0,0ms
[2023-11-04T15:49:43.385+0100][gc,phases     ] GC(274)   Evacuate Collection Set: 9,9ms
[2023-11-04T15:49:43.385+0100][gc,phases     ] GC(274)   Post Evacuate Collection Set: 0,8ms
[2023-11-04T15:49:43.385+0100][gc,phases     ] GC(274)   Other: 0,2ms
[2023-11-04T15:49:43.385+0100][gc,heap       ] GC(274) Eden regions: 555->0(554)
[2023-11-04T15:49:43.385+0100][gc,heap       ] GC(274) Survivor regions: 15->15(72)
[2023-11-04T15:49:43.385+0100][gc,heap       ] GC(274) Old regions: 207->208
[2023-11-04T15:49:43.385+0100][gc,heap       ] GC(274) Humongous regions: 129->129
[2023-11-04T15:49:43.385+0100][gc,metaspace  ] GC(274) Metaspace: 45461K(48640K)->45461K(48640K) NonClass: 39719K(41472K)->39719K(41472K) Class: 5741K(7168K)->5741K(7168K)
[2023-11-04T15:49:43.385+0100][gc            ] GC(274) Pause Young (Normal) (G1 Evacuation Pause) 904M->350M(1024M) 10,971ms
[2023-11-04T15:49:43.385+0100][gc,cpu        ] GC(274) User=0,06s Sys=0,00s Real=0,01s
[2023-11-04T15:50:16.340+0100][gc,start      ] GC(275) Pause Young (Normal) (G1 Evacuation Pause)
[2023-11-04T15:50:16.340+0100][gc,task       ] GC(275) Using 6 workers of 6 for evacuation
[2023-11-04T15:50:16.354+0100][gc,phases     ] GC(275)   Pre Evacuate Collection Set: 0,0ms
[2023-11-04T15:50:16.354+0100][gc,phases     ] GC(275)   Evacuate Collection Set: 12,8ms
[2023-11-04T15:50:16.354+0100][gc,phases     ] GC(275)   Post Evacuate Collection Set: 1,1ms
[2023-11-04T15:50:16.354+0100][gc,phases     ] GC(275)   Other: 0,3ms
[2023-11-04T15:50:16.354+0100][gc,heap       ] GC(275) Eden regions: 554->0(553)
[2023-11-04T15:50:16.354+0100][gc,heap       ] GC(275) Survivor regions: 15->15(72)
[2023-11-04T15:50:16.354+0100][gc,heap       ] GC(275) Old regions: 208->209
[2023-11-04T15:50:16.354+0100][gc,heap       ] GC(275) Humongous regions: 129->129
[2023-11-04T15:50:16.354+0100][gc,metaspace  ] GC(275) Metaspace: 45462K(48640K)->45462K(48640K) NonClass: 39720K(41472K)->39720K(41472K) Class: 5741K(7168K)->5741K(7168K)
[2023-11-04T15:50:16.354+0100][gc            ] GC(275) Pause Young (Normal) (G1 Evacuation Pause) 904M->350M(1024M) 14,380ms
[2023-11-04T15:50:16.354+0100][gc,cpu        ] GC(275) User=0,07s Sys=0,00s Real=0,02s
[2023-11-04T15:50:46.040+0100][gc,start      ] GC(276) Pause Young (Normal) (G1 Evacuation Pause)
[2023-11-04T15:50:46.040+0100][gc,task       ] GC(276) Using 6 workers of 6 for evacuation
[2023-11-04T15:50:46.057+0100][gc,phases     ] GC(276)   Pre Evacuate Collection Set: 0,1ms
[2023-11-04T15:50:46.057+0100][gc,phases     ] GC(276)   Evacuate Collection Set: 15,4ms
[2023-11-04T15:50:46.057+0100][gc,phases     ] GC(276)   Post Evacuate Collection Set: 1,1ms
[2023-11-04T15:50:46.057+0100][gc,phases     ] GC(276)   Other: 0,4ms
[2023-11-04T15:50:46.057+0100][gc,heap       ] GC(276) Eden regions: 553->0(552)
[2023-11-04T15:50:46.057+0100][gc,heap       ] GC(276) Survivor regions: 15->15(71)
[2023-11-04T15:50:46.057+0100][gc,heap       ] GC(276) Old regions: 209->210
[2023-11-04T15:50:46.057+0100][gc,heap       ] GC(276) Humongous regions: 129->129
[2023-11-04T15:50:46.057+0100][gc,metaspace  ] GC(276) Metaspace: 45462K(48640K)->45462K(48640K) NonClass: 39720K(41472K)->39720K(41472K) Class: 5741K(7168K)->5741K(7168K)
[2023-11-04T15:50:46.057+0100][gc            ] GC(276) Pause Young (Normal) (G1 Evacuation Pause) 903M->352M(1024M) 17,057ms
[2023-11-04T15:50:46.057+0100][gc,cpu        ] GC(276) User=0,10s Sys=0,00s Real=0,02s
[2023-11-04T15:51:12.682+0100][gc,start      ] GC(277) Pause Young (Normal) (G1 Evacuation Pause)
[2023-11-04T15:51:12.682+0100][gc,task       ] GC(277) Using 6 workers of 6 for evacuation
[2023-11-04T15:51:12.693+0100][gc,phases     ] GC(277)   Pre Evacuate Collection Set: 0,0ms
[2023-11-04T15:51:12.693+0100][gc,phases     ] GC(277)   Evacuate Collection Set: 10,4ms
[2023-11-04T15:51:12.693+0100][gc,phases     ] GC(277)   Post Evacuate Collection Set: 0,6ms
[2023-11-04T15:51:12.693+0100][gc,phases     ] GC(277)   Other: 0,2ms
[2023-11-04T15:51:12.693+0100][gc,heap       ] GC(277) Eden regions: 552->0(551)
[2023-11-04T15:51:12.693+0100][gc,heap       ] GC(277) Survivor regions: 15->15(71)
[2023-11-04T15:51:12.693+0100][gc,heap       ] GC(277) Old regions: 210->211
[2023-11-04T15:51:12.693+0100][gc,heap       ] GC(277) Humongous regions: 129->129
[2023-11-04T15:51:12.693+0100][gc,metaspace  ] GC(277) Metaspace: 45462K(48640K)->45462K(48640K) NonClass: 39720K(41472K)->39720K(41472K) Class: 5741K(7168K)->5741K(7168K)
[2023-11-04T15:51:12.693+0100][gc            ] GC(277) Pause Young (Normal) (G1 Evacuation Pause) 904M->353M(1024M) 11,309ms
[2023-11-04T15:51:12.693+0100][gc,cpu        ] GC(277) User=0,05s Sys=0,00s Real=0,02s
[2023-11-04T15:51:35.706+0100][gc,start      ] GC(278) Pause Young (Normal) (G1 Evacuation Pause)
[2023-11-04T15:51:35.706+0100][gc,task       ] GC(278) Using 6 workers of 6 for evacuation
[2023-11-04T15:51:35.718+0100][gc,phases     ] GC(278)   Pre Evacuate Collection Set: 0,0ms
[2023-11-04T15:51:35.718+0100][gc,phases     ] GC(278)   Evacuate Collection Set: 11,0ms
[2023-11-04T15:51:35.718+0100][gc,phases     ] GC(278)   Post Evacuate Collection Set: 0,8ms
[2023-11-04T15:51:35.718+0100][gc,phases     ] GC(278)   Other: 0,1ms
[2023-11-04T15:51:35.718+0100][gc,heap       ] GC(278) Eden regions: 551->0(552)
[2023-11-04T15:51:35.718+0100][gc,heap       ] GC(278) Survivor regions: 15->14(71)
[2023-11-04T15:51:35.718+0100][gc,heap       ] GC(278) Old regions: 211->212
[2023-11-04T15:51:35.718+0100][gc,heap       ] GC(278) Humongous regions: 129->129
[2023-11-04T15:51:35.718+0100][gc,metaspace  ] GC(278) Metaspace: 45462K(48640K)->45462K(48640K) NonClass: 39720K(41472K)->39720K(41472K) Class: 5741K(7168K)->5741K(7168K)
[2023-11-04T15:51:35.718+0100][gc            ] GC(278) Pause Young (Normal) (G1 Evacuation Pause) 904M->353M(1024M) 12,062ms
[2023-11-04T15:51:35.718+0100][gc,cpu        ] GC(278) User=0,06s Sys=0,00s Real=0,01s
[2023-11-04T15:51:52.331+0100][gc,start      ] GC(279) Pause Young (Normal) (G1 Evacuation Pause)
[2023-11-04T15:51:52.331+0100][gc,task       ] GC(279) Using 6 workers of 6 for evacuation
[2023-11-04T15:51:52.344+0100][gc,phases     ] GC(279)   Pre Evacuate Collection Set: 0,0ms
[2023-11-04T15:51:52.344+0100][gc,phases     ] GC(279)   Evacuate Collection Set: 11,8ms
[2023-11-04T15:51:52.344+0100][gc,phases     ] GC(279)   Post Evacuate Collection Set: 0,7ms
[2023-11-04T15:51:52.344+0100][gc,phases     ] GC(279)   Other: 0,2ms
[2023-11-04T15:51:52.344+0100][gc,heap       ] GC(279) Eden regions: 552->0(551)
[2023-11-04T15:51:52.344+0100][gc,heap       ] GC(279) Survivor regions: 14->14(71)
[2023-11-04T15:51:52.344+0100][gc,heap       ] GC(279) Old regions: 212->213
[2023-11-04T15:51:52.344+0100][gc,heap       ] GC(279) Humongous regions: 129->129
[2023-11-04T15:51:52.344+0100][gc,metaspace  ] GC(279) Metaspace: 45462K(48640K)->45462K(48640K) NonClass: 39720K(41472K)->39720K(41472K) Class: 5741K(7168K)->5741K(7168K)
[2023-11-04T15:51:52.344+0100][gc            ] GC(279) Pause Young (Normal) (G1 Evacuation Pause) 905M->354M(1024M) 12,766ms
[2023-11-04T15:51:52.344+0100][gc,cpu        ] GC(279) User=0,05s Sys=0,00s Real=0,01s
[2023-11-04T15:52:09.186+0100][gc,start      ] GC(280) Pause Young (Normal) (G1 Evacuation Pause)
[2023-11-04T15:52:09.186+0100][gc,task       ] GC(280) Using 6 workers of 6 for evacuation
[2023-11-04T15:52:09.195+0100][gc,phases     ] GC(280)   Pre Evacuate Collection Set: 0,0ms
[2023-11-04T15:52:09.195+0100][gc,phases     ] GC(280)   Evacuate Collection Set: 7,4ms
[2023-11-04T15:52:09.195+0100][gc,phases     ] GC(280)   Post Evacuate Collection Set: 0,6ms
[2023-11-04T15:52:09.195+0100][gc,phases     ] GC(280)   Other: 0,1ms
[2023-11-04T15:52:09.195+0100][gc,heap       ] GC(280) Eden regions: 551->0(552)
[2023-11-04T15:52:09.195+0100][gc,heap       ] GC(280) Survivor regions: 14->13(71)
[2023-11-04T15:52:09.195+0100][gc,heap       ] GC(280) Old regions: 213->214
[2023-11-04T15:52:09.195+0100][gc,heap       ] GC(280) Humongous regions: 129->129
[2023-11-04T15:52:09.195+0100][gc,metaspace  ] GC(280) Metaspace: 45462K(48640K)->45462K(48640K) NonClass: 39720K(41472K)->39720K(41472K) Class: 5741K(7168K)->5741K(7168K)
[2023-11-04T15:52:09.195+0100][gc            ] GC(280) Pause Young (Normal) (G1 Evacuation Pause) 905M->354M(1024M) 8,301ms
[2023-11-04T15:52:09.195+0100][gc,cpu        ] GC(280) User=0,05s Sys=0,00s Real=0,01s
[2023-11-04T15:52:25.837+0100][gc,start      ] GC(281) Pause Young (Normal) (G1 Evacuation Pause)
[2023-11-04T15:52:25.837+0100][gc,task       ] GC(281) Using 6 workers of 6 for evacuation
[2023-11-04T15:52:25.845+0100][gc,phases     ] GC(281)   Pre Evacuate Collection Set: 0,0ms
[2023-11-04T15:52:25.845+0100][gc,phases     ] GC(281)   Evacuate Collection Set: 7,5ms
[2023-11-04T15:52:25.845+0100][gc,phases     ] GC(281)   Post Evacuate Collection Set: 0,7ms
[2023-11-04T15:52:25.845+0100][gc,phases     ] GC(281)   Other: 0,1ms
[2023-11-04T15:52:25.845+0100][gc,heap       ] GC(281) Eden regions: 552->0(553)
[2023-11-04T15:52:25.845+0100][gc,heap       ] GC(281) Survivor regions: 13->12(71)
[2023-11-04T15:52:25.845+0100][gc,heap       ] GC(281) Old regions: 214->215
[2023-11-04T15:52:25.845+0100][gc,heap       ] GC(281) Humongous regions: 129->129
[2023-11-04T15:52:25.845+0100][gc,metaspace  ] GC(281) Metaspace: 45462K(48640K)->45462K(48640K) NonClass: 39720K(41472K)->39720K(41472K) Class: 5741K(7168K)->5741K(7168K)
[2023-11-04T15:52:25.845+0100][gc            ] GC(281) Pause Young (Normal) (G1 Evacuation Pause) 906M->354M(1024M) 8,440ms
[2023-11-04T15:52:25.845+0100][gc,cpu        ] GC(281) User=0,04s Sys=0,00s Real=0,01s
[2023-11-04T15:52:45.086+0100][gc,start      ] GC(282) Pause Young (Normal) (G1 Evacuation Pause)
[2023-11-04T15:52:45.086+0100][gc,task       ] GC(282) Using 6 workers of 6 for evacuation
[2023-11-04T15:52:45.096+0100][gc,phases     ] GC(282)   Pre Evacuate Collection Set: 0,0ms
[2023-11-04T15:52:45.096+0100][gc,phases     ] GC(282)   Evacuate Collection Set: 8,6ms
[2023-11-04T15:52:45.096+0100][gc,phases     ] GC(282)   Post Evacuate Collection Set: 0,7ms
[2023-11-04T15:52:45.096+0100][gc,phases     ] GC(282)   Other: 0,2ms
[2023-11-04T15:52:45.096+0100][gc,heap       ] GC(282) Eden regions: 553->0(552)
[2023-11-04T15:52:45.096+0100][gc,heap       ] GC(282) Survivor regions: 12->12(71)
[2023-11-04T15:52:45.096+0100][gc,heap       ] GC(282) Old regions: 215->216
[2023-11-04T15:52:45.096+0100][gc,heap       ] GC(282) Humongous regions: 129->129
[2023-11-04T15:52:45.096+0100][gc,metaspace  ] GC(282) Metaspace: 45462K(48640K)->45462K(48640K) NonClass: 39720K(41472K)->39720K(41472K) Class: 5741K(7168K)->5741K(7168K)
[2023-11-04T15:52:45.096+0100][gc            ] GC(282) Pause Young (Normal) (G1 Evacuation Pause) 907M->354M(1024M) 9,522ms
[2023-11-04T15:52:45.096+0100][gc,cpu        ] GC(282) User=0,04s Sys=0,00s Real=0,01s
[2023-11-04T15:53:10.400+0100][gc,start      ] GC(283) Pause Young (Normal) (G1 Evacuation Pause)
[2023-11-04T15:53:10.400+0100][gc,task       ] GC(283) Using 6 workers of 6 for evacuation
[2023-11-04T15:53:10.407+0100][gc,phases     ] GC(283)   Pre Evacuate Collection Set: 0,0ms
[2023-11-04T15:53:10.407+0100][gc,phases     ] GC(283)   Evacuate Collection Set: 6,4ms
[2023-11-04T15:53:10.407+0100][gc,phases     ] GC(283)   Post Evacuate Collection Set: 0,8ms
[2023-11-04T15:53:10.407+0100][gc,phases     ] GC(283)   Other: 0,1ms
[2023-11-04T15:53:10.407+0100][gc,heap       ] GC(283) Eden regions: 552->0(553)
[2023-11-04T15:53:10.407+0100][gc,heap       ] GC(283) Survivor regions: 12->11(71)
[2023-11-04T15:53:10.407+0100][gc,heap       ] GC(283) Old regions: 216->217
[2023-11-04T15:53:10.407+0100][gc,heap       ] GC(283) Humongous regions: 129->129
[2023-11-04T15:53:10.407+0100][gc,metaspace  ] GC(283) Metaspace: 45462K(48640K)->45462K(48640K) NonClass: 39720K(41472K)->39720K(41472K) Class: 5741K(7168K)->5741K(7168K)
[2023-11-04T15:53:10.407+0100][gc            ] GC(283) Pause Young (Normal) (G1 Evacuation Pause) 906M->355M(1024M) 7,484ms
[2023-11-04T15:53:10.407+0100][gc,cpu        ] GC(283) User=0,04s Sys=0,00s Real=0,01s
