[2023-11-09T15:03:25.191+0100][gc,heap] Heap region size: 1M
[2023-11-09T15:03:25.217+0100][gc     ] Using G1
[2023-11-09T15:03:25.217+0100][gc,heap,coops] Heap address: 0x00000000c0000000, size: 1024 MB, Compressed Oops mode: 32-bit
[2023-11-09T15:03:25.218+0100][gc,cds       ] Mark closed archive regions in map: [0x00000000fff00000, 0x00000000fff6bff8]
[2023-11-09T15:03:25.218+0100][gc,cds       ] Mark open archive regions in map: [0x00000000ffe00000, 0x00000000ffe47ff8]
[2023-11-09T15:03:27.827+0100][gc,start     ] GC(0) Pause Young (Normal) (G1 Evacuation Pause)
[2023-11-09T15:03:27.829+0100][gc,task      ] GC(0) Using 5 workers of 5 for evacuation
[2023-11-09T15:03:27.858+0100][gc,mmu       ] GC(0) MMU target violated: 21,0ms (20,0ms/21,0ms)
[2023-11-09T15:03:27.858+0100][gc,phases    ] GC(0)   Pre Evacuate Collection Set: 0,0ms
[2023-11-09T15:03:27.858+0100][gc,phases    ] GC(0)   Evacuate Collection Set: 25,0ms
[2023-11-09T15:03:27.858+0100][gc,phases    ] GC(0)   Post Evacuate Collection Set: 3,0ms
[2023-11-09T15:03:27.858+0100][gc,phases    ] GC(0)   Other: 3,1ms
[2023-11-09T15:03:27.858+0100][gc,heap      ] GC(0) Eden regions: 51->0(44)
[2023-11-09T15:03:27.858+0100][gc,heap      ] GC(0) Survivor regions: 0->7(7)
[2023-11-09T15:03:27.858+0100][gc,heap      ] GC(0) Old regions: 2->3
[2023-11-09T15:03:27.858+0100][gc,heap      ] GC(0) Humongous regions: 0->0
[2023-11-09T15:03:27.858+0100][gc,metaspace ] GC(0) Metaspace: 14131K(14848K)->14131K(14848K) NonClass: 12397K(12800K)->12397K(12800K) Class: 1733K(2048K)->1733K(2048K)
[2023-11-09T15:03:27.858+0100][gc           ] GC(0) Pause Young (Normal) (G1 Evacuation Pause) 51M->7M(1024M) 31,215ms
[2023-11-09T15:03:27.858+0100][gc,cpu       ] GC(0) User=0,01s Sys=0,07s Real=0,03s
[2023-11-09T15:03:29.572+0100][gc,start     ] GC(1) Pause Young (Concurrent Start) (Metadata GC Threshold)
[2023-11-09T15:03:29.572+0100][gc,task      ] GC(1) Using 5 workers of 5 for evacuation
[2023-11-09T15:03:29.638+0100][gc,mmu       ] GC(1) MMU target violated: 21,0ms (20,0ms/21,0ms)
[2023-11-09T15:03:29.638+0100][gc,phases    ] GC(1)   Pre Evacuate Collection Set: 0,1ms
[2023-11-09T15:03:29.638+0100][gc,phases    ] GC(1)   Evacuate Collection Set: 60,0ms
[2023-11-09T15:03:29.638+0100][gc,phases    ] GC(1)   Post Evacuate Collection Set: 5,0ms
[2023-11-09T15:03:29.638+0100][gc,phases    ] GC(1)   Other: 0,7ms
[2023-11-09T15:03:29.638+0100][gc,heap      ] GC(1) Eden regions: 29->0(49)
[2023-11-09T15:03:29.638+0100][gc,heap      ] GC(1) Survivor regions: 7->2(7)
[2023-11-09T15:03:29.638+0100][gc,heap      ] GC(1) Old regions: 3->9
[2023-11-09T15:03:29.638+0100][gc,heap      ] GC(1) Humongous regions: 0->0
[2023-11-09T15:03:29.638+0100][gc,metaspace ] GC(1) Metaspace: 20493K(21248K)->20493K(21248K) NonClass: 18010K(18432K)->18010K(18432K) Class: 2483K(2816K)->2483K(2816K)
[2023-11-09T15:03:29.638+0100][gc           ] GC(1) Pause Young (Concurrent Start) (Metadata GC Threshold) 36M->8M(1024M) 65,814ms
[2023-11-09T15:03:29.638+0100][gc,cpu       ] GC(1) User=0,03s Sys=0,04s Real=0,06s
[2023-11-09T15:03:29.640+0100][gc           ] GC(2) Concurrent Cycle
[2023-11-09T15:03:29.641+0100][gc,marking   ] GC(2) Concurrent Clear Claimed Marks
[2023-11-09T15:03:29.642+0100][gc,marking   ] GC(2) Concurrent Clear Claimed Marks 0,094ms
[2023-11-09T15:03:29.642+0100][gc,marking   ] GC(2) Concurrent Scan Root Regions
[2023-11-09T15:03:29.645+0100][gc,marking   ] GC(2) Concurrent Scan Root Regions 2,957ms
[2023-11-09T15:03:29.645+0100][gc,marking   ] GC(2) Concurrent Mark (4,463s)
[2023-11-09T15:03:29.645+0100][gc,marking   ] GC(2) Concurrent Mark From Roots
[2023-11-09T15:03:29.645+0100][gc,task      ] GC(2) Using 1 workers of 1 for marking
[2023-11-09T15:03:29.657+0100][gc,marking   ] GC(2) Concurrent Mark From Roots 12,311ms
[2023-11-09T15:03:29.657+0100][gc,marking   ] GC(2) Concurrent Preclean
[2023-11-09T15:03:29.657+0100][gc,marking   ] GC(2) Concurrent Preclean 0,229ms
[2023-11-09T15:03:29.658+0100][gc,marking   ] GC(2) Concurrent Mark (4,463s, 4,476s) 13,050ms
[2023-11-09T15:03:29.681+0100][gc,start     ] GC(2) Pause Remark
[2023-11-09T15:03:29.690+0100][gc,stringtable] GC(2) Cleaned string and symbol table, strings: 5303 processed, 0 removed, symbols: 53047 processed, 46 removed
[2023-11-09T15:03:29.692+0100][gc            ] GC(2) Pause Remark 9M->9M(1024M) 10,790ms
[2023-11-09T15:03:29.692+0100][gc,cpu        ] GC(2) User=0,00s Sys=0,01s Real=0,02s
[2023-11-09T15:03:29.692+0100][gc,marking    ] GC(2) Concurrent Rebuild Remembered Sets
[2023-11-09T15:03:29.702+0100][gc,marking    ] GC(2) Concurrent Rebuild Remembered Sets 10,406ms
[2023-11-09T15:03:29.703+0100][gc,start      ] GC(2) Pause Cleanup
[2023-11-09T15:03:29.704+0100][gc            ] GC(2) Pause Cleanup 10M->10M(1024M) 1,271ms
[2023-11-09T15:03:29.705+0100][gc,cpu        ] GC(2) User=0,00s Sys=0,01s Real=0,01s
[2023-11-09T15:03:29.705+0100][gc,marking    ] GC(2) Concurrent Cleanup for Next Mark
[2023-11-09T15:03:29.799+0100][gc,marking    ] GC(2) Concurrent Cleanup for Next Mark 94,004ms
[2023-11-09T15:03:29.799+0100][gc            ] GC(2) Concurrent Cycle 159,454ms
[2023-11-09T15:03:31.765+0100][gc,start      ] GC(3) Pause Young (Normal) (G1 Evacuation Pause)
[2023-11-09T15:03:31.765+0100][gc,task       ] GC(3) Using 5 workers of 5 for evacuation
[2023-11-09T15:03:31.780+0100][gc,phases     ] GC(3)   Pre Evacuate Collection Set: 0,0ms
[2023-11-09T15:03:31.780+0100][gc,phases     ] GC(3)   Evacuate Collection Set: 14,2ms
[2023-11-09T15:03:31.780+0100][gc,phases     ] GC(3)   Post Evacuate Collection Set: 0,7ms
[2023-11-09T15:03:31.780+0100][gc,phases     ] GC(3)   Other: 0,3ms
[2023-11-09T15:03:31.780+0100][gc,heap       ] GC(3) Eden regions: 49->0(46)
[2023-11-09T15:03:31.780+0100][gc,heap       ] GC(3) Survivor regions: 2->5(7)
[2023-11-09T15:03:31.780+0100][gc,heap       ] GC(3) Old regions: 9->9
[2023-11-09T15:03:31.780+0100][gc,heap       ] GC(3) Humongous regions: 129->129
[2023-11-09T15:03:31.780+0100][gc,metaspace  ] GC(3) Metaspace: 28200K(29312K)->28200K(29312K) NonClass: 24914K(25600K)->24914K(25600K) Class: 3286K(3712K)->3286K(3712K)
[2023-11-09T15:03:31.780+0100][gc            ] GC(3) Pause Young (Normal) (G1 Evacuation Pause) 186M->141M(1024M) 15,363ms
[2023-11-09T15:03:31.780+0100][gc,cpu        ] GC(3) User=0,01s Sys=0,00s Real=0,01s
[2023-11-09T15:03:32.609+0100][gc,start      ] GC(4) Pause Young (Concurrent Start) (Metadata GC Threshold)
[2023-11-09T15:03:32.609+0100][gc,task       ] GC(4) Using 5 workers of 5 for evacuation
[2023-11-09T15:03:32.617+0100][gc,phases     ] GC(4)   Pre Evacuate Collection Set: 0,1ms
[2023-11-09T15:03:32.617+0100][gc,phases     ] GC(4)   Evacuate Collection Set: 7,0ms
[2023-11-09T15:03:32.617+0100][gc,phases     ] GC(4)   Post Evacuate Collection Set: 1,0ms
[2023-11-09T15:03:32.617+0100][gc,phases     ] GC(4)   Other: 0,4ms
[2023-11-09T15:03:32.617+0100][gc,heap       ] GC(4) Eden regions: 34->0(48)
[2023-11-09T15:03:32.617+0100][gc,heap       ] GC(4) Survivor regions: 5->3(7)
[2023-11-09T15:03:32.617+0100][gc,heap       ] GC(4) Old regions: 9->14
[2023-11-09T15:03:32.617+0100][gc,heap       ] GC(4) Humongous regions: 129->129
[2023-11-09T15:03:32.617+0100][gc,metaspace  ] GC(4) Metaspace: 34346K(35840K)->34346K(35840K) NonClass: 30346K(31232K)->30346K(31232K) Class: 3999K(4608K)->3999K(4608K)
[2023-11-09T15:03:32.617+0100][gc            ] GC(4) Pause Young (Concurrent Start) (Metadata GC Threshold) 174M->143M(1024M) 8,749ms
[2023-11-09T15:03:32.617+0100][gc,cpu        ] GC(4) User=0,00s Sys=0,01s Real=0,01s
[2023-11-09T15:03:32.618+0100][gc            ] GC(5) Concurrent Cycle
[2023-11-09T15:03:32.618+0100][gc,marking    ] GC(5) Concurrent Clear Claimed Marks
[2023-11-09T15:03:32.618+0100][gc,marking    ] GC(5) Concurrent Clear Claimed Marks 0,137ms
[2023-11-09T15:03:32.618+0100][gc,marking    ] GC(5) Concurrent Scan Root Regions
[2023-11-09T15:03:32.620+0100][gc,marking    ] GC(5) Concurrent Scan Root Regions 1,939ms
[2023-11-09T15:03:32.620+0100][gc,marking    ] GC(5) Concurrent Mark (7,438s)
[2023-11-09T15:03:32.620+0100][gc,marking    ] GC(5) Concurrent Mark From Roots
[2023-11-09T15:03:32.620+0100][gc,task       ] GC(5) Using 1 workers of 1 for marking
[2023-11-09T15:03:32.689+0100][gc,marking    ] GC(5) Concurrent Mark From Roots 68,759ms
[2023-11-09T15:03:32.689+0100][gc,marking    ] GC(5) Concurrent Preclean
[2023-11-09T15:03:32.689+0100][gc,marking    ] GC(5) Concurrent Preclean 0,202ms
[2023-11-09T15:03:32.690+0100][gc,marking    ] GC(5) Concurrent Mark (7,438s, 7,508s) 69,814ms
[2023-11-09T15:03:32.720+0100][gc,start      ] GC(5) Pause Remark
[2023-11-09T15:03:32.725+0100][gc,stringtable] GC(5) Cleaned string and symbol table, strings: 11124 processed, 11 removed, symbols: 86501 processed, 15 removed
[2023-11-09T15:03:32.725+0100][gc            ] GC(5) Pause Remark 145M->145M(1024M) 4,892ms
[2023-11-09T15:03:32.725+0100][gc,cpu        ] GC(5) User=0,01s Sys=0,01s Real=0,01s
[2023-11-09T15:03:32.727+0100][gc,marking    ] GC(5) Concurrent Rebuild Remembered Sets
[2023-11-09T15:03:32.744+0100][gc,marking    ] GC(5) Concurrent Rebuild Remembered Sets 17,549ms
[2023-11-09T15:03:32.745+0100][gc,start      ] GC(5) Pause Cleanup
[2023-11-09T15:03:32.745+0100][gc            ] GC(5) Pause Cleanup 147M->147M(1024M) 0,327ms
[2023-11-09T15:03:32.745+0100][gc,cpu        ] GC(5) User=0,00s Sys=0,00s Real=0,00s
[2023-11-09T15:03:32.745+0100][gc,marking    ] GC(5) Concurrent Cleanup for Next Mark
[2023-11-09T15:03:32.833+0100][gc,marking    ] GC(5) Concurrent Cleanup for Next Mark 88,102ms
[2023-11-09T15:03:32.837+0100][gc            ] GC(5) Concurrent Cycle 219,156ms
[2023-11-09T15:16:03.352+0100][gc,start      ] GC(6) Pause Young (Normal) (G1 Evacuation Pause)
[2023-11-09T15:16:03.352+0100][gc,task       ] GC(6) Using 5 workers of 5 for evacuation
[2023-11-09T15:16:03.382+0100][gc,mmu        ] GC(6) MMU target violated: 21,0ms (20,0ms/21,0ms)
[2023-11-09T15:16:03.382+0100][gc,phases     ] GC(6)   Pre Evacuate Collection Set: 0,1ms
[2023-11-09T15:16:03.382+0100][gc,phases     ] GC(6)   Evacuate Collection Set: 27,6ms
[2023-11-09T15:16:03.382+0100][gc,phases     ] GC(6)   Post Evacuate Collection Set: 1,8ms
[2023-11-09T15:16:03.382+0100][gc,phases     ] GC(6)   Other: 0,4ms
[2023-11-09T15:16:03.382+0100][gc,heap       ] GC(6) Eden regions: 48->0(46)
[2023-11-09T15:16:03.382+0100][gc,heap       ] GC(6) Survivor regions: 3->5(7)
[2023-11-09T15:16:03.382+0100][gc,heap       ] GC(6) Old regions: 14->14
[2023-11-09T15:16:03.382+0100][gc,heap       ] GC(6) Humongous regions: 129->129
[2023-11-09T15:16:03.382+0100][gc,metaspace  ] GC(6) Metaspace: 41304K(43852K)->41304K(43852K) NonClass: 36044K(37324K)->36044K(37324K) Class: 5260K(6528K)->5260K(6528K)
[2023-11-09T15:16:03.382+0100][gc            ] GC(6) Pause Young (Normal) (G1 Evacuation Pause) 191M->145M(1024M) 29,997ms
[2023-11-09T15:16:03.382+0100][gc,cpu        ] GC(6) User=0,03s Sys=0,00s Real=0,02s
[2023-11-09T15:36:15.599+0100][gc,start      ] GC(7) Pause Young (Normal) (G1 Evacuation Pause)
[2023-11-09T15:36:15.599+0100][gc,task       ] GC(7) Using 5 workers of 5 for evacuation
[2023-11-09T15:36:15.627+0100][gc,mmu        ] GC(7) MMU target violated: 21,0ms (20,0ms/21,0ms)
[2023-11-09T15:36:15.627+0100][gc,phases     ] GC(7)   Pre Evacuate Collection Set: 0,1ms
[2023-11-09T15:36:15.627+0100][gc,phases     ] GC(7)   Evacuate Collection Set: 27,1ms
[2023-11-09T15:36:15.628+0100][gc,phases     ] GC(7)   Post Evacuate Collection Set: 0,7ms
[2023-11-09T15:36:15.628+0100][gc,phases     ] GC(7)   Other: 0,6ms
[2023-11-09T15:36:15.628+0100][gc,heap       ] GC(7) Eden regions: 46->0(47)
[2023-11-09T15:36:15.628+0100][gc,heap       ] GC(7) Survivor regions: 5->4(7)
[2023-11-09T15:36:15.628+0100][gc,heap       ] GC(7) Old regions: 14->16
[2023-11-09T15:36:15.628+0100][gc,heap       ] GC(7) Humongous regions: 129->129
[2023-11-09T15:36:15.628+0100][gc,metaspace  ] GC(7) Metaspace: 42139K(44876K)->42139K(44876K) NonClass: 36869K(38348K)->36869K(38348K) Class: 5270K(6528K)->5270K(6528K)
[2023-11-09T15:36:15.628+0100][gc            ] GC(7) Pause Young (Normal) (G1 Evacuation Pause) 191M->146M(1024M) 29,179ms
[2023-11-09T15:36:15.628+0100][gc,cpu        ] GC(7) User=0,01s Sys=0,01s Real=0,02s
[2023-11-09T15:54:17.792+0100][gc,start      ] GC(8) Pause Young (Normal) (G1 Evacuation Pause)
[2023-11-09T15:54:17.792+0100][gc,task       ] GC(8) Using 5 workers of 5 for evacuation
[2023-11-09T15:54:17.804+0100][gc,phases     ] GC(8)   Pre Evacuate Collection Set: 0,1ms
[2023-11-09T15:54:17.804+0100][gc,phases     ] GC(8)   Evacuate Collection Set: 6,7ms
[2023-11-09T15:54:17.804+0100][gc,phases     ] GC(8)   Post Evacuate Collection Set: 4,9ms
[2023-11-09T15:54:17.804+0100][gc,phases     ] GC(8)   Other: 0,4ms
[2023-11-09T15:54:17.804+0100][gc,heap       ] GC(8) Eden regions: 47->0(47)
[2023-11-09T15:54:17.804+0100][gc,heap       ] GC(8) Survivor regions: 4->4(7)
[2023-11-09T15:54:17.804+0100][gc,heap       ] GC(8) Old regions: 16->16
[2023-11-09T15:54:17.804+0100][gc,heap       ] GC(8) Humongous regions: 129->129
[2023-11-09T15:54:17.804+0100][gc,metaspace  ] GC(8) Metaspace: 42396K(45132K)->42396K(45132K) NonClass: 37125K(38604K)->37125K(38604K) Class: 5270K(6528K)->5270K(6528K)
[2023-11-09T15:54:17.804+0100][gc            ] GC(8) Pause Young (Normal) (G1 Evacuation Pause) 193M->146M(1024M) 12,198ms
[2023-11-09T15:54:17.804+0100][gc,cpu        ] GC(8) User=0,01s Sys=0,02s Real=0,01s
[2023-11-09T16:10:25.226+0100][gc,start      ] GC(9) Pause Young (Normal) (G1 Evacuation Pause)
[2023-11-09T16:10:25.226+0100][gc,task       ] GC(9) Using 5 workers of 5 for evacuation
[2023-11-09T16:10:25.240+0100][gc,phases     ] GC(9)   Pre Evacuate Collection Set: 0,3ms
[2023-11-09T16:10:25.240+0100][gc,phases     ] GC(9)   Evacuate Collection Set: 5,2ms
[2023-11-09T16:10:25.240+0100][gc,phases     ] GC(9)   Post Evacuate Collection Set: 7,9ms
[2023-11-09T16:10:25.240+0100][gc,phases     ] GC(9)   Other: 0,8ms
[2023-11-09T16:10:25.240+0100][gc,heap       ] GC(9) Eden regions: 47->0(47)
[2023-11-09T16:10:25.240+0100][gc,heap       ] GC(9) Survivor regions: 4->4(7)
[2023-11-09T16:10:25.240+0100][gc,heap       ] GC(9) Old regions: 16->16
[2023-11-09T16:10:25.240+0100][gc,heap       ] GC(9) Humongous regions: 129->129
[2023-11-09T16:10:25.240+0100][gc,metaspace  ] GC(9) Metaspace: 42534K(45132K)->42534K(45132K) NonClass: 37257K(38604K)->37257K(38604K) Class: 5277K(6528K)->5277K(6528K)
[2023-11-09T16:10:25.240+0100][gc            ] GC(9) Pause Young (Normal) (G1 Evacuation Pause) 193M->147M(1024M) 14,327ms
[2023-11-09T16:10:25.240+0100][gc,cpu        ] GC(9) User=0,03s Sys=0,00s Real=0,01s
[2023-11-09T16:23:51.830+0100][gc,start      ] GC(10) Pause Young (Normal) (G1 Evacuation Pause)
[2023-11-09T16:23:51.830+0100][gc,task       ] GC(10) Using 5 workers of 5 for evacuation
[2023-11-09T16:23:51.840+0100][gc,phases     ] GC(10)   Pre Evacuate Collection Set: 0,1ms
[2023-11-09T16:23:51.840+0100][gc,phases     ] GC(10)   Evacuate Collection Set: 5,8ms
[2023-11-09T16:23:51.840+0100][gc,phases     ] GC(10)   Post Evacuate Collection Set: 2,6ms
[2023-11-09T16:23:51.840+0100][gc,phases     ] GC(10)   Other: 1,6ms
[2023-11-09T16:23:51.840+0100][gc,heap       ] GC(10) Eden regions: 47->0(48)
[2023-11-09T16:23:51.840+0100][gc,heap       ] GC(10) Survivor regions: 4->3(7)
[2023-11-09T16:23:51.840+0100][gc,heap       ] GC(10) Old regions: 16->17
[2023-11-09T16:23:51.840+0100][gc,heap       ] GC(10) Humongous regions: 129->129
[2023-11-09T16:23:51.840+0100][gc,metaspace  ] GC(10) Metaspace: 42585K(45132K)->42585K(45132K) NonClass: 37307K(38604K)->37307K(38604K) Class: 5277K(6528K)->5277K(6528K)
[2023-11-09T16:23:51.840+0100][gc            ] GC(10) Pause Young (Normal) (G1 Evacuation Pause) 194M->147M(1024M) 10,278ms
[2023-11-09T16:23:51.840+0100][gc,cpu        ] GC(10) User=0,00s Sys=0,01s Real=0,01s
[2023-11-09T16:47:45.228+0100][gc,start      ] GC(11) Pause Young (Normal) (G1 Evacuation Pause)
[2023-11-09T16:47:45.228+0100][gc,task       ] GC(11) Using 5 workers of 5 for evacuation
[2023-11-09T16:47:45.235+0100][gc,phases     ] GC(11)   Pre Evacuate Collection Set: 0,1ms
[2023-11-09T16:47:45.235+0100][gc,phases     ] GC(11)   Evacuate Collection Set: 2,9ms
[2023-11-09T16:47:45.235+0100][gc,phases     ] GC(11)   Post Evacuate Collection Set: 3,8ms
[2023-11-09T16:47:45.235+0100][gc,phases     ] GC(11)   Other: 0,3ms
[2023-11-09T16:47:45.235+0100][gc,heap       ] GC(11) Eden regions: 48->0(47)
[2023-11-09T16:47:45.235+0100][gc,heap       ] GC(11) Survivor regions: 3->4(7)
[2023-11-09T16:47:45.235+0100][gc,heap       ] GC(11) Old regions: 17->17
[2023-11-09T16:47:45.235+0100][gc,heap       ] GC(11) Humongous regions: 129->129
[2023-11-09T16:47:45.235+0100][gc,metaspace  ] GC(11) Metaspace: 42704K(45388K)->42704K(45388K) NonClass: 37426K(38860K)->37426K(38860K) Class: 5277K(6528K)->5277K(6528K)
[2023-11-09T16:47:45.235+0100][gc            ] GC(11) Pause Young (Normal) (G1 Evacuation Pause) 195M->147M(1024M) 7,339ms
[2023-11-09T16:47:45.235+0100][gc,cpu        ] GC(11) User=0,00s Sys=0,01s Real=0,01s
