[2023-10-23T22:37:31.601+0200][gc,heap] Heap region size: 1M
[2023-10-23T22:37:31.611+0200][gc     ] Using G1
[2023-10-23T22:37:31.611+0200][gc,heap,coops] Heap address: 0x00000000e0000000, size: 512 MB, Compressed Oops mode: 32-bit
[2023-10-23T22:37:31.611+0200][gc,cds       ] Mark closed archive regions in map: [0x00000000fff00000, 0x00000000fff6bff8]
[2023-10-23T22:37:31.611+0200][gc,cds       ] Mark open archive regions in map: [0x00000000ffe00000, 0x00000000ffe47ff8]
[2023-10-23T22:37:32.292+0200][gc,start     ] GC(0) Pause Young (Normal) (G1 Evacuation Pause)
[2023-10-23T22:37:32.292+0200][gc,task      ] GC(0) Using 3 workers of 3 for evacuation
[2023-10-23T22:37:32.314+0200][gc,mmu       ] GC(0) MMU target violated: 21,0ms (20,0ms/21,0ms)
[2023-10-23T22:37:32.314+0200][gc,phases    ] GC(0)   Pre Evacuate Collection Set: 0,0ms
[2023-10-23T22:37:32.314+0200][gc,phases    ] GC(0)   Evacuate Collection Set: 20,7ms
[2023-10-23T22:37:32.314+0200][gc,phases    ] GC(0)   Post Evacuate Collection Set: 0,4ms
[2023-10-23T22:37:32.314+0200][gc,phases    ] GC(0)   Other: 0,7ms
[2023-10-23T22:37:32.314+0200][gc,heap      ] GC(0) Eden regions: 25->0(21)
[2023-10-23T22:37:32.314+0200][gc,heap      ] GC(0) Survivor regions: 0->4(4)
[2023-10-23T22:37:32.314+0200][gc,heap      ] GC(0) Old regions: 2->6
[2023-10-23T22:37:32.314+0200][gc,heap      ] GC(0) Humongous regions: 0->0
[2023-10-23T22:37:32.314+0200][gc,metaspace ] GC(0) Metaspace: 7267K(7936K)->7267K(7936K) NonClass: 6447K(6912K)->6447K(6912K) Class: 819K(1024K)->819K(1024K)
[2023-10-23T22:37:32.314+0200][gc           ] GC(0) Pause Young (Normal) (G1 Evacuation Pause) 25M->7M(512M) 21,798ms
[2023-10-23T22:37:32.314+0200][gc,cpu       ] GC(0) User=0,05s Sys=0,00s Real=0,02s
