[2023-11-09T01:08:24.763+0100][gc,heap] Heap region size: 1M
[2023-11-09T01:08:24.775+0100][gc     ] Using G1
[2023-11-09T01:08:24.775+0100][gc,heap,coops] Heap address: 0x00000000e0000000, size: 512 MB, Compressed Oops mode: 32-bit
[2023-11-09T01:08:24.776+0100][gc,cds       ] Mark closed archive regions in map: [0x00000000fff00000, 0x00000000fff6bff8]
[2023-11-09T01:08:24.778+0100][gc,cds       ] Mark open archive regions in map: [0x00000000ffe00000, 0x00000000ffe47ff8]
[2023-11-09T01:08:26.678+0100][gc,start     ] GC(0) Pause Young (Normal) (G1 Evacuation Pause)
[2023-11-09T01:08:26.680+0100][gc,task      ] GC(0) Using 5 workers of 5 for evacuation
[2023-11-09T01:08:26.706+0100][gc,mmu       ] GC(0) MMU target violated: 21,0ms (20,0ms/21,0ms)
[2023-11-09T01:08:26.711+0100][gc,phases    ] GC(0)   Pre Evacuate Collection Set: 0,0ms
[2023-11-09T01:08:26.711+0100][gc,phases    ] GC(0)   Evacuate Collection Set: 24,8ms
[2023-11-09T01:08:26.711+0100][gc,phases    ] GC(0)   Post Evacuate Collection Set: 0,5ms
[2023-11-09T01:08:26.711+0100][gc,phases    ] GC(0)   Other: 7,4ms
[2023-11-09T01:08:26.711+0100][gc,heap      ] GC(0) Eden regions: 25->0(21)
[2023-11-09T01:08:26.711+0100][gc,heap      ] GC(0) Survivor regions: 0->4(4)
[2023-11-09T01:08:26.711+0100][gc,heap      ] GC(0) Old regions: 2->6
[2023-11-09T01:08:26.711+0100][gc,heap      ] GC(0) Humongous regions: 0->0
[2023-11-09T01:08:26.711+0100][gc,metaspace ] GC(0) Metaspace: 7247K(7936K)->7247K(7936K) NonClass: 6427K(6912K)->6427K(6912K) Class: 820K(1024K)->820K(1024K)
[2023-11-09T01:08:26.711+0100][gc           ] GC(0) Pause Young (Normal) (G1 Evacuation Pause) 25M->7M(512M) 32,963ms
[2023-11-09T01:08:26.711+0100][gc,cpu       ] GC(0) User=0,05s Sys=0,03s Real=0,03s
