[2023-10-29T23:25:46.234+0100][gc,heap] Heap region size: 1M
[2023-10-29T23:25:46.245+0100][gc     ] Using G1
[2023-10-29T23:25:46.245+0100][gc,heap,coops] Heap address: 0x00000000e0000000, size: 512 MB, Compressed Oops mode: 32-bit
[2023-10-29T23:25:46.245+0100][gc,cds       ] Mark closed archive regions in map: [0x00000000fff00000, 0x00000000fff6bff8]
[2023-10-29T23:25:46.245+0100][gc,cds       ] Mark open archive regions in map: [0x00000000ffe00000, 0x00000000ffe47ff8]
[2023-10-29T23:25:47.325+0100][gc,start     ] GC(0) Pause Young (Normal) (G1 Evacuation Pause)
[2023-10-29T23:25:47.326+0100][gc,task      ] GC(0) Using 3 workers of 3 for evacuation
[2023-10-29T23:25:47.351+0100][gc,mmu       ] GC(0) MMU target violated: 21,0ms (20,0ms/21,0ms)
[2023-10-29T23:25:47.352+0100][gc,phases    ] GC(0)   Pre Evacuate Collection Set: 0,0ms
[2023-10-29T23:25:47.352+0100][gc,phases    ] GC(0)   Evacuate Collection Set: 25,1ms
[2023-10-29T23:25:47.352+0100][gc,phases    ] GC(0)   Post Evacuate Collection Set: 0,6ms
[2023-10-29T23:25:47.352+0100][gc,phases    ] GC(0)   Other: 0,6ms
[2023-10-29T23:25:47.352+0100][gc,heap      ] GC(0) Eden regions: 25->0(21)
[2023-10-29T23:25:47.352+0100][gc,heap      ] GC(0) Survivor regions: 0->4(4)
[2023-10-29T23:25:47.352+0100][gc,heap      ] GC(0) Old regions: 2->6
[2023-10-29T23:25:47.352+0100][gc,heap      ] GC(0) Humongous regions: 0->0
[2023-10-29T23:25:47.352+0100][gc,metaspace ] GC(0) Metaspace: 7309K(7936K)->7309K(7936K) NonClass: 6488K(6912K)->6488K(6912K) Class: 821K(1024K)->821K(1024K)
[2023-10-29T23:25:47.352+0100][gc           ] GC(0) Pause Young (Normal) (G1 Evacuation Pause) 25M->7M(512M) 26,339ms
[2023-10-29T23:25:47.352+0100][gc,cpu       ] GC(0) User=0,04s Sys=0,02s Real=0,03s
[2023-11-01T13:11:15.763+0100][gc,start     ] GC(1) Pause Young (Normal) (G1 Evacuation Pause)
[2023-11-01T13:11:15.763+0100][gc,task      ] GC(1) Using 3 workers of 3 for evacuation
[2023-11-01T13:11:15.790+0100][gc,mmu       ] GC(1) MMU target violated: 21,0ms (20,0ms/21,0ms)
[2023-11-01T13:11:15.790+0100][gc,phases    ] GC(1)   Pre Evacuate Collection Set: 0,2ms
[2023-11-01T13:11:15.790+0100][gc,phases    ] GC(1)   Evacuate Collection Set: 26,2ms
[2023-11-01T13:11:15.790+0100][gc,phases    ] GC(1)   Post Evacuate Collection Set: 0,4ms
[2023-11-01T13:11:15.790+0100][gc,phases    ] GC(1)   Other: 0,7ms
[2023-11-01T13:11:15.790+0100][gc,heap      ] GC(1) Eden regions: 21->0(24)
[2023-11-01T13:11:15.790+0100][gc,heap      ] GC(1) Survivor regions: 4->1(4)
[2023-11-01T13:11:15.790+0100][gc,heap      ] GC(1) Old regions: 6->10
[2023-11-01T13:11:15.790+0100][gc,heap      ] GC(1) Humongous regions: 0->0
[2023-11-01T13:11:15.790+0100][gc,metaspace ] GC(1) Metaspace: 9333K(9856K)->9333K(9856K) NonClass: 8343K(8704K)->8343K(8704K) Class: 990K(1152K)->990K(1152K)
[2023-11-01T13:11:15.790+0100][gc           ] GC(1) Pause Young (Normal) (G1 Evacuation Pause) 28M->8M(512M) 27,517ms
[2023-11-01T13:11:15.790+0100][gc,cpu       ] GC(1) User=0,03s Sys=0,00s Real=0,03s
