[2023-11-04T17:30:13.150+0100][gc,heap] Heap region size: 1M
[2023-11-04T17:30:13.163+0100][gc     ] Using G1
[2023-11-04T17:30:13.163+0100][gc,heap,coops] Heap address: 0x00000000e0000000, size: 512 MB, Compressed Oops mode: 32-bit
[2023-11-04T17:30:13.163+0100][gc,cds       ] Mark closed archive regions in map: [0x00000000fff00000, 0x00000000fff6bff8]
[2023-11-04T17:30:13.163+0100][gc,cds       ] Mark open archive regions in map: [0x00000000ffe00000, 0x00000000ffe47ff8]
[2023-11-04T17:30:14.480+0100][gc,start     ] GC(0) Pause Young (Normal) (G1 Evacuation Pause)
[2023-11-04T17:30:14.481+0100][gc,task      ] GC(0) Using 6 workers of 6 for evacuation
[2023-11-04T17:30:14.504+0100][gc,mmu       ] GC(0) MMU target violated: 21,0ms (20,0ms/21,0ms)
[2023-11-04T17:30:14.504+0100][gc,phases    ] GC(0)   Pre Evacuate Collection Set: 0,0ms
[2023-11-04T17:30:14.504+0100][gc,phases    ] GC(0)   Evacuate Collection Set: 21,0ms
[2023-11-04T17:30:14.504+0100][gc,phases    ] GC(0)   Post Evacuate Collection Set: 0,5ms
[2023-11-04T17:30:14.504+0100][gc,phases    ] GC(0)   Other: 2,6ms
[2023-11-04T17:30:14.504+0100][gc,heap      ] GC(0) Eden regions: 25->0(21)
[2023-11-04T17:30:14.504+0100][gc,heap      ] GC(0) Survivor regions: 0->4(4)
[2023-11-04T17:30:14.504+0100][gc,heap      ] GC(0) Old regions: 2->6
[2023-11-04T17:30:14.504+0100][gc,heap      ] GC(0) Humongous regions: 0->0
[2023-11-04T17:30:14.504+0100][gc,metaspace ] GC(0) Metaspace: 7289K(7936K)->7289K(7936K) NonClass: 6469K(6912K)->6469K(6912K) Class: 819K(1024K)->819K(1024K)
[2023-11-04T17:30:14.504+0100][gc           ] GC(0) Pause Young (Normal) (G1 Evacuation Pause) 25M->8M(512M) 24,088ms
[2023-11-04T17:30:14.504+0100][gc,cpu       ] GC(0) User=0,08s Sys=0,03s Real=0,03s
[2023-11-04T19:50:59.209+0100][gc,start     ] GC(1) Pause Young (Normal) (G1 Evacuation Pause)
[2023-11-04T19:50:59.209+0100][gc,task      ] GC(1) Using 6 workers of 6 for evacuation
[2023-11-04T19:50:59.218+0100][gc,phases    ] GC(1)   Pre Evacuate Collection Set: 0,0ms
[2023-11-04T19:50:59.218+0100][gc,phases    ] GC(1)   Evacuate Collection Set: 8,0ms
[2023-11-04T19:50:59.218+0100][gc,phases    ] GC(1)   Post Evacuate Collection Set: 0,4ms
[2023-11-04T19:50:59.218+0100][gc,phases    ] GC(1)   Other: 0,1ms
[2023-11-04T19:50:59.218+0100][gc,heap      ] GC(1) Eden regions: 21->0(24)
[2023-11-04T19:50:59.218+0100][gc,heap      ] GC(1) Survivor regions: 4->1(4)
[2023-11-04T19:50:59.218+0100][gc,heap      ] GC(1) Old regions: 6->10
[2023-11-04T19:50:59.218+0100][gc,heap      ] GC(1) Humongous regions: 0->0
[2023-11-04T19:50:59.218+0100][gc,metaspace ] GC(1) Metaspace: 9394K(9856K)->9394K(9856K) NonClass: 8404K(8704K)->8404K(8704K) Class: 990K(1152K)->990K(1152K)
[2023-11-04T19:50:59.218+0100][gc           ] GC(1) Pause Young (Normal) (G1 Evacuation Pause) 29M->8M(512M) 8,641ms
[2023-11-04T19:50:59.218+0100][gc,cpu       ] GC(1) User=0,05s Sys=0,00s Real=0,01s
